running develop
running egg_info
creating go2w_cmd_vel_bridge.egg-info
writing go2w_cmd_vel_bridge.egg-info/PKG-INFO
writing dependency_links to go2w_cmd_vel_bridge.egg-info/dependency_links.txt
writing entry points to go2w_cmd_vel_bridge.egg-info/entry_points.txt
writing requirements to go2w_cmd_vel_bridge.egg-info/requires.txt
writing top-level names to go2w_cmd_vel_bridge.egg-info/top_level.txt
writing manifest file 'go2w_cmd_vel_bridge.egg-info/SOURCES.txt'
reading manifest file 'go2w_cmd_vel_bridge.egg-info/SOURCES.txt'
writing manifest file 'go2w_cmd_vel_bridge.egg-info/SOURCES.txt'
running build_ext
Creating /home/unitree/robotscene/ros2_ws/install/go2w_cmd_vel_bridge/lib/python3.8/site-packages/site.py
Creating /home/unitree/robotscene/ros2_ws/install/go2w_cmd_vel_bridge/lib/python3.8/site-packages/go2w-cmd-vel-bridge.egg-link (link to .)
Installing bridge script to /home/unitree/robotscene/ros2_ws/install/go2w_cmd_vel_bridge/lib/go2w_cmd_vel_bridge

Installed /home/unitree/robotscene/ros2_ws/build/go2w_cmd_vel_bridge
running install_data
creating /home/unitree/robotscene/ros2_ws/install/go2w_cmd_vel_bridge/share/ament_index
creating /home/unitree/robotscene/ros2_ws/install/go2w_cmd_vel_bridge/share/ament_index/resource_index
creating /home/unitree/robotscene/ros2_ws/install/go2w_cmd_vel_bridge/share/ament_index/resource_index/packages
copying resource/go2w_cmd_vel_bridge -> /home/unitree/robotscene/ros2_ws/install/go2w_cmd_vel_bridge/share/ament_index/resource_index/packages
copying package.xml -> /home/unitree/robotscene/ros2_ws/install/go2w_cmd_vel_bridge/share/go2w_cmd_vel_bridge
