1787548979.523525 [0] live_bridg: config: //CycloneDDS/Domain/General: Interfaces: unknown element (file:///home/unitree/robotscene/runtime/go2w/cyclonedds_eth0.xml line 5)
1787548979.523674 [0] live_bridg: config: //CycloneDDS/Domain/Internal: SocketReceiveBufferSize: unknown element (line 17)
1787548979.523690 [0] live_bridg: config: //CycloneDDS/Domain/Internal: SocketSendBufferSize: unknown element (line 18)
[ERROR] [1787548979.523819232] [rmw_cyclonedds_cpp]: rmw_create_node: failed to create domain, error Error

>>> [rcutils|error_handling.c:108] rcutils_set_error_state()
This error state is being overwritten:

  'error not set, at /tmp/binarydeb/ros-foxy-rcl-1.1.14/src/rcl/node.c:276'

with this new error message:

  'rcl node's rmw handle is invalid, at /tmp/binarydeb/ros-foxy-rcl-1.1.14/src/rcl/node.c:428'

rcutils_reset_error() should be called after error handling to avoid this.
<<<
[ERROR] [1787548979.523904992] [rcl]: Failed to fini publisher for node: 1
Traceback (most recent call last):
  File "/home/unitree/robotscene/ros2_ws/install/robot_scene_live_bridge/lib/robot_scene_live_bridge/live_bridge", line 11, in <module>
    load_entry_point('robot-scene-live-bridge', 'console_scripts', 'live_bridge')()
  File "/home/unitree/robotscene/ros2_ws/build/robot_scene_live_bridge/robot_scene_live_bridge/live_bridge_node.py", line 381, in main
    node = LiveBridge()
  File "/home/unitree/robotscene/ros2_ws/build/robot_scene_live_bridge/robot_scene_live_bridge/live_bridge_node.py", line 71, in __init__
    super().__init__("robot_scene_live_bridge")
  File "/opt/ros/humble/lib/python3.8/site-packages/rclpy/node.py", line 165, in __init__
    self.__handle = Handle(_rclpy.rclpy_create_node(
_rclpy.RCLError: Unknown error creating node: rcl node's rmw handle is invalid, at /tmp/binarydeb/ros-foxy-rcl-1.1.14/src/rcl/node.c:428
