[4.650s] DEBUG:colcon:Command line arguments: ['/usr/bin/colcon', 'build']
[4.650s] DEBUG:colcon:Parsed command line arguments: Namespace(allow_overriding=[], ament_cmake_args=None, base_paths=['.'], build_base='build', catkin_cmake_args=None, catkin_skip_building_tests=False, cmake_args=None, cmake_clean_cache=False, cmake_clean_first=False, cmake_force_configure=False, cmake_target=None, cmake_target_skip_unavailable=False, continue_on_error=False, event_handlers=None, executor='parallel', ignore_user_meta=False, install_base='install', log_base=None, log_level=None, main=<bound method BuildVerb.main of <colcon_core.verb.build.BuildVerb object at 0xffff85d9fdc0>>, merge_install=False, metas=['./colcon.meta'], packages_above=None, packages_above_and_dependencies=None, packages_above_depth=None, packages_end=None, packages_ignore=None, packages_ignore_regex=None, packages_select=None, packages_select_build_failed=False, packages_select_by_dep=None, packages_select_regex=None, packages_select_test_failures=False, packages_skip=None, packages_skip_build_finished=False, packages_skip_by_dep=None, packages_skip_regex=None, packages_skip_test_passed=False, packages_skip_up_to=None, packages_start=None, packages_up_to=None, packages_up_to_regex=None, parallel_workers=4, paths=None, symlink_install=False, test_result_base=None, verb_extension=<colcon_core.verb.build.BuildVerb object at 0xffff85d9fdc0>, verb_name='build', verb_parser=<colcon_defaults.argument_parser.defaults.DefaultArgumentsDecorator object at 0xffff8596ba60>)
[4.859s] Level 1:colcon.colcon_core.package_discovery:discover_packages(colcon_meta) check parameters
[4.860s] Level 1:colcon.colcon_core.package_discovery:discover_packages(recursive) check parameters
[4.860s] Level 1:colcon.colcon_core.package_discovery:discover_packages(ignore) check parameters
[4.860s] Level 1:colcon.colcon_core.package_discovery:discover_packages(path) check parameters
[4.860s] Level 1:colcon.colcon_core.package_discovery:discover_packages(colcon_meta) discover
[4.860s] Level 1:colcon.colcon_core.package_discovery:discover_packages(recursive) discover
[4.860s] INFO:colcon.colcon_core.package_discovery:Crawling recursively for packages in '/home/unitree/robotscene/external/unitree_ros2/cyclonedds_ws'
[4.860s] Level 1:colcon.colcon_core.package_identification:_identify(.) by extensions ['ignore', 'ignore_ament_install']
[4.861s] Level 1:colcon.colcon_core.package_identification:_identify(.) by extension 'ignore'
[4.861s] Level 1:colcon.colcon_core.package_identification:_identify(.) by extension 'ignore_ament_install'
[4.861s] Level 1:colcon.colcon_core.package_identification:_identify(.) by extensions ['colcon_pkg']
[4.861s] Level 1:colcon.colcon_core.package_identification:_identify(.) by extension 'colcon_pkg'
[4.861s] Level 1:colcon.colcon_core.package_identification:_identify(.) by extensions ['colcon_meta']
[4.861s] Level 1:colcon.colcon_core.package_identification:_identify(.) by extension 'colcon_meta'
[4.861s] Level 1:colcon.colcon_core.package_identification:_identify(.) by extensions ['ros']
[4.861s] Level 1:colcon.colcon_core.package_identification:_identify(.) by extension 'ros'
[4.887s] Level 1:colcon.colcon_core.package_identification:_identify(.) by extensions ['cmake', 'python']
[4.887s] Level 1:colcon.colcon_core.package_identification:_identify(.) by extension 'cmake'
[4.887s] Level 1:colcon.colcon_core.package_identification:_identify(.) by extension 'python'
[4.887s] Level 1:colcon.colcon_core.package_identification:_identify(.) by extensions ['python_setup_py']
[4.888s] Level 1:colcon.colcon_core.package_identification:_identify(.) by extension 'python_setup_py'
[4.888s] Level 1:colcon.colcon_core.package_identification:_identify(build) by extensions ['ignore', 'ignore_ament_install']
[4.888s] Level 1:colcon.colcon_core.package_identification:_identify(build) by extension 'ignore'
[4.888s] Level 1:colcon.colcon_core.package_identification:_identify(build) ignored
[4.889s] Level 1:colcon.colcon_core.package_identification:_identify(install) by extensions ['ignore', 'ignore_ament_install']
[4.889s] Level 1:colcon.colcon_core.package_identification:_identify(install) by extension 'ignore'
[4.889s] Level 1:colcon.colcon_core.package_identification:_identify(install) ignored
[4.889s] Level 1:colcon.colcon_core.package_identification:_identify(log) by extensions ['ignore', 'ignore_ament_install']
[4.890s] Level 1:colcon.colcon_core.package_identification:_identify(log) by extension 'ignore'
[4.890s] Level 1:colcon.colcon_core.package_identification:_identify(log) ignored
[4.890s] Level 1:colcon.colcon_core.package_identification:_identify(src) by extensions ['ignore', 'ignore_ament_install']
[4.890s] Level 1:colcon.colcon_core.package_identification:_identify(src) by extension 'ignore'
[4.890s] Level 1:colcon.colcon_core.package_identification:_identify(src) by extension 'ignore_ament_install'
[4.891s] Level 1:colcon.colcon_core.package_identification:_identify(src) by extensions ['colcon_pkg']
[4.891s] Level 1:colcon.colcon_core.package_identification:_identify(src) by extension 'colcon_pkg'
[4.891s] Level 1:colcon.colcon_core.package_identification:_identify(src) by extensions ['colcon_meta']
[4.891s] Level 1:colcon.colcon_core.package_identification:_identify(src) by extension 'colcon_meta'
[4.891s] Level 1:colcon.colcon_core.package_identification:_identify(src) by extensions ['ros']
[4.891s] Level 1:colcon.colcon_core.package_identification:_identify(src) by extension 'ros'
[4.891s] Level 1:colcon.colcon_core.package_identification:_identify(src) by extensions ['cmake', 'python']
[4.891s] Level 1:colcon.colcon_core.package_identification:_identify(src) by extension 'cmake'
[4.891s] Level 1:colcon.colcon_core.package_identification:_identify(src) by extension 'python'
[4.891s] Level 1:colcon.colcon_core.package_identification:_identify(src) by extensions ['python_setup_py']
[4.891s] Level 1:colcon.colcon_core.package_identification:_identify(src) by extension 'python_setup_py'
[4.892s] Level 1:colcon.colcon_core.package_identification:_identify(src/unitree) by extensions ['ignore', 'ignore_ament_install']
[4.892s] Level 1:colcon.colcon_core.package_identification:_identify(src/unitree) by extension 'ignore'
[4.892s] Level 1:colcon.colcon_core.package_identification:_identify(src/unitree) by extension 'ignore_ament_install'
[4.892s] Level 1:colcon.colcon_core.package_identification:_identify(src/unitree) by extensions ['colcon_pkg']
[4.892s] Level 1:colcon.colcon_core.package_identification:_identify(src/unitree) by extension 'colcon_pkg'
[4.892s] Level 1:colcon.colcon_core.package_identification:_identify(src/unitree) by extensions ['colcon_meta']
[4.892s] Level 1:colcon.colcon_core.package_identification:_identify(src/unitree) by extension 'colcon_meta'
[4.892s] Level 1:colcon.colcon_core.package_identification:_identify(src/unitree) by extensions ['ros']
[4.893s] Level 1:colcon.colcon_core.package_identification:_identify(src/unitree) by extension 'ros'
[4.893s] Level 1:colcon.colcon_core.package_identification:_identify(src/unitree) by extensions ['cmake', 'python']
[4.893s] Level 1:colcon.colcon_core.package_identification:_identify(src/unitree) by extension 'cmake'
[4.893s] Level 1:colcon.colcon_core.package_identification:_identify(src/unitree) by extension 'python'
[4.893s] Level 1:colcon.colcon_core.package_identification:_identify(src/unitree) by extensions ['python_setup_py']
[4.893s] Level 1:colcon.colcon_core.package_identification:_identify(src/unitree) by extension 'python_setup_py'
[4.893s] Level 1:colcon.colcon_core.package_identification:_identify(src/unitree/unitree_api) by extensions ['ignore', 'ignore_ament_install']
[4.894s] Level 1:colcon.colcon_core.package_identification:_identify(src/unitree/unitree_api) by extension 'ignore'
[4.894s] Level 1:colcon.colcon_core.package_identification:_identify(src/unitree/unitree_api) by extension 'ignore_ament_install'
[4.894s] Level 1:colcon.colcon_core.package_identification:_identify(src/unitree/unitree_api) by extensions ['colcon_pkg']
[4.894s] Level 1:colcon.colcon_core.package_identification:_identify(src/unitree/unitree_api) by extension 'colcon_pkg'
[4.894s] Level 1:colcon.colcon_core.package_identification:_identify(src/unitree/unitree_api) by extensions ['colcon_meta']
[4.894s] Level 1:colcon.colcon_core.package_identification:_identify(src/unitree/unitree_api) by extension 'colcon_meta'
[4.894s] Level 1:colcon.colcon_core.package_identification:_identify(src/unitree/unitree_api) by extensions ['ros']
[4.894s] Level 1:colcon.colcon_core.package_identification:_identify(src/unitree/unitree_api) by extension 'ros'
[4.901s] DEBUG:colcon.colcon_core.package_identification:Package 'src/unitree/unitree_api' with type 'ros.ament_cmake' and name 'unitree_api'
[4.901s] Level 1:colcon.colcon_core.package_identification:_identify(src/unitree/unitree_go) by extensions ['ignore', 'ignore_ament_install']
[4.902s] Level 1:colcon.colcon_core.package_identification:_identify(src/unitree/unitree_go) by extension 'ignore'
[4.902s] Level 1:colcon.colcon_core.package_identification:_identify(src/unitree/unitree_go) by extension 'ignore_ament_install'
[4.902s] Level 1:colcon.colcon_core.package_identification:_identify(src/unitree/unitree_go) by extensions ['colcon_pkg']
[4.902s] Level 1:colcon.colcon_core.package_identification:_identify(src/unitree/unitree_go) by extension 'colcon_pkg'
[4.902s] Level 1:colcon.colcon_core.package_identification:_identify(src/unitree/unitree_go) by extensions ['colcon_meta']
[4.902s] Level 1:colcon.colcon_core.package_identification:_identify(src/unitree/unitree_go) by extension 'colcon_meta'
[4.902s] Level 1:colcon.colcon_core.package_identification:_identify(src/unitree/unitree_go) by extensions ['ros']
[4.902s] Level 1:colcon.colcon_core.package_identification:_identify(src/unitree/unitree_go) by extension 'ros'
[4.904s] DEBUG:colcon.colcon_core.package_identification:Package 'src/unitree/unitree_go' with type 'ros.ament_cmake' and name 'unitree_go'
[4.904s] Level 1:colcon.colcon_core.package_identification:_identify(src/unitree/unitree_hg) by extensions ['ignore', 'ignore_ament_install']
[4.904s] Level 1:colcon.colcon_core.package_identification:_identify(src/unitree/unitree_hg) by extension 'ignore'
[4.904s] Level 1:colcon.colcon_core.package_identification:_identify(src/unitree/unitree_hg) by extension 'ignore_ament_install'
[4.905s] Level 1:colcon.colcon_core.package_identification:_identify(src/unitree/unitree_hg) by extensions ['colcon_pkg']
[4.905s] Level 1:colcon.colcon_core.package_identification:_identify(src/unitree/unitree_hg) by extension 'colcon_pkg'
[4.905s] Level 1:colcon.colcon_core.package_identification:_identify(src/unitree/unitree_hg) by extensions ['colcon_meta']
[4.905s] Level 1:colcon.colcon_core.package_identification:_identify(src/unitree/unitree_hg) by extension 'colcon_meta'
[4.905s] Level 1:colcon.colcon_core.package_identification:_identify(src/unitree/unitree_hg) by extensions ['ros']
[4.905s] Level 1:colcon.colcon_core.package_identification:_identify(src/unitree/unitree_hg) by extension 'ros'
[4.906s] DEBUG:colcon.colcon_core.package_identification:Package 'src/unitree/unitree_hg' with type 'ros.ament_cmake' and name 'unitree_hg'
[4.906s] Level 1:colcon.colcon_core.package_discovery:discover_packages(recursive) using defaults
[4.907s] Level 1:colcon.colcon_core.package_discovery:discover_packages(ignore) discover
[4.907s] Level 1:colcon.colcon_core.package_discovery:discover_packages(ignore) using defaults
[4.907s] Level 1:colcon.colcon_core.package_discovery:discover_packages(path) discover
[4.907s] Level 1:colcon.colcon_core.package_discovery:discover_packages(path) using defaults
[5.378s] Level 1:colcon.colcon_core.package_discovery:discover_packages(prefix_path) check parameters
[5.378s] Level 1:colcon.colcon_core.package_discovery:discover_packages(prefix_path) discover
[5.543s] DEBUG:colcon.colcon_installed_package_information.package_discovery:Found 297 installed packages in /opt/ros/foxy
[5.546s] Level 1:colcon.colcon_core.package_discovery:discover_packages(prefix_path) using defaults
[5.867s] Level 5:colcon.colcon_core.verb:set package 'unitree_api' build argument 'cmake_args' from command line to 'None'
[5.867s] Level 5:colcon.colcon_core.verb:set package 'unitree_api' build argument 'cmake_target' from command line to 'None'
[5.867s] Level 5:colcon.colcon_core.verb:set package 'unitree_api' build argument 'cmake_target_skip_unavailable' from command line to 'False'
[5.867s] Level 5:colcon.colcon_core.verb:set package 'unitree_api' build argument 'cmake_clean_cache' from command line to 'False'
[5.867s] Level 5:colcon.colcon_core.verb:set package 'unitree_api' build argument 'cmake_clean_first' from command line to 'False'
[5.867s] Level 5:colcon.colcon_core.verb:set package 'unitree_api' build argument 'cmake_force_configure' from command line to 'False'
[5.868s] Level 5:colcon.colcon_core.verb:set package 'unitree_api' build argument 'ament_cmake_args' from command line to 'None'
[5.868s] Level 5:colcon.colcon_core.verb:set package 'unitree_api' build argument 'catkin_cmake_args' from command line to 'None'
[5.868s] Level 5:colcon.colcon_core.verb:set package 'unitree_api' build argument 'catkin_skip_building_tests' from command line to 'False'
[5.868s] DEBUG:colcon.colcon_core.verb:Building package 'unitree_api' with the following arguments: {'ament_cmake_args': None, 'build_base': '/home/unitree/robotscene/external/unitree_ros2/cyclonedds_ws/build/unitree_api', 'catkin_cmake_args': None, 'catkin_skip_building_tests': False, 'cmake_args': None, 'cmake_clean_cache': False, 'cmake_clean_first': False, 'cmake_force_configure': False, 'cmake_target': None, 'cmake_target_skip_unavailable': False, 'install_base': '/home/unitree/robotscene/external/unitree_ros2/cyclonedds_ws/install/unitree_api', 'merge_install': False, 'path': '/home/unitree/robotscene/external/unitree_ros2/cyclonedds_ws/src/unitree/unitree_api', 'symlink_install': False, 'test_result_base': None}
[5.947s] Level 5:colcon.colcon_core.verb:set package 'unitree_go' build argument 'cmake_args' from command line to 'None'
[5.948s] Level 5:colcon.colcon_core.verb:set package 'unitree_go' build argument 'cmake_target' from command line to 'None'
[5.948s] Level 5:colcon.colcon_core.verb:set package 'unitree_go' build argument 'cmake_target_skip_unavailable' from command line to 'False'
[5.948s] Level 5:colcon.colcon_core.verb:set package 'unitree_go' build argument 'cmake_clean_cache' from command line to 'False'
[5.948s] Level 5:colcon.colcon_core.verb:set package 'unitree_go' build argument 'cmake_clean_first' from command line to 'False'
[5.948s] Level 5:colcon.colcon_core.verb:set package 'unitree_go' build argument 'cmake_force_configure' from command line to 'False'
[5.948s] Level 5:colcon.colcon_core.verb:set package 'unitree_go' build argument 'ament_cmake_args' from command line to 'None'
[5.948s] Level 5:colcon.colcon_core.verb:set package 'unitree_go' build argument 'catkin_cmake_args' from command line to 'None'
[5.948s] Level 5:colcon.colcon_core.verb:set package 'unitree_go' build argument 'catkin_skip_building_tests' from command line to 'False'
[5.948s] DEBUG:colcon.colcon_core.verb:Building package 'unitree_go' with the following arguments: {'ament_cmake_args': None, 'build_base': '/home/unitree/robotscene/external/unitree_ros2/cyclonedds_ws/build/unitree_go', 'catkin_cmake_args': None, 'catkin_skip_building_tests': False, 'cmake_args': None, 'cmake_clean_cache': False, 'cmake_clean_first': False, 'cmake_force_configure': False, 'cmake_target': None, 'cmake_target_skip_unavailable': False, 'install_base': '/home/unitree/robotscene/external/unitree_ros2/cyclonedds_ws/install/unitree_go', 'merge_install': False, 'path': '/home/unitree/robotscene/external/unitree_ros2/cyclonedds_ws/src/unitree/unitree_go', 'symlink_install': False, 'test_result_base': None}
[6.066s] Level 5:colcon.colcon_core.verb:set package 'unitree_hg' build argument 'cmake_args' from command line to 'None'
[6.067s] Level 5:colcon.colcon_core.verb:set package 'unitree_hg' build argument 'cmake_target' from command line to 'None'
[6.067s] Level 5:colcon.colcon_core.verb:set package 'unitree_hg' build argument 'cmake_target_skip_unavailable' from command line to 'False'
[6.067s] Level 5:colcon.colcon_core.verb:set package 'unitree_hg' build argument 'cmake_clean_cache' from command line to 'False'
[6.067s] Level 5:colcon.colcon_core.verb:set package 'unitree_hg' build argument 'cmake_clean_first' from command line to 'False'
[6.067s] Level 5:colcon.colcon_core.verb:set package 'unitree_hg' build argument 'cmake_force_configure' from command line to 'False'
[6.067s] Level 5:colcon.colcon_core.verb:set package 'unitree_hg' build argument 'ament_cmake_args' from command line to 'None'
[6.067s] Level 5:colcon.colcon_core.verb:set package 'unitree_hg' build argument 'catkin_cmake_args' from command line to 'None'
[6.067s] Level 5:colcon.colcon_core.verb:set package 'unitree_hg' build argument 'catkin_skip_building_tests' from command line to 'False'
[6.067s] DEBUG:colcon.colcon_core.verb:Building package 'unitree_hg' with the following arguments: {'ament_cmake_args': None, 'build_base': '/home/unitree/robotscene/external/unitree_ros2/cyclonedds_ws/build/unitree_hg', 'catkin_cmake_args': None, 'catkin_skip_building_tests': False, 'cmake_args': None, 'cmake_clean_cache': False, 'cmake_clean_first': False, 'cmake_force_configure': False, 'cmake_target': None, 'cmake_target_skip_unavailable': False, 'install_base': '/home/unitree/robotscene/external/unitree_ros2/cyclonedds_ws/install/unitree_hg', 'merge_install': False, 'path': '/home/unitree/robotscene/external/unitree_ros2/cyclonedds_ws/src/unitree/unitree_hg', 'symlink_install': False, 'test_result_base': None}
[6.147s] INFO:colcon.colcon_core.executor:Executing jobs using 'parallel' executor
[6.229s] DEBUG:colcon.colcon_parallel_executor.executor.parallel:run_until_complete
[6.230s] INFO:colcon.colcon_ros.task.ament_cmake.build:Building ROS package in '/home/unitree/robotscene/external/unitree_ros2/cyclonedds_ws/src/unitree/unitree_api' with build type 'ament_cmake'
[6.230s] INFO:colcon.colcon_cmake.task.cmake.build:Building CMake package in '/home/unitree/robotscene/external/unitree_ros2/cyclonedds_ws/src/unitree/unitree_api'
[6.316s] INFO:colcon.colcon_core.plugin_system:Skipping extension 'colcon_core.shell.bat': Not used on non-Windows systems
[6.316s] INFO:colcon.colcon_core.shell:Skip shell extension 'powershell' for command environment: Not usable outside of PowerShell
[6.316s] DEBUG:colcon.colcon_core.shell:Skip shell extension 'dsv' for command environment
[6.471s] INFO:colcon.colcon_ros.task.ament_cmake.build:Building ROS package in '/home/unitree/robotscene/external/unitree_ros2/cyclonedds_ws/src/unitree/unitree_go' with build type 'ament_cmake'
[6.472s] INFO:colcon.colcon_cmake.task.cmake.build:Building CMake package in '/home/unitree/robotscene/external/unitree_ros2/cyclonedds_ws/src/unitree/unitree_go'
[6.547s] INFO:colcon.colcon_core.shell:Skip shell extension 'powershell' for command environment: Not usable outside of PowerShell
[6.547s] DEBUG:colcon.colcon_core.shell:Skip shell extension 'dsv' for command environment
[6.700s] INFO:colcon.colcon_ros.task.ament_cmake.build:Building ROS package in '/home/unitree/robotscene/external/unitree_ros2/cyclonedds_ws/src/unitree/unitree_hg' with build type 'ament_cmake'
[6.701s] INFO:colcon.colcon_cmake.task.cmake.build:Building CMake package in '/home/unitree/robotscene/external/unitree_ros2/cyclonedds_ws/src/unitree/unitree_hg'
[6.776s] INFO:colcon.colcon_core.shell:Skip shell extension 'powershell' for command environment: Not usable outside of PowerShell
[6.776s] DEBUG:colcon.colcon_core.shell:Skip shell extension 'dsv' for command environment
[6.938s] DEBUG:colcon.colcon_core.event_handler.log_command:Invoking command in '/home/unitree/robotscene/external/unitree_ros2/cyclonedds_ws/build/unitree_api': CMAKE_PREFIX_PATH=/opt/ros/foxy /usr/bin/cmake /home/unitree/robotscene/external/unitree_ros2/cyclonedds_ws/src/unitree/unitree_api -DCMAKE_INSTALL_PREFIX=/home/unitree/robotscene/external/unitree_ros2/cyclonedds_ws/install/unitree_api
[6.944s] DEBUG:colcon.colcon_core.event_handler.log_command:Invoking command in '/home/unitree/robotscene/external/unitree_ros2/cyclonedds_ws/build/unitree_go': CMAKE_PREFIX_PATH=/opt/ros/foxy /usr/bin/cmake /home/unitree/robotscene/external/unitree_ros2/cyclonedds_ws/src/unitree/unitree_go -DCMAKE_INSTALL_PREFIX=/home/unitree/robotscene/external/unitree_ros2/cyclonedds_ws/install/unitree_go
[6.952s] DEBUG:colcon.colcon_core.event_handler.log_command:Invoking command in '/home/unitree/robotscene/external/unitree_ros2/cyclonedds_ws/build/unitree_hg': CMAKE_PREFIX_PATH=/opt/ros/foxy /usr/bin/cmake /home/unitree/robotscene/external/unitree_ros2/cyclonedds_ws/src/unitree/unitree_hg -DCMAKE_INSTALL_PREFIX=/home/unitree/robotscene/external/unitree_ros2/cyclonedds_ws/install/unitree_hg
[10.999s] DEBUG:colcon.colcon_core.event_handler.log_command:Invoked command in '/home/unitree/robotscene/external/unitree_ros2/cyclonedds_ws/build/unitree_hg' returned '0': CMAKE_PREFIX_PATH=/opt/ros/foxy /usr/bin/cmake /home/unitree/robotscene/external/unitree_ros2/cyclonedds_ws/src/unitree/unitree_hg -DCMAKE_INSTALL_PREFIX=/home/unitree/robotscene/external/unitree_ros2/cyclonedds_ws/install/unitree_hg
[11.000s] DEBUG:colcon.colcon_core.event_handler.log_command:Invoking command in '/home/unitree/robotscene/external/unitree_ros2/cyclonedds_ws/build/unitree_hg': CMAKE_PREFIX_PATH=/opt/ros/foxy /usr/bin/cmake --build /home/unitree/robotscene/external/unitree_ros2/cyclonedds_ws/build/unitree_hg -- -j4 -l4
[11.114s] DEBUG:colcon.colcon_core.event_handler.log_command:Invoked command in '/home/unitree/robotscene/external/unitree_ros2/cyclonedds_ws/build/unitree_go' returned '0': CMAKE_PREFIX_PATH=/opt/ros/foxy /usr/bin/cmake /home/unitree/robotscene/external/unitree_ros2/cyclonedds_ws/src/unitree/unitree_go -DCMAKE_INSTALL_PREFIX=/home/unitree/robotscene/external/unitree_ros2/cyclonedds_ws/install/unitree_go
[11.120s] DEBUG:colcon.colcon_core.event_handler.log_command:Invoking command in '/home/unitree/robotscene/external/unitree_ros2/cyclonedds_ws/build/unitree_go': CMAKE_PREFIX_PATH=/opt/ros/foxy /usr/bin/cmake --build /home/unitree/robotscene/external/unitree_ros2/cyclonedds_ws/build/unitree_go -- -j4 -l4
[11.151s] DEBUG:colcon.colcon_core.event_handler.log_command:Invoked command in '/home/unitree/robotscene/external/unitree_ros2/cyclonedds_ws/build/unitree_api' returned '0': CMAKE_PREFIX_PATH=/opt/ros/foxy /usr/bin/cmake /home/unitree/robotscene/external/unitree_ros2/cyclonedds_ws/src/unitree/unitree_api -DCMAKE_INSTALL_PREFIX=/home/unitree/robotscene/external/unitree_ros2/cyclonedds_ws/install/unitree_api
[11.152s] DEBUG:colcon.colcon_core.event_handler.log_command:Invoking command in '/home/unitree/robotscene/external/unitree_ros2/cyclonedds_ws/build/unitree_api': CMAKE_PREFIX_PATH=/opt/ros/foxy /usr/bin/cmake --build /home/unitree/robotscene/external/unitree_ros2/cyclonedds_ws/build/unitree_api -- -j4 -l4
[56.231s] DEBUG:colcon.colcon_core.event_handler.log_command:Invoked command in '/home/unitree/robotscene/external/unitree_ros2/cyclonedds_ws/build/unitree_api' returned '0': CMAKE_PREFIX_PATH=/opt/ros/foxy /usr/bin/cmake --build /home/unitree/robotscene/external/unitree_ros2/cyclonedds_ws/build/unitree_api -- -j4 -l4
[56.628s] DEBUG:colcon.colcon_core.event_handler.log_command:Invoking command in '/home/unitree/robotscene/external/unitree_ros2/cyclonedds_ws/build/unitree_api': CMAKE_PREFIX_PATH=/opt/ros/foxy /usr/bin/cmake --install /home/unitree/robotscene/external/unitree_ros2/cyclonedds_ws/build/unitree_api
[56.952s] Level 1:colcon.colcon_core.environment:create_environment_scripts_only(unitree_api)
[56.953s] DEBUG:colcon.colcon_core.event_handler.log_command:Invoked command in '/home/unitree/robotscene/external/unitree_ros2/cyclonedds_ws/build/unitree_api' returned '0': CMAKE_PREFIX_PATH=/opt/ros/foxy /usr/bin/cmake --install /home/unitree/robotscene/external/unitree_ros2/cyclonedds_ws/build/unitree_api
[57.044s] Level 1:colcon.colcon_core.environment:checking '/home/unitree/robotscene/external/unitree_ros2/cyclonedds_ws/install/unitree_api' for CMake module files
[57.046s] Level 1:colcon.colcon_core.environment:checking '/home/unitree/robotscene/external/unitree_ros2/cyclonedds_ws/install/unitree_api' for CMake config files
[57.048s] Level 1:colcon.colcon_core.shell:create_environment_hook('unitree_api', 'cmake_prefix_path')
[57.132s] INFO:colcon.colcon_core.shell:Creating environment hook '/home/unitree/robotscene/external/unitree_ros2/cyclonedds_ws/install/unitree_api/share/unitree_api/hook/cmake_prefix_path.ps1'
[57.133s] INFO:colcon.colcon_core.shell:Creating environment descriptor '/home/unitree/robotscene/external/unitree_ros2/cyclonedds_ws/install/unitree_api/share/unitree_api/hook/cmake_prefix_path.dsv'
[57.135s] INFO:colcon.colcon_core.shell:Creating environment hook '/home/unitree/robotscene/external/unitree_ros2/cyclonedds_ws/install/unitree_api/share/unitree_api/hook/cmake_prefix_path.sh'
[57.138s] Level 1:colcon.colcon_core.environment:checking '/home/unitree/robotscene/external/unitree_ros2/cyclonedds_ws/install/unitree_api/lib'
[57.138s] Level 1:colcon.colcon_core.shell:create_environment_hook('unitree_api', 'ld_library_path_lib')
[57.223s] INFO:colcon.colcon_core.shell:Creating environment hook '/home/unitree/robotscene/external/unitree_ros2/cyclonedds_ws/install/unitree_api/share/unitree_api/hook/ld_library_path_lib.ps1'
[57.224s] INFO:colcon.colcon_core.shell:Creating environment descriptor '/home/unitree/robotscene/external/unitree_ros2/cyclonedds_ws/install/unitree_api/share/unitree_api/hook/ld_library_path_lib.dsv'
[57.224s] INFO:colcon.colcon_core.shell:Creating environment hook '/home/unitree/robotscene/external/unitree_ros2/cyclonedds_ws/install/unitree_api/share/unitree_api/hook/ld_library_path_lib.sh'
[57.225s] Level 1:colcon.colcon_core.environment:checking '/home/unitree/robotscene/external/unitree_ros2/cyclonedds_ws/install/unitree_api/bin'
[57.225s] Level 1:colcon.colcon_core.environment:checking '/home/unitree/robotscene/external/unitree_ros2/cyclonedds_ws/install/unitree_api/lib/pkgconfig/unitree_api.pc'
[57.226s] Level 1:colcon.colcon_core.environment:checking '/home/unitree/robotscene/external/unitree_ros2/cyclonedds_ws/install/unitree_api/lib/python3.8/site-packages'
[57.226s] Level 1:colcon.colcon_core.shell:create_environment_hook('unitree_api', 'pythonpath')
[57.304s] INFO:colcon.colcon_core.shell:Creating environment hook '/home/unitree/robotscene/external/unitree_ros2/cyclonedds_ws/install/unitree_api/share/unitree_api/hook/pythonpath.ps1'
[57.307s] INFO:colcon.colcon_core.shell:Creating environment descriptor '/home/unitree/robotscene/external/unitree_ros2/cyclonedds_ws/install/unitree_api/share/unitree_api/hook/pythonpath.dsv'
[57.307s] INFO:colcon.colcon_core.shell:Creating environment hook '/home/unitree/robotscene/external/unitree_ros2/cyclonedds_ws/install/unitree_api/share/unitree_api/hook/pythonpath.sh'
[57.308s] Level 1:colcon.colcon_core.environment:checking '/home/unitree/robotscene/external/unitree_ros2/cyclonedds_ws/install/unitree_api/bin'
[57.387s] INFO:colcon.colcon_core.shell:Creating package script '/home/unitree/robotscene/external/unitree_ros2/cyclonedds_ws/install/unitree_api/share/unitree_api/package.ps1'
[57.390s] INFO:colcon.colcon_core.shell:Creating package descriptor '/home/unitree/robotscene/external/unitree_ros2/cyclonedds_ws/install/unitree_api/share/unitree_api/package.dsv'
[57.391s] INFO:colcon.colcon_core.shell:Creating package script '/home/unitree/robotscene/external/unitree_ros2/cyclonedds_ws/install/unitree_api/share/unitree_api/package.sh'
[57.393s] INFO:colcon.colcon_core.shell:Creating package script '/home/unitree/robotscene/external/unitree_ros2/cyclonedds_ws/install/unitree_api/share/unitree_api/package.bash'
[57.394s] INFO:colcon.colcon_core.shell:Creating package script '/home/unitree/robotscene/external/unitree_ros2/cyclonedds_ws/install/unitree_api/share/unitree_api/package.zsh'
[57.395s] Level 1:colcon.colcon_core.environment:create_file_with_runtime_dependencies(/home/unitree/robotscene/external/unitree_ros2/cyclonedds_ws/install/unitree_api/share/colcon-core/packages/unitree_api)
[57.922s] Level 1:colcon.colcon_core.environment:create_environment_scripts_only(unitree_api)
[58.025s] Level 1:colcon.colcon_core.environment:checking '/home/unitree/robotscene/external/unitree_ros2/cyclonedds_ws/install/unitree_api' for CMake module files
[58.026s] Level 1:colcon.colcon_core.environment:checking '/home/unitree/robotscene/external/unitree_ros2/cyclonedds_ws/install/unitree_api' for CMake config files
[58.028s] Level 1:colcon.colcon_core.shell:create_environment_hook('unitree_api', 'cmake_prefix_path')
[58.113s] INFO:colcon.colcon_core.shell:Creating environment hook '/home/unitree/robotscene/external/unitree_ros2/cyclonedds_ws/install/unitree_api/share/unitree_api/hook/cmake_prefix_path.ps1'
[58.115s] INFO:colcon.colcon_core.shell:Creating environment descriptor '/home/unitree/robotscene/external/unitree_ros2/cyclonedds_ws/install/unitree_api/share/unitree_api/hook/cmake_prefix_path.dsv'
[58.116s] INFO:colcon.colcon_core.shell:Creating environment hook '/home/unitree/robotscene/external/unitree_ros2/cyclonedds_ws/install/unitree_api/share/unitree_api/hook/cmake_prefix_path.sh'
[58.118s] Level 1:colcon.colcon_core.environment:checking '/home/unitree/robotscene/external/unitree_ros2/cyclonedds_ws/install/unitree_api/lib'
[58.118s] Level 1:colcon.colcon_core.shell:create_environment_hook('unitree_api', 'ld_library_path_lib')
[58.200s] INFO:colcon.colcon_core.shell:Creating environment hook '/home/unitree/robotscene/external/unitree_ros2/cyclonedds_ws/install/unitree_api/share/unitree_api/hook/ld_library_path_lib.ps1'
[58.201s] INFO:colcon.colcon_core.shell:Creating environment descriptor '/home/unitree/robotscene/external/unitree_ros2/cyclonedds_ws/install/unitree_api/share/unitree_api/hook/ld_library_path_lib.dsv'
[58.202s] INFO:colcon.colcon_core.shell:Creating environment hook '/home/unitree/robotscene/external/unitree_ros2/cyclonedds_ws/install/unitree_api/share/unitree_api/hook/ld_library_path_lib.sh'
[58.203s] Level 1:colcon.colcon_core.environment:checking '/home/unitree/robotscene/external/unitree_ros2/cyclonedds_ws/install/unitree_api/bin'
[58.203s] Level 1:colcon.colcon_core.environment:checking '/home/unitree/robotscene/external/unitree_ros2/cyclonedds_ws/install/unitree_api/lib/pkgconfig/unitree_api.pc'
[58.203s] Level 1:colcon.colcon_core.environment:checking '/home/unitree/robotscene/external/unitree_ros2/cyclonedds_ws/install/unitree_api/lib/python3.8/site-packages'
[58.204s] Level 1:colcon.colcon_core.shell:create_environment_hook('unitree_api', 'pythonpath')
[58.284s] INFO:colcon.colcon_core.shell:Creating environment hook '/home/unitree/robotscene/external/unitree_ros2/cyclonedds_ws/install/unitree_api/share/unitree_api/hook/pythonpath.ps1'
[58.286s] INFO:colcon.colcon_core.shell:Creating environment descriptor '/home/unitree/robotscene/external/unitree_ros2/cyclonedds_ws/install/unitree_api/share/unitree_api/hook/pythonpath.dsv'
[58.286s] INFO:colcon.colcon_core.shell:Creating environment hook '/home/unitree/robotscene/external/unitree_ros2/cyclonedds_ws/install/unitree_api/share/unitree_api/hook/pythonpath.sh'
[58.288s] Level 1:colcon.colcon_core.environment:checking '/home/unitree/robotscene/external/unitree_ros2/cyclonedds_ws/install/unitree_api/bin'
[58.368s] INFO:colcon.colcon_core.shell:Creating package script '/home/unitree/robotscene/external/unitree_ros2/cyclonedds_ws/install/unitree_api/share/unitree_api/package.ps1'
[58.372s] INFO:colcon.colcon_core.shell:Creating package descriptor '/home/unitree/robotscene/external/unitree_ros2/cyclonedds_ws/install/unitree_api/share/unitree_api/package.dsv'
[58.373s] INFO:colcon.colcon_core.shell:Creating package script '/home/unitree/robotscene/external/unitree_ros2/cyclonedds_ws/install/unitree_api/share/unitree_api/package.sh'
[58.374s] INFO:colcon.colcon_core.shell:Creating package script '/home/unitree/robotscene/external/unitree_ros2/cyclonedds_ws/install/unitree_api/share/unitree_api/package.bash'
[58.376s] INFO:colcon.colcon_core.shell:Creating package script '/home/unitree/robotscene/external/unitree_ros2/cyclonedds_ws/install/unitree_api/share/unitree_api/package.zsh'
[58.376s] Level 1:colcon.colcon_core.environment:create_file_with_runtime_dependencies(/home/unitree/robotscene/external/unitree_ros2/cyclonedds_ws/install/unitree_api/share/colcon-core/packages/unitree_api)
[73.200s] DEBUG:colcon.colcon_core.event_handler.log_command:Invoked command in '/home/unitree/robotscene/external/unitree_ros2/cyclonedds_ws/build/unitree_hg' returned '0': CMAKE_PREFIX_PATH=/opt/ros/foxy /usr/bin/cmake --build /home/unitree/robotscene/external/unitree_ros2/cyclonedds_ws/build/unitree_hg -- -j4 -l4
[73.535s] DEBUG:colcon.colcon_core.event_handler.log_command:Invoking command in '/home/unitree/robotscene/external/unitree_ros2/cyclonedds_ws/build/unitree_hg': CMAKE_PREFIX_PATH=/opt/ros/foxy /usr/bin/cmake --install /home/unitree/robotscene/external/unitree_ros2/cyclonedds_ws/build/unitree_hg
[73.769s] Level 1:colcon.colcon_core.environment:create_environment_scripts_only(unitree_hg)
[73.782s] DEBUG:colcon.colcon_core.event_handler.log_command:Invoked command in '/home/unitree/robotscene/external/unitree_ros2/cyclonedds_ws/build/unitree_hg' returned '0': CMAKE_PREFIX_PATH=/opt/ros/foxy /usr/bin/cmake --install /home/unitree/robotscene/external/unitree_ros2/cyclonedds_ws/build/unitree_hg
[73.872s] Level 1:colcon.colcon_core.environment:checking '/home/unitree/robotscene/external/unitree_ros2/cyclonedds_ws/install/unitree_hg' for CMake module files
[73.873s] Level 1:colcon.colcon_core.environment:checking '/home/unitree/robotscene/external/unitree_ros2/cyclonedds_ws/install/unitree_hg' for CMake config files
[73.874s] Level 1:colcon.colcon_core.shell:create_environment_hook('unitree_hg', 'cmake_prefix_path')
[73.959s] INFO:colcon.colcon_core.shell:Creating environment hook '/home/unitree/robotscene/external/unitree_ros2/cyclonedds_ws/install/unitree_hg/share/unitree_hg/hook/cmake_prefix_path.ps1'
[73.960s] INFO:colcon.colcon_core.shell:Creating environment descriptor '/home/unitree/robotscene/external/unitree_ros2/cyclonedds_ws/install/unitree_hg/share/unitree_hg/hook/cmake_prefix_path.dsv'
[73.962s] INFO:colcon.colcon_core.shell:Creating environment hook '/home/unitree/robotscene/external/unitree_ros2/cyclonedds_ws/install/unitree_hg/share/unitree_hg/hook/cmake_prefix_path.sh'
[73.963s] Level 1:colcon.colcon_core.environment:checking '/home/unitree/robotscene/external/unitree_ros2/cyclonedds_ws/install/unitree_hg/lib'
[73.963s] Level 1:colcon.colcon_core.shell:create_environment_hook('unitree_hg', 'ld_library_path_lib')
[74.048s] INFO:colcon.colcon_core.shell:Creating environment hook '/home/unitree/robotscene/external/unitree_ros2/cyclonedds_ws/install/unitree_hg/share/unitree_hg/hook/ld_library_path_lib.ps1'
[74.050s] INFO:colcon.colcon_core.shell:Creating environment descriptor '/home/unitree/robotscene/external/unitree_ros2/cyclonedds_ws/install/unitree_hg/share/unitree_hg/hook/ld_library_path_lib.dsv'
[74.050s] INFO:colcon.colcon_core.shell:Creating environment hook '/home/unitree/robotscene/external/unitree_ros2/cyclonedds_ws/install/unitree_hg/share/unitree_hg/hook/ld_library_path_lib.sh'
[74.051s] Level 1:colcon.colcon_core.environment:checking '/home/unitree/robotscene/external/unitree_ros2/cyclonedds_ws/install/unitree_hg/bin'
[74.052s] Level 1:colcon.colcon_core.environment:checking '/home/unitree/robotscene/external/unitree_ros2/cyclonedds_ws/install/unitree_hg/lib/pkgconfig/unitree_hg.pc'
[74.052s] Level 1:colcon.colcon_core.environment:checking '/home/unitree/robotscene/external/unitree_ros2/cyclonedds_ws/install/unitree_hg/lib/python3.8/site-packages'
[74.052s] Level 1:colcon.colcon_core.shell:create_environment_hook('unitree_hg', 'pythonpath')
[74.137s] INFO:colcon.colcon_core.shell:Creating environment hook '/home/unitree/robotscene/external/unitree_ros2/cyclonedds_ws/install/unitree_hg/share/unitree_hg/hook/pythonpath.ps1'
[74.139s] INFO:colcon.colcon_core.shell:Creating environment descriptor '/home/unitree/robotscene/external/unitree_ros2/cyclonedds_ws/install/unitree_hg/share/unitree_hg/hook/pythonpath.dsv'
[74.140s] INFO:colcon.colcon_core.shell:Creating environment hook '/home/unitree/robotscene/external/unitree_ros2/cyclonedds_ws/install/unitree_hg/share/unitree_hg/hook/pythonpath.sh'
[74.141s] Level 1:colcon.colcon_core.environment:checking '/home/unitree/robotscene/external/unitree_ros2/cyclonedds_ws/install/unitree_hg/bin'
[74.275s] INFO:colcon.colcon_core.shell:Creating package script '/home/unitree/robotscene/external/unitree_ros2/cyclonedds_ws/install/unitree_hg/share/unitree_hg/package.ps1'
[74.277s] INFO:colcon.colcon_core.shell:Creating package descriptor '/home/unitree/robotscene/external/unitree_ros2/cyclonedds_ws/install/unitree_hg/share/unitree_hg/package.dsv'
[74.278s] INFO:colcon.colcon_core.shell:Creating package script '/home/unitree/robotscene/external/unitree_ros2/cyclonedds_ws/install/unitree_hg/share/unitree_hg/package.sh'
[74.279s] INFO:colcon.colcon_core.shell:Creating package script '/home/unitree/robotscene/external/unitree_ros2/cyclonedds_ws/install/unitree_hg/share/unitree_hg/package.bash'
[74.280s] INFO:colcon.colcon_core.shell:Creating package script '/home/unitree/robotscene/external/unitree_ros2/cyclonedds_ws/install/unitree_hg/share/unitree_hg/package.zsh'
[74.281s] Level 1:colcon.colcon_core.environment:create_file_with_runtime_dependencies(/home/unitree/robotscene/external/unitree_ros2/cyclonedds_ws/install/unitree_hg/share/colcon-core/packages/unitree_hg)
[74.712s] Level 1:colcon.colcon_core.environment:create_environment_scripts_only(unitree_hg)
[74.790s] Level 1:colcon.colcon_core.environment:checking '/home/unitree/robotscene/external/unitree_ros2/cyclonedds_ws/install/unitree_hg' for CMake module files
[74.791s] Level 1:colcon.colcon_core.environment:checking '/home/unitree/robotscene/external/unitree_ros2/cyclonedds_ws/install/unitree_hg' for CMake config files
[74.793s] Level 1:colcon.colcon_core.shell:create_environment_hook('unitree_hg', 'cmake_prefix_path')
[74.871s] INFO:colcon.colcon_core.shell:Creating environment hook '/home/unitree/robotscene/external/unitree_ros2/cyclonedds_ws/install/unitree_hg/share/unitree_hg/hook/cmake_prefix_path.ps1'
[74.873s] INFO:colcon.colcon_core.shell:Creating environment descriptor '/home/unitree/robotscene/external/unitree_ros2/cyclonedds_ws/install/unitree_hg/share/unitree_hg/hook/cmake_prefix_path.dsv'
[74.873s] INFO:colcon.colcon_core.shell:Creating environment hook '/home/unitree/robotscene/external/unitree_ros2/cyclonedds_ws/install/unitree_hg/share/unitree_hg/hook/cmake_prefix_path.sh'
[74.875s] Level 1:colcon.colcon_core.environment:checking '/home/unitree/robotscene/external/unitree_ros2/cyclonedds_ws/install/unitree_hg/lib'
[74.875s] Level 1:colcon.colcon_core.shell:create_environment_hook('unitree_hg', 'ld_library_path_lib')
[74.953s] INFO:colcon.colcon_core.shell:Creating environment hook '/home/unitree/robotscene/external/unitree_ros2/cyclonedds_ws/install/unitree_hg/share/unitree_hg/hook/ld_library_path_lib.ps1'
[74.954s] INFO:colcon.colcon_core.shell:Creating environment descriptor '/home/unitree/robotscene/external/unitree_ros2/cyclonedds_ws/install/unitree_hg/share/unitree_hg/hook/ld_library_path_lib.dsv'
[74.955s] INFO:colcon.colcon_core.shell:Creating environment hook '/home/unitree/robotscene/external/unitree_ros2/cyclonedds_ws/install/unitree_hg/share/unitree_hg/hook/ld_library_path_lib.sh'
[74.956s] Level 1:colcon.colcon_core.environment:checking '/home/unitree/robotscene/external/unitree_ros2/cyclonedds_ws/install/unitree_hg/bin'
[74.956s] Level 1:colcon.colcon_core.environment:checking '/home/unitree/robotscene/external/unitree_ros2/cyclonedds_ws/install/unitree_hg/lib/pkgconfig/unitree_hg.pc'
[74.957s] Level 1:colcon.colcon_core.environment:checking '/home/unitree/robotscene/external/unitree_ros2/cyclonedds_ws/install/unitree_hg/lib/python3.8/site-packages'
[74.957s] Level 1:colcon.colcon_core.shell:create_environment_hook('unitree_hg', 'pythonpath')
[75.035s] INFO:colcon.colcon_core.shell:Creating environment hook '/home/unitree/robotscene/external/unitree_ros2/cyclonedds_ws/install/unitree_hg/share/unitree_hg/hook/pythonpath.ps1'
[75.036s] INFO:colcon.colcon_core.shell:Creating environment descriptor '/home/unitree/robotscene/external/unitree_ros2/cyclonedds_ws/install/unitree_hg/share/unitree_hg/hook/pythonpath.dsv'
[75.037s] INFO:colcon.colcon_core.shell:Creating environment hook '/home/unitree/robotscene/external/unitree_ros2/cyclonedds_ws/install/unitree_hg/share/unitree_hg/hook/pythonpath.sh'
[75.038s] Level 1:colcon.colcon_core.environment:checking '/home/unitree/robotscene/external/unitree_ros2/cyclonedds_ws/install/unitree_hg/bin'
[75.116s] INFO:colcon.colcon_core.shell:Creating package script '/home/unitree/robotscene/external/unitree_ros2/cyclonedds_ws/install/unitree_hg/share/unitree_hg/package.ps1'
[75.118s] INFO:colcon.colcon_core.shell:Creating package descriptor '/home/unitree/robotscene/external/unitree_ros2/cyclonedds_ws/install/unitree_hg/share/unitree_hg/package.dsv'
[75.120s] INFO:colcon.colcon_core.shell:Creating package script '/home/unitree/robotscene/external/unitree_ros2/cyclonedds_ws/install/unitree_hg/share/unitree_hg/package.sh'
[75.122s] INFO:colcon.colcon_core.shell:Creating package script '/home/unitree/robotscene/external/unitree_ros2/cyclonedds_ws/install/unitree_hg/share/unitree_hg/package.bash'
[75.123s] INFO:colcon.colcon_core.shell:Creating package script '/home/unitree/robotscene/external/unitree_ros2/cyclonedds_ws/install/unitree_hg/share/unitree_hg/package.zsh'
[75.123s] Level 1:colcon.colcon_core.environment:create_file_with_runtime_dependencies(/home/unitree/robotscene/external/unitree_ros2/cyclonedds_ws/install/unitree_hg/share/colcon-core/packages/unitree_hg)
[139.718s] DEBUG:colcon.colcon_core.event_handler.log_command:Invoked command in '/home/unitree/robotscene/external/unitree_ros2/cyclonedds_ws/build/unitree_go' returned '0': CMAKE_PREFIX_PATH=/opt/ros/foxy /usr/bin/cmake --build /home/unitree/robotscene/external/unitree_ros2/cyclonedds_ws/build/unitree_go -- -j4 -l4
[140.276s] DEBUG:colcon.colcon_core.event_handler.log_command:Invoking command in '/home/unitree/robotscene/external/unitree_ros2/cyclonedds_ws/build/unitree_go': CMAKE_PREFIX_PATH=/opt/ros/foxy /usr/bin/cmake --install /home/unitree/robotscene/external/unitree_ros2/cyclonedds_ws/build/unitree_go
[140.524s] Level 1:colcon.colcon_core.environment:create_environment_scripts_only(unitree_go)
[140.527s] DEBUG:colcon.colcon_core.event_handler.log_command:Invoked command in '/home/unitree/robotscene/external/unitree_ros2/cyclonedds_ws/build/unitree_go' returned '0': CMAKE_PREFIX_PATH=/opt/ros/foxy /usr/bin/cmake --install /home/unitree/robotscene/external/unitree_ros2/cyclonedds_ws/build/unitree_go
[140.600s] Level 1:colcon.colcon_core.environment:checking '/home/unitree/robotscene/external/unitree_ros2/cyclonedds_ws/install/unitree_go' for CMake module files
[140.602s] Level 1:colcon.colcon_core.environment:checking '/home/unitree/robotscene/external/unitree_ros2/cyclonedds_ws/install/unitree_go' for CMake config files
[140.603s] Level 1:colcon.colcon_core.shell:create_environment_hook('unitree_go', 'cmake_prefix_path')
[140.675s] INFO:colcon.colcon_core.shell:Creating environment hook '/home/unitree/robotscene/external/unitree_ros2/cyclonedds_ws/install/unitree_go/share/unitree_go/hook/cmake_prefix_path.ps1'
[140.676s] INFO:colcon.colcon_core.shell:Creating environment descriptor '/home/unitree/robotscene/external/unitree_ros2/cyclonedds_ws/install/unitree_go/share/unitree_go/hook/cmake_prefix_path.dsv'
[140.677s] INFO:colcon.colcon_core.shell:Creating environment hook '/home/unitree/robotscene/external/unitree_ros2/cyclonedds_ws/install/unitree_go/share/unitree_go/hook/cmake_prefix_path.sh'
[140.678s] Level 1:colcon.colcon_core.environment:checking '/home/unitree/robotscene/external/unitree_ros2/cyclonedds_ws/install/unitree_go/lib'
[140.678s] Level 1:colcon.colcon_core.shell:create_environment_hook('unitree_go', 'ld_library_path_lib')
[140.751s] INFO:colcon.colcon_core.shell:Creating environment hook '/home/unitree/robotscene/external/unitree_ros2/cyclonedds_ws/install/unitree_go/share/unitree_go/hook/ld_library_path_lib.ps1'
[140.752s] INFO:colcon.colcon_core.shell:Creating environment descriptor '/home/unitree/robotscene/external/unitree_ros2/cyclonedds_ws/install/unitree_go/share/unitree_go/hook/ld_library_path_lib.dsv'
[140.753s] INFO:colcon.colcon_core.shell:Creating environment hook '/home/unitree/robotscene/external/unitree_ros2/cyclonedds_ws/install/unitree_go/share/unitree_go/hook/ld_library_path_lib.sh'
[140.754s] Level 1:colcon.colcon_core.environment:checking '/home/unitree/robotscene/external/unitree_ros2/cyclonedds_ws/install/unitree_go/bin'
[140.754s] Level 1:colcon.colcon_core.environment:checking '/home/unitree/robotscene/external/unitree_ros2/cyclonedds_ws/install/unitree_go/lib/pkgconfig/unitree_go.pc'
[140.754s] Level 1:colcon.colcon_core.environment:checking '/home/unitree/robotscene/external/unitree_ros2/cyclonedds_ws/install/unitree_go/lib/python3.8/site-packages'
[140.754s] Level 1:colcon.colcon_core.shell:create_environment_hook('unitree_go', 'pythonpath')
[140.828s] INFO:colcon.colcon_core.shell:Creating environment hook '/home/unitree/robotscene/external/unitree_ros2/cyclonedds_ws/install/unitree_go/share/unitree_go/hook/pythonpath.ps1'
[140.829s] INFO:colcon.colcon_core.shell:Creating environment descriptor '/home/unitree/robotscene/external/unitree_ros2/cyclonedds_ws/install/unitree_go/share/unitree_go/hook/pythonpath.dsv'
[140.830s] INFO:colcon.colcon_core.shell:Creating environment hook '/home/unitree/robotscene/external/unitree_ros2/cyclonedds_ws/install/unitree_go/share/unitree_go/hook/pythonpath.sh'
[140.831s] Level 1:colcon.colcon_core.environment:checking '/home/unitree/robotscene/external/unitree_ros2/cyclonedds_ws/install/unitree_go/bin'
[140.904s] INFO:colcon.colcon_core.shell:Creating package script '/home/unitree/robotscene/external/unitree_ros2/cyclonedds_ws/install/unitree_go/share/unitree_go/package.ps1'
[140.906s] INFO:colcon.colcon_core.shell:Creating package descriptor '/home/unitree/robotscene/external/unitree_ros2/cyclonedds_ws/install/unitree_go/share/unitree_go/package.dsv'
[140.907s] INFO:colcon.colcon_core.shell:Creating package script '/home/unitree/robotscene/external/unitree_ros2/cyclonedds_ws/install/unitree_go/share/unitree_go/package.sh'
[140.907s] INFO:colcon.colcon_core.shell:Creating package script '/home/unitree/robotscene/external/unitree_ros2/cyclonedds_ws/install/unitree_go/share/unitree_go/package.bash'
[140.908s] INFO:colcon.colcon_core.shell:Creating package script '/home/unitree/robotscene/external/unitree_ros2/cyclonedds_ws/install/unitree_go/share/unitree_go/package.zsh'
[140.909s] Level 1:colcon.colcon_core.environment:create_file_with_runtime_dependencies(/home/unitree/robotscene/external/unitree_ros2/cyclonedds_ws/install/unitree_go/share/colcon-core/packages/unitree_go)
[141.548s] Level 1:colcon.colcon_core.environment:create_environment_scripts_only(unitree_go)
[141.632s] Level 1:colcon.colcon_core.environment:checking '/home/unitree/robotscene/external/unitree_ros2/cyclonedds_ws/install/unitree_go' for CMake module files
[141.634s] Level 1:colcon.colcon_core.environment:checking '/home/unitree/robotscene/external/unitree_ros2/cyclonedds_ws/install/unitree_go' for CMake config files
[141.635s] Level 1:colcon.colcon_core.shell:create_environment_hook('unitree_go', 'cmake_prefix_path')
[141.715s] INFO:colcon.colcon_core.shell:Creating environment hook '/home/unitree/robotscene/external/unitree_ros2/cyclonedds_ws/install/unitree_go/share/unitree_go/hook/cmake_prefix_path.ps1'
[141.716s] INFO:colcon.colcon_core.shell:Creating environment descriptor '/home/unitree/robotscene/external/unitree_ros2/cyclonedds_ws/install/unitree_go/share/unitree_go/hook/cmake_prefix_path.dsv'
[141.717s] INFO:colcon.colcon_core.shell:Creating environment hook '/home/unitree/robotscene/external/unitree_ros2/cyclonedds_ws/install/unitree_go/share/unitree_go/hook/cmake_prefix_path.sh'
[141.718s] Level 1:colcon.colcon_core.environment:checking '/home/unitree/robotscene/external/unitree_ros2/cyclonedds_ws/install/unitree_go/lib'
[141.719s] Level 1:colcon.colcon_core.shell:create_environment_hook('unitree_go', 'ld_library_path_lib')
[141.800s] INFO:colcon.colcon_core.shell:Creating environment hook '/home/unitree/robotscene/external/unitree_ros2/cyclonedds_ws/install/unitree_go/share/unitree_go/hook/ld_library_path_lib.ps1'
[141.801s] INFO:colcon.colcon_core.shell:Creating environment descriptor '/home/unitree/robotscene/external/unitree_ros2/cyclonedds_ws/install/unitree_go/share/unitree_go/hook/ld_library_path_lib.dsv'
[141.802s] INFO:colcon.colcon_core.shell:Creating environment hook '/home/unitree/robotscene/external/unitree_ros2/cyclonedds_ws/install/unitree_go/share/unitree_go/hook/ld_library_path_lib.sh'
[141.803s] Level 1:colcon.colcon_core.environment:checking '/home/unitree/robotscene/external/unitree_ros2/cyclonedds_ws/install/unitree_go/bin'
[141.803s] Level 1:colcon.colcon_core.environment:checking '/home/unitree/robotscene/external/unitree_ros2/cyclonedds_ws/install/unitree_go/lib/pkgconfig/unitree_go.pc'
[141.804s] Level 1:colcon.colcon_core.environment:checking '/home/unitree/robotscene/external/unitree_ros2/cyclonedds_ws/install/unitree_go/lib/python3.8/site-packages'
[141.804s] Level 1:colcon.colcon_core.shell:create_environment_hook('unitree_go', 'pythonpath')
[141.884s] INFO:colcon.colcon_core.shell:Creating environment hook '/home/unitree/robotscene/external/unitree_ros2/cyclonedds_ws/install/unitree_go/share/unitree_go/hook/pythonpath.ps1'
[141.886s] INFO:colcon.colcon_core.shell:Creating environment descriptor '/home/unitree/robotscene/external/unitree_ros2/cyclonedds_ws/install/unitree_go/share/unitree_go/hook/pythonpath.dsv'
[141.886s] INFO:colcon.colcon_core.shell:Creating environment hook '/home/unitree/robotscene/external/unitree_ros2/cyclonedds_ws/install/unitree_go/share/unitree_go/hook/pythonpath.sh'
[141.887s] Level 1:colcon.colcon_core.environment:checking '/home/unitree/robotscene/external/unitree_ros2/cyclonedds_ws/install/unitree_go/bin'
[141.970s] INFO:colcon.colcon_core.shell:Creating package script '/home/unitree/robotscene/external/unitree_ros2/cyclonedds_ws/install/unitree_go/share/unitree_go/package.ps1'
[141.972s] INFO:colcon.colcon_core.shell:Creating package descriptor '/home/unitree/robotscene/external/unitree_ros2/cyclonedds_ws/install/unitree_go/share/unitree_go/package.dsv'
[141.973s] INFO:colcon.colcon_core.shell:Creating package script '/home/unitree/robotscene/external/unitree_ros2/cyclonedds_ws/install/unitree_go/share/unitree_go/package.sh'
[141.974s] INFO:colcon.colcon_core.shell:Creating package script '/home/unitree/robotscene/external/unitree_ros2/cyclonedds_ws/install/unitree_go/share/unitree_go/package.bash'
[141.975s] INFO:colcon.colcon_core.shell:Creating package script '/home/unitree/robotscene/external/unitree_ros2/cyclonedds_ws/install/unitree_go/share/unitree_go/package.zsh'
[141.976s] Level 1:colcon.colcon_core.environment:create_file_with_runtime_dependencies(/home/unitree/robotscene/external/unitree_ros2/cyclonedds_ws/install/unitree_go/share/colcon-core/packages/unitree_go)
[141.977s] DEBUG:colcon.colcon_parallel_executor.executor.parallel:closing loop
[141.977s] DEBUG:colcon.colcon_parallel_executor.executor.parallel:loop closed
[141.977s] DEBUG:colcon.colcon_parallel_executor.executor.parallel:run_until_complete finished with '0'
[141.978s] DEBUG:colcon.colcon_core.event_reactor:joining thread
[142.064s] INFO:colcon.colcon_core.plugin_system:Skipping extension 'colcon_notification.desktop_notification.terminal_notifier': Not used on non-Darwin systems
[142.064s] INFO:colcon.colcon_core.plugin_system:Skipping extension 'colcon_notification.desktop_notification.win32': Not used on non-Windows systems
[142.064s] INFO:colcon.colcon_notification.desktop_notification:Sending desktop notification using 'notify2'
[142.087s] DEBUG:colcon.colcon_notification.desktop_notification.notify2:Failed to initialize notify2: org.freedesktop.DBus.Error.Spawn.ChildExited: Process org.freedesktop.Notifications exited with status 1
[142.088s] DEBUG:colcon.colcon_core.event_reactor:joined thread
[142.169s] INFO:colcon.colcon_core.shell:Creating prefix script '/home/unitree/robotscene/external/unitree_ros2/cyclonedds_ws/install/local_setup.ps1'
[142.172s] INFO:colcon.colcon_core.shell:Creating prefix util module '/home/unitree/robotscene/external/unitree_ros2/cyclonedds_ws/install/_local_setup_util_ps1.py'
[142.174s] INFO:colcon.colcon_core.shell:Creating prefix chain script '/home/unitree/robotscene/external/unitree_ros2/cyclonedds_ws/install/setup.ps1'
[142.256s] INFO:colcon.colcon_core.shell:Creating prefix script '/home/unitree/robotscene/external/unitree_ros2/cyclonedds_ws/install/local_setup.sh'
[142.258s] INFO:colcon.colcon_core.shell:Creating prefix util module '/home/unitree/robotscene/external/unitree_ros2/cyclonedds_ws/install/_local_setup_util_sh.py'
[142.259s] INFO:colcon.colcon_core.shell:Creating prefix chain script '/home/unitree/robotscene/external/unitree_ros2/cyclonedds_ws/install/setup.sh'
[142.342s] INFO:colcon.colcon_core.shell:Creating prefix script '/home/unitree/robotscene/external/unitree_ros2/cyclonedds_ws/install/local_setup.bash'
[142.343s] INFO:colcon.colcon_core.shell:Creating prefix chain script '/home/unitree/robotscene/external/unitree_ros2/cyclonedds_ws/install/setup.bash'
[142.424s] INFO:colcon.colcon_core.shell:Creating prefix script '/home/unitree/robotscene/external/unitree_ros2/cyclonedds_ws/install/local_setup.zsh'
[142.426s] INFO:colcon.colcon_core.shell:Creating prefix chain script '/home/unitree/robotscene/external/unitree_ros2/cyclonedds_ws/install/setup.zsh'
