Scanning dependencies of target lidar_lidar_calibration_node
[  2%] Building CXX object CMakeFiles/lidar_lidar_calibration_node.dir/src/lidar_lidar_calibration_node.cpp.o
[  5%] Building CXX object CMakeFiles/lidar_lidar_calibration_node.dir/src/io.cpp.o
[  8%] Building CXX object CMakeFiles/lidar_lidar_calibration_node.dir/src/voxel_grid_filter.cpp.o
[ 11%] Building CXX object CMakeFiles/lidar_lidar_calibration_node.dir/src/lie_algebra.cpp.o
[ 14%] Building CXX object CMakeFiles/lidar_lidar_calibration_node.dir/src/gicp.cpp.o
[ 17%] Linking CXX executable lidar_lidar_calibration_node
[ 17%] Built target lidar_lidar_calibration_node
Scanning dependencies of target lio_3d_node
[ 20%] Building CXX object CMakeFiles/lio_3d_node.dir/src/lio_3d_node.cpp.o
[ 23%] Building CXX object CMakeFiles/lio_3d_node.dir/src/ros_utils.cpp.o
[ 26%] Building CXX object CMakeFiles/lio_3d_node.dir/src/io.cpp.o
[ 29%] Building CXX object CMakeFiles/lio_3d_node.dir/src/lie_algebra.cpp.o
[ 32%] Building CXX object CMakeFiles/lio_3d_node.dir/src/lio_3d_interface.cpp.o
[ 35%] Building CXX object CMakeFiles/lio_3d_node.dir/src/imu_preintegrator.cpp.o
[ 38%] Building CXX object CMakeFiles/lio_3d_node.dir/src/gravity_direc_estimator.cpp.o
[ 41%] Building CXX object CMakeFiles/lio_3d_node.dir/src/keyframe_detector.cpp.o
[ 44%] Building CXX object CMakeFiles/lio_3d_node.dir/src/voxel_grid_filter.cpp.o
[ 47%] Building CXX object CMakeFiles/lio_3d_node.dir/src/normal_map.cpp.o
[ 50%] Building CXX object CMakeFiles/lio_3d_node.dir/src/hierarchical_geometric_observer.cpp.o
[ 52%] Building CXX object CMakeFiles/lio_3d_node.dir/src/joint_optimizer.cpp.o
[ 55%] Linking CXX executable lio_3d_node
[ 55%] Built target lio_3d_node
Scanning dependencies of target slam_3d_node
[ 58%] Building CXX object CMakeFiles/slam_3d_node.dir/src/slam_3d_node.cpp.o
[ 61%] Building CXX object CMakeFiles/slam_3d_node.dir/src/lie_algebra.cpp.o
[ 64%] Building CXX object CMakeFiles/slam_3d_node.dir/src/slam_3d_interface.cpp.o
[ 67%] Building CXX object CMakeFiles/slam_3d_node.dir/src/io.cpp.o
[ 70%] Building CXX object CMakeFiles/slam_3d_node.dir/src/keyframe_detector.cpp.o
[ 73%] Building CXX object CMakeFiles/slam_3d_node.dir/src/voxel_grid_filter.cpp.o
[ 76%] Building CXX object CMakeFiles/slam_3d_node.dir/src/gicp.cpp.o
[ 79%] Building CXX object CMakeFiles/slam_3d_node.dir/src/graph_optimizer.cpp.o
[ 82%] Building CXX object CMakeFiles/slam_3d_node.dir/src/ros_utils.cpp.o
[ 85%] Linking CXX executable slam_3d_node
[ 85%] Built target slam_3d_node
Scanning dependencies of target pc2_to_pcd_node
[ 88%] Building CXX object CMakeFiles/pc2_to_pcd_node.dir/src/pc2_to_pcd_node.cpp.o
[ 91%] Building CXX object CMakeFiles/pc2_to_pcd_node.dir/src/voxel_grid_filter.cpp.o
[ 94%] Building CXX object CMakeFiles/pc2_to_pcd_node.dir/src/io.cpp.o
[ 97%] Building CXX object CMakeFiles/pc2_to_pcd_node.dir/src/ros_utils.cpp.o
[100%] Linking CXX executable pc2_to_pcd_node
[100%] Built target pc2_to_pcd_node
-- Install configuration: ""
-- Execute custom install script
-- Symlinking: /home/unitree/robotscene/ros2_ws/install/plain_slam_ros2/lib/plain_slam_ros2/lio_3d_node
-- Symlinking: /home/unitree/robotscene/ros2_ws/install/plain_slam_ros2/lib/plain_slam_ros2/slam_3d_node
-- Symlinking: /home/unitree/robotscene/ros2_ws/install/plain_slam_ros2/lib/plain_slam_ros2/pc2_to_pcd_node
-- Symlinking: /home/unitree/robotscene/ros2_ws/install/plain_slam_ros2/lib/plain_slam_ros2/lidar_lidar_calibration_node
-- Symlinking: /home/unitree/robotscene/ros2_ws/install/plain_slam_ros2/share/ament_index/resource_index/package_run_dependencies/plain_slam_ros2
-- Symlinking: /home/unitree/robotscene/ros2_ws/install/plain_slam_ros2/share/ament_index/resource_index/parent_prefix_path/plain_slam_ros2
-- Symlinking: /home/unitree/robotscene/ros2_ws/install/plain_slam_ros2/share/plain_slam_ros2/environment/ament_prefix_path.sh
-- Symlinking: /home/unitree/robotscene/ros2_ws/install/plain_slam_ros2/share/plain_slam_ros2/environment/ament_prefix_path.dsv
-- Symlinking: /home/unitree/robotscene/ros2_ws/install/plain_slam_ros2/share/plain_slam_ros2/environment/path.sh
-- Symlinking: /home/unitree/robotscene/ros2_ws/install/plain_slam_ros2/share/plain_slam_ros2/environment/path.dsv
-- Symlinking: /home/unitree/robotscene/ros2_ws/install/plain_slam_ros2/share/plain_slam_ros2/local_setup.bash
-- Symlinking: /home/unitree/robotscene/ros2_ws/install/plain_slam_ros2/share/plain_slam_ros2/local_setup.sh
-- Symlinking: /home/unitree/robotscene/ros2_ws/install/plain_slam_ros2/share/plain_slam_ros2/local_setup.zsh
-- Symlinking: /home/unitree/robotscene/ros2_ws/install/plain_slam_ros2/share/plain_slam_ros2/local_setup.dsv
-- Symlinking: /home/unitree/robotscene/ros2_ws/install/plain_slam_ros2/share/plain_slam_ros2/package.dsv
-- Symlinking: /home/unitree/robotscene/ros2_ws/install/plain_slam_ros2/share/ament_index/resource_index/packages/plain_slam_ros2
-- Symlinking: /home/unitree/robotscene/ros2_ws/install/plain_slam_ros2/share/plain_slam_ros2/cmake/plain_slam_ros2Config.cmake
-- Symlinking: /home/unitree/robotscene/ros2_ws/install/plain_slam_ros2/share/plain_slam_ros2/cmake/plain_slam_ros2Config-version.cmake
-- Symlinking: /home/unitree/robotscene/ros2_ws/install/plain_slam_ros2/share/plain_slam_ros2/package.xml
-- Symlinking: /home/unitree/robotscene/ros2_ws/install/plain_slam_ros2/share/plain_slam_ros2//launch/lio_3d.launch.py
-- Symlinking: /home/unitree/robotscene/ros2_ws/install/plain_slam_ros2/share/plain_slam_ros2//launch/slam_3d.launch.py
-- Symlinking: /home/unitree/robotscene/ros2_ws/install/plain_slam_ros2/share/plain_slam_ros2//config/lio_3d.rviz
-- Symlinking: /home/unitree/robotscene/ros2_ws/install/plain_slam_ros2/share/plain_slam_ros2//config/lio_3d_config.yaml
-- Symlinking: /home/unitree/robotscene/ros2_ws/install/plain_slam_ros2/share/plain_slam_ros2//config/lio_3d_params.yaml
-- Symlinking: /home/unitree/robotscene/ros2_ws/install/plain_slam_ros2/share/plain_slam_ros2//config/slam_3d.rviz
-- Symlinking: /home/unitree/robotscene/ros2_ws/install/plain_slam_ros2/share/plain_slam_ros2//config/slam_3d_config.yaml
-- Symlinking: /home/unitree/robotscene/ros2_ws/install/plain_slam_ros2/share/plain_slam_ros2//config/slam_3d_params.yaml
