-- Found ament_cmake: 0.9.12 (/opt/ros/humble/share/ament_cmake/cmake)
-- Using PYTHON_EXECUTABLE: /usr/bin/python3
-- Override CMake install command with custom implementation using symlinks instead of copying resources
-- Configuring done
-- Generating done
-- Build files have been written to: /home/unitree/robotscene/ros2_ws/build/robot_scene_nav_bringup
-- Install configuration: ""
-- Execute custom install script
-- Up-to-date symlink: /home/unitree/robotscene/ros2_ws/install/robot_scene_nav_bringup/share/robot_scene_nav_bringup/launch/collision_monitor.launch.py
-- Up-to-date symlink: /home/unitree/robotscene/ros2_ws/install/robot_scene_nav_bringup/share/robot_scene_nav_bringup/launch/robot_scene_nav2.launch.py
-- Up-to-date symlink: /home/unitree/robotscene/ros2_ws/install/robot_scene_nav_bringup/share/robot_scene_nav_bringup/launch/robot_scene_nav2_plan_only.launch.py
-- Up-to-date symlink: /home/unitree/robotscene/ros2_ws/install/robot_scene_nav_bringup/share/robot_scene_nav_bringup/config/collision_monitor.yaml
-- Up-to-date symlink: /home/unitree/robotscene/ros2_ws/install/robot_scene_nav_bringup/share/robot_scene_nav_bringup/config/nav2_params_humble.yaml
-- Up-to-date symlink: /home/unitree/robotscene/ros2_ws/install/robot_scene_nav_bringup/share/robot_scene_nav_bringup/config/velocity_smoother.yaml
-- Up-to-date symlink: /home/unitree/robotscene/ros2_ws/install/robot_scene_nav_bringup/share/robot_scene_nav_bringup/behavior_trees/navigate_to_pose_robot_scene.xml
-- Symlinking: /home/unitree/robotscene/ros2_ws/install/robot_scene_nav_bringup/lib/robot_scene_nav_bringup/plain_slam_map_relay.py
-- Up-to-date symlink: /home/unitree/robotscene/ros2_ws/install/robot_scene_nav_bringup/share/ament_index/resource_index/package_run_dependencies/robot_scene_nav_bringup
-- Up-to-date symlink: /home/unitree/robotscene/ros2_ws/install/robot_scene_nav_bringup/share/ament_index/resource_index/parent_prefix_path/robot_scene_nav_bringup
-- Up-to-date symlink: /home/unitree/robotscene/ros2_ws/install/robot_scene_nav_bringup/share/robot_scene_nav_bringup/environment/ament_prefix_path.sh
-- Up-to-date symlink: /home/unitree/robotscene/ros2_ws/install/robot_scene_nav_bringup/share/robot_scene_nav_bringup/environment/ament_prefix_path.dsv
-- Up-to-date symlink: /home/unitree/robotscene/ros2_ws/install/robot_scene_nav_bringup/share/robot_scene_nav_bringup/environment/path.sh
-- Up-to-date symlink: /home/unitree/robotscene/ros2_ws/install/robot_scene_nav_bringup/share/robot_scene_nav_bringup/environment/path.dsv
-- Up-to-date symlink: /home/unitree/robotscene/ros2_ws/install/robot_scene_nav_bringup/share/robot_scene_nav_bringup/local_setup.bash
-- Up-to-date symlink: /home/unitree/robotscene/ros2_ws/install/robot_scene_nav_bringup/share/robot_scene_nav_bringup/local_setup.sh
-- Up-to-date symlink: /home/unitree/robotscene/ros2_ws/install/robot_scene_nav_bringup/share/robot_scene_nav_bringup/local_setup.zsh
-- Up-to-date symlink: /home/unitree/robotscene/ros2_ws/install/robot_scene_nav_bringup/share/robot_scene_nav_bringup/local_setup.dsv
-- Symlinking: /home/unitree/robotscene/ros2_ws/install/robot_scene_nav_bringup/share/robot_scene_nav_bringup/package.dsv
-- Up-to-date symlink: /home/unitree/robotscene/ros2_ws/install/robot_scene_nav_bringup/share/ament_index/resource_index/packages/robot_scene_nav_bringup
-- Up-to-date symlink: /home/unitree/robotscene/ros2_ws/install/robot_scene_nav_bringup/share/robot_scene_nav_bringup/cmake/robot_scene_nav_bringupConfig.cmake
-- Up-to-date symlink: /home/unitree/robotscene/ros2_ws/install/robot_scene_nav_bringup/share/robot_scene_nav_bringup/cmake/robot_scene_nav_bringupConfig-version.cmake
-- Up-to-date symlink: /home/unitree/robotscene/ros2_ws/install/robot_scene_nav_bringup/share/robot_scene_nav_bringup/package.xml
