[0.438s] Invoking command in '/home/unitree/robotscene/ros2_ws/build/robot_scene_nav_bringup': CMAKE_PREFIX_PATH=/opt/ros/foxy /usr/bin/cmake /home/unitree/robotscene/ros2_ws/src/robot_scene_nav_bringup -DCMAKE_INSTALL_PREFIX=/home/unitree/robotscene/ros2_ws/install/robot_scene_nav_bringup
[0.526s] -- Found ament_cmake: 0.9.12 (/opt/ros/humble/share/ament_cmake/cmake)
[0.590s] -- Using PYTHON_EXECUTABLE: /usr/bin/python3
[1.209s] -- Override CMake install command with custom implementation using symlinks instead of copying resources
[1.601s] -- Configuring done
[1.609s] -- Generating done
[1.612s] -- Build files have been written to: /home/unitree/robotscene/ros2_ws/build/robot_scene_nav_bringup
[1.618s] Invoked command in '/home/unitree/robotscene/ros2_ws/build/robot_scene_nav_bringup' returned '0': CMAKE_PREFIX_PATH=/opt/ros/foxy /usr/bin/cmake /home/unitree/robotscene/ros2_ws/src/robot_scene_nav_bringup -DCMAKE_INSTALL_PREFIX=/home/unitree/robotscene/ros2_ws/install/robot_scene_nav_bringup
[1.621s] Invoking command in '/home/unitree/robotscene/ros2_ws/build/robot_scene_nav_bringup': CMAKE_PREFIX_PATH=/opt/ros/foxy /usr/bin/cmake --build /home/unitree/robotscene/ros2_ws/build/robot_scene_nav_bringup -- -j4 -l4
[1.843s] Invoked command in '/home/unitree/robotscene/ros2_ws/build/robot_scene_nav_bringup' returned '0': CMAKE_PREFIX_PATH=/opt/ros/foxy /usr/bin/cmake --build /home/unitree/robotscene/ros2_ws/build/robot_scene_nav_bringup -- -j4 -l4
[1.928s] Invoking command in '/home/unitree/robotscene/ros2_ws/build/robot_scene_nav_bringup': CMAKE_PREFIX_PATH=/opt/ros/foxy /usr/bin/cmake --install /home/unitree/robotscene/ros2_ws/build/robot_scene_nav_bringup
[1.955s] -- Install configuration: ""
[1.956s] -- Execute custom install script
[1.957s] -- Up-to-date symlink: /home/unitree/robotscene/ros2_ws/install/robot_scene_nav_bringup/share/robot_scene_nav_bringup/launch/collision_monitor.launch.py
[1.957s] -- Up-to-date symlink: /home/unitree/robotscene/ros2_ws/install/robot_scene_nav_bringup/share/robot_scene_nav_bringup/launch/robot_scene_nav2.launch.py
[1.957s] -- Up-to-date symlink: /home/unitree/robotscene/ros2_ws/install/robot_scene_nav_bringup/share/robot_scene_nav_bringup/launch/robot_scene_nav2_plan_only.launch.py
[1.959s] -- Up-to-date symlink: /home/unitree/robotscene/ros2_ws/install/robot_scene_nav_bringup/share/robot_scene_nav_bringup/config/collision_monitor.yaml
[1.959s] -- Up-to-date symlink: /home/unitree/robotscene/ros2_ws/install/robot_scene_nav_bringup/share/robot_scene_nav_bringup/config/nav2_params_humble.yaml
[1.959s] -- Up-to-date symlink: /home/unitree/robotscene/ros2_ws/install/robot_scene_nav_bringup/share/robot_scene_nav_bringup/config/velocity_smoother.yaml
[1.960s] -- Up-to-date symlink: /home/unitree/robotscene/ros2_ws/install/robot_scene_nav_bringup/share/robot_scene_nav_bringup/behavior_trees/navigate_to_pose_robot_scene.xml
[1.961s] -- Symlinking: /home/unitree/robotscene/ros2_ws/install/robot_scene_nav_bringup/lib/robot_scene_nav_bringup/plain_slam_map_relay.py
[1.990s] -- Up-to-date symlink: /home/unitree/robotscene/ros2_ws/install/robot_scene_nav_bringup/share/ament_index/resource_index/package_run_dependencies/robot_scene_nav_bringup
[1.991s] -- Up-to-date symlink: /home/unitree/robotscene/ros2_ws/install/robot_scene_nav_bringup/share/ament_index/resource_index/parent_prefix_path/robot_scene_nav_bringup
[1.991s] -- Up-to-date symlink: /home/unitree/robotscene/ros2_ws/install/robot_scene_nav_bringup/share/robot_scene_nav_bringup/environment/ament_prefix_path.sh
[1.991s] -- Up-to-date symlink: /home/unitree/robotscene/ros2_ws/install/robot_scene_nav_bringup/share/robot_scene_nav_bringup/environment/ament_prefix_path.dsv
[1.991s] -- Up-to-date symlink: /home/unitree/robotscene/ros2_ws/install/robot_scene_nav_bringup/share/robot_scene_nav_bringup/environment/path.sh
[1.991s] -- Up-to-date symlink: /home/unitree/robotscene/ros2_ws/install/robot_scene_nav_bringup/share/robot_scene_nav_bringup/environment/path.dsv
[1.991s] -- Up-to-date symlink: /home/unitree/robotscene/ros2_ws/install/robot_scene_nav_bringup/share/robot_scene_nav_bringup/local_setup.bash
[1.991s] -- Up-to-date symlink: /home/unitree/robotscene/ros2_ws/install/robot_scene_nav_bringup/share/robot_scene_nav_bringup/local_setup.sh
[1.991s] -- Up-to-date symlink: /home/unitree/robotscene/ros2_ws/install/robot_scene_nav_bringup/share/robot_scene_nav_bringup/local_setup.zsh
[1.992s] -- Up-to-date symlink: /home/unitree/robotscene/ros2_ws/install/robot_scene_nav_bringup/share/robot_scene_nav_bringup/local_setup.dsv
[1.992s] -- Symlinking: /home/unitree/robotscene/ros2_ws/install/robot_scene_nav_bringup/share/robot_scene_nav_bringup/package.dsv
[2.038s] -- Up-to-date symlink: /home/unitree/robotscene/ros2_ws/install/robot_scene_nav_bringup/share/ament_index/resource_index/packages/robot_scene_nav_bringup
[2.038s] -- Up-to-date symlink: /home/unitree/robotscene/ros2_ws/install/robot_scene_nav_bringup/share/robot_scene_nav_bringup/cmake/robot_scene_nav_bringupConfig.cmake
[2.038s] -- Up-to-date symlink: /home/unitree/robotscene/ros2_ws/install/robot_scene_nav_bringup/share/robot_scene_nav_bringup/cmake/robot_scene_nav_bringupConfig-version.cmake
[2.038s] -- Up-to-date symlink: /home/unitree/robotscene/ros2_ws/install/robot_scene_nav_bringup/share/robot_scene_nav_bringup/package.xml
[2.044s] Invoked command in '/home/unitree/robotscene/ros2_ws/build/robot_scene_nav_bringup' returned '0': CMAKE_PREFIX_PATH=/opt/ros/foxy /usr/bin/cmake --install /home/unitree/robotscene/ros2_ws/build/robot_scene_nav_bringup
