[8.259s] DEBUG:colcon:Command line arguments: ['/usr/bin/colcon', 'build', '--packages-select', 'robot_scene_nav_bringup']
[8.260s] DEBUG:colcon:Parsed command line arguments: Namespace(allow_overriding=[], ament_cmake_args=None, base_paths=['.'], build_base='build', catkin_cmake_args=None, catkin_skip_building_tests=False, cmake_args=None, cmake_clean_cache=False, cmake_clean_first=False, cmake_force_configure=False, cmake_target=None, cmake_target_skip_unavailable=False, continue_on_error=False, event_handlers=None, executor='parallel', ignore_user_meta=False, install_base='install', log_base=None, log_level=None, main=<bound method BuildVerb.main of <colcon_core.verb.build.BuildVerb object at 0xffff7f280dc0>>, merge_install=False, metas=['./colcon.meta'], packages_above=None, packages_above_and_dependencies=None, packages_above_depth=None, packages_end=None, packages_ignore=None, packages_ignore_regex=None, packages_select=['robot_scene_nav_bringup'], packages_select_build_failed=False, packages_select_by_dep=None, packages_select_regex=None, packages_select_test_failures=False, packages_skip=None, packages_skip_build_finished=False, packages_skip_by_dep=None, packages_skip_regex=None, packages_skip_test_passed=False, packages_skip_up_to=None, packages_start=None, packages_up_to=None, packages_up_to_regex=None, parallel_workers=4, paths=None, symlink_install=False, test_result_base=None, verb_extension=<colcon_core.verb.build.BuildVerb object at 0xffff7f280dc0>, verb_name='build', verb_parser=<colcon_defaults.argument_parser.defaults.DefaultArgumentsDecorator object at 0xffff7ee54370>)
[8.572s] Level 1:colcon.colcon_core.package_discovery:discover_packages(colcon_meta) check parameters
[8.572s] Level 1:colcon.colcon_core.package_discovery:discover_packages(recursive) check parameters
[8.573s] Level 1:colcon.colcon_core.package_discovery:discover_packages(ignore) check parameters
[8.573s] Level 1:colcon.colcon_core.package_discovery:discover_packages(path) check parameters
[8.573s] Level 1:colcon.colcon_core.package_discovery:discover_packages(colcon_meta) discover
[8.573s] Level 1:colcon.colcon_core.package_discovery:discover_packages(recursive) discover
[8.573s] INFO:colcon.colcon_core.package_discovery:Crawling recursively for packages in '/home/unitree/robotscene/ros2_ws'
[8.573s] Level 1:colcon.colcon_core.package_identification:_identify(.) by extensions ['ignore', 'ignore_ament_install']
[8.573s] Level 1:colcon.colcon_core.package_identification:_identify(.) by extension 'ignore'
[8.574s] Level 1:colcon.colcon_core.package_identification:_identify(.) by extension 'ignore_ament_install'
[8.574s] Level 1:colcon.colcon_core.package_identification:_identify(.) by extensions ['colcon_pkg']
[8.574s] Level 1:colcon.colcon_core.package_identification:_identify(.) by extension 'colcon_pkg'
[8.574s] Level 1:colcon.colcon_core.package_identification:_identify(.) by extensions ['colcon_meta']
[8.574s] Level 1:colcon.colcon_core.package_identification:_identify(.) by extension 'colcon_meta'
[8.574s] Level 1:colcon.colcon_core.package_identification:_identify(.) by extensions ['ros']
[8.574s] Level 1:colcon.colcon_core.package_identification:_identify(.) by extension 'ros'
[8.629s] Level 1:colcon.colcon_core.package_identification:_identify(.) by extensions ['cmake', 'python']
[8.630s] Level 1:colcon.colcon_core.package_identification:_identify(.) by extension 'cmake'
[8.630s] Level 1:colcon.colcon_core.package_identification:_identify(.) by extension 'python'
[8.630s] Level 1:colcon.colcon_core.package_identification:_identify(.) by extensions ['python_setup_py']
[8.630s] Level 1:colcon.colcon_core.package_identification:_identify(.) by extension 'python_setup_py'
[8.630s] Level 1:colcon.colcon_core.package_identification:_identify(build) by extensions ['ignore', 'ignore_ament_install']
[8.631s] Level 1:colcon.colcon_core.package_identification:_identify(build) by extension 'ignore'
[8.631s] Level 1:colcon.colcon_core.package_identification:_identify(build) ignored
[8.631s] Level 1:colcon.colcon_core.package_identification:_identify(install) by extensions ['ignore', 'ignore_ament_install']
[8.631s] Level 1:colcon.colcon_core.package_identification:_identify(install) by extension 'ignore'
[8.631s] Level 1:colcon.colcon_core.package_identification:_identify(install) ignored
[8.632s] Level 1:colcon.colcon_core.package_identification:_identify(log) by extensions ['ignore', 'ignore_ament_install']
[8.632s] Level 1:colcon.colcon_core.package_identification:_identify(log) by extension 'ignore'
[8.632s] Level 1:colcon.colcon_core.package_identification:_identify(log) ignored
[8.632s] Level 1:colcon.colcon_core.package_identification:_identify(src) by extensions ['ignore', 'ignore_ament_install']
[8.632s] Level 1:colcon.colcon_core.package_identification:_identify(src) by extension 'ignore'
[8.632s] Level 1:colcon.colcon_core.package_identification:_identify(src) by extension 'ignore_ament_install'
[8.632s] Level 1:colcon.colcon_core.package_identification:_identify(src) by extensions ['colcon_pkg']
[8.633s] Level 1:colcon.colcon_core.package_identification:_identify(src) by extension 'colcon_pkg'
[8.633s] Level 1:colcon.colcon_core.package_identification:_identify(src) by extensions ['colcon_meta']
[8.633s] Level 1:colcon.colcon_core.package_identification:_identify(src) by extension 'colcon_meta'
[8.633s] Level 1:colcon.colcon_core.package_identification:_identify(src) by extensions ['ros']
[8.633s] Level 1:colcon.colcon_core.package_identification:_identify(src) by extension 'ros'
[8.633s] Level 1:colcon.colcon_core.package_identification:_identify(src) by extensions ['cmake', 'python']
[8.633s] Level 1:colcon.colcon_core.package_identification:_identify(src) by extension 'cmake'
[8.633s] Level 1:colcon.colcon_core.package_identification:_identify(src) by extension 'python'
[8.633s] Level 1:colcon.colcon_core.package_identification:_identify(src) by extensions ['python_setup_py']
[8.633s] Level 1:colcon.colcon_core.package_identification:_identify(src) by extension 'python_setup_py'
[8.634s] Level 1:colcon.colcon_core.package_identification:_identify(src/go2w_camera_bridge) by extensions ['ignore', 'ignore_ament_install']
[8.634s] Level 1:colcon.colcon_core.package_identification:_identify(src/go2w_camera_bridge) by extension 'ignore'
[8.634s] Level 1:colcon.colcon_core.package_identification:_identify(src/go2w_camera_bridge) by extension 'ignore_ament_install'
[8.634s] Level 1:colcon.colcon_core.package_identification:_identify(src/go2w_camera_bridge) by extensions ['colcon_pkg']
[8.634s] Level 1:colcon.colcon_core.package_identification:_identify(src/go2w_camera_bridge) by extension 'colcon_pkg'
[8.634s] Level 1:colcon.colcon_core.package_identification:_identify(src/go2w_camera_bridge) by extensions ['colcon_meta']
[8.634s] Level 1:colcon.colcon_core.package_identification:_identify(src/go2w_camera_bridge) by extension 'colcon_meta'
[8.634s] Level 1:colcon.colcon_core.package_identification:_identify(src/go2w_camera_bridge) by extensions ['ros']
[8.634s] Level 1:colcon.colcon_core.package_identification:_identify(src/go2w_camera_bridge) by extension 'ros'
[8.657s] DEBUG:colcon.colcon_core.package_identification:Package 'src/go2w_camera_bridge' with type 'ros.ament_python' and name 'go2w_camera_bridge'
[8.658s] Level 1:colcon.colcon_core.package_identification:_identify(src/go2w_cmd_vel_bridge) by extensions ['ignore', 'ignore_ament_install']
[8.658s] Level 1:colcon.colcon_core.package_identification:_identify(src/go2w_cmd_vel_bridge) by extension 'ignore'
[8.659s] Level 1:colcon.colcon_core.package_identification:_identify(src/go2w_cmd_vel_bridge) by extension 'ignore_ament_install'
[8.659s] Level 1:colcon.colcon_core.package_identification:_identify(src/go2w_cmd_vel_bridge) by extensions ['colcon_pkg']
[8.659s] Level 1:colcon.colcon_core.package_identification:_identify(src/go2w_cmd_vel_bridge) by extension 'colcon_pkg'
[8.659s] Level 1:colcon.colcon_core.package_identification:_identify(src/go2w_cmd_vel_bridge) by extensions ['colcon_meta']
[8.659s] Level 1:colcon.colcon_core.package_identification:_identify(src/go2w_cmd_vel_bridge) by extension 'colcon_meta'
[8.659s] Level 1:colcon.colcon_core.package_identification:_identify(src/go2w_cmd_vel_bridge) by extensions ['ros']
[8.659s] Level 1:colcon.colcon_core.package_identification:_identify(src/go2w_cmd_vel_bridge) by extension 'ros'
[8.670s] DEBUG:colcon.colcon_core.package_identification:Package 'src/go2w_cmd_vel_bridge' with type 'ros.ament_python' and name 'go2w_cmd_vel_bridge'
[8.671s] Level 1:colcon.colcon_core.package_identification:_identify(src/go2w_control_arbiter) by extensions ['ignore', 'ignore_ament_install']
[8.671s] Level 1:colcon.colcon_core.package_identification:_identify(src/go2w_control_arbiter) by extension 'ignore'
[8.671s] Level 1:colcon.colcon_core.package_identification:_identify(src/go2w_control_arbiter) by extension 'ignore_ament_install'
[8.671s] Level 1:colcon.colcon_core.package_identification:_identify(src/go2w_control_arbiter) by extensions ['colcon_pkg']
[8.671s] Level 1:colcon.colcon_core.package_identification:_identify(src/go2w_control_arbiter) by extension 'colcon_pkg'
[8.672s] Level 1:colcon.colcon_core.package_identification:_identify(src/go2w_control_arbiter) by extensions ['colcon_meta']
[8.672s] Level 1:colcon.colcon_core.package_identification:_identify(src/go2w_control_arbiter) by extension 'colcon_meta'
[8.672s] Level 1:colcon.colcon_core.package_identification:_identify(src/go2w_control_arbiter) by extensions ['ros']
[8.672s] Level 1:colcon.colcon_core.package_identification:_identify(src/go2w_control_arbiter) by extension 'ros'
[8.673s] DEBUG:colcon.colcon_core.package_identification:Package 'src/go2w_control_arbiter' with type 'ros.ament_python' and name 'go2w_control_arbiter'
[8.673s] Level 1:colcon.colcon_core.package_identification:_identify(src/go2w_description) by extensions ['ignore', 'ignore_ament_install']
[8.673s] Level 1:colcon.colcon_core.package_identification:_identify(src/go2w_description) by extension 'ignore'
[8.674s] Level 1:colcon.colcon_core.package_identification:_identify(src/go2w_description) by extension 'ignore_ament_install'
[8.674s] Level 1:colcon.colcon_core.package_identification:_identify(src/go2w_description) by extensions ['colcon_pkg']
[8.674s] Level 1:colcon.colcon_core.package_identification:_identify(src/go2w_description) by extension 'colcon_pkg'
[8.674s] Level 1:colcon.colcon_core.package_identification:_identify(src/go2w_description) by extensions ['colcon_meta']
[8.674s] Level 1:colcon.colcon_core.package_identification:_identify(src/go2w_description) by extension 'colcon_meta'
[8.674s] Level 1:colcon.colcon_core.package_identification:_identify(src/go2w_description) by extensions ['ros']
[8.674s] Level 1:colcon.colcon_core.package_identification:_identify(src/go2w_description) by extension 'ros'
[8.675s] DEBUG:colcon.colcon_core.package_identification:Package 'src/go2w_description' with type 'ros.ament_python' and name 'go2w_description'
[8.675s] Level 1:colcon.colcon_core.package_identification:_identify(src/go2w_lidar_preprocessor) by extensions ['ignore', 'ignore_ament_install']
[8.676s] Level 1:colcon.colcon_core.package_identification:_identify(src/go2w_lidar_preprocessor) by extension 'ignore'
[8.676s] Level 1:colcon.colcon_core.package_identification:_identify(src/go2w_lidar_preprocessor) by extension 'ignore_ament_install'
[8.676s] Level 1:colcon.colcon_core.package_identification:_identify(src/go2w_lidar_preprocessor) by extensions ['colcon_pkg']
[8.676s] Level 1:colcon.colcon_core.package_identification:_identify(src/go2w_lidar_preprocessor) by extension 'colcon_pkg'
[8.676s] Level 1:colcon.colcon_core.package_identification:_identify(src/go2w_lidar_preprocessor) by extensions ['colcon_meta']
[8.676s] Level 1:colcon.colcon_core.package_identification:_identify(src/go2w_lidar_preprocessor) by extension 'colcon_meta'
[8.676s] Level 1:colcon.colcon_core.package_identification:_identify(src/go2w_lidar_preprocessor) by extensions ['ros']
[8.676s] Level 1:colcon.colcon_core.package_identification:_identify(src/go2w_lidar_preprocessor) by extension 'ros'
[8.677s] DEBUG:colcon.colcon_core.package_identification:Package 'src/go2w_lidar_preprocessor' with type 'ros.ament_python' and name 'go2w_lidar_preprocessor'
[8.677s] Level 1:colcon.colcon_core.package_identification:_identify(src/go2w_lio_bringup) by extensions ['ignore', 'ignore_ament_install']
[8.678s] Level 1:colcon.colcon_core.package_identification:_identify(src/go2w_lio_bringup) by extension 'ignore'
[8.678s] Level 1:colcon.colcon_core.package_identification:_identify(src/go2w_lio_bringup) by extension 'ignore_ament_install'
[8.678s] Level 1:colcon.colcon_core.package_identification:_identify(src/go2w_lio_bringup) by extensions ['colcon_pkg']
[8.678s] Level 1:colcon.colcon_core.package_identification:_identify(src/go2w_lio_bringup) by extension 'colcon_pkg'
[8.678s] Level 1:colcon.colcon_core.package_identification:_identify(src/go2w_lio_bringup) by extensions ['colcon_meta']
[8.678s] Level 1:colcon.colcon_core.package_identification:_identify(src/go2w_lio_bringup) by extension 'colcon_meta'
[8.678s] Level 1:colcon.colcon_core.package_identification:_identify(src/go2w_lio_bringup) by extensions ['ros']
[8.678s] Level 1:colcon.colcon_core.package_identification:_identify(src/go2w_lio_bringup) by extension 'ros'
[8.679s] DEBUG:colcon.colcon_core.package_identification:Package 'src/go2w_lio_bringup' with type 'ros.ament_python' and name 'go2w_lio_bringup'
[8.680s] Level 1:colcon.colcon_core.package_identification:_identify(src/go2w_plain_slam_bridge) by extensions ['ignore', 'ignore_ament_install']
[8.680s] Level 1:colcon.colcon_core.package_identification:_identify(src/go2w_plain_slam_bridge) by extension 'ignore'
[8.680s] Level 1:colcon.colcon_core.package_identification:_identify(src/go2w_plain_slam_bridge) by extension 'ignore_ament_install'
[8.680s] Level 1:colcon.colcon_core.package_identification:_identify(src/go2w_plain_slam_bridge) by extensions ['colcon_pkg']
[8.680s] Level 1:colcon.colcon_core.package_identification:_identify(src/go2w_plain_slam_bridge) by extension 'colcon_pkg'
[8.681s] Level 1:colcon.colcon_core.package_identification:_identify(src/go2w_plain_slam_bridge) by extensions ['colcon_meta']
[8.681s] Level 1:colcon.colcon_core.package_identification:_identify(src/go2w_plain_slam_bridge) by extension 'colcon_meta'
[8.681s] Level 1:colcon.colcon_core.package_identification:_identify(src/go2w_plain_slam_bridge) by extensions ['ros']
[8.681s] Level 1:colcon.colcon_core.package_identification:_identify(src/go2w_plain_slam_bridge) by extension 'ros'
[8.683s] DEBUG:colcon.colcon_core.package_identification:Package 'src/go2w_plain_slam_bridge' with type 'ros.ament_cmake' and name 'go2w_plain_slam_bridge'
[8.683s] Level 1:colcon.colcon_core.package_identification:_identify(src/go2w_rgb_lidar_fusion) by extensions ['ignore', 'ignore_ament_install']
[8.684s] Level 1:colcon.colcon_core.package_identification:_identify(src/go2w_rgb_lidar_fusion) by extension 'ignore'
[8.684s] Level 1:colcon.colcon_core.package_identification:_identify(src/go2w_rgb_lidar_fusion) by extension 'ignore_ament_install'
[8.684s] Level 1:colcon.colcon_core.package_identification:_identify(src/go2w_rgb_lidar_fusion) by extensions ['colcon_pkg']
[8.684s] Level 1:colcon.colcon_core.package_identification:_identify(src/go2w_rgb_lidar_fusion) by extension 'colcon_pkg'
[8.684s] Level 1:colcon.colcon_core.package_identification:_identify(src/go2w_rgb_lidar_fusion) by extensions ['colcon_meta']
[8.684s] Level 1:colcon.colcon_core.package_identification:_identify(src/go2w_rgb_lidar_fusion) by extension 'colcon_meta'
[8.684s] Level 1:colcon.colcon_core.package_identification:_identify(src/go2w_rgb_lidar_fusion) by extensions ['ros']
[8.684s] Level 1:colcon.colcon_core.package_identification:_identify(src/go2w_rgb_lidar_fusion) by extension 'ros'
[8.685s] DEBUG:colcon.colcon_core.package_identification:Package 'src/go2w_rgb_lidar_fusion' with type 'ros.ament_python' and name 'go2w_rgb_lidar_fusion'
[8.686s] Level 1:colcon.colcon_core.package_identification:_identify(src/go2w_sensor_time_bridge) by extensions ['ignore', 'ignore_ament_install']
[8.686s] Level 1:colcon.colcon_core.package_identification:_identify(src/go2w_sensor_time_bridge) by extension 'ignore'
[8.686s] Level 1:colcon.colcon_core.package_identification:_identify(src/go2w_sensor_time_bridge) by extension 'ignore_ament_install'
[8.686s] Level 1:colcon.colcon_core.package_identification:_identify(src/go2w_sensor_time_bridge) by extensions ['colcon_pkg']
[8.686s] Level 1:colcon.colcon_core.package_identification:_identify(src/go2w_sensor_time_bridge) by extension 'colcon_pkg'
[8.686s] Level 1:colcon.colcon_core.package_identification:_identify(src/go2w_sensor_time_bridge) by extensions ['colcon_meta']
[8.686s] Level 1:colcon.colcon_core.package_identification:_identify(src/go2w_sensor_time_bridge) by extension 'colcon_meta'
[8.686s] Level 1:colcon.colcon_core.package_identification:_identify(src/go2w_sensor_time_bridge) by extensions ['ros']
[8.687s] Level 1:colcon.colcon_core.package_identification:_identify(src/go2w_sensor_time_bridge) by extension 'ros'
[8.687s] DEBUG:colcon.colcon_core.package_identification:Package 'src/go2w_sensor_time_bridge' with type 'ros.ament_python' and name 'go2w_sensor_time_bridge'
[8.688s] Level 1:colcon.colcon_core.package_identification:_identify(src/hesai_ros_driver) by extensions ['ignore', 'ignore_ament_install']
[8.688s] Level 1:colcon.colcon_core.package_identification:_identify(src/hesai_ros_driver) by extension 'ignore'
[8.688s] Level 1:colcon.colcon_core.package_identification:_identify(src/hesai_ros_driver) by extension 'ignore_ament_install'
[8.688s] Level 1:colcon.colcon_core.package_identification:_identify(src/hesai_ros_driver) by extensions ['colcon_pkg']
[8.688s] Level 1:colcon.colcon_core.package_identification:_identify(src/hesai_ros_driver) by extension 'colcon_pkg'
[8.688s] Level 1:colcon.colcon_core.package_identification:_identify(src/hesai_ros_driver) by extensions ['colcon_meta']
[8.688s] Level 1:colcon.colcon_core.package_identification:_identify(src/hesai_ros_driver) by extension 'colcon_meta'
[8.688s] Level 1:colcon.colcon_core.package_identification:_identify(src/hesai_ros_driver) by extensions ['ros']
[8.689s] Level 1:colcon.colcon_core.package_identification:_identify(src/hesai_ros_driver) by extension 'ros'
[8.810s] DEBUG:colcon.colcon_core.package_identification:Package 'src/hesai_ros_driver' with type 'ros.ament_cmake' and name 'hesai_ros_driver'
[8.810s] Level 1:colcon.colcon_core.package_identification:_identify(src/plain_slam_ros2) by extensions ['ignore', 'ignore_ament_install']
[8.811s] Level 1:colcon.colcon_core.package_identification:_identify(src/plain_slam_ros2) by extension 'ignore'
[8.811s] Level 1:colcon.colcon_core.package_identification:_identify(src/plain_slam_ros2) by extension 'ignore_ament_install'
[8.811s] Level 1:colcon.colcon_core.package_identification:_identify(src/plain_slam_ros2) by extensions ['colcon_pkg']
[8.811s] Level 1:colcon.colcon_core.package_identification:_identify(src/plain_slam_ros2) by extension 'colcon_pkg'
[8.811s] Level 1:colcon.colcon_core.package_identification:_identify(src/plain_slam_ros2) by extensions ['colcon_meta']
[8.811s] Level 1:colcon.colcon_core.package_identification:_identify(src/plain_slam_ros2) by extension 'colcon_meta'
[8.811s] Level 1:colcon.colcon_core.package_identification:_identify(src/plain_slam_ros2) by extensions ['ros']
[8.811s] Level 1:colcon.colcon_core.package_identification:_identify(src/plain_slam_ros2) by extension 'ros'
[8.814s] DEBUG:colcon.colcon_core.package_identification:Package 'src/plain_slam_ros2' with type 'ros.ament_cmake' and name 'plain_slam_ros2'
[8.814s] Level 1:colcon.colcon_core.package_identification:_identify(src/robot_scene_live_bridge) by extensions ['ignore', 'ignore_ament_install']
[8.815s] Level 1:colcon.colcon_core.package_identification:_identify(src/robot_scene_live_bridge) by extension 'ignore'
[8.815s] Level 1:colcon.colcon_core.package_identification:_identify(src/robot_scene_live_bridge) by extension 'ignore_ament_install'
[8.815s] Level 1:colcon.colcon_core.package_identification:_identify(src/robot_scene_live_bridge) by extensions ['colcon_pkg']
[8.815s] Level 1:colcon.colcon_core.package_identification:_identify(src/robot_scene_live_bridge) by extension 'colcon_pkg'
[8.815s] Level 1:colcon.colcon_core.package_identification:_identify(src/robot_scene_live_bridge) by extensions ['colcon_meta']
[8.815s] Level 1:colcon.colcon_core.package_identification:_identify(src/robot_scene_live_bridge) by extension 'colcon_meta'
[8.815s] Level 1:colcon.colcon_core.package_identification:_identify(src/robot_scene_live_bridge) by extensions ['ros']
[8.815s] Level 1:colcon.colcon_core.package_identification:_identify(src/robot_scene_live_bridge) by extension 'ros'
[8.817s] DEBUG:colcon.colcon_core.package_identification:Package 'src/robot_scene_live_bridge' with type 'ros.ament_python' and name 'robot_scene_live_bridge'
[8.817s] Level 1:colcon.colcon_core.package_identification:_identify(src/robot_scene_nav_bringup) by extensions ['ignore', 'ignore_ament_install']
[8.817s] Level 1:colcon.colcon_core.package_identification:_identify(src/robot_scene_nav_bringup) by extension 'ignore'
[8.817s] Level 1:colcon.colcon_core.package_identification:_identify(src/robot_scene_nav_bringup) by extension 'ignore_ament_install'
[8.817s] Level 1:colcon.colcon_core.package_identification:_identify(src/robot_scene_nav_bringup) by extensions ['colcon_pkg']
[8.817s] Level 1:colcon.colcon_core.package_identification:_identify(src/robot_scene_nav_bringup) by extension 'colcon_pkg'
[8.817s] Level 1:colcon.colcon_core.package_identification:_identify(src/robot_scene_nav_bringup) by extensions ['colcon_meta']
[8.817s] Level 1:colcon.colcon_core.package_identification:_identify(src/robot_scene_nav_bringup) by extension 'colcon_meta'
[8.818s] Level 1:colcon.colcon_core.package_identification:_identify(src/robot_scene_nav_bringup) by extensions ['ros']
[8.818s] Level 1:colcon.colcon_core.package_identification:_identify(src/robot_scene_nav_bringup) by extension 'ros'
[8.819s] DEBUG:colcon.colcon_core.package_identification:Package 'src/robot_scene_nav_bringup' with type 'ros.ament_cmake' and name 'robot_scene_nav_bringup'
[8.819s] Level 1:colcon.colcon_core.package_discovery:discover_packages(recursive) using defaults
[8.819s] Level 1:colcon.colcon_core.package_discovery:discover_packages(ignore) discover
[8.819s] Level 1:colcon.colcon_core.package_discovery:discover_packages(ignore) using defaults
[8.819s] Level 1:colcon.colcon_core.package_discovery:discover_packages(path) discover
[8.819s] Level 1:colcon.colcon_core.package_discovery:discover_packages(path) using defaults
[9.267s] INFO:colcon.colcon_core.package_selection:Skipping not selected package 'go2w_camera_bridge' in 'src/go2w_camera_bridge'
[9.268s] INFO:colcon.colcon_core.package_selection:Skipping not selected package 'go2w_cmd_vel_bridge' in 'src/go2w_cmd_vel_bridge'
[9.268s] INFO:colcon.colcon_core.package_selection:Skipping not selected package 'go2w_control_arbiter' in 'src/go2w_control_arbiter'
[9.268s] INFO:colcon.colcon_core.package_selection:Skipping not selected package 'go2w_description' in 'src/go2w_description'
[9.268s] INFO:colcon.colcon_core.package_selection:Skipping not selected package 'go2w_plain_slam_bridge' in 'src/go2w_plain_slam_bridge'
[9.268s] INFO:colcon.colcon_core.package_selection:Skipping not selected package 'go2w_rgb_lidar_fusion' in 'src/go2w_rgb_lidar_fusion'
[9.268s] INFO:colcon.colcon_core.package_selection:Skipping not selected package 'go2w_sensor_time_bridge' in 'src/go2w_sensor_time_bridge'
[9.268s] INFO:colcon.colcon_core.package_selection:Skipping not selected package 'hesai_ros_driver' in 'src/hesai_ros_driver'
[9.268s] INFO:colcon.colcon_core.package_selection:Skipping not selected package 'plain_slam_ros2' in 'src/plain_slam_ros2'
[9.268s] INFO:colcon.colcon_core.package_selection:Skipping not selected package 'robot_scene_live_bridge' in 'src/robot_scene_live_bridge'
[9.268s] INFO:colcon.colcon_core.package_selection:Skipping not selected package 'go2w_lidar_preprocessor' in 'src/go2w_lidar_preprocessor'
[9.268s] INFO:colcon.colcon_core.package_selection:Skipping not selected package 'go2w_lio_bringup' in 'src/go2w_lio_bringup'
[9.589s] Level 1:colcon.colcon_core.package_discovery:discover_packages(prefix_path) check parameters
[9.589s] Level 1:colcon.colcon_core.package_discovery:discover_packages(prefix_path) discover
[9.862s] DEBUG:colcon.colcon_installed_package_information.package_discovery:Found 297 installed packages in /opt/ros/foxy
[9.865s] Level 1:colcon.colcon_core.package_discovery:discover_packages(prefix_path) using defaults
[10.502s] Level 5:colcon.colcon_core.verb:set package 'robot_scene_nav_bringup' build argument 'cmake_args' from command line to 'None'
[10.502s] Level 5:colcon.colcon_core.verb:set package 'robot_scene_nav_bringup' build argument 'cmake_target' from command line to 'None'
[10.502s] Level 5:colcon.colcon_core.verb:set package 'robot_scene_nav_bringup' build argument 'cmake_target_skip_unavailable' from command line to 'False'
[10.502s] Level 5:colcon.colcon_core.verb:set package 'robot_scene_nav_bringup' build argument 'cmake_clean_cache' from command line to 'False'
[10.502s] Level 5:colcon.colcon_core.verb:set package 'robot_scene_nav_bringup' build argument 'cmake_clean_first' from command line to 'False'
[10.503s] Level 5:colcon.colcon_core.verb:set package 'robot_scene_nav_bringup' build argument 'cmake_force_configure' from command line to 'False'
[10.503s] Level 5:colcon.colcon_core.verb:set package 'robot_scene_nav_bringup' build argument 'ament_cmake_args' from command line to 'None'
[10.503s] Level 5:colcon.colcon_core.verb:set package 'robot_scene_nav_bringup' build argument 'catkin_cmake_args' from command line to 'None'
[10.503s] Level 5:colcon.colcon_core.verb:set package 'robot_scene_nav_bringup' build argument 'catkin_skip_building_tests' from command line to 'False'
[10.503s] DEBUG:colcon.colcon_core.verb:Building package 'robot_scene_nav_bringup' with the following arguments: {'ament_cmake_args': None, 'build_base': '/home/unitree/robotscene/ros2_ws/build/robot_scene_nav_bringup', 'catkin_cmake_args': None, 'catkin_skip_building_tests': False, 'cmake_args': None, 'cmake_clean_cache': False, 'cmake_clean_first': False, 'cmake_force_configure': False, 'cmake_target': None, 'cmake_target_skip_unavailable': False, 'install_base': '/home/unitree/robotscene/ros2_ws/install/robot_scene_nav_bringup', 'merge_install': False, 'path': '/home/unitree/robotscene/ros2_ws/src/robot_scene_nav_bringup', 'symlink_install': False, 'test_result_base': None}
[10.653s] INFO:colcon.colcon_core.executor:Executing jobs using 'parallel' executor
[10.801s] DEBUG:colcon.colcon_parallel_executor.executor.parallel:run_until_complete
[10.802s] INFO:colcon.colcon_ros.task.ament_cmake.build:Building ROS package in '/home/unitree/robotscene/ros2_ws/src/robot_scene_nav_bringup' with build type 'ament_cmake'
[10.802s] INFO:colcon.colcon_cmake.task.cmake.build:Building CMake package in '/home/unitree/robotscene/ros2_ws/src/robot_scene_nav_bringup'
[10.943s] INFO:colcon.colcon_core.plugin_system:Skipping extension 'colcon_core.shell.bat': Not used on non-Windows systems
[10.944s] INFO:colcon.colcon_core.shell:Skip shell extension 'powershell' for command environment: Not usable outside of PowerShell
[10.944s] DEBUG:colcon.colcon_core.shell:Skip shell extension 'dsv' for command environment
[11.257s] DEBUG:colcon.colcon_core.event_handler.log_command:Invoking command in '/home/unitree/robotscene/ros2_ws/build/robot_scene_nav_bringup': CMAKE_PREFIX_PATH=/opt/ros/foxy /usr/bin/cmake --build /home/unitree/robotscene/ros2_ws/build/robot_scene_nav_bringup -- -j4 -l4
[11.418s] DEBUG:colcon.colcon_core.event_handler.log_command:Invoked command in '/home/unitree/robotscene/ros2_ws/build/robot_scene_nav_bringup' returned '0': CMAKE_PREFIX_PATH=/opt/ros/foxy /usr/bin/cmake --build /home/unitree/robotscene/ros2_ws/build/robot_scene_nav_bringup -- -j4 -l4
[11.567s] DEBUG:colcon.colcon_core.event_handler.log_command:Invoking command in '/home/unitree/robotscene/ros2_ws/build/robot_scene_nav_bringup': CMAKE_PREFIX_PATH=/opt/ros/foxy /usr/bin/cmake --install /home/unitree/robotscene/ros2_ws/build/robot_scene_nav_bringup
[11.681s] Level 1:colcon.colcon_core.environment:create_environment_scripts_only(robot_scene_nav_bringup)
[11.688s] DEBUG:colcon.colcon_core.event_handler.log_command:Invoked command in '/home/unitree/robotscene/ros2_ws/build/robot_scene_nav_bringup' returned '0': CMAKE_PREFIX_PATH=/opt/ros/foxy /usr/bin/cmake --install /home/unitree/robotscene/ros2_ws/build/robot_scene_nav_bringup
[11.942s] Level 1:colcon.colcon_core.environment:checking '/home/unitree/robotscene/ros2_ws/install/robot_scene_nav_bringup' for CMake module files
[11.944s] Level 1:colcon.colcon_core.environment:checking '/home/unitree/robotscene/ros2_ws/install/robot_scene_nav_bringup' for CMake config files
[11.947s] Level 1:colcon.colcon_core.shell:create_environment_hook('robot_scene_nav_bringup', 'cmake_prefix_path')
[12.155s] INFO:colcon.colcon_core.shell:Creating environment hook '/home/unitree/robotscene/ros2_ws/install/robot_scene_nav_bringup/share/robot_scene_nav_bringup/hook/cmake_prefix_path.ps1'
[12.157s] INFO:colcon.colcon_core.shell:Creating environment descriptor '/home/unitree/robotscene/ros2_ws/install/robot_scene_nav_bringup/share/robot_scene_nav_bringup/hook/cmake_prefix_path.dsv'
[12.158s] INFO:colcon.colcon_core.shell:Creating environment hook '/home/unitree/robotscene/ros2_ws/install/robot_scene_nav_bringup/share/robot_scene_nav_bringup/hook/cmake_prefix_path.sh'
[12.160s] Level 1:colcon.colcon_core.environment:checking '/home/unitree/robotscene/ros2_ws/install/robot_scene_nav_bringup/lib'
[12.160s] Level 1:colcon.colcon_core.environment:checking '/home/unitree/robotscene/ros2_ws/install/robot_scene_nav_bringup/bin'
[12.161s] Level 1:colcon.colcon_core.environment:checking '/home/unitree/robotscene/ros2_ws/install/robot_scene_nav_bringup/lib/pkgconfig/robot_scene_nav_bringup.pc'
[12.161s] Level 1:colcon.colcon_core.environment:checking '/home/unitree/robotscene/ros2_ws/install/robot_scene_nav_bringup/lib/python3.8/site-packages'
[12.161s] Level 1:colcon.colcon_core.environment:checking '/home/unitree/robotscene/ros2_ws/install/robot_scene_nav_bringup/bin'
[12.268s] INFO:colcon.colcon_core.shell:Creating package script '/home/unitree/robotscene/ros2_ws/install/robot_scene_nav_bringup/share/robot_scene_nav_bringup/package.ps1'
[12.270s] INFO:colcon.colcon_core.shell:Creating package descriptor '/home/unitree/robotscene/ros2_ws/install/robot_scene_nav_bringup/share/robot_scene_nav_bringup/package.dsv'
[12.271s] INFO:colcon.colcon_core.shell:Creating package script '/home/unitree/robotscene/ros2_ws/install/robot_scene_nav_bringup/share/robot_scene_nav_bringup/package.sh'
[12.273s] INFO:colcon.colcon_core.shell:Creating package script '/home/unitree/robotscene/ros2_ws/install/robot_scene_nav_bringup/share/robot_scene_nav_bringup/package.bash'
[12.274s] INFO:colcon.colcon_core.shell:Creating package script '/home/unitree/robotscene/ros2_ws/install/robot_scene_nav_bringup/share/robot_scene_nav_bringup/package.zsh'
[12.275s] Level 1:colcon.colcon_core.environment:create_file_with_runtime_dependencies(/home/unitree/robotscene/ros2_ws/install/robot_scene_nav_bringup/share/colcon-core/packages/robot_scene_nav_bringup)
[12.548s] Level 1:colcon.colcon_core.environment:create_environment_scripts_only(robot_scene_nav_bringup)
[12.757s] Level 1:colcon.colcon_core.environment:checking '/home/unitree/robotscene/ros2_ws/install/robot_scene_nav_bringup' for CMake module files
[12.758s] Level 1:colcon.colcon_core.environment:checking '/home/unitree/robotscene/ros2_ws/install/robot_scene_nav_bringup' for CMake config files
[12.759s] Level 1:colcon.colcon_core.shell:create_environment_hook('robot_scene_nav_bringup', 'cmake_prefix_path')
[12.997s] INFO:colcon.colcon_core.shell:Creating environment hook '/home/unitree/robotscene/ros2_ws/install/robot_scene_nav_bringup/share/robot_scene_nav_bringup/hook/cmake_prefix_path.ps1'
[12.999s] INFO:colcon.colcon_core.shell:Creating environment descriptor '/home/unitree/robotscene/ros2_ws/install/robot_scene_nav_bringup/share/robot_scene_nav_bringup/hook/cmake_prefix_path.dsv'
[13.000s] INFO:colcon.colcon_core.shell:Creating environment hook '/home/unitree/robotscene/ros2_ws/install/robot_scene_nav_bringup/share/robot_scene_nav_bringup/hook/cmake_prefix_path.sh'
[13.001s] Level 1:colcon.colcon_core.environment:checking '/home/unitree/robotscene/ros2_ws/install/robot_scene_nav_bringup/lib'
[13.001s] Level 1:colcon.colcon_core.environment:checking '/home/unitree/robotscene/ros2_ws/install/robot_scene_nav_bringup/bin'
[13.001s] Level 1:colcon.colcon_core.environment:checking '/home/unitree/robotscene/ros2_ws/install/robot_scene_nav_bringup/lib/pkgconfig/robot_scene_nav_bringup.pc'
[13.002s] Level 1:colcon.colcon_core.environment:checking '/home/unitree/robotscene/ros2_ws/install/robot_scene_nav_bringup/lib/python3.8/site-packages'
[13.002s] Level 1:colcon.colcon_core.environment:checking '/home/unitree/robotscene/ros2_ws/install/robot_scene_nav_bringup/bin'
[13.112s] INFO:colcon.colcon_core.shell:Creating package script '/home/unitree/robotscene/ros2_ws/install/robot_scene_nav_bringup/share/robot_scene_nav_bringup/package.ps1'
[13.114s] INFO:colcon.colcon_core.shell:Creating package descriptor '/home/unitree/robotscene/ros2_ws/install/robot_scene_nav_bringup/share/robot_scene_nav_bringup/package.dsv'
[13.115s] INFO:colcon.colcon_core.shell:Creating package script '/home/unitree/robotscene/ros2_ws/install/robot_scene_nav_bringup/share/robot_scene_nav_bringup/package.sh'
[13.116s] INFO:colcon.colcon_core.shell:Creating package script '/home/unitree/robotscene/ros2_ws/install/robot_scene_nav_bringup/share/robot_scene_nav_bringup/package.bash'
[13.117s] INFO:colcon.colcon_core.shell:Creating package script '/home/unitree/robotscene/ros2_ws/install/robot_scene_nav_bringup/share/robot_scene_nav_bringup/package.zsh'
[13.125s] Level 1:colcon.colcon_core.environment:create_file_with_runtime_dependencies(/home/unitree/robotscene/ros2_ws/install/robot_scene_nav_bringup/share/colcon-core/packages/robot_scene_nav_bringup)
[13.129s] DEBUG:colcon.colcon_parallel_executor.executor.parallel:closing loop
[13.129s] DEBUG:colcon.colcon_parallel_executor.executor.parallel:loop closed
[13.129s] DEBUG:colcon.colcon_parallel_executor.executor.parallel:run_until_complete finished with '0'
[13.129s] DEBUG:colcon.colcon_core.event_reactor:joining thread
[13.280s] INFO:colcon.colcon_core.plugin_system:Skipping extension 'colcon_notification.desktop_notification.terminal_notifier': Not used on non-Darwin systems
[13.280s] INFO:colcon.colcon_core.plugin_system:Skipping extension 'colcon_notification.desktop_notification.win32': Not used on non-Windows systems
[13.280s] INFO:colcon.colcon_notification.desktop_notification:Sending desktop notification using 'notify2'
[13.343s] DEBUG:colcon.colcon_notification.desktop_notification.notify2:Failed to initialize notify2: org.freedesktop.DBus.Error.Spawn.ChildExited: Process org.freedesktop.Notifications exited with status 1
[13.343s] DEBUG:colcon.colcon_core.event_reactor:joined thread
[13.437s] INFO:colcon.colcon_core.shell:Creating prefix script '/home/unitree/robotscene/ros2_ws/install/local_setup.ps1'
[13.439s] INFO:colcon.colcon_core.shell:Creating prefix util module '/home/unitree/robotscene/ros2_ws/install/_local_setup_util_ps1.py'
[13.442s] INFO:colcon.colcon_core.shell:Creating prefix chain script '/home/unitree/robotscene/ros2_ws/install/setup.ps1'
[13.526s] INFO:colcon.colcon_core.shell:Creating prefix script '/home/unitree/robotscene/ros2_ws/install/local_setup.sh'
[13.527s] INFO:colcon.colcon_core.shell:Creating prefix util module '/home/unitree/robotscene/ros2_ws/install/_local_setup_util_sh.py'
[13.528s] INFO:colcon.colcon_core.shell:Creating prefix chain script '/home/unitree/robotscene/ros2_ws/install/setup.sh'
[13.618s] INFO:colcon.colcon_core.shell:Creating prefix script '/home/unitree/robotscene/ros2_ws/install/local_setup.bash'
[13.625s] INFO:colcon.colcon_core.shell:Creating prefix chain script '/home/unitree/robotscene/ros2_ws/install/setup.bash'
[13.761s] INFO:colcon.colcon_core.shell:Creating prefix script '/home/unitree/robotscene/ros2_ws/install/local_setup.zsh'
[13.764s] INFO:colcon.colcon_core.shell:Creating prefix chain script '/home/unitree/robotscene/ros2_ws/install/setup.zsh'
