-- Found ament_cmake: 0.9.12 (/opt/ros/foxy/share/ament_cmake/cmake)
-- Using PYTHON_EXECUTABLE: /usr/bin/python3
-- Override CMake install command with custom implementation using symlinks instead of copying resources
-- Found rclcpp: 2.4.3 (/opt/ros/foxy/share/rclcpp/cmake)
-- Using all available rosidl_typesupport_c: rosidl_typesupport_fastrtps_c;rosidl_typesupport_introspection_c
-- Found rosidl_adapter: 1.3.1 (/opt/ros/foxy/share/rosidl_adapter/cmake)
-- Using all available rosidl_typesupport_cpp: rosidl_typesupport_fastrtps_cpp;rosidl_typesupport_introspection_cpp
-- Found rmw_implementation_cmake: 1.0.4 (/opt/ros/foxy/share/rmw_implementation_cmake/cmake)
-- Using RMW implementation 'rmw_fastrtps_cpp' as default
-- Found sensor_msgs: 2.0.5 (/opt/ros/foxy/share/sensor_msgs/cmake)
-- Found nav_msgs: 2.0.5 (/opt/ros/foxy/share/nav_msgs/cmake)
-- Found diagnostic_msgs: 2.0.5 (/opt/ros/foxy/share/diagnostic_msgs/cmake)
-- Found tf2: 0.13.14 (/opt/ros/foxy/share/tf2/cmake)
-- Found tf2_ros: 0.13.14 (/opt/ros/foxy/share/tf2_ros/cmake)
-- Found ament_cmake_gtest: 0.9.12 (/opt/ros/foxy/share/ament_cmake_gtest/cmake)
-- Found ament_lint_auto: 0.9.8 (/opt/ros/foxy/share/ament_lint_auto/cmake)
-- Found gtest sources under '/opt/ros/foxy/src/gtest_vendor': C++ tests using 'Google Test' will be built
-- Added test 'copyright' to check source files copyright and LICENSE
-- Added test 'cppcheck' to perform static code analysis on C / C++ code
-- Configured cppcheck include dirs: $<BUILD_INTERFACE:/home/unitree/robotscene/ros2_ws/src/go2w_plain_slam_bridge/include>
-- Configured cppcheck exclude dirs and/or files: 
-- Added test 'cpplint' to check C / C++ code against the Google style
-- Configured cpplint exclude dirs and/or files: 
-- Added test 'flake8' to check Python code syntax and style conventions
-- Added test 'lint_cmake' to check CMake code style
-- Added test 'pep257' to check Python code against some of the style conventions in PEP 257
-- Added test 'uncrustify' to check C / C++ code style
-- Configured uncrustify additional arguments: 
-- Added test 'xmllint' to check XML markup files
-- Configuring done
-- Generating done
-- Build files have been written to: /home/unitree/robotscene/ros2_ws/build/go2w_plain_slam_bridge
Scanning dependencies of target pointcloud_to_occupancy
[  5%] Building CXX object CMakeFiles/pandar_slam_adapter.dir/src/pandar_slam_adapter.cpp.o
[ 11%] Building CXX object CMakeFiles/plain_slam_odom_adapter.dir/src/plain_slam_odom_adapter.cpp.o
Scanning dependencies of target plain_slam_health_monitor
[ 16%] Building CXX object CMakeFiles/pointcloud_to_occupancy.dir/src/pointcloud_to_occupancy.cpp.o
[ 22%] Building CXX object CMakeFiles/plain_slam_health_monitor.dir/src/plain_slam_health_monitor.cpp.o
[ 27%] Linking CXX executable pandar_slam_adapter
[ 27%] Built target pandar_slam_adapter
[ 38%] Built target gtest
[ 50%] Built target gtest_main
[ 55%] Building CXX object CMakeFiles/transform_utils_test.dir/test/transform_utils_test.cpp.o
[ 61%] Linking CXX executable plain_slam_odom_adapter
[ 66%] Linking CXX executable transform_utils_test
[ 66%] Built target plain_slam_odom_adapter
[ 72%] Building CXX object CMakeFiles/occupancy_projection_test.dir/test/occupancy_projection_test.cpp.o
[ 72%] Built target transform_utils_test
[ 77%] Building CXX object CMakeFiles/timestamp_policy_test.dir/test/timestamp_policy_test.cpp.o
[ 83%] Linking CXX executable pointcloud_to_occupancy
[ 83%] Built target pointcloud_to_occupancy
[ 88%] Linking CXX executable occupancy_projection_test
[ 94%] Linking CXX executable timestamp_policy_test
[ 94%] Built target occupancy_projection_test
[ 94%] Built target timestamp_policy_test
[100%] Linking CXX executable plain_slam_health_monitor
[100%] Built target plain_slam_health_monitor
-- Install configuration: ""
-- Execute custom install script
-- Up-to-date symlink: /home/unitree/robotscene/ros2_ws/install/go2w_plain_slam_bridge/lib/go2w_plain_slam_bridge/pandar_slam_adapter
-- Up-to-date symlink: /home/unitree/robotscene/ros2_ws/install/go2w_plain_slam_bridge/lib/go2w_plain_slam_bridge/plain_slam_odom_adapter
-- Up-to-date symlink: /home/unitree/robotscene/ros2_ws/install/go2w_plain_slam_bridge/lib/go2w_plain_slam_bridge/pointcloud_to_occupancy
-- Up-to-date symlink: /home/unitree/robotscene/ros2_ws/install/go2w_plain_slam_bridge/lib/go2w_plain_slam_bridge/plain_slam_health_monitor
-- Symlinking: /home/unitree/robotscene/ros2_ws/install/go2w_plain_slam_bridge/lib/go2w_plain_slam_bridge/imu_fallback_adapter.py
-- Up-to-date symlink: /home/unitree/robotscene/ros2_ws/install/go2w_plain_slam_bridge/share/go2w_plain_slam_bridge/launch/plain_slam_go2w.launch.py
-- Up-to-date symlink: /home/unitree/robotscene/ros2_ws/install/go2w_plain_slam_bridge/share/ament_index/resource_index/package_run_dependencies/go2w_plain_slam_bridge
-- Up-to-date symlink: /home/unitree/robotscene/ros2_ws/install/go2w_plain_slam_bridge/share/ament_index/resource_index/parent_prefix_path/go2w_plain_slam_bridge
-- Up-to-date symlink: /home/unitree/robotscene/ros2_ws/install/go2w_plain_slam_bridge/share/go2w_plain_slam_bridge/environment/ament_prefix_path.sh
-- Up-to-date symlink: /home/unitree/robotscene/ros2_ws/install/go2w_plain_slam_bridge/share/go2w_plain_slam_bridge/environment/ament_prefix_path.dsv
-- Up-to-date symlink: /home/unitree/robotscene/ros2_ws/install/go2w_plain_slam_bridge/share/go2w_plain_slam_bridge/environment/path.sh
-- Up-to-date symlink: /home/unitree/robotscene/ros2_ws/install/go2w_plain_slam_bridge/share/go2w_plain_slam_bridge/environment/path.dsv
-- Up-to-date symlink: /home/unitree/robotscene/ros2_ws/install/go2w_plain_slam_bridge/share/go2w_plain_slam_bridge/local_setup.bash
-- Up-to-date symlink: /home/unitree/robotscene/ros2_ws/install/go2w_plain_slam_bridge/share/go2w_plain_slam_bridge/local_setup.sh
-- Up-to-date symlink: /home/unitree/robotscene/ros2_ws/install/go2w_plain_slam_bridge/share/go2w_plain_slam_bridge/local_setup.zsh
-- Up-to-date symlink: /home/unitree/robotscene/ros2_ws/install/go2w_plain_slam_bridge/share/go2w_plain_slam_bridge/local_setup.dsv
-- Symlinking: /home/unitree/robotscene/ros2_ws/install/go2w_plain_slam_bridge/share/go2w_plain_slam_bridge/package.dsv
-- Up-to-date symlink: /home/unitree/robotscene/ros2_ws/install/go2w_plain_slam_bridge/share/ament_index/resource_index/packages/go2w_plain_slam_bridge
-- Up-to-date symlink: /home/unitree/robotscene/ros2_ws/install/go2w_plain_slam_bridge/share/go2w_plain_slam_bridge/cmake/go2w_plain_slam_bridgeConfig.cmake
-- Up-to-date symlink: /home/unitree/robotscene/ros2_ws/install/go2w_plain_slam_bridge/share/go2w_plain_slam_bridge/cmake/go2w_plain_slam_bridgeConfig-version.cmake
-- Up-to-date symlink: /home/unitree/robotscene/ros2_ws/install/go2w_plain_slam_bridge/share/go2w_plain_slam_bridge/package.xml
