[0.475s] Invoking command in '/home/unitree/robotscene/ros2_ws/build/go2w_plain_slam_bridge': CMAKE_PREFIX_PATH=/opt/ros/foxy /usr/bin/cmake --build /home/unitree/robotscene/ros2_ws/build/go2w_plain_slam_bridge -- -j4 -l4
[0.571s] -- Found ament_cmake: 0.9.12 (/opt/ros/foxy/share/ament_cmake/cmake)
[0.617s] -- Using PYTHON_EXECUTABLE: /usr/bin/python3
[1.001s] -- Override CMake install command with custom implementation using symlinks instead of copying resources
[1.021s] -- Found rclcpp: 2.4.3 (/opt/ros/foxy/share/rclcpp/cmake)
[1.359s] -- Using all available rosidl_typesupport_c: rosidl_typesupport_fastrtps_c;rosidl_typesupport_introspection_c
[1.359s] -- Found rosidl_adapter: 1.3.1 (/opt/ros/foxy/share/rosidl_adapter/cmake)
[1.359s] -- Using all available rosidl_typesupport_cpp: rosidl_typesupport_fastrtps_cpp;rosidl_typesupport_introspection_cpp
[1.450s] -- Found rmw_implementation_cmake: 1.0.4 (/opt/ros/foxy/share/rmw_implementation_cmake/cmake)
[1.453s] -- Using RMW implementation 'rmw_fastrtps_cpp' as default
[1.706s] -- Found sensor_msgs: 2.0.5 (/opt/ros/foxy/share/sensor_msgs/cmake)
[1.902s] -- Found nav_msgs: 2.0.5 (/opt/ros/foxy/share/nav_msgs/cmake)
[2.022s] -- Found diagnostic_msgs: 2.0.5 (/opt/ros/foxy/share/diagnostic_msgs/cmake)
[2.081s] -- Found tf2: 0.13.14 (/opt/ros/foxy/share/tf2/cmake)
[2.099s] -- Found tf2_ros: 0.13.14 (/opt/ros/foxy/share/tf2_ros/cmake)
[2.675s] -- Found ament_cmake_gtest: 0.9.12 (/opt/ros/foxy/share/ament_cmake_gtest/cmake)
[2.676s] -- Found ament_lint_auto: 0.9.8 (/opt/ros/foxy/share/ament_lint_auto/cmake)
[2.834s] -- Found gtest sources under '/opt/ros/foxy/src/gtest_vendor': C++ tests using 'Google Test' will be built
[2.859s] -- Added test 'copyright' to check source files copyright and LICENSE
[2.861s] -- Added test 'cppcheck' to perform static code analysis on C / C++ code
[2.861s] -- Configured cppcheck include dirs: $<BUILD_INTERFACE:/home/unitree/robotscene/ros2_ws/src/go2w_plain_slam_bridge/include>
[2.861s] -- Configured cppcheck exclude dirs and/or files: 
[2.864s] -- Added test 'cpplint' to check C / C++ code against the Google style
[2.864s] -- Configured cpplint exclude dirs and/or files: 
[2.865s] -- Added test 'flake8' to check Python code syntax and style conventions
[2.866s] -- Added test 'lint_cmake' to check CMake code style
[2.867s] -- Added test 'pep257' to check Python code against some of the style conventions in PEP 257
[2.869s] -- Added test 'uncrustify' to check C / C++ code style
[2.869s] -- Configured uncrustify additional arguments: 
[2.870s] -- Added test 'xmllint' to check XML markup files
[2.879s] -- Configuring done
[2.988s] -- Generating done
[2.993s] -- Build files have been written to: /home/unitree/robotscene/ros2_ws/build/go2w_plain_slam_bridge
[3.100s] Scanning dependencies of target pointcloud_to_occupancy
[3.109s] [  5%] Building CXX object CMakeFiles/pandar_slam_adapter.dir/src/pandar_slam_adapter.cpp.o
[3.122s] [ 11%] Building CXX object CMakeFiles/plain_slam_odom_adapter.dir/src/plain_slam_odom_adapter.cpp.o
[3.133s] Scanning dependencies of target plain_slam_health_monitor
[3.141s] [ 16%] Building CXX object CMakeFiles/pointcloud_to_occupancy.dir/src/pointcloud_to_occupancy.cpp.o
[3.177s] [ 22%] Building CXX object CMakeFiles/plain_slam_health_monitor.dir/src/plain_slam_health_monitor.cpp.o
[20.023s] [ 27%] Linking CXX executable pandar_slam_adapter
[21.042s] [ 27%] Built target pandar_slam_adapter
[21.095s] [ 38%] Built target gtest
[21.148s] [ 50%] Built target gtest_main
[21.323s] [ 55%] Building CXX object CMakeFiles/transform_utils_test.dir/test/transform_utils_test.cpp.o
[24.129s] [ 61%] Linking CXX executable plain_slam_odom_adapter
[25.293s] [ 66%] Linking CXX executable transform_utils_test
[25.453s] [ 66%] Built target plain_slam_odom_adapter
[25.625s] [ 72%] Building CXX object CMakeFiles/occupancy_projection_test.dir/test/occupancy_projection_test.cpp.o
[25.761s] [ 72%] Built target transform_utils_test
[25.821s] [ 77%] Building CXX object CMakeFiles/timestamp_policy_test.dir/test/timestamp_policy_test.cpp.o
[26.710s] [ 83%] Linking CXX executable pointcloud_to_occupancy
[27.717s] [ 83%] Built target pointcloud_to_occupancy
[28.622s] [ 88%] Linking CXX executable occupancy_projection_test
[28.875s] [ 94%] Linking CXX executable timestamp_policy_test
[29.037s] [ 94%] Built target occupancy_projection_test
[29.291s] [ 94%] Built target timestamp_policy_test
[34.999s] [100%] Linking CXX executable plain_slam_health_monitor
[36.008s] [100%] Built target plain_slam_health_monitor
[36.032s] Invoked command in '/home/unitree/robotscene/ros2_ws/build/go2w_plain_slam_bridge' returned '0': CMAKE_PREFIX_PATH=/opt/ros/foxy /usr/bin/cmake --build /home/unitree/robotscene/ros2_ws/build/go2w_plain_slam_bridge -- -j4 -l4
[36.105s] Invoking command in '/home/unitree/robotscene/ros2_ws/build/go2w_plain_slam_bridge': CMAKE_PREFIX_PATH=/opt/ros/foxy /usr/bin/cmake --install /home/unitree/robotscene/ros2_ws/build/go2w_plain_slam_bridge
[36.129s] -- Install configuration: ""
[36.130s] -- Execute custom install script
[36.131s] -- Up-to-date symlink: /home/unitree/robotscene/ros2_ws/install/go2w_plain_slam_bridge/lib/go2w_plain_slam_bridge/pandar_slam_adapter
[36.132s] -- Up-to-date symlink: /home/unitree/robotscene/ros2_ws/install/go2w_plain_slam_bridge/lib/go2w_plain_slam_bridge/plain_slam_odom_adapter
[36.132s] -- Up-to-date symlink: /home/unitree/robotscene/ros2_ws/install/go2w_plain_slam_bridge/lib/go2w_plain_slam_bridge/pointcloud_to_occupancy
[36.133s] -- Up-to-date symlink: /home/unitree/robotscene/ros2_ws/install/go2w_plain_slam_bridge/lib/go2w_plain_slam_bridge/plain_slam_health_monitor
[36.133s] -- Symlinking: /home/unitree/robotscene/ros2_ws/install/go2w_plain_slam_bridge/lib/go2w_plain_slam_bridge/imu_fallback_adapter.py
[36.154s] -- Up-to-date symlink: /home/unitree/robotscene/ros2_ws/install/go2w_plain_slam_bridge/share/go2w_plain_slam_bridge/launch/plain_slam_go2w.launch.py
[36.154s] -- Up-to-date symlink: /home/unitree/robotscene/ros2_ws/install/go2w_plain_slam_bridge/share/ament_index/resource_index/package_run_dependencies/go2w_plain_slam_bridge
[36.155s] -- Up-to-date symlink: /home/unitree/robotscene/ros2_ws/install/go2w_plain_slam_bridge/share/ament_index/resource_index/parent_prefix_path/go2w_plain_slam_bridge
[36.156s] -- Up-to-date symlink: /home/unitree/robotscene/ros2_ws/install/go2w_plain_slam_bridge/share/go2w_plain_slam_bridge/environment/ament_prefix_path.sh
[36.156s] -- Up-to-date symlink: /home/unitree/robotscene/ros2_ws/install/go2w_plain_slam_bridge/share/go2w_plain_slam_bridge/environment/ament_prefix_path.dsv
[36.157s] -- Up-to-date symlink: /home/unitree/robotscene/ros2_ws/install/go2w_plain_slam_bridge/share/go2w_plain_slam_bridge/environment/path.sh
[36.157s] -- Up-to-date symlink: /home/unitree/robotscene/ros2_ws/install/go2w_plain_slam_bridge/share/go2w_plain_slam_bridge/environment/path.dsv
[36.158s] -- Up-to-date symlink: /home/unitree/robotscene/ros2_ws/install/go2w_plain_slam_bridge/share/go2w_plain_slam_bridge/local_setup.bash
[36.159s] -- Up-to-date symlink: /home/unitree/robotscene/ros2_ws/install/go2w_plain_slam_bridge/share/go2w_plain_slam_bridge/local_setup.sh
[36.159s] -- Up-to-date symlink: /home/unitree/robotscene/ros2_ws/install/go2w_plain_slam_bridge/share/go2w_plain_slam_bridge/local_setup.zsh
[36.160s] -- Up-to-date symlink: /home/unitree/robotscene/ros2_ws/install/go2w_plain_slam_bridge/share/go2w_plain_slam_bridge/local_setup.dsv
[36.160s] -- Symlinking: /home/unitree/robotscene/ros2_ws/install/go2w_plain_slam_bridge/share/go2w_plain_slam_bridge/package.dsv
[36.181s] -- Up-to-date symlink: /home/unitree/robotscene/ros2_ws/install/go2w_plain_slam_bridge/share/ament_index/resource_index/packages/go2w_plain_slam_bridge
[36.182s] -- Up-to-date symlink: /home/unitree/robotscene/ros2_ws/install/go2w_plain_slam_bridge/share/go2w_plain_slam_bridge/cmake/go2w_plain_slam_bridgeConfig.cmake
[36.182s] -- Up-to-date symlink: /home/unitree/robotscene/ros2_ws/install/go2w_plain_slam_bridge/share/go2w_plain_slam_bridge/cmake/go2w_plain_slam_bridgeConfig-version.cmake
[36.183s] -- Up-to-date symlink: /home/unitree/robotscene/ros2_ws/install/go2w_plain_slam_bridge/share/go2w_plain_slam_bridge/package.xml
[36.188s] Invoked command in '/home/unitree/robotscene/ros2_ws/build/go2w_plain_slam_bridge' returned '0': CMAKE_PREFIX_PATH=/opt/ros/foxy /usr/bin/cmake --install /home/unitree/robotscene/ros2_ws/build/go2w_plain_slam_bridge
