[0.000000] (-) TimerEvent: {}
[0.000423] (-) JobUnselected: {'identifier': 'go2w_camera_bridge'}
[0.000516] (-) JobUnselected: {'identifier': 'go2w_cmd_vel_bridge'}
[0.000564] (-) JobUnselected: {'identifier': 'go2w_control_arbiter'}
[0.000692] (-) JobUnselected: {'identifier': 'go2w_description'}
[0.000746] (-) JobUnselected: {'identifier': 'go2w_lidar_preprocessor'}
[0.000785] (-) JobUnselected: {'identifier': 'go2w_lio_bringup'}
[0.000818] (-) JobUnselected: {'identifier': 'go2w_rgb_lidar_fusion'}
[0.000849] (-) JobUnselected: {'identifier': 'go2w_sensor_time_bridge'}
[0.000879] (-) JobUnselected: {'identifier': 'hesai_ros_driver'}
[0.000987] (-) JobUnselected: {'identifier': 'plain_slam_ros2'}
[0.001043] (-) JobUnselected: {'identifier': 'robot_scene_live_bridge'}
[0.001082] (-) JobUnselected: {'identifier': 'robot_scene_nav_bringup'}
[0.001220] (go2w_plain_slam_bridge) JobQueued: {'identifier': 'go2w_plain_slam_bridge', 'dependencies': OrderedDict()}
[0.001365] (go2w_plain_slam_bridge) JobStarted: {'identifier': 'go2w_plain_slam_bridge'}
[0.082075] (-) TimerEvent: {}
[0.184107] (-) TimerEvent: {}
[0.284606] (-) TimerEvent: {}
[0.385061] (-) TimerEvent: {}
[0.460783] (go2w_plain_slam_bridge) JobProgress: {'identifier': 'go2w_plain_slam_bridge', 'progress': 'cmake'}
[0.465496] (go2w_plain_slam_bridge) JobProgress: {'identifier': 'go2w_plain_slam_bridge', 'progress': 'build'}
[0.467587] (go2w_plain_slam_bridge) Command: {'cmd': ['/usr/bin/cmake', '--build', '/home/unitree/robotscene/ros2_ws/build/go2w_plain_slam_bridge', '--', '-j4', '-l4'], 'cwd': '/home/unitree/robotscene/ros2_ws/build/go2w_plain_slam_bridge', 'env': OrderedDict([('HTTPS_PROXY', 'http://127.0.0.1:17891'), ('no_proxy', 'localhost,127.0.0.1,::1,192.168.123.0/24'), ('USER', 'unitree'), ('SSH_CLIENT', '192.168.123.99 33624 22'), ('LC_TIME', 'zh_CN.UTF-8'), ('all_proxy', 'socks5h://127.0.0.1:17891'), ('XDG_SESSION_TYPE', 'tty'), ('SHLVL', '1'), ('LD_LIBRARY_PATH', '/opt/ros/foxy/opt/yaml_cpp_vendor/lib:/opt/ros/foxy/opt/rviz_ogre_vendor/lib:/opt/ros/foxy/lib/aarch64-linux-gnu:/opt/ros/foxy/lib'), ('MOTD_SHOWN', 'pam'), ('HOME', '/home/unitree'), ('OLDPWD', '/home/unitree'), ('NO_PROXY', 'localhost,127.0.0.1,::1,192.168.123.0/24'), ('ROS_PYTHON_VERSION', '3'), ('LC_MONETARY', 'zh_CN.UTF-8'), ('DBUS_SESSION_BUS_ADDRESS', 'unix:path=/run/user/1000/bus'), ('https_proxy', 'http://127.0.0.1:17891'), ('ROS_DISTRO', 'foxy'), ('LOGNAME', 'unitree'), ('ALL_PROXY', 'socks5h://127.0.0.1:17891'), ('http_proxy', 'http://127.0.0.1:17891'), ('_', '/usr/bin/colcon'), ('ROS_VERSION', '2'), ('XDG_SESSION_CLASS', 'user'), ('XDG_SESSION_ID', '27'), ('ROS_LOCALHOST_ONLY', '0'), ('PATH', '/opt/ros/foxy/bin:/usr/local/sbin:/usr/local/bin:/usr/sbin:/usr/bin:/sbin:/bin:/usr/games:/usr/local/games:/snap/bin'), ('LC_ADDRESS', 'zh_CN.UTF-8'), ('XDG_RUNTIME_DIR', '/run/user/1000'), ('LANG', 'en_US.UTF-8'), ('LC_TELEPHONE', 'zh_CN.UTF-8'), ('AMENT_PREFIX_PATH', '/opt/ros/foxy'), ('SHELL', '/bin/bash'), ('LC_NAME', 'zh_CN.UTF-8'), ('LC_MEASUREMENT', 'zh_CN.UTF-8'), ('LC_IDENTIFICATION', 'zh_CN.UTF-8'), ('PWD', '/home/unitree/robotscene/ros2_ws/build/go2w_plain_slam_bridge'), ('SSH_CONNECTION', '192.168.123.99 33624 192.168.123.18 22'), ('PYTHONPATH', '/opt/ros/foxy/lib/python3.8/site-packages'), ('HTTP_PROXY', 'http://127.0.0.1:17891'), ('LC_NUMERIC', 'zh_CN.UTF-8'), ('LC_PAPER', 'zh_CN.UTF-8'), ('COLCON', '1'), ('CMAKE_PREFIX_PATH', '/opt/ros/foxy')]), 'shell': False}
[0.485270] (-) TimerEvent: {}
[0.585695] (-) TimerEvent: {}
[0.686126] (-) TimerEvent: {}
[0.786601] (-) TimerEvent: {}
[0.806387] (go2w_plain_slam_bridge) StdoutLine: {'line': b'[ 11%] Built target pandar_slam_adapter\n'}
[0.896177] (-) TimerEvent: {}
[0.910557] (go2w_plain_slam_bridge) StdoutLine: {'line': b'Scanning dependencies of target pointcloud_to_occupancy\n'}
[0.986949] (-) TimerEvent: {}
[0.995676] (go2w_plain_slam_bridge) StdoutLine: {'line': b'[ 16%] Building CXX object CMakeFiles/pointcloud_to_occupancy.dir/src/pointcloud_to_occupancy.cpp.o\n'}
[1.087112] (-) TimerEvent: {}
[1.187536] (-) TimerEvent: {}
[1.288001] (-) TimerEvent: {}
[1.388435] (-) TimerEvent: {}
[1.488832] (-) TimerEvent: {}
[1.591598] (-) TimerEvent: {}
[1.692004] (-) TimerEvent: {}
[1.800130] (-) TimerEvent: {}
[1.900564] (-) TimerEvent: {}
[2.003014] (-) TimerEvent: {}
[2.109654] (-) TimerEvent: {}
[2.210045] (-) TimerEvent: {}
[2.310425] (-) TimerEvent: {}
[2.410831] (-) TimerEvent: {}
[2.511212] (-) TimerEvent: {}
[2.611634] (-) TimerEvent: {}
[2.712013] (-) TimerEvent: {}
[2.812405] (-) TimerEvent: {}
[2.912958] (-) TimerEvent: {}
[3.013327] (-) TimerEvent: {}
[3.114677] (-) TimerEvent: {}
[3.215151] (-) TimerEvent: {}
[3.315566] (-) TimerEvent: {}
[3.415983] (-) TimerEvent: {}
[3.516388] (-) TimerEvent: {}
[3.616767] (-) TimerEvent: {}
[3.717128] (-) TimerEvent: {}
[3.817519] (-) TimerEvent: {}
[3.917928] (-) TimerEvent: {}
[4.018328] (-) TimerEvent: {}
[4.118710] (-) TimerEvent: {}
[4.219114] (-) TimerEvent: {}
[4.319494] (-) TimerEvent: {}
[4.419953] (-) TimerEvent: {}
[4.520990] (-) TimerEvent: {}
[4.621460] (-) TimerEvent: {}
[4.721908] (-) TimerEvent: {}
[4.822515] (-) TimerEvent: {}
[4.923319] (-) TimerEvent: {}
[5.023806] (-) TimerEvent: {}
[5.124205] (-) TimerEvent: {}
[5.224612] (-) TimerEvent: {}
[5.324998] (-) TimerEvent: {}
[5.425383] (-) TimerEvent: {}
[5.525779] (-) TimerEvent: {}
[5.626159] (-) TimerEvent: {}
[5.726562] (-) TimerEvent: {}
[5.826956] (-) TimerEvent: {}
[5.930569] (-) TimerEvent: {}
[6.030927] (-) TimerEvent: {}
[6.131323] (-) TimerEvent: {}
[6.231684] (-) TimerEvent: {}
[6.332038] (-) TimerEvent: {}
[6.433495] (-) TimerEvent: {}
[6.539676] (-) TimerEvent: {}
[6.640725] (-) TimerEvent: {}
[6.741112] (-) TimerEvent: {}
[6.841724] (-) TimerEvent: {}
[6.942219] (-) TimerEvent: {}
[7.043736] (-) TimerEvent: {}
[7.144314] (-) TimerEvent: {}
[7.245331] (-) TimerEvent: {}
[7.345708] (-) TimerEvent: {}
[7.446103] (-) TimerEvent: {}
[7.546468] (-) TimerEvent: {}
[7.646896] (-) TimerEvent: {}
[7.747311] (-) TimerEvent: {}
[7.847708] (-) TimerEvent: {}
[7.948185] (-) TimerEvent: {}
[8.048532] (-) TimerEvent: {}
[8.148903] (-) TimerEvent: {}
[8.249282] (-) TimerEvent: {}
[8.350510] (-) TimerEvent: {}
[8.450868] (-) TimerEvent: {}
[8.551224] (-) TimerEvent: {}
[8.651700] (-) TimerEvent: {}
[8.752098] (-) TimerEvent: {}
[8.852464] (-) TimerEvent: {}
[8.952808] (-) TimerEvent: {}
[9.053653] (-) TimerEvent: {}
[9.154225] (-) TimerEvent: {}
[9.256135] (-) TimerEvent: {}
[9.357162] (-) TimerEvent: {}
[9.457547] (-) TimerEvent: {}
[9.557947] (-) TimerEvent: {}
[9.658369] (-) TimerEvent: {}
[9.758793] (-) TimerEvent: {}
[9.859165] (-) TimerEvent: {}
[9.959634] (-) TimerEvent: {}
[10.060145] (-) TimerEvent: {}
[10.160516] (-) TimerEvent: {}
[10.276689] (-) TimerEvent: {}
[10.377045] (-) TimerEvent: {}
[10.477518] (-) TimerEvent: {}
[10.579872] (-) TimerEvent: {}
[10.683853] (-) TimerEvent: {}
[10.784222] (-) TimerEvent: {}
[10.884613] (-) TimerEvent: {}
[10.986043] (-) TimerEvent: {}
[11.086525] (-) TimerEvent: {}
[11.186893] (-) TimerEvent: {}
[11.291003] (-) TimerEvent: {}
[11.392031] (-) TimerEvent: {}
[11.494335] (-) TimerEvent: {}
[11.594941] (-) TimerEvent: {}
[11.696419] (-) TimerEvent: {}
[11.797695] (-) TimerEvent: {}
[11.907730] (-) TimerEvent: {}
[12.008441] (-) TimerEvent: {}
[12.108811] (-) TimerEvent: {}
[12.209261] (-) TimerEvent: {}
[12.309679] (-) TimerEvent: {}
[12.410099] (-) TimerEvent: {}
[12.510562] (-) TimerEvent: {}
[12.610927] (-) TimerEvent: {}
[12.715174] (-) TimerEvent: {}
[12.815644] (-) TimerEvent: {}
[12.916172] (-) TimerEvent: {}
[13.016651] (-) TimerEvent: {}
[13.117083] (-) TimerEvent: {}
[13.219735] (-) TimerEvent: {}
[13.320331] (-) TimerEvent: {}
[13.420787] (-) TimerEvent: {}
[13.521191] (-) TimerEvent: {}
[13.621649] (-) TimerEvent: {}
[13.722166] (-) TimerEvent: {}
[13.822575] (-) TimerEvent: {}
[13.926357] (-) TimerEvent: {}
[14.027227] (-) TimerEvent: {}
[14.128962] (-) TimerEvent: {}
[14.229437] (-) TimerEvent: {}
[14.330866] (-) TimerEvent: {}
[14.431417] (-) TimerEvent: {}
[14.531951] (-) TimerEvent: {}
[14.632430] (-) TimerEvent: {}
[14.732869] (-) TimerEvent: {}
[14.833385] (-) TimerEvent: {}
[14.936660] (-) TimerEvent: {}
[15.038722] (-) TimerEvent: {}
[15.139908] (-) TimerEvent: {}
[15.252100] (-) TimerEvent: {}
[15.362849] (-) TimerEvent: {}
[15.463739] (-) TimerEvent: {}
[15.565066] (-) TimerEvent: {}
[15.665557] (-) TimerEvent: {}
[15.771676] (-) TimerEvent: {}
[15.872262] (-) TimerEvent: {}
[15.973111] (-) TimerEvent: {}
[16.073921] (-) TimerEvent: {}
[16.177938] (-) TimerEvent: {}
[16.278338] (-) TimerEvent: {}
[16.380443] (-) TimerEvent: {}
[16.480911] (-) TimerEvent: {}
[16.584002] (-) TimerEvent: {}
[16.684376] (-) TimerEvent: {}
[16.784753] (-) TimerEvent: {}
[16.891811] (-) TimerEvent: {}
[16.995032] (-) TimerEvent: {}
[17.095452] (-) TimerEvent: {}
[17.196090] (-) TimerEvent: {}
[17.296831] (-) TimerEvent: {}
[17.397203] (-) TimerEvent: {}
[17.497725] (-) TimerEvent: {}
[17.599697] (-) TimerEvent: {}
[17.700096] (-) TimerEvent: {}
[17.800811] (-) TimerEvent: {}
[17.901211] (-) TimerEvent: {}
[18.001607] (-) TimerEvent: {}
[18.102259] (-) TimerEvent: {}
[18.202715] (-) TimerEvent: {}
[18.303246] (-) TimerEvent: {}
[18.407729] (-) TimerEvent: {}
[18.508125] (-) TimerEvent: {}
[18.608509] (-) TimerEvent: {}
[18.709072] (-) TimerEvent: {}
[18.809396] (-) TimerEvent: {}
[18.911734] (-) TimerEvent: {}
[19.012106] (-) TimerEvent: {}
[19.112448] (-) TimerEvent: {}
[19.212786] (-) TimerEvent: {}
[19.315679] (-) TimerEvent: {}
[19.416076] (-) TimerEvent: {}
[19.521880] (-) TimerEvent: {}
[19.622333] (-) TimerEvent: {}
[19.722682] (-) TimerEvent: {}
[19.823097] (-) TimerEvent: {}
[19.923602] (-) TimerEvent: {}
[20.024069] (-) TimerEvent: {}
[20.130981] (-) TimerEvent: {}
[20.231433] (-) TimerEvent: {}
[20.332120] (-) TimerEvent: {}
[20.434597] (-) TimerEvent: {}
[20.535251] (-) TimerEvent: {}
[20.637221] (-) TimerEvent: {}
[20.738596] (-) TimerEvent: {}
[20.839251] (-) TimerEvent: {}
[20.939713] (-) TimerEvent: {}
[21.040241] (-) TimerEvent: {}
[21.140732] (-) TimerEvent: {}
[21.242858] (-) TimerEvent: {}
[21.343327] (-) TimerEvent: {}
[21.446089] (-) TimerEvent: {}
[21.546514] (-) TimerEvent: {}
[21.646963] (-) TimerEvent: {}
[21.747369] (-) TimerEvent: {}
[21.847740] (-) TimerEvent: {}
[21.948126] (-) TimerEvent: {}
[22.048506] (-) TimerEvent: {}
[22.149357] (-) TimerEvent: {}
[22.249711] (-) TimerEvent: {}
[22.350087] (-) TimerEvent: {}
[22.450476] (-) TimerEvent: {}
[22.550929] (-) TimerEvent: {}
[22.651288] (-) TimerEvent: {}
[22.751675] (-) TimerEvent: {}
[22.852014] (-) TimerEvent: {}
[22.953193] (-) TimerEvent: {}
[23.053529] (-) TimerEvent: {}
[23.153871] (-) TimerEvent: {}
[23.254296] (-) TimerEvent: {}
[23.354648] (-) TimerEvent: {}
[23.454997] (-) TimerEvent: {}
[23.555492] (-) TimerEvent: {}
[23.655883] (-) TimerEvent: {}
[23.757678] (-) TimerEvent: {}
[23.858020] (-) TimerEvent: {}
[23.958371] (-) TimerEvent: {}
[24.058730] (-) TimerEvent: {}
[24.159912] (-) TimerEvent: {}
[24.267697] (-) TimerEvent: {}
[24.369999] (-) TimerEvent: {}
[24.470426] (-) TimerEvent: {}
[24.570841] (-) TimerEvent: {}
[24.671250] (-) TimerEvent: {}
[24.771643] (-) TimerEvent: {}
[24.874523] (-) TimerEvent: {}
[24.975381] (-) TimerEvent: {}
[25.075813] (-) TimerEvent: {}
[25.177106] (-) TimerEvent: {}
[25.277456] (-) TimerEvent: {}
[25.377838] (-) TimerEvent: {}
[25.478218] (-) TimerEvent: {}
[25.579024] (-) TimerEvent: {}
[25.682486] (-) TimerEvent: {}
[25.783040] (-) TimerEvent: {}
[25.883561] (-) TimerEvent: {}
[25.983922] (-) TimerEvent: {}
[26.085738] (-) TimerEvent: {}
[26.186553] (-) TimerEvent: {}
[26.296583] (-) TimerEvent: {}
[26.396972] (-) TimerEvent: {}
[26.497611] (-) TimerEvent: {}
[26.598577] (-) TimerEvent: {}
[26.699751] (-) TimerEvent: {}
[26.800182] (-) TimerEvent: {}
[26.900589] (-) TimerEvent: {}
[27.000993] (-) TimerEvent: {}
[27.115697] (-) TimerEvent: {}
[27.216078] (-) TimerEvent: {}
[27.316461] (-) TimerEvent: {}
[27.417093] (-) TimerEvent: {}
[27.517523] (-) TimerEvent: {}
[27.617949] (-) TimerEvent: {}
[27.718580] (-) TimerEvent: {}
[27.818969] (-) TimerEvent: {}
[27.919346] (-) TimerEvent: {}
[28.019743] (-) TimerEvent: {}
[28.120092] (-) TimerEvent: {}
[28.220497] (-) TimerEvent: {}
[28.321044] (-) TimerEvent: {}
[28.422297] (-) TimerEvent: {}
[28.523666] (-) TimerEvent: {}
[28.624009] (-) TimerEvent: {}
[28.724495] (-) TimerEvent: {}
[28.825335] (-) TimerEvent: {}
[28.925892] (-) TimerEvent: {}
[29.027869] (-) TimerEvent: {}
[29.128245] (-) TimerEvent: {}
[29.232398] (-) TimerEvent: {}
[29.332765] (-) TimerEvent: {}
[29.433147] (-) TimerEvent: {}
[29.533605] (-) TimerEvent: {}
[29.633955] (-) TimerEvent: {}
[29.690918] (go2w_plain_slam_bridge) StdoutLine: {'line': b'[ 22%] Linking CXX executable pointcloud_to_occupancy\n'}
[29.735721] (-) TimerEvent: {}
[29.836320] (-) TimerEvent: {}
[29.938652] (-) TimerEvent: {}
[30.039058] (-) TimerEvent: {}
[30.139938] (-) TimerEvent: {}
[30.240873] (-) TimerEvent: {}
[30.342245] (-) TimerEvent: {}
[30.443006] (-) TimerEvent: {}
[30.559734] (-) TimerEvent: {}
[30.660203] (-) TimerEvent: {}
[30.760906] (-) TimerEvent: {}
[30.861756] (-) TimerEvent: {}
[30.963881] (-) TimerEvent: {}
[31.064381] (-) TimerEvent: {}
[31.149449] (go2w_plain_slam_bridge) StdoutLine: {'line': b'[ 22%] Built target pointcloud_to_occupancy\n'}
[31.164529] (-) TimerEvent: {}
[31.212805] (go2w_plain_slam_bridge) StdoutLine: {'line': b'Scanning dependencies of target gtest\n'}
[31.241274] (go2w_plain_slam_bridge) StdoutLine: {'line': b'[ 27%] Building CXX object gtest/CMakeFiles/gtest.dir/src/gtest-all.cc.o\n'}
[31.264728] (-) TimerEvent: {}
[31.365165] (-) TimerEvent: {}
[31.473412] (-) TimerEvent: {}
[31.575419] (-) TimerEvent: {}
[31.675948] (-) TimerEvent: {}
[31.776392] (-) TimerEvent: {}
[31.876779] (-) TimerEvent: {}
[31.977377] (-) TimerEvent: {}
[32.077753] (-) TimerEvent: {}
[32.178125] (-) TimerEvent: {}
[32.278497] (-) TimerEvent: {}
[32.378865] (-) TimerEvent: {}
[32.479252] (-) TimerEvent: {}
[32.580201] (-) TimerEvent: {}
[32.680798] (-) TimerEvent: {}
[32.781215] (-) TimerEvent: {}
[32.881747] (-) TimerEvent: {}
[32.982283] (-) TimerEvent: {}
[33.082791] (-) TimerEvent: {}
[33.183212] (-) TimerEvent: {}
[33.283637] (-) TimerEvent: {}
[33.385485] (-) TimerEvent: {}
[33.486096] (-) TimerEvent: {}
[33.588678] (-) TimerEvent: {}
[33.689552] (-) TimerEvent: {}
[33.789999] (-) TimerEvent: {}
[33.890664] (-) TimerEvent: {}
[33.991059] (-) TimerEvent: {}
[34.091429] (-) TimerEvent: {}
[34.191833] (-) TimerEvent: {}
[34.292318] (-) TimerEvent: {}
[34.392682] (-) TimerEvent: {}
[34.493081] (-) TimerEvent: {}
[34.593488] (-) TimerEvent: {}
[34.693862] (-) TimerEvent: {}
[34.794312] (-) TimerEvent: {}
[34.894764] (-) TimerEvent: {}
[34.995456] (-) TimerEvent: {}
[35.096273] (-) TimerEvent: {}
[35.196648] (-) TimerEvent: {}
[35.297023] (-) TimerEvent: {}
[35.397495] (-) TimerEvent: {}
[35.498022] (-) TimerEvent: {}
[35.603852] (-) TimerEvent: {}
[35.704284] (-) TimerEvent: {}
[35.804667] (-) TimerEvent: {}
[35.909577] (-) TimerEvent: {}
[36.010465] (-) TimerEvent: {}
[36.111881] (-) TimerEvent: {}
[36.212716] (-) TimerEvent: {}
[36.316251] (-) TimerEvent: {}
[36.419717] (-) TimerEvent: {}
[36.520127] (-) TimerEvent: {}
[36.620626] (-) TimerEvent: {}
[36.721051] (-) TimerEvent: {}
[36.821433] (-) TimerEvent: {}
[36.921801] (-) TimerEvent: {}
[37.022183] (-) TimerEvent: {}
[37.123363] (-) TimerEvent: {}
[37.223794] (-) TimerEvent: {}
[37.324269] (-) TimerEvent: {}
[37.424671] (-) TimerEvent: {}
[37.526763] (-) TimerEvent: {}
[37.627911] (-) TimerEvent: {}
[37.728309] (-) TimerEvent: {}
[37.828665] (-) TimerEvent: {}
[37.929036] (-) TimerEvent: {}
[38.029466] (-) TimerEvent: {}
[38.129835] (-) TimerEvent: {}
[38.230187] (-) TimerEvent: {}
[38.331327] (-) TimerEvent: {}
[38.431675] (-) TimerEvent: {}
[38.532035] (-) TimerEvent: {}
[38.632384] (-) TimerEvent: {}
[38.732725] (-) TimerEvent: {}
[38.833195] (-) TimerEvent: {}
[38.933867] (-) TimerEvent: {}
[39.034329] (-) TimerEvent: {}
[39.134785] (-) TimerEvent: {}
[39.235121] (-) TimerEvent: {}
[39.343692] (-) TimerEvent: {}
[39.446929] (-) TimerEvent: {}
[39.551706] (-) TimerEvent: {}
[39.652092] (-) TimerEvent: {}
[39.752499] (-) TimerEvent: {}
[39.853971] (-) TimerEvent: {}
[39.954406] (-) TimerEvent: {}
[40.055361] (-) TimerEvent: {}
[40.155809] (-) TimerEvent: {}
[40.256345] (-) TimerEvent: {}
[40.356725] (-) TimerEvent: {}
[40.469675] (-) TimerEvent: {}
[40.570003] (-) TimerEvent: {}
[40.677635] (-) TimerEvent: {}
[40.778005] (-) TimerEvent: {}
[40.878436] (-) TimerEvent: {}
[40.978997] (-) TimerEvent: {}
[41.079524] (-) TimerEvent: {}
[41.180096] (-) TimerEvent: {}
[41.280744] (-) TimerEvent: {}
[41.381750] (-) TimerEvent: {}
[41.482140] (-) TimerEvent: {}
[41.585809] (-) TimerEvent: {}
[41.687405] (-) TimerEvent: {}
[41.788603] (-) TimerEvent: {}
[41.889953] (-) TimerEvent: {}
[41.991696] (-) TimerEvent: {}
[42.092189] (-) TimerEvent: {}
[42.193747] (-) TimerEvent: {}
[42.294132] (-) TimerEvent: {}
[42.394519] (-) TimerEvent: {}
[42.494970] (-) TimerEvent: {}
[42.595538] (-) TimerEvent: {}
[42.695991] (-) TimerEvent: {}
[42.796418] (-) TimerEvent: {}
[42.896825] (-) TimerEvent: {}
[42.997436] (-) TimerEvent: {}
[43.097845] (-) TimerEvent: {}
[43.198278] (-) TimerEvent: {}
[43.298789] (-) TimerEvent: {}
[43.378788] (go2w_plain_slam_bridge) StdoutLine: {'line': b'[ 33%] Linking CXX static library libgtest.a\n'}
[43.398953] (-) TimerEvent: {}
[43.503806] (-) TimerEvent: {}
[43.604656] (-) TimerEvent: {}
[43.657573] (go2w_plain_slam_bridge) StdoutLine: {'line': b'[ 33%] Built target gtest\n'}
[43.689017] (go2w_plain_slam_bridge) StdoutLine: {'line': b'Scanning dependencies of target gtest_main\n'}
[43.704805] (-) TimerEvent: {}
[43.712399] (go2w_plain_slam_bridge) StdoutLine: {'line': b'[ 38%] Building CXX object gtest/CMakeFiles/gtest_main.dir/src/gtest_main.cc.o\n'}
[43.806712] (-) TimerEvent: {}
[43.907082] (-) TimerEvent: {}
[44.007435] (-) TimerEvent: {}
[44.107841] (-) TimerEvent: {}
[44.208211] (-) TimerEvent: {}
[44.308576] (-) TimerEvent: {}
[44.408980] (-) TimerEvent: {}
[44.509421] (-) TimerEvent: {}
[44.609872] (-) TimerEvent: {}
[44.710240] (-) TimerEvent: {}
[44.810649] (-) TimerEvent: {}
[44.910994] (-) TimerEvent: {}
[45.011434] (-) TimerEvent: {}
[45.111909] (-) TimerEvent: {}
[45.212313] (-) TimerEvent: {}
[45.312764] (-) TimerEvent: {}
[45.419041] (-) TimerEvent: {}
[45.523674] (-) TimerEvent: {}
[45.627251] (-) TimerEvent: {}
[45.727654] (-) TimerEvent: {}
[45.831104] (-) TimerEvent: {}
[45.931469] (-) TimerEvent: {}
[46.032156] (-) TimerEvent: {}
[46.132542] (-) TimerEvent: {}
[46.233394] (-) TimerEvent: {}
[46.334735] (-) TimerEvent: {}
[46.435755] (-) TimerEvent: {}
[46.539700] (-) TimerEvent: {}
[46.640106] (-) TimerEvent: {}
[46.740481] (-) TimerEvent: {}
[46.840853] (-) TimerEvent: {}
[46.842001] (go2w_plain_slam_bridge) StdoutLine: {'line': b'[ 44%] Linking CXX static library libgtest_main.a\n'}
[46.941167] (-) TimerEvent: {}
[47.041527] (-) TimerEvent: {}
[47.058819] (go2w_plain_slam_bridge) StdoutLine: {'line': b'[ 44%] Built target gtest_main\n'}
[47.141678] (-) TimerEvent: {}
[47.173534] (go2w_plain_slam_bridge) StdoutLine: {'line': b'Scanning dependencies of target plain_slam_health_monitor\n'}
[47.241889] (-) TimerEvent: {}
[47.312353] (go2w_plain_slam_bridge) StdoutLine: {'line': b'[ 50%] Building CXX object CMakeFiles/plain_slam_health_monitor.dir/src/plain_slam_health_monitor.cpp.o\n'}
[47.342368] (-) TimerEvent: {}
[47.442781] (-) TimerEvent: {}
[47.543156] (-) TimerEvent: {}
[47.643531] (-) TimerEvent: {}
[47.743992] (-) TimerEvent: {}
[47.850688] (-) TimerEvent: {}
[47.951560] (-) TimerEvent: {}
[48.053305] (-) TimerEvent: {}
[48.153830] (-) TimerEvent: {}
[48.254965] (-) TimerEvent: {}
[48.355449] (-) TimerEvent: {}
[48.460197] (-) TimerEvent: {}
[48.560612] (-) TimerEvent: {}
[48.661165] (-) TimerEvent: {}
[48.761581] (-) TimerEvent: {}
[48.867699] (-) TimerEvent: {}
[48.968848] (-) TimerEvent: {}
[49.069245] (-) TimerEvent: {}
[49.169687] (-) TimerEvent: {}
[49.270085] (-) TimerEvent: {}
[49.370435] (-) TimerEvent: {}
[49.470800] (-) TimerEvent: {}
[49.571236] (-) TimerEvent: {}
[49.671763] (-) TimerEvent: {}
[49.772183] (-) TimerEvent: {}
[49.872598] (-) TimerEvent: {}
[49.972960] (-) TimerEvent: {}
[50.073818] (-) TimerEvent: {}
[50.174179] (-) TimerEvent: {}
[50.274591] (-) TimerEvent: {}
[50.380501] (-) TimerEvent: {}
[50.483720] (-) TimerEvent: {}
[50.584663] (-) TimerEvent: {}
[50.685111] (-) TimerEvent: {}
[50.785611] (-) TimerEvent: {}
[50.886165] (-) TimerEvent: {}
[50.986684] (-) TimerEvent: {}
[51.087309] (-) TimerEvent: {}
[51.190633] (-) TimerEvent: {}
[51.291078] (-) TimerEvent: {}
[51.394481] (-) TimerEvent: {}
[51.495703] (-) TimerEvent: {}
[51.596080] (-) TimerEvent: {}
[51.696522] (-) TimerEvent: {}
[51.796992] (-) TimerEvent: {}
[51.897400] (-) TimerEvent: {}
[52.003689] (-) TimerEvent: {}
[52.104043] (-) TimerEvent: {}
[52.204374] (-) TimerEvent: {}
[52.304761] (-) TimerEvent: {}
[52.405115] (-) TimerEvent: {}
[52.505619] (-) TimerEvent: {}
[52.606083] (-) TimerEvent: {}
[52.706435] (-) TimerEvent: {}
[52.806814] (-) TimerEvent: {}
[52.907262] (-) TimerEvent: {}
[53.007669] (-) TimerEvent: {}
[53.108026] (-) TimerEvent: {}
[53.208427] (-) TimerEvent: {}
[53.308791] (-) TimerEvent: {}
[53.409152] (-) TimerEvent: {}
[53.509494] (-) TimerEvent: {}
[53.609871] (-) TimerEvent: {}
[53.710248] (-) TimerEvent: {}
[53.810720] (-) TimerEvent: {}
[53.911236] (-) TimerEvent: {}
[54.011648] (-) TimerEvent: {}
[54.112050] (-) TimerEvent: {}
[54.212421] (-) TimerEvent: {}
[54.312799] (-) TimerEvent: {}
[54.413191] (-) TimerEvent: {}
[54.513556] (-) TimerEvent: {}
[54.613932] (-) TimerEvent: {}
[54.714316] (-) TimerEvent: {}
[54.814683] (-) TimerEvent: {}
[54.915029] (-) TimerEvent: {}
[55.015390] (-) TimerEvent: {}
[55.115770] (-) TimerEvent: {}
[55.216137] (-) TimerEvent: {}
[55.316501] (-) TimerEvent: {}
[55.416918] (-) TimerEvent: {}
[55.517320] (-) TimerEvent: {}
[55.618433] (-) TimerEvent: {}
[55.724073] (-) TimerEvent: {}
[55.824489] (-) TimerEvent: {}
[55.926966] (-) TimerEvent: {}
[56.027498] (-) TimerEvent: {}
[56.128083] (-) TimerEvent: {}
[56.228498] (-) TimerEvent: {}
[56.329057] (-) TimerEvent: {}
[56.431735] (-) TimerEvent: {}
[56.532136] (-) TimerEvent: {}
[56.632494] (-) TimerEvent: {}
[56.739906] (-) TimerEvent: {}
[56.841952] (-) TimerEvent: {}
[56.947675] (-) TimerEvent: {}
[57.051696] (-) TimerEvent: {}
[57.152062] (-) TimerEvent: {}
[57.254694] (-) TimerEvent: {}
[57.355099] (-) TimerEvent: {}
[57.457329] (-) TimerEvent: {}
[57.559234] (-) TimerEvent: {}
[57.659694] (-) TimerEvent: {}
[57.760159] (-) TimerEvent: {}
[57.860581] (-) TimerEvent: {}
[57.960932] (-) TimerEvent: {}
[58.061294] (-) TimerEvent: {}
[58.161818] (-) TimerEvent: {}
[58.263715] (-) TimerEvent: {}
[58.364417] (-) TimerEvent: {}
[58.471816] (-) TimerEvent: {}
[58.572223] (-) TimerEvent: {}
[58.679884] (-) TimerEvent: {}
[58.780301] (-) TimerEvent: {}
[58.880686] (-) TimerEvent: {}
[58.981186] (-) TimerEvent: {}
[59.081558] (-) TimerEvent: {}
[59.182082] (-) TimerEvent: {}
[59.288983] (-) TimerEvent: {}
[59.389378] (-) TimerEvent: {}
[59.490359] (-) TimerEvent: {}
[59.590771] (-) TimerEvent: {}
[59.691886] (-) TimerEvent: {}
[59.803668] (-) TimerEvent: {}
[59.904060] (-) TimerEvent: {}
[60.004471] (-) TimerEvent: {}
[60.104831] (-) TimerEvent: {}
[60.205218] (-) TimerEvent: {}
[60.306892] (-) TimerEvent: {}
[60.411747] (-) TimerEvent: {}
[60.512112] (-) TimerEvent: {}
[60.612532] (-) TimerEvent: {}
[60.712911] (-) TimerEvent: {}
[60.813327] (-) TimerEvent: {}
[60.913743] (-) TimerEvent: {}
[61.014095] (-) TimerEvent: {}
[61.114855] (-) TimerEvent: {}
[61.215272] (-) TimerEvent: {}
[61.315662] (-) TimerEvent: {}
[61.416045] (-) TimerEvent: {}
[61.516423] (-) TimerEvent: {}
[61.616766] (-) TimerEvent: {}
[61.717146] (-) TimerEvent: {}
[61.817508] (-) TimerEvent: {}
[61.917875] (-) TimerEvent: {}
[62.018250] (-) TimerEvent: {}
[62.118605] (-) TimerEvent: {}
[62.218978] (-) TimerEvent: {}
[62.319374] (-) TimerEvent: {}
[62.419902] (-) TimerEvent: {}
[62.526905] (-) TimerEvent: {}
[62.632633] (-) TimerEvent: {}
[62.734458] (-) TimerEvent: {}
[62.838905] (-) TimerEvent: {}
[62.939455] (-) TimerEvent: {}
[63.039886] (-) TimerEvent: {}
[63.140853] (-) TimerEvent: {}
[63.241231] (-) TimerEvent: {}
[63.341635] (-) TimerEvent: {}
[63.441991] (-) TimerEvent: {}
[63.542528] (-) TimerEvent: {}
[63.651680] (-) TimerEvent: {}
[63.754275] (-) TimerEvent: {}
[63.854676] (-) TimerEvent: {}
[63.955068] (-) TimerEvent: {}
[64.055489] (-) TimerEvent: {}
[64.155962] (-) TimerEvent: {}
[64.259797] (-) TimerEvent: {}
[64.361968] (-) TimerEvent: {}
[64.462530] (-) TimerEvent: {}
[64.565317] (-) TimerEvent: {}
[64.665725] (-) TimerEvent: {}
[64.766419] (-) TimerEvent: {}
[64.871734] (-) TimerEvent: {}
[64.972147] (-) TimerEvent: {}
[65.072523] (-) TimerEvent: {}
[65.178325] (-) TimerEvent: {}
[65.278749] (-) TimerEvent: {}
[65.379128] (-) TimerEvent: {}
[65.479656] (-) TimerEvent: {}
[65.580159] (-) TimerEvent: {}
[65.680622] (-) TimerEvent: {}
[65.781000] (-) TimerEvent: {}
[65.881434] (-) TimerEvent: {}
[65.981885] (-) TimerEvent: {}
[66.082298] (-) TimerEvent: {}
[66.183856] (-) TimerEvent: {}
[66.284594] (-) TimerEvent: {}
[66.386149] (-) TimerEvent: {}
[66.487705] (-) TimerEvent: {}
[66.600061] (-) TimerEvent: {}
[66.700481] (-) TimerEvent: {}
[66.800920] (-) TimerEvent: {}
[66.901301] (-) TimerEvent: {}
[67.001655] (-) TimerEvent: {}
[67.102015] (-) TimerEvent: {}
[67.202499] (-) TimerEvent: {}
[67.303781] (-) TimerEvent: {}
[67.404150] (-) TimerEvent: {}
[67.505418] (-) TimerEvent: {}
[67.605768] (-) TimerEvent: {}
[67.706510] (-) TimerEvent: {}
[67.806916] (-) TimerEvent: {}
[67.907356] (-) TimerEvent: {}
[68.007825] (-) TimerEvent: {}
[68.108268] (-) TimerEvent: {}
[68.208654] (-) TimerEvent: {}
[68.310208] (-) TimerEvent: {}
[68.410582] (-) TimerEvent: {}
[68.510966] (-) TimerEvent: {}
[68.615992] (-) TimerEvent: {}
[68.716378] (-) TimerEvent: {}
[68.816818] (-) TimerEvent: {}
[68.917304] (-) TimerEvent: {}
[69.021730] (-) TimerEvent: {}
[69.122091] (-) TimerEvent: {}
[69.222660] (-) TimerEvent: {}
[69.323025] (-) TimerEvent: {}
[69.423462] (-) TimerEvent: {}
[69.524212] (-) TimerEvent: {}
[69.624926] (-) TimerEvent: {}
[69.733115] (-) TimerEvent: {}
[69.833734] (-) TimerEvent: {}
[69.936676] (-) TimerEvent: {}
[70.037170] (-) TimerEvent: {}
[70.137627] (-) TimerEvent: {}
[70.240025] (-) TimerEvent: {}
[70.340478] (-) TimerEvent: {}
[70.441250] (-) TimerEvent: {}
[70.541849] (-) TimerEvent: {}
[70.647708] (-) TimerEvent: {}
[70.748424] (-) TimerEvent: {}
[70.848781] (-) TimerEvent: {}
[70.949133] (-) TimerEvent: {}
[71.049470] (-) TimerEvent: {}
[71.149803] (-) TimerEvent: {}
[71.253292] (-) TimerEvent: {}
[71.353636] (-) TimerEvent: {}
[71.454000] (-) TimerEvent: {}
[71.554423] (-) TimerEvent: {}
[71.654773] (-) TimerEvent: {}
[71.755698] (-) TimerEvent: {}
[71.856027] (-) TimerEvent: {}
[71.957954] (-) TimerEvent: {}
[72.068195] (-) TimerEvent: {}
[72.168605] (-) TimerEvent: {}
[72.269072] (-) TimerEvent: {}
[72.369482] (-) TimerEvent: {}
[72.471960] (-) TimerEvent: {}
[72.572377] (-) TimerEvent: {}
[72.672816] (-) TimerEvent: {}
[72.774508] (-) TimerEvent: {}
[72.874854] (-) TimerEvent: {}
[72.975419] (-) TimerEvent: {}
[73.075802] (-) TimerEvent: {}
[73.176193] (-) TimerEvent: {}
[73.276564] (-) TimerEvent: {}
[73.376987] (-) TimerEvent: {}
[73.480719] (-) TimerEvent: {}
[73.581871] (-) TimerEvent: {}
[73.682257] (-) TimerEvent: {}
[73.782677] (-) TimerEvent: {}
[73.883141] (-) TimerEvent: {}
[73.987216] (-) TimerEvent: {}
[74.087717] (-) TimerEvent: {}
[74.191672] (-) TimerEvent: {}
[74.292120] (-) TimerEvent: {}
[74.395700] (-) TimerEvent: {}
[74.496034] (-) TimerEvent: {}
[74.596374] (-) TimerEvent: {}
[74.699768] (-) TimerEvent: {}
[74.800375] (-) TimerEvent: {}
[74.901678] (-) TimerEvent: {}
[75.007690] (-) TimerEvent: {}
[75.108182] (-) TimerEvent: {}
[75.208538] (-) TimerEvent: {}
[75.310200] (-) TimerEvent: {}
[75.410565] (-) TimerEvent: {}
[75.510964] (-) TimerEvent: {}
[75.611394] (-) TimerEvent: {}
[75.712033] (-) TimerEvent: {}
[75.813900] (-) TimerEvent: {}
[75.914663] (-) TimerEvent: {}
[76.015210] (-) TimerEvent: {}
[76.115765] (-) TimerEvent: {}
[76.216180] (-) TimerEvent: {}
[76.317339] (-) TimerEvent: {}
[76.417802] (-) TimerEvent: {}
[76.518179] (-) TimerEvent: {}
[76.618891] (-) TimerEvent: {}
[76.719249] (-) TimerEvent: {}
[76.819661] (-) TimerEvent: {}
[76.922017] (-) TimerEvent: {}
[77.022376] (-) TimerEvent: {}
[77.122725] (-) TimerEvent: {}
[77.223082] (-) TimerEvent: {}
[77.323440] (-) TimerEvent: {}
[77.423819] (-) TimerEvent: {}
[77.524168] (-) TimerEvent: {}
[77.624506] (-) TimerEvent: {}
[77.724866] (-) TimerEvent: {}
[77.825694] (-) TimerEvent: {}
[77.931711] (-) TimerEvent: {}
[78.032128] (-) TimerEvent: {}
[78.132787] (-) TimerEvent: {}
[78.233163] (-) TimerEvent: {}
[78.333489] (-) TimerEvent: {}
[78.433860] (-) TimerEvent: {}
[78.534192] (-) TimerEvent: {}
[78.638092] (-) TimerEvent: {}
[78.738501] (-) TimerEvent: {}
[78.838901] (-) TimerEvent: {}
[78.939287] (-) TimerEvent: {}
[79.040357] (-) TimerEvent: {}
[79.141325] (-) TimerEvent: {}
[79.241860] (-) TimerEvent: {}
[79.355680] (-) TimerEvent: {}
[79.456461] (-) TimerEvent: {}
[79.556819] (-) TimerEvent: {}
[79.657166] (-) TimerEvent: {}
[79.757523] (-) TimerEvent: {}
[79.857872] (-) TimerEvent: {}
[79.958225] (-) TimerEvent: {}
[80.058608] (-) TimerEvent: {}
[80.158945] (-) TimerEvent: {}
[80.259704] (-) TimerEvent: {}
[80.360054] (-) TimerEvent: {}
[80.460440] (-) TimerEvent: {}
[80.560842] (-) TimerEvent: {}
[80.661192] (-) TimerEvent: {}
[80.761521] (-) TimerEvent: {}
[80.861872] (-) TimerEvent: {}
[80.962243] (-) TimerEvent: {}
[81.063119] (-) TimerEvent: {}
[81.163656] (-) TimerEvent: {}
[81.264051] (-) TimerEvent: {}
[81.364379] (-) TimerEvent: {}
[81.464811] (-) TimerEvent: {}
[81.565314] (-) TimerEvent: {}
[81.665714] (-) TimerEvent: {}
[81.766122] (-) TimerEvent: {}
[81.866570] (-) TimerEvent: {}
[81.967396] (-) TimerEvent: {}
[82.068065] (-) TimerEvent: {}
[82.168400] (-) TimerEvent: {}
[82.268782] (-) TimerEvent: {}
[82.369129] (-) TimerEvent: {}
[82.469497] (-) TimerEvent: {}
[82.569947] (-) TimerEvent: {}
[82.670521] (-) TimerEvent: {}
[82.777793] (-) TimerEvent: {}
[82.878628] (-) TimerEvent: {}
[82.981652] (-) TimerEvent: {}
[83.082440] (-) TimerEvent: {}
[83.182950] (-) TimerEvent: {}
[83.283525] (-) TimerEvent: {}
[83.384201] (-) TimerEvent: {}
[83.484635] (-) TimerEvent: {}
[83.585007] (-) TimerEvent: {}
[83.685404] (-) TimerEvent: {}
[83.785879] (-) TimerEvent: {}
[83.886552] (-) TimerEvent: {}
[83.987018] (-) TimerEvent: {}
[84.087684] (-) TimerEvent: {}
[84.188225] (-) TimerEvent: {}
[84.289922] (-) TimerEvent: {}
[84.390409] (-) TimerEvent: {}
[84.491035] (-) TimerEvent: {}
[84.591699] (-) TimerEvent: {}
[84.692110] (-) TimerEvent: {}
[84.792477] (-) TimerEvent: {}
[84.892833] (-) TimerEvent: {}
[84.993257] (-) TimerEvent: {}
[85.093763] (-) TimerEvent: {}
[85.194166] (-) TimerEvent: {}
[85.216086] (go2w_plain_slam_bridge) StdoutLine: {'line': b'[ 55%] Linking CXX executable plain_slam_health_monitor\n'}
[85.294323] (-) TimerEvent: {}
[85.394751] (-) TimerEvent: {}
[85.495131] (-) TimerEvent: {}
[85.595515] (-) TimerEvent: {}
[85.695928] (-) TimerEvent: {}
[85.796349] (-) TimerEvent: {}
[85.896735] (-) TimerEvent: {}
[85.997154] (-) TimerEvent: {}
[86.097539] (-) TimerEvent: {}
[86.197927] (-) TimerEvent: {}
[86.298413] (-) TimerEvent: {}
[86.398871] (-) TimerEvent: {}
[86.499240] (-) TimerEvent: {}
[86.599913] (-) TimerEvent: {}
[86.700268] (-) TimerEvent: {}
[86.800628] (-) TimerEvent: {}
[86.900970] (-) TimerEvent: {}
[87.001356] (-) TimerEvent: {}
[87.101729] (-) TimerEvent: {}
[87.202112] (-) TimerEvent: {}
[87.307659] (-) TimerEvent: {}
[87.408040] (-) TimerEvent: {}
[87.508423] (-) TimerEvent: {}
[87.599011] (go2w_plain_slam_bridge) StdoutLine: {'line': b'[ 55%] Built target plain_slam_health_monitor\n'}
[87.608570] (-) TimerEvent: {}
[87.655120] (go2w_plain_slam_bridge) StdoutLine: {'line': b'Scanning dependencies of target occupancy_projection_test\n'}
[87.707819] (go2w_plain_slam_bridge) StdoutLine: {'line': b'[ 61%] Building CXX object CMakeFiles/occupancy_projection_test.dir/test/occupancy_projection_test.cpp.o\n'}
[87.708654] (-) TimerEvent: {}
[87.808991] (-) TimerEvent: {}
[87.910020] (-) TimerEvent: {}
[88.010396] (-) TimerEvent: {}
[88.110785] (-) TimerEvent: {}
[88.211701] (-) TimerEvent: {}
[88.312574] (-) TimerEvent: {}
[88.416378] (-) TimerEvent: {}
[88.517137] (-) TimerEvent: {}
[88.617911] (-) TimerEvent: {}
[88.718280] (-) TimerEvent: {}
[88.818748] (-) TimerEvent: {}
[88.919346] (-) TimerEvent: {}
[89.019848] (-) TimerEvent: {}
[89.120270] (-) TimerEvent: {}
[89.221518] (-) TimerEvent: {}
[89.323672] (-) TimerEvent: {}
[89.424302] (-) TimerEvent: {}
[89.524797] (-) TimerEvent: {}
[89.625198] (-) TimerEvent: {}
[89.725563] (-) TimerEvent: {}
[89.826845] (-) TimerEvent: {}
[89.927210] (-) TimerEvent: {}
[90.027688] (-) TimerEvent: {}
[90.128063] (-) TimerEvent: {}
[90.228553] (-) TimerEvent: {}
[90.328916] (-) TimerEvent: {}
[90.429278] (-) TimerEvent: {}
[90.529653] (-) TimerEvent: {}
[90.630032] (-) TimerEvent: {}
[90.730475] (-) TimerEvent: {}
[90.831708] (-) TimerEvent: {}
[90.932174] (-) TimerEvent: {}
[91.032506] (-) TimerEvent: {}
[91.135303] (-) TimerEvent: {}
[91.235679] (-) TimerEvent: {}
[91.336073] (-) TimerEvent: {}
[91.436444] (-) TimerEvent: {}
[91.537105] (-) TimerEvent: {}
[91.637961] (-) TimerEvent: {}
[91.738302] (-) TimerEvent: {}
[91.838765] (-) TimerEvent: {}
[91.939093] (-) TimerEvent: {}
[92.039485] (-) TimerEvent: {}
[92.111433] (go2w_plain_slam_bridge) StdoutLine: {'line': b'[ 66%] Linking CXX executable occupancy_projection_test\n'}
[92.140916] (-) TimerEvent: {}
[92.241311] (-) TimerEvent: {}
[92.341719] (-) TimerEvent: {}
[92.442252] (-) TimerEvent: {}
[92.542639] (-) TimerEvent: {}
[92.649055] (-) TimerEvent: {}
[92.749689] (go2w_plain_slam_bridge) StdoutLine: {'line': b'[ 66%] Built target occupancy_projection_test\n'}
[92.750421] (-) TimerEvent: {}
[92.776979] (go2w_plain_slam_bridge) StdoutLine: {'line': b'Scanning dependencies of target timestamp_policy_test\n'}
[92.818999] (go2w_plain_slam_bridge) StdoutLine: {'line': b'[ 72%] Building CXX object CMakeFiles/timestamp_policy_test.dir/test/timestamp_policy_test.cpp.o\n'}
[92.850601] (-) TimerEvent: {}
[92.950991] (-) TimerEvent: {}
[93.051369] (-) TimerEvent: {}
[93.151826] (-) TimerEvent: {}
[93.255710] (-) TimerEvent: {}
[93.360805] (-) TimerEvent: {}
[93.461528] (-) TimerEvent: {}
[93.562672] (-) TimerEvent: {}
[93.663133] (-) TimerEvent: {}
[93.763638] (-) TimerEvent: {}
[93.864038] (-) TimerEvent: {}
[93.975732] (-) TimerEvent: {}
[94.076410] (-) TimerEvent: {}
[94.176804] (-) TimerEvent: {}
[94.283717] (-) TimerEvent: {}
[94.384162] (-) TimerEvent: {}
[94.484724] (-) TimerEvent: {}
[94.587443] (-) TimerEvent: {}
[94.688292] (-) TimerEvent: {}
[94.791447] (-) TimerEvent: {}
[94.891806] (-) TimerEvent: {}
[94.992224] (-) TimerEvent: {}
[95.098172] (-) TimerEvent: {}
[95.198526] (-) TimerEvent: {}
[95.298925] (-) TimerEvent: {}
[95.403580] (-) TimerEvent: {}
[95.503936] (-) TimerEvent: {}
[95.604299] (-) TimerEvent: {}
[95.704670] (-) TimerEvent: {}
[95.805049] (-) TimerEvent: {}
[95.905388] (-) TimerEvent: {}
[96.005744] (-) TimerEvent: {}
[96.106117] (-) TimerEvent: {}
[96.206634] (-) TimerEvent: {}
[96.306988] (-) TimerEvent: {}
[96.407357] (-) TimerEvent: {}
[96.508150] (-) TimerEvent: {}
[96.608471] (-) TimerEvent: {}
[96.708839] (-) TimerEvent: {}
[96.809245] (-) TimerEvent: {}
[96.909726] (-) TimerEvent: {}
[97.002243] (go2w_plain_slam_bridge) StdoutLine: {'line': b'[ 77%] Linking CXX executable timestamp_policy_test\n'}
[97.009871] (-) TimerEvent: {}
[97.119707] (-) TimerEvent: {}
[97.220090] (-) TimerEvent: {}
[97.320471] (-) TimerEvent: {}
[97.420859] (-) TimerEvent: {}
[97.521281] (-) TimerEvent: {}
[97.624861] (-) TimerEvent: {}
[97.725243] (-) TimerEvent: {}
[97.789844] (go2w_plain_slam_bridge) StdoutLine: {'line': b'[ 77%] Built target timestamp_policy_test\n'}
[97.822739] (go2w_plain_slam_bridge) StdoutLine: {'line': b'Scanning dependencies of target transform_utils_test\n'}
[97.830178] (-) TimerEvent: {}
[97.846194] (go2w_plain_slam_bridge) StdoutLine: {'line': b'[ 83%] Building CXX object CMakeFiles/transform_utils_test.dir/test/transform_utils_test.cpp.o\n'}
[97.930331] (-) TimerEvent: {}
[98.030852] (-) TimerEvent: {}
[98.131221] (-) TimerEvent: {}
[98.231607] (-) TimerEvent: {}
[98.331979] (-) TimerEvent: {}
[98.432357] (-) TimerEvent: {}
[98.535699] (-) TimerEvent: {}
[98.636647] (-) TimerEvent: {}
[98.737179] (-) TimerEvent: {}
[98.837537] (-) TimerEvent: {}
[98.939699] (-) TimerEvent: {}
[99.047680] (-) TimerEvent: {}
[99.155678] (-) TimerEvent: {}
[99.256073] (-) TimerEvent: {}
[99.356468] (-) TimerEvent: {}
[99.456833] (-) TimerEvent: {}
[99.557268] (-) TimerEvent: {}
[99.658568] (-) TimerEvent: {}
[99.758953] (-) TimerEvent: {}
[99.859342] (-) TimerEvent: {}
[99.959807] (-) TimerEvent: {}
[100.060201] (-) TimerEvent: {}
[100.160655] (-) TimerEvent: {}
[100.261039] (-) TimerEvent: {}
[100.361399] (-) TimerEvent: {}
[100.461774] (-) TimerEvent: {}
[100.562146] (-) TimerEvent: {}
[100.662511] (-) TimerEvent: {}
[100.762890] (-) TimerEvent: {}
[100.871682] (-) TimerEvent: {}
[100.977999] (-) TimerEvent: {}
[101.079786] (-) TimerEvent: {}
[101.180155] (-) TimerEvent: {}
[101.280586] (-) TimerEvent: {}
[101.380968] (-) TimerEvent: {}
[101.483702] (-) TimerEvent: {}
[101.593235] (-) TimerEvent: {}
[101.695671] (-) TimerEvent: {}
[101.796106] (-) TimerEvent: {}
[101.896678] (-) TimerEvent: {}
[101.998106] (-) TimerEvent: {}
[102.098652] (-) TimerEvent: {}
[102.199730] (-) TimerEvent: {}
[102.300110] (-) TimerEvent: {}
[102.400727] (-) TimerEvent: {}
[102.501195] (-) TimerEvent: {}
[102.604471] (-) TimerEvent: {}
[102.705576] (-) TimerEvent: {}
[102.805920] (-) TimerEvent: {}
[102.808594] (go2w_plain_slam_bridge) StdoutLine: {'line': b'[ 88%] Linking CXX executable transform_utils_test\n'}
[102.906107] (-) TimerEvent: {}
[103.006466] (-) TimerEvent: {}
[103.106829] (-) TimerEvent: {}
[103.208781] (-) TimerEvent: {}
[103.311359] (-) TimerEvent: {}
[103.411774] (-) TimerEvent: {}
[103.512144] (-) TimerEvent: {}
[103.531686] (go2w_plain_slam_bridge) StdoutLine: {'line': b'[ 88%] Built target transform_utils_test\n'}
[103.612493] (-) TimerEvent: {}
[103.712843] (-) TimerEvent: {}
[103.727682] (go2w_plain_slam_bridge) StdoutLine: {'line': b'Scanning dependencies of target plain_slam_odom_adapter\n'}
[103.800027] (go2w_plain_slam_bridge) StdoutLine: {'line': b'[ 94%] Building CXX object CMakeFiles/plain_slam_odom_adapter.dir/src/plain_slam_odom_adapter.cpp.o\n'}
[103.813045] (-) TimerEvent: {}
[103.913386] (-) TimerEvent: {}
[104.013793] (-) TimerEvent: {}
[104.114257] (-) TimerEvent: {}
[104.214661] (-) TimerEvent: {}
[104.315161] (-) TimerEvent: {}
[104.415504] (-) TimerEvent: {}
[104.515947] (-) TimerEvent: {}
[104.616317] (-) TimerEvent: {}
[104.716720] (-) TimerEvent: {}
[104.817067] (-) TimerEvent: {}
[104.919756] (-) TimerEvent: {}
[105.020134] (-) TimerEvent: {}
[105.120554] (-) TimerEvent: {}
[105.220936] (-) TimerEvent: {}
[105.321374] (-) TimerEvent: {}
[105.421774] (-) TimerEvent: {}
[105.522325] (-) TimerEvent: {}
[105.626176] (-) TimerEvent: {}
[105.728045] (-) TimerEvent: {}
[105.829760] (-) TimerEvent: {}
[105.930185] (-) TimerEvent: {}
[106.030716] (-) TimerEvent: {}
[106.131339] (-) TimerEvent: {}
[106.233185] (-) TimerEvent: {}
[106.334086] (-) TimerEvent: {}
[106.434567] (-) TimerEvent: {}
[106.535050] (-) TimerEvent: {}
[106.635569] (-) TimerEvent: {}
[106.736021] (-) TimerEvent: {}
[106.837401] (-) TimerEvent: {}
[106.938996] (-) TimerEvent: {}
[107.039448] (-) TimerEvent: {}
[107.139913] (-) TimerEvent: {}
[107.240399] (-) TimerEvent: {}
[107.340784] (-) TimerEvent: {}
[107.441468] (-) TimerEvent: {}
[107.541854] (-) TimerEvent: {}
[107.642399] (-) TimerEvent: {}
[107.742790] (-) TimerEvent: {}
[107.843210] (-) TimerEvent: {}
[107.943701] (-) TimerEvent: {}
[108.044378] (-) TimerEvent: {}
[108.144801] (-) TimerEvent: {}
[108.245180] (-) TimerEvent: {}
[108.345642] (-) TimerEvent: {}
[108.446134] (-) TimerEvent: {}
[108.546681] (-) TimerEvent: {}
[108.647440] (-) TimerEvent: {}
[108.747816] (-) TimerEvent: {}
[108.848199] (-) TimerEvent: {}
[108.948556] (-) TimerEvent: {}
[109.055722] (-) TimerEvent: {}
[109.171691] (-) TimerEvent: {}
[109.272091] (-) TimerEvent: {}
[109.372514] (-) TimerEvent: {}
[109.473050] (-) TimerEvent: {}
[109.573471] (-) TimerEvent: {}
[109.674193] (-) TimerEvent: {}
[109.779678] (-) TimerEvent: {}
[109.880036] (-) TimerEvent: {}
[109.980385] (-) TimerEvent: {}
[110.080742] (-) TimerEvent: {}
[110.181116] (-) TimerEvent: {}
[110.281510] (-) TimerEvent: {}
[110.381922] (-) TimerEvent: {}
[110.482325] (-) TimerEvent: {}
[110.583630] (-) TimerEvent: {}
[110.684603] (-) TimerEvent: {}
[110.784979] (-) TimerEvent: {}
[110.885432] (-) TimerEvent: {}
[110.986006] (-) TimerEvent: {}
[111.086539] (-) TimerEvent: {}
[111.186962] (-) TimerEvent: {}
[111.287363] (-) TimerEvent: {}
[111.387844] (-) TimerEvent: {}
[111.488238] (-) TimerEvent: {}
[111.588755] (-) TimerEvent: {}
[111.689231] (-) TimerEvent: {}
[111.789906] (-) TimerEvent: {}
[111.890263] (-) TimerEvent: {}
[111.990653] (-) TimerEvent: {}
[112.104043] (-) TimerEvent: {}
[112.204799] (-) TimerEvent: {}
[112.307738] (-) TimerEvent: {}
[112.408142] (-) TimerEvent: {}
[112.508587] (-) TimerEvent: {}
[112.611799] (-) TimerEvent: {}
[112.712187] (-) TimerEvent: {}
[112.812995] (-) TimerEvent: {}
[112.913372] (-) TimerEvent: {}
[113.013742] (-) TimerEvent: {}
[113.114101] (-) TimerEvent: {}
[113.214472] (-) TimerEvent: {}
[113.314859] (-) TimerEvent: {}
[113.415252] (-) TimerEvent: {}
[113.515626] (-) TimerEvent: {}
[113.615981] (-) TimerEvent: {}
[113.716346] (-) TimerEvent: {}
[113.823713] (-) TimerEvent: {}
[113.924099] (-) TimerEvent: {}
[114.024523] (-) TimerEvent: {}
[114.124881] (-) TimerEvent: {}
[114.225245] (-) TimerEvent: {}
[114.325829] (-) TimerEvent: {}
[114.430022] (-) TimerEvent: {}
[114.530510] (-) TimerEvent: {}
[114.632505] (-) TimerEvent: {}
[114.734731] (-) TimerEvent: {}
[114.836500] (-) TimerEvent: {}
[114.937141] (-) TimerEvent: {}
[115.037589] (-) TimerEvent: {}
[115.140328] (-) TimerEvent: {}
[115.240708] (-) TimerEvent: {}
[115.341330] (-) TimerEvent: {}
[115.443128] (-) TimerEvent: {}
[115.543655] (-) TimerEvent: {}
[115.645439] (-) TimerEvent: {}
[115.745862] (-) TimerEvent: {}
[115.846221] (-) TimerEvent: {}
[115.946589] (-) TimerEvent: {}
[116.046975] (-) TimerEvent: {}
[116.147381] (-) TimerEvent: {}
[116.247793] (-) TimerEvent: {}
[116.348378] (-) TimerEvent: {}
[116.448766] (-) TimerEvent: {}
[116.549666] (-) TimerEvent: {}
[116.650281] (-) TimerEvent: {}
[116.750789] (-) TimerEvent: {}
[116.851144] (-) TimerEvent: {}
[116.951612] (-) TimerEvent: {}
[117.052084] (-) TimerEvent: {}
[117.152645] (-) TimerEvent: {}
[117.253036] (-) TimerEvent: {}
[117.353515] (-) TimerEvent: {}
[117.453913] (-) TimerEvent: {}
[117.554290] (-) TimerEvent: {}
[117.655003] (-) TimerEvent: {}
[117.755435] (-) TimerEvent: {}
[117.873049] (-) TimerEvent: {}
[117.973474] (-) TimerEvent: {}
[118.073865] (-) TimerEvent: {}
[118.174262] (-) TimerEvent: {}
[118.274754] (-) TimerEvent: {}
[118.377196] (-) TimerEvent: {}
[118.477591] (-) TimerEvent: {}
[118.577956] (-) TimerEvent: {}
[118.685892] (-) TimerEvent: {}
[118.786717] (-) TimerEvent: {}
[118.887074] (-) TimerEvent: {}
[118.987437] (-) TimerEvent: {}
[119.089655] (-) TimerEvent: {}
[119.190017] (-) TimerEvent: {}
[119.290430] (-) TimerEvent: {}
[119.390766] (-) TimerEvent: {}
[119.491150] (-) TimerEvent: {}
[119.591871] (-) TimerEvent: {}
[119.695681] (-) TimerEvent: {}
[119.796053] (-) TimerEvent: {}
[119.896747] (-) TimerEvent: {}
[119.997517] (-) TimerEvent: {}
[120.099673] (-) TimerEvent: {}
[120.201489] (-) TimerEvent: {}
[120.302999] (-) TimerEvent: {}
[120.403355] (-) TimerEvent: {}
[120.503710] (-) TimerEvent: {}
[120.604069] (-) TimerEvent: {}
[120.704435] (-) TimerEvent: {}
[120.804777] (-) TimerEvent: {}
[120.907564] (-) TimerEvent: {}
[121.011668] (-) TimerEvent: {}
[121.112006] (-) TimerEvent: {}
[121.212337] (-) TimerEvent: {}
[121.312734] (-) TimerEvent: {}
[121.413091] (-) TimerEvent: {}
[121.513620] (-) TimerEvent: {}
[121.614197] (-) TimerEvent: {}
[121.716294] (-) TimerEvent: {}
[121.816727] (-) TimerEvent: {}
[121.917236] (-) TimerEvent: {}
[122.017623] (-) TimerEvent: {}
[122.117972] (-) TimerEvent: {}
[122.218351] (-) TimerEvent: {}
[122.318836] (-) TimerEvent: {}
[122.419321] (-) TimerEvent: {}
[122.519833] (-) TimerEvent: {}
[122.620898] (-) TimerEvent: {}
[122.721285] (-) TimerEvent: {}
[122.821706] (-) TimerEvent: {}
[122.922163] (-) TimerEvent: {}
[123.022716] (-) TimerEvent: {}
[123.123192] (-) TimerEvent: {}
[123.223612] (-) TimerEvent: {}
[123.324155] (-) TimerEvent: {}
[123.424908] (-) TimerEvent: {}
[123.525240] (-) TimerEvent: {}
[123.625709] (-) TimerEvent: {}
[123.726067] (-) TimerEvent: {}
[123.826431] (-) TimerEvent: {}
[123.935677] (-) TimerEvent: {}
[124.036034] (-) TimerEvent: {}
[124.136417] (-) TimerEvent: {}
[124.236813] (-) TimerEvent: {}
[124.338071] (-) TimerEvent: {}
[124.438416] (-) TimerEvent: {}
[124.546028] (-) TimerEvent: {}
[124.646580] (-) TimerEvent: {}
[124.747280] (-) TimerEvent: {}
[124.852577] (-) TimerEvent: {}
[124.952909] (-) TimerEvent: {}
[125.053278] (-) TimerEvent: {}
[125.153760] (-) TimerEvent: {}
[125.254115] (-) TimerEvent: {}
[125.354465] (-) TimerEvent: {}
[125.454791] (-) TimerEvent: {}
[125.556328] (-) TimerEvent: {}
[125.656668] (-) TimerEvent: {}
[125.757014] (-) TimerEvent: {}
[125.860202] (-) TimerEvent: {}
[125.960538] (-) TimerEvent: {}
[126.060868] (-) TimerEvent: {}
[126.161255] (-) TimerEvent: {}
[126.261625] (-) TimerEvent: {}
[126.361961] (-) TimerEvent: {}
[126.462294] (-) TimerEvent: {}
[126.562656] (-) TimerEvent: {}
[126.663038] (-) TimerEvent: {}
[126.763386] (-) TimerEvent: {}
[126.863745] (-) TimerEvent: {}
[126.964084] (-) TimerEvent: {}
[127.064467] (-) TimerEvent: {}
[127.164870] (-) TimerEvent: {}
[127.265202] (-) TimerEvent: {}
[127.365562] (-) TimerEvent: {}
[127.465915] (-) TimerEvent: {}
[127.566296] (-) TimerEvent: {}
[127.666624] (-) TimerEvent: {}
[127.766994] (-) TimerEvent: {}
[127.867359] (-) TimerEvent: {}
[127.967846] (-) TimerEvent: {}
[128.068366] (-) TimerEvent: {}
[128.168827] (-) TimerEvent: {}
[128.269626] (-) TimerEvent: {}
[128.372876] (-) TimerEvent: {}
[128.473445] (-) TimerEvent: {}
[128.574370] (-) TimerEvent: {}
[128.677086] (-) TimerEvent: {}
[128.777615] (-) TimerEvent: {}
[128.878251] (-) TimerEvent: {}
[128.978800] (-) TimerEvent: {}
[129.087642] (-) TimerEvent: {}
[129.189445] (-) TimerEvent: {}
[129.293842] (-) TimerEvent: {}
[129.329715] (go2w_plain_slam_bridge) StdoutLine: {'line': b'[100%] Linking CXX executable plain_slam_odom_adapter\n'}
[129.394019] (-) TimerEvent: {}
[129.494372] (-) TimerEvent: {}
[129.594743] (-) TimerEvent: {}
[129.711676] (-) TimerEvent: {}
[129.812046] (-) TimerEvent: {}
[129.912513] (-) TimerEvent: {}
[130.013062] (-) TimerEvent: {}
[130.115668] (-) TimerEvent: {}
[130.216102] (-) TimerEvent: {}
[130.316536] (-) TimerEvent: {}
[130.416903] (-) TimerEvent: {}
[130.517275] (-) TimerEvent: {}
[130.617685] (-) TimerEvent: {}
[130.718074] (-) TimerEvent: {}
[130.818427] (-) TimerEvent: {}
[130.832012] (go2w_plain_slam_bridge) StdoutLine: {'line': b'[100%] Built target plain_slam_odom_adapter\n'}
[130.879595] (go2w_plain_slam_bridge) CommandEnded: {'returncode': 0}
[130.919591] (-) TimerEvent: {}
[131.021117] (-) TimerEvent: {}
[131.103105] (go2w_plain_slam_bridge) JobProgress: {'identifier': 'go2w_plain_slam_bridge', 'progress': 'install'}
[131.121433] (-) TimerEvent: {}
[131.164003] (go2w_plain_slam_bridge) Command: {'cmd': ['/usr/bin/cmake', '--install', '/home/unitree/robotscene/ros2_ws/build/go2w_plain_slam_bridge'], 'cwd': '/home/unitree/robotscene/ros2_ws/build/go2w_plain_slam_bridge', 'env': OrderedDict([('HTTPS_PROXY', 'http://127.0.0.1:17891'), ('no_proxy', 'localhost,127.0.0.1,::1,192.168.123.0/24'), ('USER', 'unitree'), ('SSH_CLIENT', '192.168.123.99 33624 22'), ('LC_TIME', 'zh_CN.UTF-8'), ('all_proxy', 'socks5h://127.0.0.1:17891'), ('XDG_SESSION_TYPE', 'tty'), ('SHLVL', '1'), ('LD_LIBRARY_PATH', '/opt/ros/foxy/opt/yaml_cpp_vendor/lib:/opt/ros/foxy/opt/rviz_ogre_vendor/lib:/opt/ros/foxy/lib/aarch64-linux-gnu:/opt/ros/foxy/lib'), ('MOTD_SHOWN', 'pam'), ('HOME', '/home/unitree'), ('OLDPWD', '/home/unitree'), ('NO_PROXY', 'localhost,127.0.0.1,::1,192.168.123.0/24'), ('ROS_PYTHON_VERSION', '3'), ('LC_MONETARY', 'zh_CN.UTF-8'), ('DBUS_SESSION_BUS_ADDRESS', 'unix:path=/run/user/1000/bus'), ('https_proxy', 'http://127.0.0.1:17891'), ('ROS_DISTRO', 'foxy'), ('LOGNAME', 'unitree'), ('ALL_PROXY', 'socks5h://127.0.0.1:17891'), ('http_proxy', 'http://127.0.0.1:17891'), ('_', '/usr/bin/colcon'), ('ROS_VERSION', '2'), ('XDG_SESSION_CLASS', 'user'), ('XDG_SESSION_ID', '27'), ('ROS_LOCALHOST_ONLY', '0'), ('PATH', '/opt/ros/foxy/bin:/usr/local/sbin:/usr/local/bin:/usr/sbin:/usr/bin:/sbin:/bin:/usr/games:/usr/local/games:/snap/bin'), ('LC_ADDRESS', 'zh_CN.UTF-8'), ('XDG_RUNTIME_DIR', '/run/user/1000'), ('LANG', 'en_US.UTF-8'), ('LC_TELEPHONE', 'zh_CN.UTF-8'), ('AMENT_PREFIX_PATH', '/opt/ros/foxy'), ('SHELL', '/bin/bash'), ('LC_NAME', 'zh_CN.UTF-8'), ('LC_MEASUREMENT', 'zh_CN.UTF-8'), ('LC_IDENTIFICATION', 'zh_CN.UTF-8'), ('PWD', '/home/unitree/robotscene/ros2_ws/build/go2w_plain_slam_bridge'), ('SSH_CONNECTION', '192.168.123.99 33624 192.168.123.18 22'), ('PYTHONPATH', '/opt/ros/foxy/lib/python3.8/site-packages'), ('HTTP_PROXY', 'http://127.0.0.1:17891'), ('LC_NUMERIC', 'zh_CN.UTF-8'), ('LC_PAPER', 'zh_CN.UTF-8'), ('COLCON', '1'), ('CMAKE_PREFIX_PATH', '/opt/ros/foxy')]), 'shell': False}
[131.221599] (-) TimerEvent: {}
[131.237876] (go2w_plain_slam_bridge) StdoutLine: {'line': b'-- Install configuration: ""\n'}
[131.249579] (go2w_plain_slam_bridge) StdoutLine: {'line': b'-- Execute custom install script\n'}
[131.256452] (go2w_plain_slam_bridge) StdoutLine: {'line': b'-- Symlinking: /home/unitree/robotscene/ros2_ws/install/go2w_plain_slam_bridge/lib/go2w_plain_slam_bridge/pandar_slam_adapter\n'}
[131.313883] (go2w_plain_slam_bridge) StdoutLine: {'line': b'-- Symlinking: /home/unitree/robotscene/ros2_ws/install/go2w_plain_slam_bridge/lib/go2w_plain_slam_bridge/plain_slam_odom_adapter\n'}
[131.321893] (-) TimerEvent: {}
[131.334973] (go2w_plain_slam_bridge) StdoutLine: {'line': b'-- Symlinking: /home/unitree/robotscene/ros2_ws/install/go2w_plain_slam_bridge/lib/go2w_plain_slam_bridge/pointcloud_to_occupancy\n'}
[131.368101] (go2w_plain_slam_bridge) StdoutLine: {'line': b'-- Symlinking: /home/unitree/robotscene/ros2_ws/install/go2w_plain_slam_bridge/lib/go2w_plain_slam_bridge/plain_slam_health_monitor\n'}
[131.398877] (go2w_plain_slam_bridge) StdoutLine: {'line': b'-- Symlinking: /home/unitree/robotscene/ros2_ws/install/go2w_plain_slam_bridge/share/go2w_plain_slam_bridge/launch/plain_slam_go2w.launch.py\n'}
[131.422069] (-) TimerEvent: {}
[131.434034] (go2w_plain_slam_bridge) StdoutLine: {'line': b'-- Symlinking: /home/unitree/robotscene/ros2_ws/install/go2w_plain_slam_bridge/share/ament_index/resource_index/package_run_dependencies/go2w_plain_slam_bridge\n'}
[131.462583] (go2w_plain_slam_bridge) StdoutLine: {'line': b'-- Symlinking: /home/unitree/robotscene/ros2_ws/install/go2w_plain_slam_bridge/share/ament_index/resource_index/parent_prefix_path/go2w_plain_slam_bridge\n'}
[131.499479] (go2w_plain_slam_bridge) StdoutLine: {'line': b'-- Symlinking: /home/unitree/robotscene/ros2_ws/install/go2w_plain_slam_bridge/share/go2w_plain_slam_bridge/environment/ament_prefix_path.sh\n'}
[131.522527] (-) TimerEvent: {}
[131.536907] (go2w_plain_slam_bridge) StdoutLine: {'line': b'-- Symlinking: /home/unitree/robotscene/ros2_ws/install/go2w_plain_slam_bridge/share/go2w_plain_slam_bridge/environment/ament_prefix_path.dsv\n'}
[131.562706] (go2w_plain_slam_bridge) StdoutLine: {'line': b'-- Symlinking: /home/unitree/robotscene/ros2_ws/install/go2w_plain_slam_bridge/share/go2w_plain_slam_bridge/environment/path.sh\n'}
[131.600681] (go2w_plain_slam_bridge) StdoutLine: {'line': b'-- Symlinking: /home/unitree/robotscene/ros2_ws/install/go2w_plain_slam_bridge/share/go2w_plain_slam_bridge/environment/path.dsv\n'}
[131.623244] (-) TimerEvent: {}
[131.696911] (go2w_plain_slam_bridge) StdoutLine: {'line': b'-- Symlinking: /home/unitree/robotscene/ros2_ws/install/go2w_plain_slam_bridge/share/go2w_plain_slam_bridge/local_setup.bash\n'}
[131.735962] (-) TimerEvent: {}
[131.754598] (go2w_plain_slam_bridge) StdoutLine: {'line': b'-- Symlinking: /home/unitree/robotscene/ros2_ws/install/go2w_plain_slam_bridge/share/go2w_plain_slam_bridge/local_setup.sh\n'}
[131.783371] (go2w_plain_slam_bridge) StdoutLine: {'line': b'-- Symlinking: /home/unitree/robotscene/ros2_ws/install/go2w_plain_slam_bridge/share/go2w_plain_slam_bridge/local_setup.zsh\n'}
[131.818230] (go2w_plain_slam_bridge) StdoutLine: {'line': b'-- Symlinking: /home/unitree/robotscene/ros2_ws/install/go2w_plain_slam_bridge/share/go2w_plain_slam_bridge/local_setup.dsv\n'}
[131.836112] (-) TimerEvent: {}
[131.856854] (go2w_plain_slam_bridge) StdoutLine: {'line': b'-- Symlinking: /home/unitree/robotscene/ros2_ws/install/go2w_plain_slam_bridge/share/go2w_plain_slam_bridge/package.dsv\n'}
[131.900201] (go2w_plain_slam_bridge) StdoutLine: {'line': b'-- Symlinking: /home/unitree/robotscene/ros2_ws/install/go2w_plain_slam_bridge/share/ament_index/resource_index/packages/go2w_plain_slam_bridge\n'}
[131.936278] (-) TimerEvent: {}
[131.937823] (go2w_plain_slam_bridge) StdoutLine: {'line': b'-- Symlinking: /home/unitree/robotscene/ros2_ws/install/go2w_plain_slam_bridge/share/go2w_plain_slam_bridge/cmake/go2w_plain_slam_bridgeConfig.cmake\n'}
[131.974851] (go2w_plain_slam_bridge) StdoutLine: {'line': b'-- Symlinking: /home/unitree/robotscene/ros2_ws/install/go2w_plain_slam_bridge/share/go2w_plain_slam_bridge/cmake/go2w_plain_slam_bridgeConfig-version.cmake\n'}
[132.036748] (-) TimerEvent: {}
[132.041319] (go2w_plain_slam_bridge) StdoutLine: {'line': b'-- Symlinking: /home/unitree/robotscene/ros2_ws/install/go2w_plain_slam_bridge/share/go2w_plain_slam_bridge/package.xml\n'}
[132.136930] (-) TimerEvent: {}
[132.140394] (go2w_plain_slam_bridge) CommandEnded: {'returncode': 0}
[132.239387] (-) TimerEvent: {}
[132.347354] (-) TimerEvent: {}
[132.449122] (-) TimerEvent: {}
[132.550722] (-) TimerEvent: {}
[132.651127] (-) TimerEvent: {}
[132.770027] (-) TimerEvent: {}
[132.873644] (-) TimerEvent: {}
[132.974034] (-) TimerEvent: {}
[133.099726] (-) TimerEvent: {}
[133.200252] (-) TimerEvent: {}
[133.302538] (-) TimerEvent: {}
[133.408942] (-) TimerEvent: {}
[133.509395] (-) TimerEvent: {}
[133.572947] (go2w_plain_slam_bridge) JobEnded: {'identifier': 'go2w_plain_slam_bridge', 'rc': 0}
[133.577685] (-) EventReactorShutdown: {}
