running develop
running egg_info
creating go2w_control_arbiter.egg-info
writing go2w_control_arbiter.egg-info/PKG-INFO
writing dependency_links to go2w_control_arbiter.egg-info/dependency_links.txt
writing entry points to go2w_control_arbiter.egg-info/entry_points.txt
writing requirements to go2w_control_arbiter.egg-info/requires.txt
writing top-level names to go2w_control_arbiter.egg-info/top_level.txt
writing manifest file 'go2w_control_arbiter.egg-info/SOURCES.txt'
reading manifest file 'go2w_control_arbiter.egg-info/SOURCES.txt'
writing manifest file 'go2w_control_arbiter.egg-info/SOURCES.txt'
running build_ext
Creating /home/unitree/robotscene/ros2_ws/install/go2w_control_arbiter/lib/python3.8/site-packages/site.py
Creating /home/unitree/robotscene/ros2_ws/install/go2w_control_arbiter/lib/python3.8/site-packages/go2w-control-arbiter.egg-link (link to .)
Installing arbiter script to /home/unitree/robotscene/ros2_ws/install/go2w_control_arbiter/lib/go2w_control_arbiter

Installed /home/unitree/robotscene/ros2_ws/build/go2w_control_arbiter
running install_data
creating /home/unitree/robotscene/ros2_ws/install/go2w_control_arbiter/share/ament_index
creating /home/unitree/robotscene/ros2_ws/install/go2w_control_arbiter/share/ament_index/resource_index
creating /home/unitree/robotscene/ros2_ws/install/go2w_control_arbiter/share/ament_index/resource_index/packages
copying resource/go2w_control_arbiter -> /home/unitree/robotscene/ros2_ws/install/go2w_control_arbiter/share/ament_index/resource_index/packages
copying package.xml -> /home/unitree/robotscene/ros2_ws/install/go2w_control_arbiter/share/go2w_control_arbiter
