[5.553s] Invoking command in '/home/unitree/robotscene/ros2_ws/build/go2w_control_arbiter': PYTHONPATH=/home/unitree/robotscene/ros2_ws/build/go2w_control_arbiter/prefix_override:/home/unitree/robotscene/ros2_ws/install/go2w_control_arbiter/lib/python3.8/site-packages:${PYTHONPATH} /usr/bin/python3 setup.py develop --editable --build-directory /home/unitree/robotscene/ros2_ws/build/go2w_control_arbiter/build --no-deps install_data
[6.397s] running develop
[6.708s] running egg_info
[6.708s] creating go2w_control_arbiter.egg-info
[6.709s] writing go2w_control_arbiter.egg-info/PKG-INFO
[6.709s] writing dependency_links to go2w_control_arbiter.egg-info/dependency_links.txt
[6.709s] writing entry points to go2w_control_arbiter.egg-info/entry_points.txt
[6.709s] writing requirements to go2w_control_arbiter.egg-info/requires.txt
[6.710s] writing top-level names to go2w_control_arbiter.egg-info/top_level.txt
[6.714s] writing manifest file 'go2w_control_arbiter.egg-info/SOURCES.txt'
[6.781s] reading manifest file 'go2w_control_arbiter.egg-info/SOURCES.txt'
[6.781s] writing manifest file 'go2w_control_arbiter.egg-info/SOURCES.txt'
[6.859s] running build_ext
[6.859s] Creating /home/unitree/robotscene/ros2_ws/install/go2w_control_arbiter/lib/python3.8/site-packages/site.py
[6.865s] Creating /home/unitree/robotscene/ros2_ws/install/go2w_control_arbiter/lib/python3.8/site-packages/go2w-control-arbiter.egg-link (link to .)
[6.868s] Installing arbiter script to /home/unitree/robotscene/ros2_ws/install/go2w_control_arbiter/lib/go2w_control_arbiter
[6.869s] 
[6.869s] Installed /home/unitree/robotscene/ros2_ws/build/go2w_control_arbiter
[6.870s] running install_data
[6.871s] creating /home/unitree/robotscene/ros2_ws/install/go2w_control_arbiter/share/ament_index
[6.871s] creating /home/unitree/robotscene/ros2_ws/install/go2w_control_arbiter/share/ament_index/resource_index
[6.872s] creating /home/unitree/robotscene/ros2_ws/install/go2w_control_arbiter/share/ament_index/resource_index/packages
[6.873s] copying resource/go2w_control_arbiter -> /home/unitree/robotscene/ros2_ws/install/go2w_control_arbiter/share/ament_index/resource_index/packages
[6.874s] copying package.xml -> /home/unitree/robotscene/ros2_ws/install/go2w_control_arbiter/share/go2w_control_arbiter
[7.851s] Invoked command in '/home/unitree/robotscene/ros2_ws/build/go2w_control_arbiter' returned '0': PYTHONPATH=/home/unitree/robotscene/ros2_ws/build/go2w_control_arbiter/prefix_override:/home/unitree/robotscene/ros2_ws/install/go2w_control_arbiter/lib/python3.8/site-packages:${PYTHONPATH} /usr/bin/python3 setup.py develop --editable --build-directory /home/unitree/robotscene/ros2_ws/build/go2w_control_arbiter/build --no-deps install_data
