[8.211s] DEBUG:colcon:Command line arguments: ['/usr/bin/colcon', 'build', '--packages-select', 'plain_slam_ros2']
[8.211s] DEBUG:colcon:Parsed command line arguments: Namespace(allow_overriding=[], ament_cmake_args=None, base_paths=['.'], build_base='build', catkin_cmake_args=None, catkin_skip_building_tests=False, cmake_args=None, cmake_clean_cache=False, cmake_clean_first=False, cmake_force_configure=False, cmake_target=None, cmake_target_skip_unavailable=False, continue_on_error=False, event_handlers=None, executor='parallel', ignore_user_meta=False, install_base='install', log_base=None, log_level=None, main=<bound method BuildVerb.main of <colcon_core.verb.build.BuildVerb object at 0xffffb1423dc0>>, merge_install=False, metas=['./colcon.meta'], packages_above=None, packages_above_and_dependencies=None, packages_above_depth=None, packages_end=None, packages_ignore=None, packages_ignore_regex=None, packages_select=['plain_slam_ros2'], packages_select_build_failed=False, packages_select_by_dep=None, packages_select_regex=None, packages_select_test_failures=False, packages_skip=None, packages_skip_build_finished=False, packages_skip_by_dep=None, packages_skip_regex=None, packages_skip_test_passed=False, packages_skip_up_to=None, packages_start=None, packages_up_to=None, packages_up_to_regex=None, parallel_workers=4, paths=None, symlink_install=False, test_result_base=None, verb_extension=<colcon_core.verb.build.BuildVerb object at 0xffffb1423dc0>, verb_name='build', verb_parser=<colcon_defaults.argument_parser.defaults.DefaultArgumentsDecorator object at 0xffffb0ff76d0>)
[8.567s] Level 1:colcon.colcon_core.package_discovery:discover_packages(colcon_meta) check parameters
[8.567s] Level 1:colcon.colcon_core.package_discovery:discover_packages(recursive) check parameters
[8.567s] Level 1:colcon.colcon_core.package_discovery:discover_packages(ignore) check parameters
[8.568s] Level 1:colcon.colcon_core.package_discovery:discover_packages(path) check parameters
[8.568s] Level 1:colcon.colcon_core.package_discovery:discover_packages(colcon_meta) discover
[8.568s] Level 1:colcon.colcon_core.package_discovery:discover_packages(recursive) discover
[8.571s] INFO:colcon.colcon_core.package_discovery:Crawling recursively for packages in '/home/unitree/robotscene/ros2_ws'
[8.571s] Level 1:colcon.colcon_core.package_identification:_identify(.) by extensions ['ignore', 'ignore_ament_install']
[8.571s] Level 1:colcon.colcon_core.package_identification:_identify(.) by extension 'ignore'
[8.572s] Level 1:colcon.colcon_core.package_identification:_identify(.) by extension 'ignore_ament_install'
[8.572s] Level 1:colcon.colcon_core.package_identification:_identify(.) by extensions ['colcon_pkg']
[8.572s] Level 1:colcon.colcon_core.package_identification:_identify(.) by extension 'colcon_pkg'
[8.572s] Level 1:colcon.colcon_core.package_identification:_identify(.) by extensions ['colcon_meta']
[8.572s] Level 1:colcon.colcon_core.package_identification:_identify(.) by extension 'colcon_meta'
[8.572s] Level 1:colcon.colcon_core.package_identification:_identify(.) by extensions ['ros']
[8.572s] Level 1:colcon.colcon_core.package_identification:_identify(.) by extension 'ros'
[8.621s] Level 1:colcon.colcon_core.package_identification:_identify(.) by extensions ['cmake', 'python']
[8.622s] Level 1:colcon.colcon_core.package_identification:_identify(.) by extension 'cmake'
[8.622s] Level 1:colcon.colcon_core.package_identification:_identify(.) by extension 'python'
[8.622s] Level 1:colcon.colcon_core.package_identification:_identify(.) by extensions ['python_setup_py']
[8.622s] Level 1:colcon.colcon_core.package_identification:_identify(.) by extension 'python_setup_py'
[8.622s] Level 1:colcon.colcon_core.package_identification:_identify(build) by extensions ['ignore', 'ignore_ament_install']
[8.623s] Level 1:colcon.colcon_core.package_identification:_identify(build) by extension 'ignore'
[8.623s] Level 1:colcon.colcon_core.package_identification:_identify(build) ignored
[8.623s] Level 1:colcon.colcon_core.package_identification:_identify(install) by extensions ['ignore', 'ignore_ament_install']
[8.623s] Level 1:colcon.colcon_core.package_identification:_identify(install) by extension 'ignore'
[8.623s] Level 1:colcon.colcon_core.package_identification:_identify(install) ignored
[8.623s] Level 1:colcon.colcon_core.package_identification:_identify(log) by extensions ['ignore', 'ignore_ament_install']
[8.624s] Level 1:colcon.colcon_core.package_identification:_identify(log) by extension 'ignore'
[8.624s] Level 1:colcon.colcon_core.package_identification:_identify(log) ignored
[8.624s] Level 1:colcon.colcon_core.package_identification:_identify(src) by extensions ['ignore', 'ignore_ament_install']
[8.624s] Level 1:colcon.colcon_core.package_identification:_identify(src) by extension 'ignore'
[8.624s] Level 1:colcon.colcon_core.package_identification:_identify(src) by extension 'ignore_ament_install'
[8.624s] Level 1:colcon.colcon_core.package_identification:_identify(src) by extensions ['colcon_pkg']
[8.624s] Level 1:colcon.colcon_core.package_identification:_identify(src) by extension 'colcon_pkg'
[8.624s] Level 1:colcon.colcon_core.package_identification:_identify(src) by extensions ['colcon_meta']
[8.625s] Level 1:colcon.colcon_core.package_identification:_identify(src) by extension 'colcon_meta'
[8.625s] Level 1:colcon.colcon_core.package_identification:_identify(src) by extensions ['ros']
[8.625s] Level 1:colcon.colcon_core.package_identification:_identify(src) by extension 'ros'
[8.625s] Level 1:colcon.colcon_core.package_identification:_identify(src) by extensions ['cmake', 'python']
[8.625s] Level 1:colcon.colcon_core.package_identification:_identify(src) by extension 'cmake'
[8.625s] Level 1:colcon.colcon_core.package_identification:_identify(src) by extension 'python'
[8.625s] Level 1:colcon.colcon_core.package_identification:_identify(src) by extensions ['python_setup_py']
[8.625s] Level 1:colcon.colcon_core.package_identification:_identify(src) by extension 'python_setup_py'
[8.625s] Level 1:colcon.colcon_core.package_identification:_identify(src/go2w_camera_bridge) by extensions ['ignore', 'ignore_ament_install']
[8.626s] Level 1:colcon.colcon_core.package_identification:_identify(src/go2w_camera_bridge) by extension 'ignore'
[8.626s] Level 1:colcon.colcon_core.package_identification:_identify(src/go2w_camera_bridge) by extension 'ignore_ament_install'
[8.626s] Level 1:colcon.colcon_core.package_identification:_identify(src/go2w_camera_bridge) by extensions ['colcon_pkg']
[8.626s] Level 1:colcon.colcon_core.package_identification:_identify(src/go2w_camera_bridge) by extension 'colcon_pkg'
[8.626s] Level 1:colcon.colcon_core.package_identification:_identify(src/go2w_camera_bridge) by extensions ['colcon_meta']
[8.626s] Level 1:colcon.colcon_core.package_identification:_identify(src/go2w_camera_bridge) by extension 'colcon_meta'
[8.626s] Level 1:colcon.colcon_core.package_identification:_identify(src/go2w_camera_bridge) by extensions ['ros']
[8.626s] Level 1:colcon.colcon_core.package_identification:_identify(src/go2w_camera_bridge) by extension 'ros'
[8.632s] DEBUG:colcon.colcon_core.package_identification:Package 'src/go2w_camera_bridge' with type 'ros.ament_python' and name 'go2w_camera_bridge'
[8.632s] Level 1:colcon.colcon_core.package_identification:_identify(src/go2w_cmd_vel_bridge) by extensions ['ignore', 'ignore_ament_install']
[8.632s] Level 1:colcon.colcon_core.package_identification:_identify(src/go2w_cmd_vel_bridge) by extension 'ignore'
[8.633s] Level 1:colcon.colcon_core.package_identification:_identify(src/go2w_cmd_vel_bridge) by extension 'ignore_ament_install'
[8.633s] Level 1:colcon.colcon_core.package_identification:_identify(src/go2w_cmd_vel_bridge) by extensions ['colcon_pkg']
[8.633s] Level 1:colcon.colcon_core.package_identification:_identify(src/go2w_cmd_vel_bridge) by extension 'colcon_pkg'
[8.633s] Level 1:colcon.colcon_core.package_identification:_identify(src/go2w_cmd_vel_bridge) by extensions ['colcon_meta']
[8.633s] Level 1:colcon.colcon_core.package_identification:_identify(src/go2w_cmd_vel_bridge) by extension 'colcon_meta'
[8.633s] Level 1:colcon.colcon_core.package_identification:_identify(src/go2w_cmd_vel_bridge) by extensions ['ros']
[8.633s] Level 1:colcon.colcon_core.package_identification:_identify(src/go2w_cmd_vel_bridge) by extension 'ros'
[8.634s] DEBUG:colcon.colcon_core.package_identification:Package 'src/go2w_cmd_vel_bridge' with type 'ros.ament_python' and name 'go2w_cmd_vel_bridge'
[8.635s] Level 1:colcon.colcon_core.package_identification:_identify(src/go2w_control_arbiter) by extensions ['ignore', 'ignore_ament_install']
[8.635s] Level 1:colcon.colcon_core.package_identification:_identify(src/go2w_control_arbiter) by extension 'ignore'
[8.635s] Level 1:colcon.colcon_core.package_identification:_identify(src/go2w_control_arbiter) by extension 'ignore_ament_install'
[8.635s] Level 1:colcon.colcon_core.package_identification:_identify(src/go2w_control_arbiter) by extensions ['colcon_pkg']
[8.635s] Level 1:colcon.colcon_core.package_identification:_identify(src/go2w_control_arbiter) by extension 'colcon_pkg'
[8.635s] Level 1:colcon.colcon_core.package_identification:_identify(src/go2w_control_arbiter) by extensions ['colcon_meta']
[8.635s] Level 1:colcon.colcon_core.package_identification:_identify(src/go2w_control_arbiter) by extension 'colcon_meta'
[8.635s] Level 1:colcon.colcon_core.package_identification:_identify(src/go2w_control_arbiter) by extensions ['ros']
[8.635s] Level 1:colcon.colcon_core.package_identification:_identify(src/go2w_control_arbiter) by extension 'ros'
[8.636s] DEBUG:colcon.colcon_core.package_identification:Package 'src/go2w_control_arbiter' with type 'ros.ament_python' and name 'go2w_control_arbiter'
[8.636s] Level 1:colcon.colcon_core.package_identification:_identify(src/go2w_description) by extensions ['ignore', 'ignore_ament_install']
[8.637s] Level 1:colcon.colcon_core.package_identification:_identify(src/go2w_description) by extension 'ignore'
[8.637s] Level 1:colcon.colcon_core.package_identification:_identify(src/go2w_description) by extension 'ignore_ament_install'
[8.637s] Level 1:colcon.colcon_core.package_identification:_identify(src/go2w_description) by extensions ['colcon_pkg']
[8.637s] Level 1:colcon.colcon_core.package_identification:_identify(src/go2w_description) by extension 'colcon_pkg'
[8.637s] Level 1:colcon.colcon_core.package_identification:_identify(src/go2w_description) by extensions ['colcon_meta']
[8.637s] Level 1:colcon.colcon_core.package_identification:_identify(src/go2w_description) by extension 'colcon_meta'
[8.637s] Level 1:colcon.colcon_core.package_identification:_identify(src/go2w_description) by extensions ['ros']
[8.637s] Level 1:colcon.colcon_core.package_identification:_identify(src/go2w_description) by extension 'ros'
[8.638s] DEBUG:colcon.colcon_core.package_identification:Package 'src/go2w_description' with type 'ros.ament_python' and name 'go2w_description'
[8.638s] Level 1:colcon.colcon_core.package_identification:_identify(src/go2w_lidar_preprocessor) by extensions ['ignore', 'ignore_ament_install']
[8.644s] Level 1:colcon.colcon_core.package_identification:_identify(src/go2w_lidar_preprocessor) by extension 'ignore'
[8.645s] Level 1:colcon.colcon_core.package_identification:_identify(src/go2w_lidar_preprocessor) by extension 'ignore_ament_install'
[8.645s] Level 1:colcon.colcon_core.package_identification:_identify(src/go2w_lidar_preprocessor) by extensions ['colcon_pkg']
[8.645s] Level 1:colcon.colcon_core.package_identification:_identify(src/go2w_lidar_preprocessor) by extension 'colcon_pkg'
[8.645s] Level 1:colcon.colcon_core.package_identification:_identify(src/go2w_lidar_preprocessor) by extensions ['colcon_meta']
[8.645s] Level 1:colcon.colcon_core.package_identification:_identify(src/go2w_lidar_preprocessor) by extension 'colcon_meta'
[8.645s] Level 1:colcon.colcon_core.package_identification:_identify(src/go2w_lidar_preprocessor) by extensions ['ros']
[8.645s] Level 1:colcon.colcon_core.package_identification:_identify(src/go2w_lidar_preprocessor) by extension 'ros'
[8.648s] DEBUG:colcon.colcon_core.package_identification:Package 'src/go2w_lidar_preprocessor' with type 'ros.ament_python' and name 'go2w_lidar_preprocessor'
[8.648s] Level 1:colcon.colcon_core.package_identification:_identify(src/go2w_lio_bringup) by extensions ['ignore', 'ignore_ament_install']
[8.648s] Level 1:colcon.colcon_core.package_identification:_identify(src/go2w_lio_bringup) by extension 'ignore'
[8.649s] Level 1:colcon.colcon_core.package_identification:_identify(src/go2w_lio_bringup) by extension 'ignore_ament_install'
[8.649s] Level 1:colcon.colcon_core.package_identification:_identify(src/go2w_lio_bringup) by extensions ['colcon_pkg']
[8.649s] Level 1:colcon.colcon_core.package_identification:_identify(src/go2w_lio_bringup) by extension 'colcon_pkg'
[8.649s] Level 1:colcon.colcon_core.package_identification:_identify(src/go2w_lio_bringup) by extensions ['colcon_meta']
[8.649s] Level 1:colcon.colcon_core.package_identification:_identify(src/go2w_lio_bringup) by extension 'colcon_meta'
[8.649s] Level 1:colcon.colcon_core.package_identification:_identify(src/go2w_lio_bringup) by extensions ['ros']
[8.649s] Level 1:colcon.colcon_core.package_identification:_identify(src/go2w_lio_bringup) by extension 'ros'
[8.650s] DEBUG:colcon.colcon_core.package_identification:Package 'src/go2w_lio_bringup' with type 'ros.ament_python' and name 'go2w_lio_bringup'
[8.651s] Level 1:colcon.colcon_core.package_identification:_identify(src/go2w_plain_slam_bridge) by extensions ['ignore', 'ignore_ament_install']
[8.651s] Level 1:colcon.colcon_core.package_identification:_identify(src/go2w_plain_slam_bridge) by extension 'ignore'
[8.651s] Level 1:colcon.colcon_core.package_identification:_identify(src/go2w_plain_slam_bridge) by extension 'ignore_ament_install'
[8.651s] Level 1:colcon.colcon_core.package_identification:_identify(src/go2w_plain_slam_bridge) by extensions ['colcon_pkg']
[8.651s] Level 1:colcon.colcon_core.package_identification:_identify(src/go2w_plain_slam_bridge) by extension 'colcon_pkg'
[8.651s] Level 1:colcon.colcon_core.package_identification:_identify(src/go2w_plain_slam_bridge) by extensions ['colcon_meta']
[8.651s] Level 1:colcon.colcon_core.package_identification:_identify(src/go2w_plain_slam_bridge) by extension 'colcon_meta'
[8.651s] Level 1:colcon.colcon_core.package_identification:_identify(src/go2w_plain_slam_bridge) by extensions ['ros']
[8.651s] Level 1:colcon.colcon_core.package_identification:_identify(src/go2w_plain_slam_bridge) by extension 'ros'
[8.653s] DEBUG:colcon.colcon_core.package_identification:Package 'src/go2w_plain_slam_bridge' with type 'ros.ament_cmake' and name 'go2w_plain_slam_bridge'
[8.654s] Level 1:colcon.colcon_core.package_identification:_identify(src/go2w_rgb_lidar_fusion) by extensions ['ignore', 'ignore_ament_install']
[8.654s] Level 1:colcon.colcon_core.package_identification:_identify(src/go2w_rgb_lidar_fusion) by extension 'ignore'
[8.654s] Level 1:colcon.colcon_core.package_identification:_identify(src/go2w_rgb_lidar_fusion) by extension 'ignore_ament_install'
[8.654s] Level 1:colcon.colcon_core.package_identification:_identify(src/go2w_rgb_lidar_fusion) by extensions ['colcon_pkg']
[8.654s] Level 1:colcon.colcon_core.package_identification:_identify(src/go2w_rgb_lidar_fusion) by extension 'colcon_pkg'
[8.654s] Level 1:colcon.colcon_core.package_identification:_identify(src/go2w_rgb_lidar_fusion) by extensions ['colcon_meta']
[8.654s] Level 1:colcon.colcon_core.package_identification:_identify(src/go2w_rgb_lidar_fusion) by extension 'colcon_meta'
[8.654s] Level 1:colcon.colcon_core.package_identification:_identify(src/go2w_rgb_lidar_fusion) by extensions ['ros']
[8.655s] Level 1:colcon.colcon_core.package_identification:_identify(src/go2w_rgb_lidar_fusion) by extension 'ros'
[8.656s] DEBUG:colcon.colcon_core.package_identification:Package 'src/go2w_rgb_lidar_fusion' with type 'ros.ament_python' and name 'go2w_rgb_lidar_fusion'
[8.656s] Level 1:colcon.colcon_core.package_identification:_identify(src/go2w_sensor_time_bridge) by extensions ['ignore', 'ignore_ament_install']
[8.656s] Level 1:colcon.colcon_core.package_identification:_identify(src/go2w_sensor_time_bridge) by extension 'ignore'
[8.656s] Level 1:colcon.colcon_core.package_identification:_identify(src/go2w_sensor_time_bridge) by extension 'ignore_ament_install'
[8.656s] Level 1:colcon.colcon_core.package_identification:_identify(src/go2w_sensor_time_bridge) by extensions ['colcon_pkg']
[8.657s] Level 1:colcon.colcon_core.package_identification:_identify(src/go2w_sensor_time_bridge) by extension 'colcon_pkg'
[8.657s] Level 1:colcon.colcon_core.package_identification:_identify(src/go2w_sensor_time_bridge) by extensions ['colcon_meta']
[8.657s] Level 1:colcon.colcon_core.package_identification:_identify(src/go2w_sensor_time_bridge) by extension 'colcon_meta'
[8.657s] Level 1:colcon.colcon_core.package_identification:_identify(src/go2w_sensor_time_bridge) by extensions ['ros']
[8.657s] Level 1:colcon.colcon_core.package_identification:_identify(src/go2w_sensor_time_bridge) by extension 'ros'
[8.658s] DEBUG:colcon.colcon_core.package_identification:Package 'src/go2w_sensor_time_bridge' with type 'ros.ament_python' and name 'go2w_sensor_time_bridge'
[8.659s] Level 1:colcon.colcon_core.package_identification:_identify(src/hesai_ros_driver) by extensions ['ignore', 'ignore_ament_install']
[8.659s] Level 1:colcon.colcon_core.package_identification:_identify(src/hesai_ros_driver) by extension 'ignore'
[8.659s] Level 1:colcon.colcon_core.package_identification:_identify(src/hesai_ros_driver) by extension 'ignore_ament_install'
[8.659s] Level 1:colcon.colcon_core.package_identification:_identify(src/hesai_ros_driver) by extensions ['colcon_pkg']
[8.659s] Level 1:colcon.colcon_core.package_identification:_identify(src/hesai_ros_driver) by extension 'colcon_pkg'
[8.659s] Level 1:colcon.colcon_core.package_identification:_identify(src/hesai_ros_driver) by extensions ['colcon_meta']
[8.659s] Level 1:colcon.colcon_core.package_identification:_identify(src/hesai_ros_driver) by extension 'colcon_meta'
[8.659s] Level 1:colcon.colcon_core.package_identification:_identify(src/hesai_ros_driver) by extensions ['ros']
[8.659s] Level 1:colcon.colcon_core.package_identification:_identify(src/hesai_ros_driver) by extension 'ros'
[8.723s] DEBUG:colcon.colcon_core.package_identification:Package 'src/hesai_ros_driver' with type 'ros.ament_cmake' and name 'hesai_ros_driver'
[8.724s] Level 1:colcon.colcon_core.package_identification:_identify(src/plain_slam_ros2) by extensions ['ignore', 'ignore_ament_install']
[8.729s] Level 1:colcon.colcon_core.package_identification:_identify(src/plain_slam_ros2) by extension 'ignore'
[8.730s] Level 1:colcon.colcon_core.package_identification:_identify(src/plain_slam_ros2) by extension 'ignore_ament_install'
[8.730s] Level 1:colcon.colcon_core.package_identification:_identify(src/plain_slam_ros2) by extensions ['colcon_pkg']
[8.730s] Level 1:colcon.colcon_core.package_identification:_identify(src/plain_slam_ros2) by extension 'colcon_pkg'
[8.730s] Level 1:colcon.colcon_core.package_identification:_identify(src/plain_slam_ros2) by extensions ['colcon_meta']
[8.730s] Level 1:colcon.colcon_core.package_identification:_identify(src/plain_slam_ros2) by extension 'colcon_meta'
[8.730s] Level 1:colcon.colcon_core.package_identification:_identify(src/plain_slam_ros2) by extensions ['ros']
[8.730s] Level 1:colcon.colcon_core.package_identification:_identify(src/plain_slam_ros2) by extension 'ros'
[8.733s] DEBUG:colcon.colcon_core.package_identification:Package 'src/plain_slam_ros2' with type 'ros.ament_cmake' and name 'plain_slam_ros2'
[8.733s] Level 1:colcon.colcon_core.package_identification:_identify(src/robot_scene_live_bridge) by extensions ['ignore', 'ignore_ament_install']
[8.733s] Level 1:colcon.colcon_core.package_identification:_identify(src/robot_scene_live_bridge) by extension 'ignore'
[8.734s] Level 1:colcon.colcon_core.package_identification:_identify(src/robot_scene_live_bridge) by extension 'ignore_ament_install'
[8.734s] Level 1:colcon.colcon_core.package_identification:_identify(src/robot_scene_live_bridge) by extensions ['colcon_pkg']
[8.734s] Level 1:colcon.colcon_core.package_identification:_identify(src/robot_scene_live_bridge) by extension 'colcon_pkg'
[8.734s] Level 1:colcon.colcon_core.package_identification:_identify(src/robot_scene_live_bridge) by extensions ['colcon_meta']
[8.734s] Level 1:colcon.colcon_core.package_identification:_identify(src/robot_scene_live_bridge) by extension 'colcon_meta'
[8.734s] Level 1:colcon.colcon_core.package_identification:_identify(src/robot_scene_live_bridge) by extensions ['ros']
[8.734s] Level 1:colcon.colcon_core.package_identification:_identify(src/robot_scene_live_bridge) by extension 'ros'
[8.738s] DEBUG:colcon.colcon_core.package_identification:Package 'src/robot_scene_live_bridge' with type 'ros.ament_python' and name 'robot_scene_live_bridge'
[8.748s] Level 1:colcon.colcon_core.package_identification:_identify(src/robot_scene_nav_bringup) by extensions ['ignore', 'ignore_ament_install']
[8.749s] Level 1:colcon.colcon_core.package_identification:_identify(src/robot_scene_nav_bringup) by extension 'ignore'
[8.749s] Level 1:colcon.colcon_core.package_identification:_identify(src/robot_scene_nav_bringup) by extension 'ignore_ament_install'
[8.749s] Level 1:colcon.colcon_core.package_identification:_identify(src/robot_scene_nav_bringup) by extensions ['colcon_pkg']
[8.749s] Level 1:colcon.colcon_core.package_identification:_identify(src/robot_scene_nav_bringup) by extension 'colcon_pkg'
[8.749s] Level 1:colcon.colcon_core.package_identification:_identify(src/robot_scene_nav_bringup) by extensions ['colcon_meta']
[8.749s] Level 1:colcon.colcon_core.package_identification:_identify(src/robot_scene_nav_bringup) by extension 'colcon_meta'
[8.750s] Level 1:colcon.colcon_core.package_identification:_identify(src/robot_scene_nav_bringup) by extensions ['ros']
[8.750s] Level 1:colcon.colcon_core.package_identification:_identify(src/robot_scene_nav_bringup) by extension 'ros'
[8.757s] DEBUG:colcon.colcon_core.package_identification:Package 'src/robot_scene_nav_bringup' with type 'ros.ament_cmake' and name 'robot_scene_nav_bringup'
[8.757s] Level 1:colcon.colcon_core.package_discovery:discover_packages(recursive) using defaults
[8.757s] Level 1:colcon.colcon_core.package_discovery:discover_packages(ignore) discover
[8.757s] Level 1:colcon.colcon_core.package_discovery:discover_packages(ignore) using defaults
[8.757s] Level 1:colcon.colcon_core.package_discovery:discover_packages(path) discover
[8.758s] Level 1:colcon.colcon_core.package_discovery:discover_packages(path) using defaults
[9.185s] INFO:colcon.colcon_core.package_selection:Skipping not selected package 'go2w_camera_bridge' in 'src/go2w_camera_bridge'
[9.186s] INFO:colcon.colcon_core.package_selection:Skipping not selected package 'go2w_cmd_vel_bridge' in 'src/go2w_cmd_vel_bridge'
[9.186s] INFO:colcon.colcon_core.package_selection:Skipping not selected package 'go2w_control_arbiter' in 'src/go2w_control_arbiter'
[9.186s] INFO:colcon.colcon_core.package_selection:Skipping not selected package 'go2w_description' in 'src/go2w_description'
[9.186s] INFO:colcon.colcon_core.package_selection:Skipping not selected package 'go2w_plain_slam_bridge' in 'src/go2w_plain_slam_bridge'
[9.186s] INFO:colcon.colcon_core.package_selection:Skipping not selected package 'go2w_rgb_lidar_fusion' in 'src/go2w_rgb_lidar_fusion'
[9.186s] INFO:colcon.colcon_core.package_selection:Skipping not selected package 'go2w_sensor_time_bridge' in 'src/go2w_sensor_time_bridge'
[9.186s] INFO:colcon.colcon_core.package_selection:Skipping not selected package 'hesai_ros_driver' in 'src/hesai_ros_driver'
[9.186s] INFO:colcon.colcon_core.package_selection:Skipping not selected package 'robot_scene_live_bridge' in 'src/robot_scene_live_bridge'
[9.186s] INFO:colcon.colcon_core.package_selection:Skipping not selected package 'robot_scene_nav_bringup' in 'src/robot_scene_nav_bringup'
[9.186s] INFO:colcon.colcon_core.package_selection:Skipping not selected package 'go2w_lidar_preprocessor' in 'src/go2w_lidar_preprocessor'
[9.186s] INFO:colcon.colcon_core.package_selection:Skipping not selected package 'go2w_lio_bringup' in 'src/go2w_lio_bringup'
[9.482s] Level 1:colcon.colcon_core.package_discovery:discover_packages(prefix_path) check parameters
[9.482s] Level 1:colcon.colcon_core.package_discovery:discover_packages(prefix_path) discover
[9.869s] DEBUG:colcon.colcon_installed_package_information.package_discovery:Found 297 installed packages in /opt/ros/foxy
[9.872s] Level 1:colcon.colcon_core.package_discovery:discover_packages(prefix_path) using defaults
[10.349s] Level 5:colcon.colcon_core.verb:set package 'plain_slam_ros2' build argument 'cmake_args' from command line to 'None'
[10.349s] Level 5:colcon.colcon_core.verb:set package 'plain_slam_ros2' build argument 'cmake_target' from command line to 'None'
[10.349s] Level 5:colcon.colcon_core.verb:set package 'plain_slam_ros2' build argument 'cmake_target_skip_unavailable' from command line to 'False'
[10.349s] Level 5:colcon.colcon_core.verb:set package 'plain_slam_ros2' build argument 'cmake_clean_cache' from command line to 'False'
[10.349s] Level 5:colcon.colcon_core.verb:set package 'plain_slam_ros2' build argument 'cmake_clean_first' from command line to 'False'
[10.349s] Level 5:colcon.colcon_core.verb:set package 'plain_slam_ros2' build argument 'cmake_force_configure' from command line to 'False'
[10.349s] Level 5:colcon.colcon_core.verb:set package 'plain_slam_ros2' build argument 'ament_cmake_args' from command line to 'None'
[10.350s] Level 5:colcon.colcon_core.verb:set package 'plain_slam_ros2' build argument 'catkin_cmake_args' from command line to 'None'
[10.350s] Level 5:colcon.colcon_core.verb:set package 'plain_slam_ros2' build argument 'catkin_skip_building_tests' from command line to 'False'
[10.350s] DEBUG:colcon.colcon_core.verb:Building package 'plain_slam_ros2' with the following arguments: {'ament_cmake_args': None, 'build_base': '/home/unitree/robotscene/ros2_ws/build/plain_slam_ros2', 'catkin_cmake_args': None, 'catkin_skip_building_tests': False, 'cmake_args': None, 'cmake_clean_cache': False, 'cmake_clean_first': False, 'cmake_force_configure': False, 'cmake_target': None, 'cmake_target_skip_unavailable': False, 'install_base': '/home/unitree/robotscene/ros2_ws/install/plain_slam_ros2', 'merge_install': False, 'path': '/home/unitree/robotscene/ros2_ws/src/plain_slam_ros2', 'symlink_install': False, 'test_result_base': None}
[10.514s] INFO:colcon.colcon_core.executor:Executing jobs using 'parallel' executor
[10.627s] DEBUG:colcon.colcon_parallel_executor.executor.parallel:run_until_complete
[10.627s] INFO:colcon.colcon_ros.task.ament_cmake.build:Building ROS package in '/home/unitree/robotscene/ros2_ws/src/plain_slam_ros2' with build type 'ament_cmake'
[10.628s] INFO:colcon.colcon_cmake.task.cmake.build:Building CMake package in '/home/unitree/robotscene/ros2_ws/src/plain_slam_ros2'
[10.749s] INFO:colcon.colcon_core.plugin_system:Skipping extension 'colcon_core.shell.bat': Not used on non-Windows systems
[10.749s] INFO:colcon.colcon_core.shell:Skip shell extension 'powershell' for command environment: Not usable outside of PowerShell
[10.750s] DEBUG:colcon.colcon_core.shell:Skip shell extension 'dsv' for command environment
[11.122s] DEBUG:colcon.colcon_core.event_handler.log_command:Invoking command in '/home/unitree/robotscene/ros2_ws/build/plain_slam_ros2': CMAKE_PREFIX_PATH=/opt/ros/foxy /usr/bin/cmake --build /home/unitree/robotscene/ros2_ws/build/plain_slam_ros2 -- -j4 -l4
[18.316s] DEBUG:colcon.colcon_core.event_handler.log_command:Invoked command in '/home/unitree/robotscene/ros2_ws/build/plain_slam_ros2' returned '2': CMAKE_PREFIX_PATH=/opt/ros/foxy /usr/bin/cmake --build /home/unitree/robotscene/ros2_ws/build/plain_slam_ros2 -- -j4 -l4
[18.912s] Level 1:colcon.colcon_core.environment:create_environment_scripts_only(plain_slam_ros2)
[19.121s] Level 1:colcon.colcon_core.environment:checking '/home/unitree/robotscene/ros2_ws/install/plain_slam_ros2' for CMake module files
[19.122s] Level 1:colcon.colcon_core.environment:checking '/home/unitree/robotscene/ros2_ws/install/plain_slam_ros2' for CMake config files
[19.123s] Level 1:colcon.colcon_core.environment:checking '/home/unitree/robotscene/ros2_ws/install/plain_slam_ros2/bin'
[19.123s] Level 1:colcon.colcon_core.environment:checking '/home/unitree/robotscene/ros2_ws/install/plain_slam_ros2/lib/pkgconfig/plain_slam_ros2.pc'
[19.124s] Level 1:colcon.colcon_core.environment:checking '/home/unitree/robotscene/ros2_ws/install/plain_slam_ros2/lib/python3.8/site-packages'
[19.124s] Level 1:colcon.colcon_core.environment:checking '/home/unitree/robotscene/ros2_ws/install/plain_slam_ros2/bin'
[19.252s] INFO:colcon.colcon_core.shell:Creating package script '/home/unitree/robotscene/ros2_ws/install/plain_slam_ros2/share/plain_slam_ros2/package.ps1'
[19.254s] INFO:colcon.colcon_core.shell:Creating package descriptor '/home/unitree/robotscene/ros2_ws/install/plain_slam_ros2/share/plain_slam_ros2/package.dsv'
[19.259s] INFO:colcon.colcon_core.shell:Creating package script '/home/unitree/robotscene/ros2_ws/install/plain_slam_ros2/share/plain_slam_ros2/package.sh'
[19.263s] INFO:colcon.colcon_core.shell:Creating package script '/home/unitree/robotscene/ros2_ws/install/plain_slam_ros2/share/plain_slam_ros2/package.bash'
[19.265s] INFO:colcon.colcon_core.shell:Creating package script '/home/unitree/robotscene/ros2_ws/install/plain_slam_ros2/share/plain_slam_ros2/package.zsh'
[19.266s] Level 1:colcon.colcon_core.environment:create_file_with_runtime_dependencies(/home/unitree/robotscene/ros2_ws/install/plain_slam_ros2/share/colcon-core/packages/plain_slam_ros2)
[19.278s] DEBUG:colcon.colcon_parallel_executor.executor.parallel:closing loop
[19.278s] DEBUG:colcon.colcon_parallel_executor.executor.parallel:loop closed
[19.279s] DEBUG:colcon.colcon_parallel_executor.executor.parallel:run_until_complete finished with '2'
[19.279s] DEBUG:colcon.colcon_core.event_reactor:joining thread
[19.504s] INFO:colcon.colcon_core.plugin_system:Skipping extension 'colcon_notification.desktop_notification.terminal_notifier': Not used on non-Darwin systems
[19.504s] INFO:colcon.colcon_core.plugin_system:Skipping extension 'colcon_notification.desktop_notification.win32': Not used on non-Windows systems
[19.504s] INFO:colcon.colcon_notification.desktop_notification:Sending desktop notification using 'notify2'
[19.534s] DEBUG:colcon.colcon_notification.desktop_notification.notify2:Failed to initialize notify2: org.freedesktop.DBus.Error.Spawn.ChildExited: Process org.freedesktop.Notifications exited with status 1
[19.534s] DEBUG:colcon.colcon_core.event_reactor:joined thread
[19.643s] INFO:colcon.colcon_core.shell:Creating prefix script '/home/unitree/robotscene/ros2_ws/install/local_setup.ps1'
[19.647s] INFO:colcon.colcon_core.shell:Creating prefix util module '/home/unitree/robotscene/ros2_ws/install/_local_setup_util_ps1.py'
[19.650s] INFO:colcon.colcon_core.shell:Creating prefix chain script '/home/unitree/robotscene/ros2_ws/install/setup.ps1'
[19.818s] INFO:colcon.colcon_core.shell:Creating prefix script '/home/unitree/robotscene/ros2_ws/install/local_setup.sh'
[19.820s] INFO:colcon.colcon_core.shell:Creating prefix util module '/home/unitree/robotscene/ros2_ws/install/_local_setup_util_sh.py'
[19.821s] INFO:colcon.colcon_core.shell:Creating prefix chain script '/home/unitree/robotscene/ros2_ws/install/setup.sh'
[19.931s] INFO:colcon.colcon_core.shell:Creating prefix script '/home/unitree/robotscene/ros2_ws/install/local_setup.bash'
[19.932s] INFO:colcon.colcon_core.shell:Creating prefix chain script '/home/unitree/robotscene/ros2_ws/install/setup.bash'
[20.103s] INFO:colcon.colcon_core.shell:Creating prefix script '/home/unitree/robotscene/ros2_ws/install/local_setup.zsh'
[20.105s] INFO:colcon.colcon_core.shell:Creating prefix chain script '/home/unitree/robotscene/ros2_ws/install/setup.zsh'
