running develop
running egg_info
creating go2w_lio_bringup.egg-info
writing go2w_lio_bringup.egg-info/PKG-INFO
writing dependency_links to go2w_lio_bringup.egg-info/dependency_links.txt
writing entry points to go2w_lio_bringup.egg-info/entry_points.txt
writing requirements to go2w_lio_bringup.egg-info/requires.txt
writing top-level names to go2w_lio_bringup.egg-info/top_level.txt
writing manifest file 'go2w_lio_bringup.egg-info/SOURCES.txt'
reading manifest file 'go2w_lio_bringup.egg-info/SOURCES.txt'
writing manifest file 'go2w_lio_bringup.egg-info/SOURCES.txt'
running build_ext
Creating /home/unitree/robotscene/ros2_ws/install/go2w_lio_bringup/lib/python3.8/site-packages/site.py
Creating /home/unitree/robotscene/ros2_ws/install/go2w_lio_bringup/lib/python3.8/site-packages/go2w-lio-bringup.egg-link (link to .)
Installing go2w_wheel_odom script to /home/unitree/robotscene/ros2_ws/install/go2w_lio_bringup/lib/go2w_lio_bringup
Installing output_adapter script to /home/unitree/robotscene/ros2_ws/install/go2w_lio_bringup/lib/go2w_lio_bringup
Installing point_lio_bridge script to /home/unitree/robotscene/ros2_ws/install/go2w_lio_bringup/lib/go2w_lio_bringup

Installed /home/unitree/robotscene/ros2_ws/build/go2w_lio_bringup
running install_data
creating /home/unitree/robotscene/ros2_ws/install/go2w_lio_bringup/share/ament_index
creating /home/unitree/robotscene/ros2_ws/install/go2w_lio_bringup/share/ament_index/resource_index
creating /home/unitree/robotscene/ros2_ws/install/go2w_lio_bringup/share/ament_index/resource_index/packages
copying resource/go2w_lio_bringup -> /home/unitree/robotscene/ros2_ws/install/go2w_lio_bringup/share/ament_index/resource_index/packages
copying package.xml -> /home/unitree/robotscene/ros2_ws/install/go2w_lio_bringup/share/go2w_lio_bringup
creating /home/unitree/robotscene/ros2_ws/install/go2w_lio_bringup/share/go2w_lio_bringup/launch
copying launch/lio.launch.py -> /home/unitree/robotscene/ros2_ws/install/go2w_lio_bringup/share/go2w_lio_bringup/launch
copying launch/point_lio.launch.py -> /home/unitree/robotscene/ros2_ws/install/go2w_lio_bringup/share/go2w_lio_bringup/launch
copying launch/wheel_odom.launch.py -> /home/unitree/robotscene/ros2_ws/install/go2w_lio_bringup/share/go2w_lio_bringup/launch
