The system is: Linux - 5.10.104-tegra - aarch64
Compiling the C compiler identification source file "CMakeCCompilerId.c" succeeded.
Compiler: /usr/bin/cc 
Build flags: 
Id flags:  

The output was:
0


Compilation of the C compiler identification source "CMakeCCompilerId.c" produced "a.out"

The C compiler identification is GNU, found in "/home/unitree/robotscene/external/cyclonedds_0.10.2/build/CMakeFiles/3.16.3/CompilerIdC/a.out"

Determining if the C compiler works passed with the following output:
Change Dir: /home/unitree/robotscene/external/cyclonedds_0.10.2/build/CMakeFiles/CMakeTmp

Run Build Command(s):/usr/bin/make cmTC_5a49d/fast && /usr/bin/make -f CMakeFiles/cmTC_5a49d.dir/build.make CMakeFiles/cmTC_5a49d.dir/build
make[1]: Entering directory '/home/unitree/robotscene/external/cyclonedds_0.10.2/build/CMakeFiles/CMakeTmp'
Building C object CMakeFiles/cmTC_5a49d.dir/testCCompiler.c.o
/usr/bin/cc    -o CMakeFiles/cmTC_5a49d.dir/testCCompiler.c.o   -c /home/unitree/robotscene/external/cyclonedds_0.10.2/build/CMakeFiles/CMakeTmp/testCCompiler.c
Linking C executable cmTC_5a49d
/usr/bin/cmake -E cmake_link_script CMakeFiles/cmTC_5a49d.dir/link.txt --verbose=1
/usr/bin/cc      CMakeFiles/cmTC_5a49d.dir/testCCompiler.c.o  -o cmTC_5a49d 
make[1]: Leaving directory '/home/unitree/robotscene/external/cyclonedds_0.10.2/build/CMakeFiles/CMakeTmp'



Detecting C compiler ABI info compiled with the following output:
Change Dir: /home/unitree/robotscene/external/cyclonedds_0.10.2/build/CMakeFiles/CMakeTmp

Run Build Command(s):/usr/bin/make cmTC_9c78c/fast && /usr/bin/make -f CMakeFiles/cmTC_9c78c.dir/build.make CMakeFiles/cmTC_9c78c.dir/build
make[1]: Entering directory '/home/unitree/robotscene/external/cyclonedds_0.10.2/build/CMakeFiles/CMakeTmp'
Building C object CMakeFiles/cmTC_9c78c.dir/CMakeCCompilerABI.c.o
/usr/bin/cc   -v -o CMakeFiles/cmTC_9c78c.dir/CMakeCCompilerABI.c.o   -c /usr/share/cmake-3.16/Modules/CMakeCCompilerABI.c
Using built-in specs.
COLLECT_GCC=/usr/bin/cc
Target: aarch64-linux-gnu
Configured with: ../src/configure -v --with-pkgversion='Ubuntu 9.4.0-1ubuntu1~20.04.2' --with-bugurl=file:///usr/share/doc/gcc-9/README.Bugs --enable-languages=c,ada,c++,go,d,fortran,objc,obj-c++,gm2 --prefix=/usr --with-gcc-major-version-only --program-suffix=-9 --program-prefix=aarch64-linux-gnu- --enable-shared --enable-linker-build-id --libexecdir=/usr/lib --without-included-gettext --enable-threads=posix --libdir=/usr/lib --enable-nls --enable-clocale=gnu --enable-libstdcxx-debug --enable-libstdcxx-time=yes --with-default-libstdcxx-abi=new --enable-gnu-unique-object --disable-libquadmath --disable-libquadmath-support --enable-plugin --enable-default-pie --with-system-zlib --with-target-system-zlib=auto --enable-objc-gc=auto --enable-multiarch --enable-fix-cortex-a53-843419 --disable-werror --enable-checking=release --build=aarch64-linux-gnu --host=aarch64-linux-gnu --target=aarch64-linux-gnu
Thread model: posix
gcc version 9.4.0 (Ubuntu 9.4.0-1ubuntu1~20.04.2) 
COLLECT_GCC_OPTIONS='-v' '-o' 'CMakeFiles/cmTC_9c78c.dir/CMakeCCompilerABI.c.o' '-c' '-mlittle-endian' '-mabi=lp64'
 /usr/lib/gcc/aarch64-linux-gnu/9/cc1 -quiet -v -imultiarch aarch64-linux-gnu /usr/share/cmake-3.16/Modules/CMakeCCompilerABI.c -quiet -dumpbase CMakeCCompilerABI.c -mlittle-endian -mabi=lp64 -auxbase-strip CMakeFiles/cmTC_9c78c.dir/CMakeCCompilerABI.c.o -version -fasynchronous-unwind-tables -fstack-protector-strong -Wformat -Wformat-security -fstack-clash-protection -o /tmp/ccilwmeK.s
GNU C17 (Ubuntu 9.4.0-1ubuntu1~20.04.2) version 9.4.0 (aarch64-linux-gnu)
	compiled by GNU C version 9.4.0, GMP version 6.2.0, MPFR version 4.0.2, MPC version 1.1.0, isl version isl-0.22.1-GMP

GGC heuristics: --param ggc-min-expand=100 --param ggc-min-heapsize=131072
ignoring nonexistent directory "/usr/local/include/aarch64-linux-gnu"
ignoring nonexistent directory "/usr/lib/gcc/aarch64-linux-gnu/9/include-fixed"
ignoring nonexistent directory "/usr/lib/gcc/aarch64-linux-gnu/9/../../../../aarch64-linux-gnu/include"
#include "..." search starts here:
#include <...> search starts here:
 /usr/lib/gcc/aarch64-linux-gnu/9/include
 /usr/local/include
 /usr/include/aarch64-linux-gnu
 /usr/include
End of search list.
GNU C17 (Ubuntu 9.4.0-1ubuntu1~20.04.2) version 9.4.0 (aarch64-linux-gnu)
	compiled by GNU C version 9.4.0, GMP version 6.2.0, MPFR version 4.0.2, MPC version 1.1.0, isl version isl-0.22.1-GMP

GGC heuristics: --param ggc-min-expand=100 --param ggc-min-heapsize=131072
Compiler executable checksum: bae83efe2e4e7b8eac1a6149e340cc5c
COLLECT_GCC_OPTIONS='-v' '-o' 'CMakeFiles/cmTC_9c78c.dir/CMakeCCompilerABI.c.o' '-c' '-mlittle-endian' '-mabi=lp64'
 as -v -EL -mabi=lp64 -o CMakeFiles/cmTC_9c78c.dir/CMakeCCompilerABI.c.o /tmp/ccilwmeK.s
GNU assembler version 2.34 (aarch64-linux-gnu) using BFD version (GNU Binutils for Ubuntu) 2.34
COMPILER_PATH=/usr/lib/gcc/aarch64-linux-gnu/9/:/usr/lib/gcc/aarch64-linux-gnu/9/:/usr/lib/gcc/aarch64-linux-gnu/:/usr/lib/gcc/aarch64-linux-gnu/9/:/usr/lib/gcc/aarch64-linux-gnu/
LIBRARY_PATH=/usr/lib/gcc/aarch64-linux-gnu/9/:/usr/lib/gcc/aarch64-linux-gnu/9/../../../aarch64-linux-gnu/:/usr/lib/gcc/aarch64-linux-gnu/9/../../../../lib/:/lib/aarch64-linux-gnu/:/lib/../lib/:/usr/lib/aarch64-linux-gnu/:/usr/lib/../lib/:/usr/lib/gcc/aarch64-linux-gnu/9/../../../:/lib/:/usr/lib/
COLLECT_GCC_OPTIONS='-v' '-o' 'CMakeFiles/cmTC_9c78c.dir/CMakeCCompilerABI.c.o' '-c' '-mlittle-endian' '-mabi=lp64'
Linking C executable cmTC_9c78c
/usr/bin/cmake -E cmake_link_script CMakeFiles/cmTC_9c78c.dir/link.txt --verbose=1
/usr/bin/cc     -v CMakeFiles/cmTC_9c78c.dir/CMakeCCompilerABI.c.o  -o cmTC_9c78c 
Using built-in specs.
COLLECT_GCC=/usr/bin/cc
COLLECT_LTO_WRAPPER=/usr/lib/gcc/aarch64-linux-gnu/9/lto-wrapper
Target: aarch64-linux-gnu
Configured with: ../src/configure -v --with-pkgversion='Ubuntu 9.4.0-1ubuntu1~20.04.2' --with-bugurl=file:///usr/share/doc/gcc-9/README.Bugs --enable-languages=c,ada,c++,go,d,fortran,objc,obj-c++,gm2 --prefix=/usr --with-gcc-major-version-only --program-suffix=-9 --program-prefix=aarch64-linux-gnu- --enable-shared --enable-linker-build-id --libexecdir=/usr/lib --without-included-gettext --enable-threads=posix --libdir=/usr/lib --enable-nls --enable-clocale=gnu --enable-libstdcxx-debug --enable-libstdcxx-time=yes --with-default-libstdcxx-abi=new --enable-gnu-unique-object --disable-libquadmath --disable-libquadmath-support --enable-plugin --enable-default-pie --with-system-zlib --with-target-system-zlib=auto --enable-objc-gc=auto --enable-multiarch --enable-fix-cortex-a53-843419 --disable-werror --enable-checking=release --build=aarch64-linux-gnu --host=aarch64-linux-gnu --target=aarch64-linux-gnu
Thread model: posix
gcc version 9.4.0 (Ubuntu 9.4.0-1ubuntu1~20.04.2) 
COMPILER_PATH=/usr/lib/gcc/aarch64-linux-gnu/9/:/usr/lib/gcc/aarch64-linux-gnu/9/:/usr/lib/gcc/aarch64-linux-gnu/:/usr/lib/gcc/aarch64-linux-gnu/9/:/usr/lib/gcc/aarch64-linux-gnu/
LIBRARY_PATH=/usr/lib/gcc/aarch64-linux-gnu/9/:/usr/lib/gcc/aarch64-linux-gnu/9/../../../aarch64-linux-gnu/:/usr/lib/gcc/aarch64-linux-gnu/9/../../../../lib/:/lib/aarch64-linux-gnu/:/lib/../lib/:/usr/lib/aarch64-linux-gnu/:/usr/lib/../lib/:/usr/lib/gcc/aarch64-linux-gnu/9/../../../:/lib/:/usr/lib/
COLLECT_GCC_OPTIONS='-v' '-o' 'cmTC_9c78c' '-mlittle-endian' '-mabi=lp64'
 /usr/lib/gcc/aarch64-linux-gnu/9/collect2 -plugin /usr/lib/gcc/aarch64-linux-gnu/9/liblto_plugin.so -plugin-opt=/usr/lib/gcc/aarch64-linux-gnu/9/lto-wrapper -plugin-opt=-fresolution=/tmp/ccuLcNP8.res -plugin-opt=-pass-through=-lgcc -plugin-opt=-pass-through=-lgcc_s -plugin-opt=-pass-through=-lc -plugin-opt=-pass-through=-lgcc -plugin-opt=-pass-through=-lgcc_s --build-id --eh-frame-hdr --hash-style=gnu --as-needed -dynamic-linker /lib/ld-linux-aarch64.so.1 -X -EL -maarch64linux --fix-cortex-a53-843419 -pie -z now -z relro -o cmTC_9c78c /usr/lib/gcc/aarch64-linux-gnu/9/../../../aarch64-linux-gnu/Scrt1.o /usr/lib/gcc/aarch64-linux-gnu/9/../../../aarch64-linux-gnu/crti.o /usr/lib/gcc/aarch64-linux-gnu/9/crtbeginS.o -L/usr/lib/gcc/aarch64-linux-gnu/9 -L/usr/lib/gcc/aarch64-linux-gnu/9/../../../aarch64-linux-gnu -L/usr/lib/gcc/aarch64-linux-gnu/9/../../../../lib -L/lib/aarch64-linux-gnu -L/lib/../lib -L/usr/lib/aarch64-linux-gnu -L/usr/lib/../lib -L/usr/lib/gcc/aarch64-linux-gnu/9/../../.. CMakeFiles/cmTC_9c78c.dir/CMakeCCompilerABI.c.o -lgcc --push-state --as-needed -lgcc_s --pop-state -lc -lgcc --push-state --as-needed -lgcc_s --pop-state /usr/lib/gcc/aarch64-linux-gnu/9/crtendS.o /usr/lib/gcc/aarch64-linux-gnu/9/../../../aarch64-linux-gnu/crtn.o
COLLECT_GCC_OPTIONS='-v' '-o' 'cmTC_9c78c' '-mlittle-endian' '-mabi=lp64'
make[1]: Leaving directory '/home/unitree/robotscene/external/cyclonedds_0.10.2/build/CMakeFiles/CMakeTmp'



Parsed C implicit include dir info from above output: rv=done
  found start of include info
  found start of implicit include info
    add: [/usr/lib/gcc/aarch64-linux-gnu/9/include]
    add: [/usr/local/include]
    add: [/usr/include/aarch64-linux-gnu]
    add: [/usr/include]
  end of search list found
  collapse include dir [/usr/lib/gcc/aarch64-linux-gnu/9/include] ==> [/usr/lib/gcc/aarch64-linux-gnu/9/include]
  collapse include dir [/usr/local/include] ==> [/usr/local/include]
  collapse include dir [/usr/include/aarch64-linux-gnu] ==> [/usr/include/aarch64-linux-gnu]
  collapse include dir [/usr/include] ==> [/usr/include]
  implicit include dirs: [/usr/lib/gcc/aarch64-linux-gnu/9/include;/usr/local/include;/usr/include/aarch64-linux-gnu;/usr/include]


Parsed C implicit link information from above output:
  link line regex: [^( *|.*[/\])(ld|CMAKE_LINK_STARTFILE-NOTFOUND|([^/\]+-)?ld|collect2)[^/\]*( |$)]
  ignore line: [Change Dir: /home/unitree/robotscene/external/cyclonedds_0.10.2/build/CMakeFiles/CMakeTmp]
  ignore line: []
  ignore line: [Run Build Command(s):/usr/bin/make cmTC_9c78c/fast && /usr/bin/make -f CMakeFiles/cmTC_9c78c.dir/build.make CMakeFiles/cmTC_9c78c.dir/build]
  ignore line: [make[1]: Entering directory '/home/unitree/robotscene/external/cyclonedds_0.10.2/build/CMakeFiles/CMakeTmp']
  ignore line: [Building C object CMakeFiles/cmTC_9c78c.dir/CMakeCCompilerABI.c.o]
  ignore line: [/usr/bin/cc   -v -o CMakeFiles/cmTC_9c78c.dir/CMakeCCompilerABI.c.o   -c /usr/share/cmake-3.16/Modules/CMakeCCompilerABI.c]
  ignore line: [Using built-in specs.]
  ignore line: [COLLECT_GCC=/usr/bin/cc]
  ignore line: [Target: aarch64-linux-gnu]
  ignore line: [Configured with: ../src/configure -v --with-pkgversion='Ubuntu 9.4.0-1ubuntu1~20.04.2' --with-bugurl=file:///usr/share/doc/gcc-9/README.Bugs --enable-languages=c ada c++ go d fortran objc obj-c++ gm2 --prefix=/usr --with-gcc-major-version-only --program-suffix=-9 --program-prefix=aarch64-linux-gnu- --enable-shared --enable-linker-build-id --libexecdir=/usr/lib --without-included-gettext --enable-threads=posix --libdir=/usr/lib --enable-nls --enable-clocale=gnu --enable-libstdcxx-debug --enable-libstdcxx-time=yes --with-default-libstdcxx-abi=new --enable-gnu-unique-object --disable-libquadmath --disable-libquadmath-support --enable-plugin --enable-default-pie --with-system-zlib --with-target-system-zlib=auto --enable-objc-gc=auto --enable-multiarch --enable-fix-cortex-a53-843419 --disable-werror --enable-checking=release --build=aarch64-linux-gnu --host=aarch64-linux-gnu --target=aarch64-linux-gnu]
  ignore line: [Thread model: posix]
  ignore line: [gcc version 9.4.0 (Ubuntu 9.4.0-1ubuntu1~20.04.2) ]
  ignore line: [COLLECT_GCC_OPTIONS='-v' '-o' 'CMakeFiles/cmTC_9c78c.dir/CMakeCCompilerABI.c.o' '-c' '-mlittle-endian' '-mabi=lp64']
  ignore line: [ /usr/lib/gcc/aarch64-linux-gnu/9/cc1 -quiet -v -imultiarch aarch64-linux-gnu /usr/share/cmake-3.16/Modules/CMakeCCompilerABI.c -quiet -dumpbase CMakeCCompilerABI.c -mlittle-endian -mabi=lp64 -auxbase-strip CMakeFiles/cmTC_9c78c.dir/CMakeCCompilerABI.c.o -version -fasynchronous-unwind-tables -fstack-protector-strong -Wformat -Wformat-security -fstack-clash-protection -o /tmp/ccilwmeK.s]
  ignore line: [GNU C17 (Ubuntu 9.4.0-1ubuntu1~20.04.2) version 9.4.0 (aarch64-linux-gnu)]
  ignore line: [	compiled by GNU C version 9.4.0  GMP version 6.2.0  MPFR version 4.0.2  MPC version 1.1.0  isl version isl-0.22.1-GMP]
  ignore line: []
  ignore line: [GGC heuristics: --param ggc-min-expand=100 --param ggc-min-heapsize=131072]
  ignore line: [ignoring nonexistent directory "/usr/local/include/aarch64-linux-gnu"]
  ignore line: [ignoring nonexistent directory "/usr/lib/gcc/aarch64-linux-gnu/9/include-fixed"]
  ignore line: [ignoring nonexistent directory "/usr/lib/gcc/aarch64-linux-gnu/9/../../../../aarch64-linux-gnu/include"]
  ignore line: [#include "..." search starts here:]
  ignore line: [#include <...> search starts here:]
  ignore line: [ /usr/lib/gcc/aarch64-linux-gnu/9/include]
  ignore line: [ /usr/local/include]
  ignore line: [ /usr/include/aarch64-linux-gnu]
  ignore line: [ /usr/include]
  ignore line: [End of search list.]
  ignore line: [GNU C17 (Ubuntu 9.4.0-1ubuntu1~20.04.2) version 9.4.0 (aarch64-linux-gnu)]
  ignore line: [	compiled by GNU C version 9.4.0  GMP version 6.2.0  MPFR version 4.0.2  MPC version 1.1.0  isl version isl-0.22.1-GMP]
  ignore line: []
  ignore line: [GGC heuristics: --param ggc-min-expand=100 --param ggc-min-heapsize=131072]
  ignore line: [Compiler executable checksum: bae83efe2e4e7b8eac1a6149e340cc5c]
  ignore line: [COLLECT_GCC_OPTIONS='-v' '-o' 'CMakeFiles/cmTC_9c78c.dir/CMakeCCompilerABI.c.o' '-c' '-mlittle-endian' '-mabi=lp64']
  ignore line: [ as -v -EL -mabi=lp64 -o CMakeFiles/cmTC_9c78c.dir/CMakeCCompilerABI.c.o /tmp/ccilwmeK.s]
  ignore line: [GNU assembler version 2.34 (aarch64-linux-gnu) using BFD version (GNU Binutils for Ubuntu) 2.34]
  ignore line: [COMPILER_PATH=/usr/lib/gcc/aarch64-linux-gnu/9/:/usr/lib/gcc/aarch64-linux-gnu/9/:/usr/lib/gcc/aarch64-linux-gnu/:/usr/lib/gcc/aarch64-linux-gnu/9/:/usr/lib/gcc/aarch64-linux-gnu/]
  ignore line: [LIBRARY_PATH=/usr/lib/gcc/aarch64-linux-gnu/9/:/usr/lib/gcc/aarch64-linux-gnu/9/../../../aarch64-linux-gnu/:/usr/lib/gcc/aarch64-linux-gnu/9/../../../../lib/:/lib/aarch64-linux-gnu/:/lib/../lib/:/usr/lib/aarch64-linux-gnu/:/usr/lib/../lib/:/usr/lib/gcc/aarch64-linux-gnu/9/../../../:/lib/:/usr/lib/]
  ignore line: [COLLECT_GCC_OPTIONS='-v' '-o' 'CMakeFiles/cmTC_9c78c.dir/CMakeCCompilerABI.c.o' '-c' '-mlittle-endian' '-mabi=lp64']
  ignore line: [Linking C executable cmTC_9c78c]
  ignore line: [/usr/bin/cmake -E cmake_link_script CMakeFiles/cmTC_9c78c.dir/link.txt --verbose=1]
  ignore line: [/usr/bin/cc     -v CMakeFiles/cmTC_9c78c.dir/CMakeCCompilerABI.c.o  -o cmTC_9c78c ]
  ignore line: [Using built-in specs.]
  ignore line: [COLLECT_GCC=/usr/bin/cc]
  ignore line: [COLLECT_LTO_WRAPPER=/usr/lib/gcc/aarch64-linux-gnu/9/lto-wrapper]
  ignore line: [Target: aarch64-linux-gnu]
  ignore line: [Configured with: ../src/configure -v --with-pkgversion='Ubuntu 9.4.0-1ubuntu1~20.04.2' --with-bugurl=file:///usr/share/doc/gcc-9/README.Bugs --enable-languages=c ada c++ go d fortran objc obj-c++ gm2 --prefix=/usr --with-gcc-major-version-only --program-suffix=-9 --program-prefix=aarch64-linux-gnu- --enable-shared --enable-linker-build-id --libexecdir=/usr/lib --without-included-gettext --enable-threads=posix --libdir=/usr/lib --enable-nls --enable-clocale=gnu --enable-libstdcxx-debug --enable-libstdcxx-time=yes --with-default-libstdcxx-abi=new --enable-gnu-unique-object --disable-libquadmath --disable-libquadmath-support --enable-plugin --enable-default-pie --with-system-zlib --with-target-system-zlib=auto --enable-objc-gc=auto --enable-multiarch --enable-fix-cortex-a53-843419 --disable-werror --enable-checking=release --build=aarch64-linux-gnu --host=aarch64-linux-gnu --target=aarch64-linux-gnu]
  ignore line: [Thread model: posix]
  ignore line: [gcc version 9.4.0 (Ubuntu 9.4.0-1ubuntu1~20.04.2) ]
  ignore line: [COMPILER_PATH=/usr/lib/gcc/aarch64-linux-gnu/9/:/usr/lib/gcc/aarch64-linux-gnu/9/:/usr/lib/gcc/aarch64-linux-gnu/:/usr/lib/gcc/aarch64-linux-gnu/9/:/usr/lib/gcc/aarch64-linux-gnu/]
  ignore line: [LIBRARY_PATH=/usr/lib/gcc/aarch64-linux-gnu/9/:/usr/lib/gcc/aarch64-linux-gnu/9/../../../aarch64-linux-gnu/:/usr/lib/gcc/aarch64-linux-gnu/9/../../../../lib/:/lib/aarch64-linux-gnu/:/lib/../lib/:/usr/lib/aarch64-linux-gnu/:/usr/lib/../lib/:/usr/lib/gcc/aarch64-linux-gnu/9/../../../:/lib/:/usr/lib/]
  ignore line: [COLLECT_GCC_OPTIONS='-v' '-o' 'cmTC_9c78c' '-mlittle-endian' '-mabi=lp64']
  link line: [ /usr/lib/gcc/aarch64-linux-gnu/9/collect2 -plugin /usr/lib/gcc/aarch64-linux-gnu/9/liblto_plugin.so -plugin-opt=/usr/lib/gcc/aarch64-linux-gnu/9/lto-wrapper -plugin-opt=-fresolution=/tmp/ccuLcNP8.res -plugin-opt=-pass-through=-lgcc -plugin-opt=-pass-through=-lgcc_s -plugin-opt=-pass-through=-lc -plugin-opt=-pass-through=-lgcc -plugin-opt=-pass-through=-lgcc_s --build-id --eh-frame-hdr --hash-style=gnu --as-needed -dynamic-linker /lib/ld-linux-aarch64.so.1 -X -EL -maarch64linux --fix-cortex-a53-843419 -pie -z now -z relro -o cmTC_9c78c /usr/lib/gcc/aarch64-linux-gnu/9/../../../aarch64-linux-gnu/Scrt1.o /usr/lib/gcc/aarch64-linux-gnu/9/../../../aarch64-linux-gnu/crti.o /usr/lib/gcc/aarch64-linux-gnu/9/crtbeginS.o -L/usr/lib/gcc/aarch64-linux-gnu/9 -L/usr/lib/gcc/aarch64-linux-gnu/9/../../../aarch64-linux-gnu -L/usr/lib/gcc/aarch64-linux-gnu/9/../../../../lib -L/lib/aarch64-linux-gnu -L/lib/../lib -L/usr/lib/aarch64-linux-gnu -L/usr/lib/../lib -L/usr/lib/gcc/aarch64-linux-gnu/9/../../.. CMakeFiles/cmTC_9c78c.dir/CMakeCCompilerABI.c.o -lgcc --push-state --as-needed -lgcc_s --pop-state -lc -lgcc --push-state --as-needed -lgcc_s --pop-state /usr/lib/gcc/aarch64-linux-gnu/9/crtendS.o /usr/lib/gcc/aarch64-linux-gnu/9/../../../aarch64-linux-gnu/crtn.o]
    arg [/usr/lib/gcc/aarch64-linux-gnu/9/collect2] ==> ignore
    arg [-plugin] ==> ignore
    arg [/usr/lib/gcc/aarch64-linux-gnu/9/liblto_plugin.so] ==> ignore
    arg [-plugin-opt=/usr/lib/gcc/aarch64-linux-gnu/9/lto-wrapper] ==> ignore
    arg [-plugin-opt=-fresolution=/tmp/ccuLcNP8.res] ==> ignore
    arg [-plugin-opt=-pass-through=-lgcc] ==> ignore
    arg [-plugin-opt=-pass-through=-lgcc_s] ==> ignore
    arg [-plugin-opt=-pass-through=-lc] ==> ignore
    arg [-plugin-opt=-pass-through=-lgcc] ==> ignore
    arg [-plugin-opt=-pass-through=-lgcc_s] ==> ignore
    arg [--build-id] ==> ignore
    arg [--eh-frame-hdr] ==> ignore
    arg [--hash-style=gnu] ==> ignore
    arg [--as-needed] ==> ignore
    arg [-dynamic-linker] ==> ignore
    arg [/lib/ld-linux-aarch64.so.1] ==> ignore
    arg [-X] ==> ignore
    arg [-EL] ==> ignore
    arg [-maarch64linux] ==> ignore
    arg [--fix-cortex-a53-843419] ==> ignore
    arg [-pie] ==> ignore
    arg [-znow] ==> ignore
    arg [-zrelro] ==> ignore
    arg [-o] ==> ignore
    arg [cmTC_9c78c] ==> ignore
    arg [/usr/lib/gcc/aarch64-linux-gnu/9/../../../aarch64-linux-gnu/Scrt1.o] ==> ignore
    arg [/usr/lib/gcc/aarch64-linux-gnu/9/../../../aarch64-linux-gnu/crti.o] ==> ignore
    arg [/usr/lib/gcc/aarch64-linux-gnu/9/crtbeginS.o] ==> ignore
    arg [-L/usr/lib/gcc/aarch64-linux-gnu/9] ==> dir [/usr/lib/gcc/aarch64-linux-gnu/9]
    arg [-L/usr/lib/gcc/aarch64-linux-gnu/9/../../../aarch64-linux-gnu] ==> dir [/usr/lib/gcc/aarch64-linux-gnu/9/../../../aarch64-linux-gnu]
    arg [-L/usr/lib/gcc/aarch64-linux-gnu/9/../../../../lib] ==> dir [/usr/lib/gcc/aarch64-linux-gnu/9/../../../../lib]
    arg [-L/lib/aarch64-linux-gnu] ==> dir [/lib/aarch64-linux-gnu]
    arg [-L/lib/../lib] ==> dir [/lib/../lib]
    arg [-L/usr/lib/aarch64-linux-gnu] ==> dir [/usr/lib/aarch64-linux-gnu]
    arg [-L/usr/lib/../lib] ==> dir [/usr/lib/../lib]
    arg [-L/usr/lib/gcc/aarch64-linux-gnu/9/../../..] ==> dir [/usr/lib/gcc/aarch64-linux-gnu/9/../../..]
    arg [CMakeFiles/cmTC_9c78c.dir/CMakeCCompilerABI.c.o] ==> ignore
    arg [-lgcc] ==> lib [gcc]
    arg [--push-state] ==> ignore
    arg [--as-needed] ==> ignore
    arg [-lgcc_s] ==> lib [gcc_s]
    arg [--pop-state] ==> ignore
    arg [-lc] ==> lib [c]
    arg [-lgcc] ==> lib [gcc]
    arg [--push-state] ==> ignore
    arg [--as-needed] ==> ignore
    arg [-lgcc_s] ==> lib [gcc_s]
    arg [--pop-state] ==> ignore
    arg [/usr/lib/gcc/aarch64-linux-gnu/9/crtendS.o] ==> ignore
    arg [/usr/lib/gcc/aarch64-linux-gnu/9/../../../aarch64-linux-gnu/crtn.o] ==> ignore
  collapse library dir [/usr/lib/gcc/aarch64-linux-gnu/9] ==> [/usr/lib/gcc/aarch64-linux-gnu/9]
  collapse library dir [/usr/lib/gcc/aarch64-linux-gnu/9/../../../aarch64-linux-gnu] ==> [/usr/lib/aarch64-linux-gnu]
  collapse library dir [/usr/lib/gcc/aarch64-linux-gnu/9/../../../../lib] ==> [/usr/lib]
  collapse library dir [/lib/aarch64-linux-gnu] ==> [/lib/aarch64-linux-gnu]
  collapse library dir [/lib/../lib] ==> [/lib]
  collapse library dir [/usr/lib/aarch64-linux-gnu] ==> [/usr/lib/aarch64-linux-gnu]
  collapse library dir [/usr/lib/../lib] ==> [/usr/lib]
  collapse library dir [/usr/lib/gcc/aarch64-linux-gnu/9/../../..] ==> [/usr/lib]
  implicit libs: [gcc;gcc_s;c;gcc;gcc_s]
  implicit dirs: [/usr/lib/gcc/aarch64-linux-gnu/9;/usr/lib/aarch64-linux-gnu;/usr/lib;/lib/aarch64-linux-gnu;/lib]
  implicit fwks: []


Determining if the include file getopt.h exists passed with the following output:
Change Dir: /home/unitree/robotscene/external/cyclonedds_0.10.2/build/CMakeFiles/CMakeTmp

Run Build Command(s):/usr/bin/make cmTC_99cc1/fast && /usr/bin/make -f CMakeFiles/cmTC_99cc1.dir/build.make CMakeFiles/cmTC_99cc1.dir/build
make[1]: Entering directory '/home/unitree/robotscene/external/cyclonedds_0.10.2/build/CMakeFiles/CMakeTmp'
Building C object CMakeFiles/cmTC_99cc1.dir/CheckIncludeFile.c.o
/usr/bin/cc   -std=gnu99 -o CMakeFiles/cmTC_99cc1.dir/CheckIncludeFile.c.o   -c /home/unitree/robotscene/external/cyclonedds_0.10.2/build/CMakeFiles/CMakeTmp/CheckIncludeFile.c
Linking C executable cmTC_99cc1
/usr/bin/cmake -E cmake_link_script CMakeFiles/cmTC_99cc1.dir/link.txt --verbose=1
/usr/bin/cc      CMakeFiles/cmTC_99cc1.dir/CheckIncludeFile.c.o  -o cmTC_99cc1 
make[1]: Leaving directory '/home/unitree/robotscene/external/cyclonedds_0.10.2/build/CMakeFiles/CMakeTmp'



Determining if the include file stdint.h exists passed with the following output:
Change Dir: /home/unitree/robotscene/external/cyclonedds_0.10.2/build/CMakeFiles/CMakeTmp

Run Build Command(s):/usr/bin/make cmTC_60321/fast && /usr/bin/make -f CMakeFiles/cmTC_60321.dir/build.make CMakeFiles/cmTC_60321.dir/build
make[1]: Entering directory '/home/unitree/robotscene/external/cyclonedds_0.10.2/build/CMakeFiles/CMakeTmp'
Building C object CMakeFiles/cmTC_60321.dir/CheckIncludeFile.c.o
/usr/bin/cc   -std=gnu99 -o CMakeFiles/cmTC_60321.dir/CheckIncludeFile.c.o   -c /home/unitree/robotscene/external/cyclonedds_0.10.2/build/CMakeFiles/CMakeTmp/CheckIncludeFile.c
Linking C executable cmTC_60321
/usr/bin/cmake -E cmake_link_script CMakeFiles/cmTC_60321.dir/link.txt --verbose=1
/usr/bin/cc      CMakeFiles/cmTC_60321.dir/CheckIncludeFile.c.o  -o cmTC_60321 
make[1]: Leaving directory '/home/unitree/robotscene/external/cyclonedds_0.10.2/build/CMakeFiles/CMakeTmp'



Determining if the include file inttypes.h exists passed with the following output:
Change Dir: /home/unitree/robotscene/external/cyclonedds_0.10.2/build/CMakeFiles/CMakeTmp

Run Build Command(s):/usr/bin/make cmTC_02658/fast && /usr/bin/make -f CMakeFiles/cmTC_02658.dir/build.make CMakeFiles/cmTC_02658.dir/build
make[1]: Entering directory '/home/unitree/robotscene/external/cyclonedds_0.10.2/build/CMakeFiles/CMakeTmp'
Building C object CMakeFiles/cmTC_02658.dir/CheckIncludeFile.c.o
/usr/bin/cc   -std=gnu99 -o CMakeFiles/cmTC_02658.dir/CheckIncludeFile.c.o   -c /home/unitree/robotscene/external/cyclonedds_0.10.2/build/CMakeFiles/CMakeTmp/CheckIncludeFile.c
Linking C executable cmTC_02658
/usr/bin/cmake -E cmake_link_script CMakeFiles/cmTC_02658.dir/link.txt --verbose=1
/usr/bin/cc      CMakeFiles/cmTC_02658.dir/CheckIncludeFile.c.o  -o cmTC_02658 
make[1]: Leaving directory '/home/unitree/robotscene/external/cyclonedds_0.10.2/build/CMakeFiles/CMakeTmp'



Determining if the include file sys/types.h exists passed with the following output:
Change Dir: /home/unitree/robotscene/external/cyclonedds_0.10.2/build/CMakeFiles/CMakeTmp

Run Build Command(s):/usr/bin/make cmTC_8734f/fast && /usr/bin/make -f CMakeFiles/cmTC_8734f.dir/build.make CMakeFiles/cmTC_8734f.dir/build
make[1]: Entering directory '/home/unitree/robotscene/external/cyclonedds_0.10.2/build/CMakeFiles/CMakeTmp'
Building C object CMakeFiles/cmTC_8734f.dir/CheckIncludeFile.c.o
/usr/bin/cc   -std=gnu99 -o CMakeFiles/cmTC_8734f.dir/CheckIncludeFile.c.o   -c /home/unitree/robotscene/external/cyclonedds_0.10.2/build/CMakeFiles/CMakeTmp/CheckIncludeFile.c
Linking C executable cmTC_8734f
/usr/bin/cmake -E cmake_link_script CMakeFiles/cmTC_8734f.dir/link.txt --verbose=1
/usr/bin/cc      CMakeFiles/cmTC_8734f.dir/CheckIncludeFile.c.o  -o cmTC_8734f 
make[1]: Leaving directory '/home/unitree/robotscene/external/cyclonedds_0.10.2/build/CMakeFiles/CMakeTmp'



Determining if the include file stdint.h exists passed with the following output:
Change Dir: /home/unitree/robotscene/external/cyclonedds_0.10.2/build/CMakeFiles/CMakeTmp

Run Build Command(s):/usr/bin/make cmTC_86f5f/fast && /usr/bin/make -f CMakeFiles/cmTC_86f5f.dir/build.make CMakeFiles/cmTC_86f5f.dir/build
make[1]: Entering directory '/home/unitree/robotscene/external/cyclonedds_0.10.2/build/CMakeFiles/CMakeTmp'
Building C object CMakeFiles/cmTC_86f5f.dir/CheckIncludeFile.c.o
/usr/bin/cc   -std=gnu99 -o CMakeFiles/cmTC_86f5f.dir/CheckIncludeFile.c.o   -c /home/unitree/robotscene/external/cyclonedds_0.10.2/build/CMakeFiles/CMakeTmp/CheckIncludeFile.c
Linking C executable cmTC_86f5f
/usr/bin/cmake -E cmake_link_script CMakeFiles/cmTC_86f5f.dir/link.txt --verbose=1
/usr/bin/cc      CMakeFiles/cmTC_86f5f.dir/CheckIncludeFile.c.o  -o cmTC_86f5f 
make[1]: Leaving directory '/home/unitree/robotscene/external/cyclonedds_0.10.2/build/CMakeFiles/CMakeTmp'



Determining if the include file stddef.h exists passed with the following output:
Change Dir: /home/unitree/robotscene/external/cyclonedds_0.10.2/build/CMakeFiles/CMakeTmp

Run Build Command(s):/usr/bin/make cmTC_e6fba/fast && /usr/bin/make -f CMakeFiles/cmTC_e6fba.dir/build.make CMakeFiles/cmTC_e6fba.dir/build
make[1]: Entering directory '/home/unitree/robotscene/external/cyclonedds_0.10.2/build/CMakeFiles/CMakeTmp'
Building C object CMakeFiles/cmTC_e6fba.dir/CheckIncludeFile.c.o
/usr/bin/cc   -std=gnu99 -o CMakeFiles/cmTC_e6fba.dir/CheckIncludeFile.c.o   -c /home/unitree/robotscene/external/cyclonedds_0.10.2/build/CMakeFiles/CMakeTmp/CheckIncludeFile.c
Linking C executable cmTC_e6fba
/usr/bin/cmake -E cmake_link_script CMakeFiles/cmTC_e6fba.dir/link.txt --verbose=1
/usr/bin/cc      CMakeFiles/cmTC_e6fba.dir/CheckIncludeFile.c.o  -o cmTC_e6fba 
make[1]: Leaving directory '/home/unitree/robotscene/external/cyclonedds_0.10.2/build/CMakeFiles/CMakeTmp'



Determining size of intmax_t passed with the following output:
Change Dir: /home/unitree/robotscene/external/cyclonedds_0.10.2/build/CMakeFiles/CMakeTmp

Run Build Command(s):/usr/bin/make cmTC_5b70c/fast && /usr/bin/make -f CMakeFiles/cmTC_5b70c.dir/build.make CMakeFiles/cmTC_5b70c.dir/build
make[1]: Entering directory '/home/unitree/robotscene/external/cyclonedds_0.10.2/build/CMakeFiles/CMakeTmp'
Building C object CMakeFiles/cmTC_5b70c.dir/_size.c.o
/usr/bin/cc   -std=gnu99 -o CMakeFiles/cmTC_5b70c.dir/_size.c.o   -c /home/unitree/robotscene/external/cyclonedds_0.10.2/build/CMakeFiles/CheckTypeSize/_size.c
Linking C executable cmTC_5b70c
/usr/bin/cmake -E cmake_link_script CMakeFiles/cmTC_5b70c.dir/link.txt --verbose=1
/usr/bin/cc      CMakeFiles/cmTC_5b70c.dir/_size.c.o  -o cmTC_5b70c 
make[1]: Leaving directory '/home/unitree/robotscene/external/cyclonedds_0.10.2/build/CMakeFiles/CMakeTmp'



Determining if the stpcpy exist passed with the following output:
Change Dir: /home/unitree/robotscene/external/cyclonedds_0.10.2/build/CMakeFiles/CMakeTmp

Run Build Command(s):/usr/bin/make cmTC_ec90d/fast && /usr/bin/make -f CMakeFiles/cmTC_ec90d.dir/build.make CMakeFiles/cmTC_ec90d.dir/build
make[1]: Entering directory '/home/unitree/robotscene/external/cyclonedds_0.10.2/build/CMakeFiles/CMakeTmp'
Building C object CMakeFiles/cmTC_ec90d.dir/CheckSymbolExists.c.o
/usr/bin/cc   -std=gnu99 -o CMakeFiles/cmTC_ec90d.dir/CheckSymbolExists.c.o   -c /home/unitree/robotscene/external/cyclonedds_0.10.2/build/CMakeFiles/CMakeTmp/CheckSymbolExists.c
Linking C executable cmTC_ec90d
/usr/bin/cmake -E cmake_link_script CMakeFiles/cmTC_ec90d.dir/link.txt --verbose=1
/usr/bin/cc      CMakeFiles/cmTC_ec90d.dir/CheckSymbolExists.c.o  -o cmTC_ec90d 
make[1]: Leaving directory '/home/unitree/robotscene/external/cyclonedds_0.10.2/build/CMakeFiles/CMakeTmp'


File /home/unitree/robotscene/external/cyclonedds_0.10.2/build/CMakeFiles/CMakeTmp/CheckSymbolExists.c:
/* */
#include <string.h>

int main(int argc, char** argv)
{
  (void)argv;
#ifndef stpcpy
  return ((int*)(&stpcpy))[argc];
#else
  (void)argc;
  return 0;
#endif
}
Performing C SOURCE FILE Test COMPILER_HAS_HIDDEN_VISIBILITY succeeded with the following output:
Change Dir: /home/unitree/robotscene/external/cyclonedds_0.10.2/build/CMakeFiles/CMakeTmp

Run Build Command(s):/usr/bin/make cmTC_daa4a/fast && /usr/bin/make -f CMakeFiles/cmTC_daa4a.dir/build.make CMakeFiles/cmTC_daa4a.dir/build
make[1]: Entering directory '/home/unitree/robotscene/external/cyclonedds_0.10.2/build/CMakeFiles/CMakeTmp'
Building C object CMakeFiles/cmTC_daa4a.dir/src.c.o
/usr/bin/cc   -DCOMPILER_HAS_HIDDEN_VISIBILITY   -fvisibility=hidden -std=gnu99 -o CMakeFiles/cmTC_daa4a.dir/src.c.o   -c /home/unitree/robotscene/external/cyclonedds_0.10.2/build/CMakeFiles/CMakeTmp/src.c
Linking C executable cmTC_daa4a
/usr/bin/cmake -E cmake_link_script CMakeFiles/cmTC_daa4a.dir/link.txt --verbose=1
/usr/bin/cc  -DCOMPILER_HAS_HIDDEN_VISIBILITY    CMakeFiles/cmTC_daa4a.dir/src.c.o  -o cmTC_daa4a 
make[1]: Leaving directory '/home/unitree/robotscene/external/cyclonedds_0.10.2/build/CMakeFiles/CMakeTmp'


Source file was:
int main(void) { return 0; }
Performing C SOURCE FILE Test COMPILER_HAS_DEPRECATED_ATTR succeeded with the following output:
Change Dir: /home/unitree/robotscene/external/cyclonedds_0.10.2/build/CMakeFiles/CMakeTmp

Run Build Command(s):/usr/bin/make cmTC_d9e28/fast && /usr/bin/make -f CMakeFiles/cmTC_d9e28.dir/build.make CMakeFiles/cmTC_d9e28.dir/build
make[1]: Entering directory '/home/unitree/robotscene/external/cyclonedds_0.10.2/build/CMakeFiles/CMakeTmp'
Building C object CMakeFiles/cmTC_d9e28.dir/src.c.o
/usr/bin/cc   -DCOMPILER_HAS_DEPRECATED_ATTR   -std=gnu99 -o CMakeFiles/cmTC_d9e28.dir/src.c.o   -c /home/unitree/robotscene/external/cyclonedds_0.10.2/build/CMakeFiles/CMakeTmp/src.c
/home/unitree/robotscene/external/cyclonedds_0.10.2/build/CMakeFiles/CMakeTmp/src.c: In function ‘main’:
/home/unitree/robotscene/external/cyclonedds_0.10.2/build/CMakeFiles/CMakeTmp/src.c:2:5: warning: ‘somefunc’ is deprecated [-Wdeprecated-declarations]
    2 |     int main() { return somefunc();}
      |     ^~~
/home/unitree/robotscene/external/cyclonedds_0.10.2/build/CMakeFiles/CMakeTmp/src.c:1:37: note: declared here
    1 | __attribute__((__deprecated__)) int somefunc() { return 0; }
      |                                     ^~~~~~~~
Linking C executable cmTC_d9e28
/usr/bin/cmake -E cmake_link_script CMakeFiles/cmTC_d9e28.dir/link.txt --verbose=1
/usr/bin/cc  -DCOMPILER_HAS_DEPRECATED_ATTR    CMakeFiles/cmTC_d9e28.dir/src.c.o  -o cmTC_d9e28 
make[1]: Leaving directory '/home/unitree/robotscene/external/cyclonedds_0.10.2/build/CMakeFiles/CMakeTmp'


Source file was:
__attribute__((__deprecated__)) int somefunc() { return 0; }
    int main() { return somefunc();}
Determining if the gethostname exist passed with the following output:
Change Dir: /home/unitree/robotscene/external/cyclonedds_0.10.2/build/CMakeFiles/CMakeTmp

Run Build Command(s):/usr/bin/make cmTC_5a4cd/fast && /usr/bin/make -f CMakeFiles/cmTC_5a4cd.dir/build.make CMakeFiles/cmTC_5a4cd.dir/build
make[1]: Entering directory '/home/unitree/robotscene/external/cyclonedds_0.10.2/build/CMakeFiles/CMakeTmp'
Building C object CMakeFiles/cmTC_5a4cd.dir/CheckSymbolExists.c.o
/usr/bin/cc   -std=gnu99 -o CMakeFiles/cmTC_5a4cd.dir/CheckSymbolExists.c.o   -c /home/unitree/robotscene/external/cyclonedds_0.10.2/build/CMakeFiles/CMakeTmp/CheckSymbolExists.c
Linking C executable cmTC_5a4cd
/usr/bin/cmake -E cmake_link_script CMakeFiles/cmTC_5a4cd.dir/link.txt --verbose=1
/usr/bin/cc      CMakeFiles/cmTC_5a4cd.dir/CheckSymbolExists.c.o  -o cmTC_5a4cd 
make[1]: Leaving directory '/home/unitree/robotscene/external/cyclonedds_0.10.2/build/CMakeFiles/CMakeTmp'


File /home/unitree/robotscene/external/cyclonedds_0.10.2/build/CMakeFiles/CMakeTmp/CheckSymbolExists.c:
/* */
#include <unistd.h>

int main(int argc, char** argv)
{
  (void)argv;
#ifndef gethostname
  return ((int*)(&gethostname))[argc];
#else
  (void)argc;
  return 0;
#endif
}
Determining if the inet_ntop exist passed with the following output:
Change Dir: /home/unitree/robotscene/external/cyclonedds_0.10.2/build/CMakeFiles/CMakeTmp

Run Build Command(s):/usr/bin/make cmTC_ec9ef/fast && /usr/bin/make -f CMakeFiles/cmTC_ec9ef.dir/build.make CMakeFiles/cmTC_ec9ef.dir/build
make[1]: Entering directory '/home/unitree/robotscene/external/cyclonedds_0.10.2/build/CMakeFiles/CMakeTmp'
Building C object CMakeFiles/cmTC_ec9ef.dir/CheckSymbolExists.c.o
/usr/bin/cc   -std=gnu99 -o CMakeFiles/cmTC_ec9ef.dir/CheckSymbolExists.c.o   -c /home/unitree/robotscene/external/cyclonedds_0.10.2/build/CMakeFiles/CMakeTmp/CheckSymbolExists.c
Linking C executable cmTC_ec9ef
/usr/bin/cmake -E cmake_link_script CMakeFiles/cmTC_ec9ef.dir/link.txt --verbose=1
/usr/bin/cc      CMakeFiles/cmTC_ec9ef.dir/CheckSymbolExists.c.o  -o cmTC_ec9ef 
make[1]: Leaving directory '/home/unitree/robotscene/external/cyclonedds_0.10.2/build/CMakeFiles/CMakeTmp'


File /home/unitree/robotscene/external/cyclonedds_0.10.2/build/CMakeFiles/CMakeTmp/CheckSymbolExists.c:
/* */
#include <arpa/inet.h>

int main(int argc, char** argv)
{
  (void)argv;
#ifndef inet_ntop
  return ((int*)(&inet_ntop))[argc];
#else
  (void)argc;
  return 0;
#endif
}
Determining if the inet_pton exist passed with the following output:
Change Dir: /home/unitree/robotscene/external/cyclonedds_0.10.2/build/CMakeFiles/CMakeTmp

Run Build Command(s):/usr/bin/make cmTC_92b56/fast && /usr/bin/make -f CMakeFiles/cmTC_92b56.dir/build.make CMakeFiles/cmTC_92b56.dir/build
make[1]: Entering directory '/home/unitree/robotscene/external/cyclonedds_0.10.2/build/CMakeFiles/CMakeTmp'
Building C object CMakeFiles/cmTC_92b56.dir/CheckSymbolExists.c.o
/usr/bin/cc   -std=gnu99 -o CMakeFiles/cmTC_92b56.dir/CheckSymbolExists.c.o   -c /home/unitree/robotscene/external/cyclonedds_0.10.2/build/CMakeFiles/CMakeTmp/CheckSymbolExists.c
Linking C executable cmTC_92b56
/usr/bin/cmake -E cmake_link_script CMakeFiles/cmTC_92b56.dir/link.txt --verbose=1
/usr/bin/cc      CMakeFiles/cmTC_92b56.dir/CheckSymbolExists.c.o  -o cmTC_92b56 
make[1]: Leaving directory '/home/unitree/robotscene/external/cyclonedds_0.10.2/build/CMakeFiles/CMakeTmp'


File /home/unitree/robotscene/external/cyclonedds_0.10.2/build/CMakeFiles/CMakeTmp/CheckSymbolExists.c:
/* */
#include <arpa/inet.h>

int main(int argc, char** argv)
{
  (void)argv;
#ifndef inet_pton
  return ((int*)(&inet_pton))[argc];
#else
  (void)argc;
  return 0;
#endif
}
Determining if the getaddrinfo exist passed with the following output:
Change Dir: /home/unitree/robotscene/external/cyclonedds_0.10.2/build/CMakeFiles/CMakeTmp

Run Build Command(s):/usr/bin/make cmTC_71d8d/fast && /usr/bin/make -f CMakeFiles/cmTC_71d8d.dir/build.make CMakeFiles/cmTC_71d8d.dir/build
make[1]: Entering directory '/home/unitree/robotscene/external/cyclonedds_0.10.2/build/CMakeFiles/CMakeTmp'
Building C object CMakeFiles/cmTC_71d8d.dir/CheckSymbolExists.c.o
/usr/bin/cc   -std=gnu99 -o CMakeFiles/cmTC_71d8d.dir/CheckSymbolExists.c.o   -c /home/unitree/robotscene/external/cyclonedds_0.10.2/build/CMakeFiles/CMakeTmp/CheckSymbolExists.c
Linking C executable cmTC_71d8d
/usr/bin/cmake -E cmake_link_script CMakeFiles/cmTC_71d8d.dir/link.txt --verbose=1
/usr/bin/cc      CMakeFiles/cmTC_71d8d.dir/CheckSymbolExists.c.o  -o cmTC_71d8d 
make[1]: Leaving directory '/home/unitree/robotscene/external/cyclonedds_0.10.2/build/CMakeFiles/CMakeTmp'


File /home/unitree/robotscene/external/cyclonedds_0.10.2/build/CMakeFiles/CMakeTmp/CheckSymbolExists.c:
/* */
#include <netdb.h>

int main(int argc, char** argv)
{
  (void)argv;
#ifndef getaddrinfo
  return ((int*)(&getaddrinfo))[argc];
#else
  (void)argc;
  return 0;
#endif
}
Determining if the gethostbyname_r exist passed with the following output:
Change Dir: /home/unitree/robotscene/external/cyclonedds_0.10.2/build/CMakeFiles/CMakeTmp

Run Build Command(s):/usr/bin/make cmTC_0aee7/fast && /usr/bin/make -f CMakeFiles/cmTC_0aee7.dir/build.make CMakeFiles/cmTC_0aee7.dir/build
make[1]: Entering directory '/home/unitree/robotscene/external/cyclonedds_0.10.2/build/CMakeFiles/CMakeTmp'
Building C object CMakeFiles/cmTC_0aee7.dir/CheckSymbolExists.c.o
/usr/bin/cc   -std=gnu99 -o CMakeFiles/cmTC_0aee7.dir/CheckSymbolExists.c.o   -c /home/unitree/robotscene/external/cyclonedds_0.10.2/build/CMakeFiles/CMakeTmp/CheckSymbolExists.c
Linking C executable cmTC_0aee7
/usr/bin/cmake -E cmake_link_script CMakeFiles/cmTC_0aee7.dir/link.txt --verbose=1
/usr/bin/cc      CMakeFiles/cmTC_0aee7.dir/CheckSymbolExists.c.o  -o cmTC_0aee7 
make[1]: Leaving directory '/home/unitree/robotscene/external/cyclonedds_0.10.2/build/CMakeFiles/CMakeTmp'


File /home/unitree/robotscene/external/cyclonedds_0.10.2/build/CMakeFiles/CMakeTmp/CheckSymbolExists.c:
/* */
#include <netdb.h>

int main(int argc, char** argv)
{
  (void)argv;
#ifndef gethostbyname_r
  return ((int*)(&gethostbyname_r))[argc];
#else
  (void)argc;
  return 0;
#endif
}
Determining size of struct sockaddr_in6 passed with the following output:
Change Dir: /home/unitree/robotscene/external/cyclonedds_0.10.2/build/CMakeFiles/CMakeTmp

Run Build Command(s):/usr/bin/make cmTC_51b8a/fast && /usr/bin/make -f CMakeFiles/cmTC_51b8a.dir/build.make CMakeFiles/cmTC_51b8a.dir/build
make[1]: Entering directory '/home/unitree/robotscene/external/cyclonedds_0.10.2/build/CMakeFiles/CMakeTmp'
Building C object CMakeFiles/cmTC_51b8a.dir/SIZEOF_SOCKADDR_IN6.c.o
/usr/bin/cc   -std=gnu99 -o CMakeFiles/cmTC_51b8a.dir/SIZEOF_SOCKADDR_IN6.c.o   -c /home/unitree/robotscene/external/cyclonedds_0.10.2/build/CMakeFiles/CheckTypeSize/SIZEOF_SOCKADDR_IN6.c
Linking C executable cmTC_51b8a
/usr/bin/cmake -E cmake_link_script CMakeFiles/cmTC_51b8a.dir/link.txt --verbose=1
/usr/bin/cc      CMakeFiles/cmTC_51b8a.dir/SIZEOF_SOCKADDR_IN6.c.o  -o cmTC_51b8a 
make[1]: Leaving directory '/home/unitree/robotscene/external/cyclonedds_0.10.2/build/CMakeFiles/CMakeTmp'



Determining if the include file pthread.h exists passed with the following output:
Change Dir: /home/unitree/robotscene/external/cyclonedds_0.10.2/build/CMakeFiles/CMakeTmp

Run Build Command(s):/usr/bin/make cmTC_19732/fast && /usr/bin/make -f CMakeFiles/cmTC_19732.dir/build.make CMakeFiles/cmTC_19732.dir/build
make[1]: Entering directory '/home/unitree/robotscene/external/cyclonedds_0.10.2/build/CMakeFiles/CMakeTmp'
Building C object CMakeFiles/cmTC_19732.dir/CheckIncludeFile.c.o
/usr/bin/cc   -std=gnu99 -o CMakeFiles/cmTC_19732.dir/CheckIncludeFile.c.o   -c /home/unitree/robotscene/external/cyclonedds_0.10.2/build/CMakeFiles/CMakeTmp/CheckIncludeFile.c
Linking C executable cmTC_19732
/usr/bin/cmake -E cmake_link_script CMakeFiles/cmTC_19732.dir/link.txt --verbose=1
/usr/bin/cc      CMakeFiles/cmTC_19732.dir/CheckIncludeFile.c.o  -o cmTC_19732 
make[1]: Leaving directory '/home/unitree/robotscene/external/cyclonedds_0.10.2/build/CMakeFiles/CMakeTmp'



Determining if the function pthread_create exists in the pthread passed with the following output:
Change Dir: /home/unitree/robotscene/external/cyclonedds_0.10.2/build/CMakeFiles/CMakeTmp

Run Build Command(s):/usr/bin/make cmTC_1e553/fast && /usr/bin/make -f CMakeFiles/cmTC_1e553.dir/build.make CMakeFiles/cmTC_1e553.dir/build
make[1]: Entering directory '/home/unitree/robotscene/external/cyclonedds_0.10.2/build/CMakeFiles/CMakeTmp'
Building C object CMakeFiles/cmTC_1e553.dir/CheckFunctionExists.c.o
/usr/bin/cc   -DCHECK_FUNCTION_EXISTS=pthread_create   -std=gnu99 -o CMakeFiles/cmTC_1e553.dir/CheckFunctionExists.c.o   -c /usr/share/cmake-3.16/Modules/CheckFunctionExists.c
Linking C executable cmTC_1e553
/usr/bin/cmake -E cmake_link_script CMakeFiles/cmTC_1e553.dir/link.txt --verbose=1
/usr/bin/cc  -DCHECK_FUNCTION_EXISTS=pthread_create    CMakeFiles/cmTC_1e553.dir/CheckFunctionExists.c.o  -o cmTC_1e553  -lpthread 
make[1]: Leaving directory '/home/unitree/robotscene/external/cyclonedds_0.10.2/build/CMakeFiles/CMakeTmp'



Determining if the function clock_gettime exists in the c passed with the following output:
Change Dir: /home/unitree/robotscene/external/cyclonedds_0.10.2/build/CMakeFiles/CMakeTmp

Run Build Command(s):/usr/bin/make cmTC_80e21/fast && /usr/bin/make -f CMakeFiles/cmTC_80e21.dir/build.make CMakeFiles/cmTC_80e21.dir/build
make[1]: Entering directory '/home/unitree/robotscene/external/cyclonedds_0.10.2/build/CMakeFiles/CMakeTmp'
Building C object CMakeFiles/cmTC_80e21.dir/CheckFunctionExists.c.o
/usr/bin/cc   -DCHECK_FUNCTION_EXISTS=clock_gettime   -std=gnu99 -o CMakeFiles/cmTC_80e21.dir/CheckFunctionExists.c.o   -c /usr/share/cmake-3.16/Modules/CheckFunctionExists.c
Linking C executable cmTC_80e21
/usr/bin/cmake -E cmake_link_script CMakeFiles/cmTC_80e21.dir/link.txt --verbose=1
/usr/bin/cc  -DCHECK_FUNCTION_EXISTS=clock_gettime    CMakeFiles/cmTC_80e21.dir/CheckFunctionExists.c.o  -o cmTC_80e21  -lc 
make[1]: Leaving directory '/home/unitree/robotscene/external/cyclonedds_0.10.2/build/CMakeFiles/CMakeTmp'



