[0.451s] Invoking command in '/home/unitree/robotscene/ros2_ws/build/robot_scene_nav_bringup': CMAKE_PREFIX_PATH=/opt/ros/foxy /usr/bin/cmake --build /home/unitree/robotscene/ros2_ws/build/robot_scene_nav_bringup -- -j4 -l4
[0.612s] Invoked command in '/home/unitree/robotscene/ros2_ws/build/robot_scene_nav_bringup' returned '0': CMAKE_PREFIX_PATH=/opt/ros/foxy /usr/bin/cmake --build /home/unitree/robotscene/ros2_ws/build/robot_scene_nav_bringup -- -j4 -l4
[0.761s] Invoking command in '/home/unitree/robotscene/ros2_ws/build/robot_scene_nav_bringup': CMAKE_PREFIX_PATH=/opt/ros/foxy /usr/bin/cmake --install /home/unitree/robotscene/ros2_ws/build/robot_scene_nav_bringup
[0.788s] -- Install configuration: ""
[0.791s] -- Execute custom install script
[0.793s] -- Up-to-date symlink: /home/unitree/robotscene/ros2_ws/install/robot_scene_nav_bringup/share/robot_scene_nav_bringup/launch/collision_monitor.launch.py
[0.794s] -- Up-to-date symlink: /home/unitree/robotscene/ros2_ws/install/robot_scene_nav_bringup/share/robot_scene_nav_bringup/launch/robot_scene_nav2.launch.py
[0.795s] -- Up-to-date symlink: /home/unitree/robotscene/ros2_ws/install/robot_scene_nav_bringup/share/robot_scene_nav_bringup/launch/robot_scene_nav2_plan_only.launch.py
[0.795s] -- Up-to-date symlink: /home/unitree/robotscene/ros2_ws/install/robot_scene_nav_bringup/share/robot_scene_nav_bringup/config/collision_monitor.yaml
[0.796s] -- Up-to-date symlink: /home/unitree/robotscene/ros2_ws/install/robot_scene_nav_bringup/share/robot_scene_nav_bringup/config/nav2_params_humble.yaml
[0.796s] -- Up-to-date symlink: /home/unitree/robotscene/ros2_ws/install/robot_scene_nav_bringup/share/robot_scene_nav_bringup/config/velocity_smoother.yaml
[0.797s] -- Up-to-date symlink: /home/unitree/robotscene/ros2_ws/install/robot_scene_nav_bringup/share/robot_scene_nav_bringup/behavior_trees/navigate_to_pose_robot_scene.xml
[0.797s] -- Up-to-date symlink: /home/unitree/robotscene/ros2_ws/install/robot_scene_nav_bringup/lib/robot_scene_nav_bringup/plain_slam_map_relay.py
[0.799s] -- Up-to-date symlink: /home/unitree/robotscene/ros2_ws/install/robot_scene_nav_bringup/share/ament_index/resource_index/package_run_dependencies/robot_scene_nav_bringup
[0.799s] -- Up-to-date symlink: /home/unitree/robotscene/ros2_ws/install/robot_scene_nav_bringup/share/ament_index/resource_index/parent_prefix_path/robot_scene_nav_bringup
[0.799s] -- Up-to-date symlink: /home/unitree/robotscene/ros2_ws/install/robot_scene_nav_bringup/share/robot_scene_nav_bringup/environment/ament_prefix_path.sh
[0.800s] -- Up-to-date symlink: /home/unitree/robotscene/ros2_ws/install/robot_scene_nav_bringup/share/robot_scene_nav_bringup/environment/ament_prefix_path.dsv
[0.801s] -- Up-to-date symlink: /home/unitree/robotscene/ros2_ws/install/robot_scene_nav_bringup/share/robot_scene_nav_bringup/environment/path.sh
[0.802s] -- Up-to-date symlink: /home/unitree/robotscene/ros2_ws/install/robot_scene_nav_bringup/share/robot_scene_nav_bringup/environment/path.dsv
[0.803s] -- Up-to-date symlink: /home/unitree/robotscene/ros2_ws/install/robot_scene_nav_bringup/share/robot_scene_nav_bringup/local_setup.bash
[0.803s] -- Up-to-date symlink: /home/unitree/robotscene/ros2_ws/install/robot_scene_nav_bringup/share/robot_scene_nav_bringup/local_setup.sh
[0.804s] -- Up-to-date symlink: /home/unitree/robotscene/ros2_ws/install/robot_scene_nav_bringup/share/robot_scene_nav_bringup/local_setup.zsh
[0.804s] -- Up-to-date symlink: /home/unitree/robotscene/ros2_ws/install/robot_scene_nav_bringup/share/robot_scene_nav_bringup/local_setup.dsv
[0.805s] -- Symlinking: /home/unitree/robotscene/ros2_ws/install/robot_scene_nav_bringup/share/robot_scene_nav_bringup/package.dsv
[0.859s] -- Up-to-date symlink: /home/unitree/robotscene/ros2_ws/install/robot_scene_nav_bringup/share/ament_index/resource_index/packages/robot_scene_nav_bringup
[0.860s] -- Up-to-date symlink: /home/unitree/robotscene/ros2_ws/install/robot_scene_nav_bringup/share/robot_scene_nav_bringup/cmake/robot_scene_nav_bringupConfig.cmake
[0.860s] -- Up-to-date symlink: /home/unitree/robotscene/ros2_ws/install/robot_scene_nav_bringup/share/robot_scene_nav_bringup/cmake/robot_scene_nav_bringupConfig-version.cmake
[0.860s] -- Up-to-date symlink: /home/unitree/robotscene/ros2_ws/install/robot_scene_nav_bringup/share/robot_scene_nav_bringup/package.xml
[0.882s] Invoked command in '/home/unitree/robotscene/ros2_ws/build/robot_scene_nav_bringup' returned '0': CMAKE_PREFIX_PATH=/opt/ros/foxy /usr/bin/cmake --install /home/unitree/robotscene/ros2_ws/build/robot_scene_nav_bringup
