[  2%] Building CXX object CMakeFiles/lidar_lidar_calibration_node.dir/src/lidar_lidar_calibration_node.cpp.o
/home/unitree/robotscene/ros2_ws/src/plain_slam_ros2/src/lidar_lidar_calibration_node.cpp: In function ‘int main()’:
/home/unitree/robotscene/ros2_ws/src/plain_slam_ros2/src/lidar_lidar_calibration_node.cpp:76:43: error: no match for ‘operator<<’ (operand types are ‘std::basic_ostream<char>::__ostream_type’ {aka ‘std::basic_ostream<char>’} and ‘const Quaternionf’ {aka ‘const Eigen::Quaternion<float>’})
   76 |   std::cout << "quaternion:" << std::endl << q << std::endl;
      |   ~~~~~~~~~~~~~~~~~~~~~~~~~~~~~~~~~~~~~~~ ^~ ~
      |                              |               |
      |                              |               const Quaternionf {aka const Eigen::Quaternion<float>}
      |                              std::basic_ostream<char>::__ostream_type {aka std::basic_ostream<char>}
In file included from /usr/include/c++/9/iostream:39,
                 from /home/unitree/robotscene/ros2_ws/src/plain_slam_ros2/src/lidar_lidar_calibration_node.cpp:25:
/usr/include/c++/9/ostream:108:7: note: candidate: ‘std::basic_ostream<_CharT, _Traits>::__ostream_type& std::basic_ostream<_CharT, _Traits>::operator<<(std::basic_ostream<_CharT, _Traits>::__ostream_type& (*)(std::basic_ostream<_CharT, _Traits>::__ostream_type&)) [with _CharT = char; _Traits = std::char_traits<char>; std::basic_ostream<_CharT, _Traits>::__ostream_type = std::basic_ostream<char>]’
  108 |       operator<<(__ostream_type& (*__pf)(__ostream_type&))
      |       ^~~~~~~~
/usr/include/c++/9/ostream:108:36: note:   no known conversion for argument 1 from ‘const Quaternionf’ {aka ‘const Eigen::Quaternion<float>’} to ‘std::basic_ostream<char>::__ostream_type& (*)(std::basic_ostream<char>::__ostream_type&)’ {aka ‘std::basic_ostream<char>& (*)(std::basic_ostream<char>&)’}
  108 |       operator<<(__ostream_type& (*__pf)(__ostream_type&))
      |                  ~~~~~~~~~~~~~~~~~~^~~~~~~~~~~~~~~~~~~~~~
/usr/include/c++/9/ostream:117:7: note: candidate: ‘std::basic_ostream<_CharT, _Traits>::__ostream_type& std::basic_ostream<_CharT, _Traits>::operator<<(std::basic_ostream<_CharT, _Traits>::__ios_type& (*)(std::basic_ostream<_CharT, _Traits>::__ios_type&)) [with _CharT = char; _Traits = std::char_traits<char>; std::basic_ostream<_CharT, _Traits>::__ostream_type = std::basic_ostream<char>; std::basic_ostream<_CharT, _Traits>::__ios_type = std::basic_ios<char>]’
  117 |       operator<<(__ios_type& (*__pf)(__ios_type&))
      |       ^~~~~~~~
/usr/include/c++/9/ostream:117:32: note:   no known conversion for argument 1 from ‘const Quaternionf’ {aka ‘const Eigen::Quaternion<float>’} to ‘std::basic_ostream<char>::__ios_type& (*)(std::basic_ostream<char>::__ios_type&)’ {aka ‘std::basic_ios<char>& (*)(std::basic_ios<char>&)’}
  117 |       operator<<(__ios_type& (*__pf)(__ios_type&))
      |                  ~~~~~~~~~~~~~~^~~~~~~~~~~~~~~~~~
/usr/include/c++/9/ostream:127:7: note: candidate: ‘std::basic_ostream<_CharT, _Traits>::__ostream_type& std::basic_ostream<_CharT, _Traits>::operator<<(std::ios_base& (*)(std::ios_base&)) [with _CharT = char; _Traits = std::char_traits<char>; std::basic_ostream<_CharT, _Traits>::__ostream_type = std::basic_ostream<char>]’
  127 |       operator<<(ios_base& (*__pf) (ios_base&))
      |       ^~~~~~~~
/usr/include/c++/9/ostream:127:30: note:   no known conversion for argument 1 from ‘const Quaternionf’ {aka ‘const Eigen::Quaternion<float>’} to ‘std::ios_base& (*)(std::ios_base&)’
  127 |       operator<<(ios_base& (*__pf) (ios_base&))
      |                  ~~~~~~~~~~~~^~~~~~~~~~~~~~~~~
/usr/include/c++/9/ostream:166:7: note: candidate: ‘std::basic_ostream<_CharT, _Traits>::__ostream_type& std::basic_ostream<_CharT, _Traits>::operator<<(long int) [with _CharT = char; _Traits = std::char_traits<char>; std::basic_ostream<_CharT, _Traits>::__ostream_type = std::basic_ostream<char>]’
  166 |       operator<<(long __n)
      |       ^~~~~~~~
/usr/include/c++/9/ostream:166:23: note:   no known conversion for argument 1 from ‘const Quaternionf’ {aka ‘const Eigen::Quaternion<float>’} to ‘long int’
  166 |       operator<<(long __n)
      |                  ~~~~~^~~
/usr/include/c++/9/ostream:170:7: note: candidate: ‘std::basic_ostream<_CharT, _Traits>::__ostream_type& std::basic_ostream<_CharT, _Traits>::operator<<(long unsigned int) [with _CharT = char; _Traits = std::char_traits<char>; std::basic_ostream<_CharT, _Traits>::__ostream_type = std::basic_ostream<char>]’
  170 |       operator<<(unsigned long __n)
      |       ^~~~~~~~
/usr/include/c++/9/ostream:170:32: note:   no known conversion for argument 1 from ‘const Quaternionf’ {aka ‘const Eigen::Quaternion<float>’} to ‘long unsigned int’
  170 |       operator<<(unsigned long __n)
      |                  ~~~~~~~~~~~~~~^~~
/usr/include/c++/9/ostream:174:7: note: candidate: ‘std::basic_ostream<_CharT, _Traits>::__ostream_type& std::basic_ostream<_CharT, _Traits>::operator<<(bool) [with _CharT = char; _Traits = std::char_traits<char>; std::basic_ostream<_CharT, _Traits>::__ostream_type = std::basic_ostream<char>]’
  174 |       operator<<(bool __n)
      |       ^~~~~~~~
/usr/include/c++/9/ostream:174:23: note:   no known conversion for argument 1 from ‘const Quaternionf’ {aka ‘const Eigen::Quaternion<float>’} to ‘bool’
  174 |       operator<<(bool __n)
      |                  ~~~~~^~~
In file included from /usr/include/c++/9/ostream:702,
                 from /usr/include/c++/9/iostream:39,
                 from /home/unitree/robotscene/ros2_ws/src/plain_slam_ros2/src/lidar_lidar_calibration_node.cpp:25:
/usr/include/c++/9/bits/ostream.tcc:91:5: note: candidate: ‘std::basic_ostream<_CharT, _Traits>& std::basic_ostream<_CharT, _Traits>::operator<<(short int) [with _CharT = char; _Traits = std::char_traits<char>]’
   91 |     basic_ostream<_CharT, _Traits>::
      |     ^~~~~~~~~~~~~~~~~~~~~~~~~~~~~~
/usr/include/c++/9/bits/ostream.tcc:92:22: note:   no known conversion for argument 1 from ‘const Quaternionf’ {aka ‘const Eigen::Quaternion<float>’} to ‘short int’
   92 |     operator<<(short __n)
      |                ~~~~~~^~~
In file included from /usr/include/c++/9/iostream:39,
                 from /home/unitree/robotscene/ros2_ws/src/plain_slam_ros2/src/lidar_lidar_calibration_node.cpp:25:
/usr/include/c++/9/ostream:181:7: note: candidate: ‘std::basic_ostream<_CharT, _Traits>::__ostream_type& std::basic_ostream<_CharT, _Traits>::operator<<(short unsigned int) [with _CharT = char; _Traits = std::char_traits<char>; std::basic_ostream<_CharT, _Traits>::__ostream_type = std::basic_ostream<char>]’
  181 |       operator<<(unsigned short __n)
      |       ^~~~~~~~
/usr/include/c++/9/ostream:181:33: note:   no known conversion for argument 1 from ‘const Quaternionf’ {aka ‘const Eigen::Quaternion<float>’} to ‘short unsigned int’
  181 |       operator<<(unsigned short __n)
      |                  ~~~~~~~~~~~~~~~^~~
In file included from /usr/include/c++/9/ostream:702,
                 from /usr/include/c++/9/iostream:39,
                 from /home/unitree/robotscene/ros2_ws/src/plain_slam_ros2/src/lidar_lidar_calibration_node.cpp:25:
/usr/include/c++/9/bits/ostream.tcc:105:5: note: candidate: ‘std::basic_ostream<_CharT, _Traits>& std::basic_ostream<_CharT, _Traits>::operator<<(int) [with _CharT = char; _Traits = std::char_traits<char>]’
  105 |     basic_ostream<_CharT, _Traits>::
      |     ^~~~~~~~~~~~~~~~~~~~~~~~~~~~~~
/usr/include/c++/9/bits/ostream.tcc:106:20: note:   no known conversion for argument 1 from ‘const Quaternionf’ {aka ‘const Eigen::Quaternion<float>’} to ‘int’
  106 |     operator<<(int __n)
      |                ~~~~^~~
In file included from /usr/include/c++/9/iostream:39,
                 from /home/unitree/robotscene/ros2_ws/src/plain_slam_ros2/src/lidar_lidar_calibration_node.cpp:25:
/usr/include/c++/9/ostream:192:7: note: candidate: ‘std::basic_ostream<_CharT, _Traits>::__ostream_type& std::basic_ostream<_CharT, _Traits>::operator<<(unsigned int) [with _CharT = char; _Traits = std::char_traits<char>; std::basic_ostream<_CharT, _Traits>::__ostream_type = std::basic_ostream<char>]’
  192 |       operator<<(unsigned int __n)
      |       ^~~~~~~~
/usr/include/c++/9/ostream:192:31: note:   no known conversion for argument 1 from ‘const Quaternionf’ {aka ‘const Eigen::Quaternion<float>’} to ‘unsigned int’
  192 |       operator<<(unsigned int __n)
      |                  ~~~~~~~~~~~~~^~~
/usr/include/c++/9/ostream:201:7: note: candidate: ‘std::basic_ostream<_CharT, _Traits>::__ostream_type& std::basic_ostream<_CharT, _Traits>::operator<<(long long int) [with _CharT = char; _Traits = std::char_traits<char>; std::basic_ostream<_CharT, _Traits>::__ostream_type = std::basic_ostream<char>]’
  201 |       operator<<(long long __n)
      |       ^~~~~~~~
/usr/include/c++/9/ostream:201:28: note:   no known conversion for argument 1 from ‘const Quaternionf’ {aka ‘const Eigen::Quaternion<float>’} to ‘long long int’
  201 |       operator<<(long long __n)
      |                  ~~~~~~~~~~^~~
/usr/include/c++/9/ostream:205:7: note: candidate: ‘std::basic_ostream<_CharT, _Traits>::__ostream_type& std::basic_ostream<_CharT, _Traits>::operator<<(long long unsigned int) [with _CharT = char; _Traits = std::char_traits<char>; std::basic_ostream<_CharT, _Traits>::__ostream_type = std::basic_ostream<char>]’
  205 |       operator<<(unsigned long long __n)
      |       ^~~~~~~~
/usr/include/c++/9/ostream:205:37: note:   no known conversion for argument 1 from ‘const Quaternionf’ {aka ‘const Eigen::Quaternion<float>’} to ‘long long unsigned int’
  205 |       operator<<(unsigned long long __n)
      |                  ~~~~~~~~~~~~~~~~~~~^~~
/usr/include/c++/9/ostream:220:7: note: candidate: ‘std::basic_ostream<_CharT, _Traits>::__ostream_type& std::basic_ostream<_CharT, _Traits>::operator<<(double) [with _CharT = char; _Traits = std::char_traits<char>; std::basic_ostream<_CharT, _Traits>::__ostream_type = std::basic_ostream<char>]’
  220 |       operator<<(double __f)
      |       ^~~~~~~~
/usr/include/c++/9/ostream:220:25: note:   no known conversion for argument 1 from ‘const Quaternionf’ {aka ‘const Eigen::Quaternion<float>’} to ‘double’
  220 |       operator<<(double __f)
      |                  ~~~~~~~^~~
/usr/include/c++/9/ostream:224:7: note: candidate: ‘std::basic_ostream<_CharT, _Traits>::__ostream_type& std::basic_ostream<_CharT, _Traits>::operator<<(float) [with _CharT = char; _Traits = std::char_traits<char>; std::basic_ostream<_CharT, _Traits>::__ostream_type = std::basic_ostream<char>]’
  224 |       operator<<(float __f)
      |       ^~~~~~~~
/usr/include/c++/9/ostream:224:24: note:   no known conversion for argument 1 from ‘const Quaternionf’ {aka ‘const Eigen::Quaternion<float>’} to ‘float’
  224 |       operator<<(float __f)
      |                  ~~~~~~^~~
/usr/include/c++/9/ostream:232:7: note: candidate: ‘std::basic_ostream<_CharT, _Traits>::__ostream_type& std::basic_ostream<_CharT, _Traits>::operator<<(long double) [with _CharT = char; _Traits = std::char_traits<char>; std::basic_ostream<_CharT, _Traits>::__ostream_type = std::basic_ostream<char>]’
  232 |       operator<<(long double __f)
      |       ^~~~~~~~
/usr/include/c++/9/ostream:232:30: note:   no known conversion for argument 1 from ‘const Quaternionf’ {aka ‘const Eigen::Quaternion<float>’} to ‘long double’
  232 |       operator<<(long double __f)
      |                  ~~~~~~~~~~~~^~~
/usr/include/c++/9/ostream:245:7: note: candidate: ‘std::basic_ostream<_CharT, _Traits>::__ostream_type& std::basic_ostream<_CharT, _Traits>::operator<<(const void*) [with _CharT = char; _Traits = std::char_traits<char>; std::basic_ostream<_CharT, _Traits>::__ostream_type = std::basic_ostream<char>]’
  245 |       operator<<(const void* __p)
      |       ^~~~~~~~
/usr/include/c++/9/ostream:245:30: note:   no known conversion for argument 1 from ‘const Quaternionf’ {aka ‘const Eigen::Quaternion<float>’} to ‘const void*’
  245 |       operator<<(const void* __p)
      |                  ~~~~~~~~~~~~^~~
/usr/include/c++/9/ostream:250:7: note: candidate: ‘std::basic_ostream<_CharT, _Traits>::__ostream_type& std::basic_ostream<_CharT, _Traits>::operator<<(std::nullptr_t) [with _CharT = char; _Traits = std::char_traits<char>; std::basic_ostream<_CharT, _Traits>::__ostream_type = std::basic_ostream<char>; std::nullptr_t = std::nullptr_t]’
  250 |       operator<<(nullptr_t)
      |       ^~~~~~~~
/usr/include/c++/9/ostream:250:18: note:   no known conversion for argument 1 from ‘const Quaternionf’ {aka ‘const Eigen::Quaternion<float>’} to ‘std::nullptr_t’
  250 |       operator<<(nullptr_t)
      |                  ^~~~~~~~~
In file included from /usr/include/c++/9/ostream:702,
                 from /usr/include/c++/9/iostream:39,
                 from /home/unitree/robotscene/ros2_ws/src/plain_slam_ros2/src/lidar_lidar_calibration_node.cpp:25:
/usr/include/c++/9/bits/ostream.tcc:119:5: note: candidate: ‘std::basic_ostream<_CharT, _Traits>& std::basic_ostream<_CharT, _Traits>::operator<<(std::basic_ostream<_CharT, _Traits>::__streambuf_type*) [with _CharT = char; _Traits = std::char_traits<char>; std::basic_ostream<_CharT, _Traits>::__streambuf_type = std::basic_streambuf<char>]’
  119 |     basic_ostream<_CharT, _Traits>::
      |     ^~~~~~~~~~~~~~~~~~~~~~~~~~~~~~
/usr/include/c++/9/bits/ostream.tcc:120:34: note:   no known conversion for argument 1 from ‘const Quaternionf’ {aka ‘const Eigen::Quaternion<float>’} to ‘std::basic_ostream<char>::__streambuf_type*’ {aka ‘std::basic_streambuf<char>*’}
  120 |     operator<<(__streambuf_type* __sbin)
      |                ~~~~~~~~~~~~~~~~~~^~~~~~
In file included from /usr/include/eigen3/Eigen/Core:433,
                 from /usr/include/eigen3/Eigen/Geometry:11,
                 from /home/unitree/robotscene/ros2_ws/src/plain_slam_ros2/src/lidar_lidar_calibration_node.cpp:28:
/usr/include/eigen3/Eigen/src/Core/IO.h:216:16: note: candidate: ‘template<class Derived> std::ostream& Eigen::operator<<(std::ostream&, const Eigen::DenseBase<Derived>&)’
  216 | std::ostream & operator <<
      |                ^~~~~~~~
/usr/include/eigen3/Eigen/src/Core/IO.h:216:16: note:   template argument deduction/substitution failed:
/home/unitree/robotscene/ros2_ws/src/plain_slam_ros2/src/lidar_lidar_calibration_node.cpp:76:46: note:   ‘const Quaternionf’ {aka ‘const Eigen::Quaternion<float>’} is not derived from ‘const Eigen::DenseBase<Derived>’
   76 |   std::cout << "quaternion:" << std::endl << q << std::endl;
      |                                              ^
In file included from /usr/include/c++/9/bits/basic_string.h:48,
                 from /usr/include/c++/9/string:55,
                 from /usr/include/c++/9/bits/locale_classes.h:40,
                 from /usr/include/c++/9/bits/ios_base.h:41,
                 from /usr/include/c++/9/ios:42,
                 from /usr/include/c++/9/ostream:38,
                 from /usr/include/c++/9/iostream:39,
                 from /home/unitree/robotscene/ros2_ws/src/plain_slam_ros2/src/lidar_lidar_calibration_node.cpp:25:
/usr/include/c++/9/string_view:580:5: note: candidate: ‘template<class _CharT, class _Traits> std::basic_ostream<_CharT, _Traits>& std::operator<<(std::basic_ostream<_CharT, _Traits>&, std::basic_string_view<_CharT, _Traits>)’
  580 |     operator<<(basic_ostream<_CharT, _Traits>& __os,
      |     ^~~~~~~~
/usr/include/c++/9/string_view:580:5: note:   template argument deduction/substitution failed:
/home/unitree/robotscene/ros2_ws/src/plain_slam_ros2/src/lidar_lidar_calibration_node.cpp:76:46: note:   ‘Eigen::Quaternion<float>’ is not derived from ‘std::basic_string_view<_CharT, _Traits>’
   76 |   std::cout << "quaternion:" << std::endl << q << std::endl;
      |                                              ^
In file included from /usr/include/c++/9/string:55,
                 from /usr/include/c++/9/bits/locale_classes.h:40,
                 from /usr/include/c++/9/bits/ios_base.h:41,
                 from /usr/include/c++/9/ios:42,
                 from /usr/include/c++/9/ostream:38,
                 from /usr/include/c++/9/iostream:39,
                 from /home/unitree/robotscene/ros2_ws/src/plain_slam_ros2/src/lidar_lidar_calibration_node.cpp:25:
/usr/include/c++/9/bits/basic_string.h:6419:5: note: candidate: ‘template<class _CharT, class _Traits, class _Alloc> std::basic_ostream<_CharT, _Traits>& std::operator<<(std::basic_ostream<_CharT, _Traits>&, const std::__cxx11::basic_string<_CharT, _Traits, _Allocator>&)’
 6419 |     operator<<(basic_ostream<_CharT, _Traits>& __os,
      |     ^~~~~~~~
/usr/include/c++/9/bits/basic_string.h:6419:5: note:   template argument deduction/substitution failed:
/home/unitree/robotscene/ros2_ws/src/plain_slam_ros2/src/lidar_lidar_calibration_node.cpp:76:46: note:   ‘const Quaternionf’ {aka ‘const Eigen::Quaternion<float>’} is not derived from ‘const std::__cxx11::basic_string<_CharT, _Traits, _Allocator>’
   76 |   std::cout << "quaternion:" << std::endl << q << std::endl;
      |                                              ^
In file included from /usr/include/c++/9/bits/ios_base.h:46,
                 from /usr/include/c++/9/ios:42,
                 from /usr/include/c++/9/ostream:38,
                 from /usr/include/c++/9/iostream:39,
                 from /home/unitree/robotscene/ros2_ws/src/plain_slam_ros2/src/lidar_lidar_calibration_node.cpp:25:
/usr/include/c++/9/system_error:217:5: note: candidate: ‘template<class _CharT, class _Traits> std::basic_ostream<_CharT, _Traits>& std::operator<<(std::basic_ostream<_CharT, _Traits>&, const std::error_code&)’
  217 |     operator<<(basic_ostream<_CharT, _Traits>& __os, const error_code& __e)
      |     ^~~~~~~~
/usr/include/c++/9/system_error:217:5: note:   template argument deduction/substitution failed:
/home/unitree/robotscene/ros2_ws/src/plain_slam_ros2/src/lidar_lidar_calibration_node.cpp:76:46: note:   cannot convert ‘q’ (type ‘const Quaternionf’ {aka ‘const Eigen::Quaternion<float>’}) to type ‘const std::error_code&’
   76 |   std::cout << "quaternion:" << std::endl << q << std::endl;
      |                                              ^
In file included from /usr/include/c++/9/iostream:39,
                 from /home/unitree/robotscene/ros2_ws/src/plain_slam_ros2/src/lidar_lidar_calibration_node.cpp:25:
/usr/include/c++/9/ostream:506:5: note: candidate: ‘template<class _CharT, class _Traits> std::basic_ostream<_CharT, _Traits>& std::operator<<(std::basic_ostream<_CharT, _Traits>&, _CharT)’
  506 |     operator<<(basic_ostream<_CharT, _Traits>& __out, _CharT __c)
      |     ^~~~~~~~
/usr/include/c++/9/ostream:506:5: note:   template argument deduction/substitution failed:
/home/unitree/robotscene/ros2_ws/src/plain_slam_ros2/src/lidar_lidar_calibration_node.cpp:76:46: note:   deduced conflicting types for parameter ‘_CharT’ (‘char’ and ‘Eigen::Quaternion<float>’)
   76 |   std::cout << "quaternion:" << std::endl << q << std::endl;
      |                                              ^
In file included from /usr/include/c++/9/iostream:39,
                 from /home/unitree/robotscene/ros2_ws/src/plain_slam_ros2/src/lidar_lidar_calibration_node.cpp:25:
/usr/include/c++/9/ostream:511:5: note: candidate: ‘template<class _CharT, class _Traits> std::basic_ostream<_CharT, _Traits>& std::operator<<(std::basic_ostream<_CharT, _Traits>&, char)’
  511 |     operator<<(basic_ostream<_CharT, _Traits>& __out, char __c)
      |     ^~~~~~~~
/usr/include/c++/9/ostream:511:5: note:   template argument deduction/substitution failed:
/home/unitree/robotscene/ros2_ws/src/plain_slam_ros2/src/lidar_lidar_calibration_node.cpp:76:46: note:   cannot convert ‘q’ (type ‘const Quaternionf’ {aka ‘const Eigen::Quaternion<float>’}) to type ‘char’
   76 |   std::cout << "quaternion:" << std::endl << q << std::endl;
      |                                              ^
In file included from /usr/include/c++/9/iostream:39,
                 from /home/unitree/robotscene/ros2_ws/src/plain_slam_ros2/src/lidar_lidar_calibration_node.cpp:25:
/usr/include/c++/9/ostream:517:5: note: candidate: ‘template<class _Traits> std::basic_ostream<char, _Traits>& std::operator<<(std::basic_ostream<char, _Traits>&, char)’
  517 |     operator<<(basic_ostream<char, _Traits>& __out, char __c)
      |     ^~~~~~~~
/usr/include/c++/9/ostream:517:5: note:   template argument deduction/substitution failed:
/home/unitree/robotscene/ros2_ws/src/plain_slam_ros2/src/lidar_lidar_calibration_node.cpp:76:46: note:   cannot convert ‘q’ (type ‘const Quaternionf’ {aka ‘const Eigen::Quaternion<float>’}) to type ‘char’
   76 |   std::cout << "quaternion:" << std::endl << q << std::endl;
      |                                              ^
In file included from /usr/include/c++/9/iostream:39,
                 from /home/unitree/robotscene/ros2_ws/src/plain_slam_ros2/src/lidar_lidar_calibration_node.cpp:25:
/usr/include/c++/9/ostream:523:5: note: candidate: ‘template<class _Traits> std::basic_ostream<char, _Traits>& std::operator<<(std::basic_ostream<char, _Traits>&, signed char)’
  523 |     operator<<(basic_ostream<char, _Traits>& __out, signed char __c)
      |     ^~~~~~~~
/usr/include/c++/9/ostream:523:5: note:   template argument deduction/substitution failed:
/home/unitree/robotscene/ros2_ws/src/plain_slam_ros2/src/lidar_lidar_calibration_node.cpp:76:46: note:   cannot convert ‘q’ (type ‘const Quaternionf’ {aka ‘const Eigen::Quaternion<float>’}) to type ‘signed char’
   76 |   std::cout << "quaternion:" << std::endl << q << std::endl;
      |                                              ^
In file included from /usr/include/c++/9/iostream:39,
                 from /home/unitree/robotscene/ros2_ws/src/plain_slam_ros2/src/lidar_lidar_calibration_node.cpp:25:
/usr/include/c++/9/ostream:528:5: note: candidate: ‘template<class _Traits> std::basic_ostream<char, _Traits>& std::operator<<(std::basic_ostream<char, _Traits>&, unsigned char)’
  528 |     operator<<(basic_ostream<char, _Traits>& __out, unsigned char __c)
      |     ^~~~~~~~
/usr/include/c++/9/ostream:528:5: note:   template argument deduction/substitution failed:
/home/unitree/robotscene/ros2_ws/src/plain_slam_ros2/src/lidar_lidar_calibration_node.cpp:76:46: note:   cannot convert ‘q’ (type ‘const Quaternionf’ {aka ‘const Eigen::Quaternion<float>’}) to type ‘unsigned char’
   76 |   std::cout << "quaternion:" << std::endl << q << std::endl;
      |                                              ^
In file included from /usr/include/c++/9/iostream:39,
                 from /home/unitree/robotscene/ros2_ws/src/plain_slam_ros2/src/lidar_lidar_calibration_node.cpp:25:
/usr/include/c++/9/ostream:548:5: note: candidate: ‘template<class _CharT, class _Traits> std::basic_ostream<_CharT, _Traits>& std::operator<<(std::basic_ostream<_CharT, _Traits>&, const _CharT*)’
  548 |     operator<<(basic_ostream<_CharT, _Traits>& __out, const _CharT* __s)
      |     ^~~~~~~~
/usr/include/c++/9/ostream:548:5: note:   template argument deduction/substitution failed:
/home/unitree/robotscene/ros2_ws/src/plain_slam_ros2/src/lidar_lidar_calibration_node.cpp:76:46: note:   mismatched types ‘const _CharT*’ and ‘Eigen::Quaternion<float>’
   76 |   std::cout << "quaternion:" << std::endl << q << std::endl;
      |                                              ^
In file included from /usr/include/c++/9/ostream:702,
                 from /usr/include/c++/9/iostream:39,
                 from /home/unitree/robotscene/ros2_ws/src/plain_slam_ros2/src/lidar_lidar_calibration_node.cpp:25:
/usr/include/c++/9/bits/ostream.tcc:321:5: note: candidate: ‘template<class _CharT, class _Traits> std::basic_ostream<_CharT, _Traits>& std::operator<<(std::basic_ostream<_CharT, _Traits>&, const char*)’
  321 |     operator<<(basic_ostream<_CharT, _Traits>& __out, const char* __s)
      |     ^~~~~~~~
/usr/include/c++/9/bits/ostream.tcc:321:5: note:   template argument deduction/substitution failed:
/home/unitree/robotscene/ros2_ws/src/plain_slam_ros2/src/lidar_lidar_calibration_node.cpp:76:46: note:   cannot convert ‘q’ (type ‘const Quaternionf’ {aka ‘const Eigen::Quaternion<float>’}) to type ‘const char*’
   76 |   std::cout << "quaternion:" << std::endl << q << std::endl;
      |                                              ^
In file included from /usr/include/c++/9/iostream:39,
                 from /home/unitree/robotscene/ros2_ws/src/plain_slam_ros2/src/lidar_lidar_calibration_node.cpp:25:
/usr/include/c++/9/ostream:565:5: note: candidate: ‘template<class _Traits> std::basic_ostream<char, _Traits>& std::operator<<(std::basic_ostream<char, _Traits>&, const char*)’
  565 |     operator<<(basic_ostream<char, _Traits>& __out, const char* __s)
      |     ^~~~~~~~
/usr/include/c++/9/ostream:565:5: note:   template argument deduction/substitution failed:
/home/unitree/robotscene/ros2_ws/src/plain_slam_ros2/src/lidar_lidar_calibration_node.cpp:76:46: note:   cannot convert ‘q’ (type ‘const Quaternionf’ {aka ‘const Eigen::Quaternion<float>’}) to type ‘const char*’
   76 |   std::cout << "quaternion:" << std::endl << q << std::endl;
      |                                              ^
In file included from /usr/include/c++/9/iostream:39,
                 from /home/unitree/robotscene/ros2_ws/src/plain_slam_ros2/src/lidar_lidar_calibration_node.cpp:25:
/usr/include/c++/9/ostream:578:5: note: candidate: ‘template<class _Traits> std::basic_ostream<char, _Traits>& std::operator<<(std::basic_ostream<char, _Traits>&, const signed char*)’
  578 |     operator<<(basic_ostream<char, _Traits>& __out, const signed char* __s)
      |     ^~~~~~~~
/usr/include/c++/9/ostream:578:5: note:   template argument deduction/substitution failed:
/home/unitree/robotscene/ros2_ws/src/plain_slam_ros2/src/lidar_lidar_calibration_node.cpp:76:46: note:   cannot convert ‘q’ (type ‘const Quaternionf’ {aka ‘const Eigen::Quaternion<float>’}) to type ‘const signed char*’
   76 |   std::cout << "quaternion:" << std::endl << q << std::endl;
      |                                              ^
In file included from /usr/include/c++/9/iostream:39,
                 from /home/unitree/robotscene/ros2_ws/src/plain_slam_ros2/src/lidar_lidar_calibration_node.cpp:25:
/usr/include/c++/9/ostream:583:5: note: candidate: ‘template<class _Traits> std::basic_ostream<char, _Traits>& std::operator<<(std::basic_ostream<char, _Traits>&, const unsigned char*)’
  583 |     operator<<(basic_ostream<char, _Traits>& __out, const unsigned char* __s)
      |     ^~~~~~~~
/usr/include/c++/9/ostream:583:5: note:   template argument deduction/substitution failed:
/home/unitree/robotscene/ros2_ws/src/plain_slam_ros2/src/lidar_lidar_calibration_node.cpp:76:46: note:   cannot convert ‘q’ (type ‘const Quaternionf’ {aka ‘const Eigen::Quaternion<float>’}) to type ‘const unsigned char*’
   76 |   std::cout << "quaternion:" << std::endl << q << std::endl;
      |                                              ^
In file included from /usr/include/c++/9/iostream:39,
                 from /home/unitree/robotscene/ros2_ws/src/plain_slam_ros2/src/lidar_lidar_calibration_node.cpp:25:
/usr/include/c++/9/ostream:691:5: note: candidate: ‘template<class _Ostream, class _Tp> typename std::enable_if<std::__and_<std::__not_<std::is_lvalue_reference<_Tp> >, std::__is_convertible_to_basic_ostream<_Ostream>, std::__is_insertable<typename std::__is_convertible_to_basic_ostream<_Tp>::__ostream_type, const _Tp&, void> >::value, typename std::__is_convertible_to_basic_ostream<_Tp>::__ostream_type>::type std::operator<<(_Ostream&&, const _Tp&)’
  691 |     operator<<(_Ostream&& __os, const _Tp& __x)
      |     ^~~~~~~~
/usr/include/c++/9/ostream:691:5: note:   template argument deduction/substitution failed:
/usr/include/c++/9/ostream: In substitution of ‘template<class _Ostream, class _Tp> typename std::enable_if<std::__and_<std::__not_<std::is_lvalue_reference<_Tp> >, std::__is_convertible_to_basic_ostream<_Ostream>, std::__is_insertable<typename std::__is_convertible_to_basic_ostream<_Tp>::__ostream_type, const _Tp&, void> >::value, typename std::__is_convertible_to_basic_ostream<_Tp>::__ostream_type>::type std::operator<<(_Ostream&&, const _Tp&) [with _Ostream = std::basic_ostream<char>&; _Tp = Eigen::Quaternion<float>]’:
/home/unitree/robotscene/ros2_ws/src/plain_slam_ros2/src/lidar_lidar_calibration_node.cpp:76:46:   required from here
/usr/include/c++/9/ostream:691:5: error: no type named ‘type’ in ‘struct std::enable_if<false, std::basic_ostream<char>&>’
In file included from /usr/include/eigen3/Eigen/Core:96,
                 from /usr/include/eigen3/Eigen/Geometry:11,
                 from /home/unitree/robotscene/ros2_ws/src/plain_slam_ros2/src/lidar_lidar_calibration_node.cpp:28:
/usr/include/c++/9/complex:552:5: note: candidate: ‘template<class _Tp, class _CharT, class _Traits> std::basic_ostream<_CharT, _Traits>& std::operator<<(std::basic_ostream<_CharT, _Traits>&, const std::complex<_Tp>&)’
  552 |     operator<<(basic_ostream<_CharT, _Traits>& __os, const complex<_Tp>& __x)
      |     ^~~~~~~~
/usr/include/c++/9/complex:552:5: note:   template argument deduction/substitution failed:
/home/unitree/robotscene/ros2_ws/src/plain_slam_ros2/src/lidar_lidar_calibration_node.cpp:76:46: note:   ‘const Quaternionf’ {aka ‘const Eigen::Quaternion<float>’} is not derived from ‘const std::complex<_Tp>’
   76 |   std::cout << "quaternion:" << std::endl << q << std::endl;
      |                                              ^
In file included from /usr/include/eigen3/Eigen/Core:277,
                 from /usr/include/eigen3/Eigen/Geometry:11,
                 from /home/unitree/robotscene/ros2_ws/src/plain_slam_ros2/src/lidar_lidar_calibration_node.cpp:28:
/usr/include/c++/9/cstddef:130:5: note: candidate: ‘template<class _IntegerType> constexpr std::__byte_op_t<_IntegerType> std::operator<<(std::byte, _IntegerType)’
  130 |     operator<<(byte __b, _IntegerType __shift) noexcept
      |     ^~~~~~~~
/usr/include/c++/9/cstddef:130:5: note:   template argument deduction/substitution failed:
/home/unitree/robotscene/ros2_ws/src/plain_slam_ros2/src/lidar_lidar_calibration_node.cpp:76:30: note:   cannot convert ‘(& std::operator<< <std::char_traits<char> >(std::cout, ((const char*)"quaternion:")))->std::basic_ostream<char>::operator<<(std::endl<char, std::char_traits<char> >)’ (type ‘std::basic_ostream<char>::__ostream_type’ {aka ‘std::basic_ostream<char>’}) to type ‘std::byte’
   76 |   std::cout << "quaternion:" << std::endl << q << std::endl;
      |   ~~~~~~~~~~~~~~~~~~~~~~~~~~~^~~~~~~~~~~~
In file included from /usr/include/c++/9/memory:81,
                 from /home/unitree/robotscene/ros2_ws/src/plain_slam_ros2/include/plain_slam/types.hpp:29,
                 from /home/unitree/robotscene/ros2_ws/src/plain_slam_ros2/src/lidar_lidar_calibration_node.cpp:30:
/usr/include/c++/9/bits/shared_ptr.h:66:5: note: candidate: ‘template<class _Ch, class _Tr, class _Tp, __gnu_cxx::_Lock_policy _Lp> std::basic_ostream<_CharT, _Traits>& std::operator<<(std::basic_ostream<_CharT, _Traits>&, const std::__shared_ptr<_Tp, _Lp>&)’
   66 |     operator<<(std::basic_ostream<_Ch, _Tr>& __os,
      |     ^~~~~~~~
/usr/include/c++/9/bits/shared_ptr.h:66:5: note:   template argument deduction/substitution failed:
/home/unitree/robotscene/ros2_ws/src/plain_slam_ros2/src/lidar_lidar_calibration_node.cpp:76:46: note:   ‘const Quaternionf’ {aka ‘const Eigen::Quaternion<float>’} is not derived from ‘const std::__shared_ptr<_Tp, _Lp>’
   76 |   std::cout << "quaternion:" << std::endl << q << std::endl;
      |                                              ^
In file included from /usr/include/c++/9/future:39,
                 from /usr/local/include/nanoflann.hpp:55,
                 from /home/unitree/robotscene/ros2_ws/src/plain_slam_ros2/include/plain_slam/types.hpp:35,
                 from /home/unitree/robotscene/ros2_ws/src/plain_slam_ros2/src/lidar_lidar_calibration_node.cpp:30:
/usr/include/c++/9/thread:322:5: note: candidate: ‘template<class _CharT, class _Traits> std::basic_ostream<_CharT, _Traits>& std::operator<<(std::basic_ostream<_CharT, _Traits>&, std::thread::id)’
  322 |     operator<<(basic_ostream<_CharT, _Traits>& __out, thread::id __id)
      |     ^~~~~~~~
/usr/include/c++/9/thread:322:5: note:   template argument deduction/substitution failed:
/home/unitree/robotscene/ros2_ws/src/plain_slam_ros2/src/lidar_lidar_calibration_node.cpp:76:46: note:   cannot convert ‘q’ (type ‘const Quaternionf’ {aka ‘const Eigen::Quaternion<float>’}) to type ‘std::thread::id’
   76 |   std::cout << "quaternion:" << std::endl << q << std::endl;
      |                                              ^
make[2]: *** [CMakeFiles/lidar_lidar_calibration_node.dir/build.make:63: CMakeFiles/lidar_lidar_calibration_node.dir/src/lidar_lidar_calibration_node.cpp.o] Error 1
make[1]: *** [CMakeFiles/Makefile2:84: CMakeFiles/lidar_lidar_calibration_node.dir/all] Error 2
make: *** [Makefile:141: all] Error 2
