-- Found ament_cmake: 0.9.12 (/opt/ros/foxy/share/ament_cmake/cmake)
-- Found PythonInterp: /usr/bin/python3 (found suitable version "3.8.10", minimum required is "3") 
-- Using PYTHON_EXECUTABLE: /usr/bin/python3
-- Override CMake install command with custom implementation using symlinks instead of copying resources
-- Found rclcpp: 2.4.3 (/opt/ros/foxy/share/rclcpp/cmake)
-- Using all available rosidl_typesupport_c: rosidl_typesupport_fastrtps_c;rosidl_typesupport_introspection_c
-- Found rosidl_adapter: 1.3.1 (/opt/ros/foxy/share/rosidl_adapter/cmake)
-- Found OpenSSL: /usr/lib/aarch64-linux-gnu/libcrypto.so (found version "1.1.1f")  
-- Found FastRTPS: /opt/ros/foxy/include  
-- Using all available rosidl_typesupport_cpp: rosidl_typesupport_fastrtps_cpp;rosidl_typesupport_introspection_cpp
-- Found rmw_implementation_cmake: 1.0.4 (/opt/ros/foxy/share/rmw_implementation_cmake/cmake)
-- Using RMW implementation 'rmw_fastrtps_cpp' as default
-- Looking for pthread.h
-- Looking for pthread.h - found
-- Performing Test CMAKE_HAVE_LIBC_PTHREAD
-- Performing Test CMAKE_HAVE_LIBC_PTHREAD - Failed
-- Looking for pthread_create in pthreads
-- Looking for pthread_create in pthreads - not found
-- Looking for pthread_create in pthread
-- Looking for pthread_create in pthread - found
-- Found Threads: TRUE  
-- Found sensor_msgs: 2.0.5 (/opt/ros/foxy/share/sensor_msgs/cmake)
-- Found nav_msgs: 2.0.5 (/opt/ros/foxy/share/nav_msgs/cmake)
-- Found diagnostic_msgs: 2.0.5 (/opt/ros/foxy/share/diagnostic_msgs/cmake)
-- Found tf2: 0.13.14 (/opt/ros/foxy/share/tf2/cmake)
-- Found tf2_ros: 0.13.14 (/opt/ros/foxy/share/tf2_ros/cmake)
-- Found ament_cmake_gtest: 0.9.12 (/opt/ros/foxy/share/ament_cmake_gtest/cmake)
-- Found ament_lint_auto: 0.9.8 (/opt/ros/foxy/share/ament_lint_auto/cmake)
-- Found gtest sources under '/opt/ros/foxy/src/gtest_vendor': C++ tests using 'Google Test' will be built
-- Check if compiler accepts -pthread
-- Check if compiler accepts -pthread - yes
-- Added test 'copyright' to check source files copyright and LICENSE
-- Added test 'cppcheck' to perform static code analysis on C / C++ code
-- Configured cppcheck include dirs: $<BUILD_INTERFACE:/home/unitree/robotscene/ros2_ws/src/go2w_plain_slam_bridge/include>
-- Configured cppcheck exclude dirs and/or files: 
-- Added test 'cpplint' to check C / C++ code against the Google style
-- Configured cpplint exclude dirs and/or files: 
-- Added test 'flake8' to check Python code syntax and style conventions
-- Added test 'lint_cmake' to check CMake code style
-- Added test 'pep257' to check Python code against some of the style conventions in PEP 257
-- Added test 'uncrustify' to check C / C++ code style
-- Configured uncrustify additional arguments: 
-- Added test 'xmllint' to check XML markup files
-- Configuring done
-- Generating done
-- Build files have been written to: /home/unitree/robotscene/ros2_ws/build/go2w_plain_slam_bridge
Scanning dependencies of target pandar_slam_adapter
[  5%] Building CXX object CMakeFiles/pandar_slam_adapter.dir/src/pandar_slam_adapter.cpp.o
[ 11%] Linking CXX executable pandar_slam_adapter
[ 11%] Built target pandar_slam_adapter
Scanning dependencies of target pointcloud_to_occupancy
[ 16%] Building CXX object CMakeFiles/pointcloud_to_occupancy.dir/src/pointcloud_to_occupancy.cpp.o
In file included from /home/unitree/robotscene/ros2_ws/src/go2w_plain_slam_bridge/src/pointcloud_to_occupancy.cpp:37:
/home/unitree/robotscene/ros2_ws/src/go2w_plain_slam_bridge/include/go2w_plain_slam_bridge/occupancy_grid.hpp: In member function ‘void go2w_plain_slam_bridge::OccupancyGrid2D::add_log_odds(int, int, double)’:
/home/unitree/robotscene/ros2_ws/src/go2w_plain_slam_bridge/include/go2w_plain_slam_bridge/occupancy_grid.hpp:108:18: error: ‘clamp’ is not a member of ‘std’
  108 |     value = std::clamp(value + delta, params_.log_odds_min, params_.log_odds_max);
      |                  ^~~~~
make[2]: *** [CMakeFiles/pointcloud_to_occupancy.dir/build.make:63: CMakeFiles/pointcloud_to_occupancy.dir/src/pointcloud_to_occupancy.cpp.o] Error 1
make[1]: *** [CMakeFiles/Makefile2:219: CMakeFiles/pointcloud_to_occupancy.dir/all] Error 2
make: *** [Makefile:141: all] Error 2
