[8.169s] DEBUG:colcon:Command line arguments: ['/usr/bin/colcon', 'build', '--packages-select', 'plain_slam_ros2', '--event-handlers', 'console_cohesion+']
[8.170s] DEBUG:colcon:Parsed command line arguments: Namespace(allow_overriding=[], ament_cmake_args=None, base_paths=['.'], build_base='build', catkin_cmake_args=None, catkin_skip_building_tests=False, cmake_args=None, cmake_clean_cache=False, cmake_clean_first=False, cmake_force_configure=False, cmake_target=None, cmake_target_skip_unavailable=False, continue_on_error=False, event_handlers=['console_cohesion+'], executor='parallel', ignore_user_meta=False, install_base='install', log_base=None, log_level=None, main=<bound method BuildVerb.main of <colcon_core.verb.build.BuildVerb object at 0xffff96938c10>>, merge_install=False, metas=['./colcon.meta'], packages_above=None, packages_above_and_dependencies=None, packages_above_depth=None, packages_end=None, packages_ignore=None, packages_ignore_regex=None, packages_select=['plain_slam_ros2'], packages_select_build_failed=False, packages_select_by_dep=None, packages_select_regex=None, packages_select_test_failures=False, packages_skip=None, packages_skip_build_finished=False, packages_skip_by_dep=None, packages_skip_regex=None, packages_skip_test_passed=False, packages_skip_up_to=None, packages_start=None, packages_up_to=None, packages_up_to_regex=None, parallel_workers=4, paths=None, symlink_install=False, test_result_base=None, verb_extension=<colcon_core.verb.build.BuildVerb object at 0xffff96938c10>, verb_name='build', verb_parser=<colcon_defaults.argument_parser.defaults.DefaultArgumentsDecorator object at 0xffff9650ce20>)
[8.777s] Level 1:colcon.colcon_core.package_discovery:discover_packages(colcon_meta) check parameters
[8.777s] Level 1:colcon.colcon_core.package_discovery:discover_packages(recursive) check parameters
[8.777s] Level 1:colcon.colcon_core.package_discovery:discover_packages(ignore) check parameters
[8.777s] Level 1:colcon.colcon_core.package_discovery:discover_packages(path) check parameters
[8.778s] Level 1:colcon.colcon_core.package_discovery:discover_packages(colcon_meta) discover
[8.778s] Level 1:colcon.colcon_core.package_discovery:discover_packages(recursive) discover
[8.778s] INFO:colcon.colcon_core.package_discovery:Crawling recursively for packages in '/home/unitree/robotscene/ros2_ws'
[8.778s] Level 1:colcon.colcon_core.package_identification:_identify(.) by extensions ['ignore', 'ignore_ament_install']
[8.778s] Level 1:colcon.colcon_core.package_identification:_identify(.) by extension 'ignore'
[8.779s] Level 1:colcon.colcon_core.package_identification:_identify(.) by extension 'ignore_ament_install'
[8.779s] Level 1:colcon.colcon_core.package_identification:_identify(.) by extensions ['colcon_pkg']
[8.779s] Level 1:colcon.colcon_core.package_identification:_identify(.) by extension 'colcon_pkg'
[8.781s] Level 1:colcon.colcon_core.package_identification:_identify(.) by extensions ['colcon_meta']
[8.781s] Level 1:colcon.colcon_core.package_identification:_identify(.) by extension 'colcon_meta'
[8.782s] Level 1:colcon.colcon_core.package_identification:_identify(.) by extensions ['ros']
[8.782s] Level 1:colcon.colcon_core.package_identification:_identify(.) by extension 'ros'
[8.829s] Level 1:colcon.colcon_core.package_identification:_identify(.) by extensions ['cmake', 'python']
[8.832s] Level 1:colcon.colcon_core.package_identification:_identify(.) by extension 'cmake'
[8.832s] Level 1:colcon.colcon_core.package_identification:_identify(.) by extension 'python'
[8.832s] Level 1:colcon.colcon_core.package_identification:_identify(.) by extensions ['python_setup_py']
[8.833s] Level 1:colcon.colcon_core.package_identification:_identify(.) by extension 'python_setup_py'
[8.833s] Level 1:colcon.colcon_core.package_identification:_identify(build) by extensions ['ignore', 'ignore_ament_install']
[8.833s] Level 1:colcon.colcon_core.package_identification:_identify(build) by extension 'ignore'
[8.834s] Level 1:colcon.colcon_core.package_identification:_identify(build) ignored
[8.834s] Level 1:colcon.colcon_core.package_identification:_identify(install) by extensions ['ignore', 'ignore_ament_install']
[8.834s] Level 1:colcon.colcon_core.package_identification:_identify(install) by extension 'ignore'
[8.835s] Level 1:colcon.colcon_core.package_identification:_identify(install) ignored
[8.835s] Level 1:colcon.colcon_core.package_identification:_identify(log) by extensions ['ignore', 'ignore_ament_install']
[8.835s] Level 1:colcon.colcon_core.package_identification:_identify(log) by extension 'ignore'
[8.835s] Level 1:colcon.colcon_core.package_identification:_identify(log) ignored
[8.836s] Level 1:colcon.colcon_core.package_identification:_identify(src) by extensions ['ignore', 'ignore_ament_install']
[8.836s] Level 1:colcon.colcon_core.package_identification:_identify(src) by extension 'ignore'
[8.836s] Level 1:colcon.colcon_core.package_identification:_identify(src) by extension 'ignore_ament_install'
[8.837s] Level 1:colcon.colcon_core.package_identification:_identify(src) by extensions ['colcon_pkg']
[8.837s] Level 1:colcon.colcon_core.package_identification:_identify(src) by extension 'colcon_pkg'
[8.837s] Level 1:colcon.colcon_core.package_identification:_identify(src) by extensions ['colcon_meta']
[8.837s] Level 1:colcon.colcon_core.package_identification:_identify(src) by extension 'colcon_meta'
[8.837s] Level 1:colcon.colcon_core.package_identification:_identify(src) by extensions ['ros']
[8.837s] Level 1:colcon.colcon_core.package_identification:_identify(src) by extension 'ros'
[8.837s] Level 1:colcon.colcon_core.package_identification:_identify(src) by extensions ['cmake', 'python']
[8.837s] Level 1:colcon.colcon_core.package_identification:_identify(src) by extension 'cmake'
[8.838s] Level 1:colcon.colcon_core.package_identification:_identify(src) by extension 'python'
[8.838s] Level 1:colcon.colcon_core.package_identification:_identify(src) by extensions ['python_setup_py']
[8.838s] Level 1:colcon.colcon_core.package_identification:_identify(src) by extension 'python_setup_py'
[8.838s] Level 1:colcon.colcon_core.package_identification:_identify(src/go2w_camera_bridge) by extensions ['ignore', 'ignore_ament_install']
[8.838s] Level 1:colcon.colcon_core.package_identification:_identify(src/go2w_camera_bridge) by extension 'ignore'
[8.838s] Level 1:colcon.colcon_core.package_identification:_identify(src/go2w_camera_bridge) by extension 'ignore_ament_install'
[8.839s] Level 1:colcon.colcon_core.package_identification:_identify(src/go2w_camera_bridge) by extensions ['colcon_pkg']
[8.839s] Level 1:colcon.colcon_core.package_identification:_identify(src/go2w_camera_bridge) by extension 'colcon_pkg'
[8.839s] Level 1:colcon.colcon_core.package_identification:_identify(src/go2w_camera_bridge) by extensions ['colcon_meta']
[8.839s] Level 1:colcon.colcon_core.package_identification:_identify(src/go2w_camera_bridge) by extension 'colcon_meta'
[8.839s] Level 1:colcon.colcon_core.package_identification:_identify(src/go2w_camera_bridge) by extensions ['ros']
[8.839s] Level 1:colcon.colcon_core.package_identification:_identify(src/go2w_camera_bridge) by extension 'ros'
[8.846s] DEBUG:colcon.colcon_core.package_identification:Package 'src/go2w_camera_bridge' with type 'ros.ament_python' and name 'go2w_camera_bridge'
[8.846s] Level 1:colcon.colcon_core.package_identification:_identify(src/go2w_cmd_vel_bridge) by extensions ['ignore', 'ignore_ament_install']
[8.846s] Level 1:colcon.colcon_core.package_identification:_identify(src/go2w_cmd_vel_bridge) by extension 'ignore'
[8.847s] Level 1:colcon.colcon_core.package_identification:_identify(src/go2w_cmd_vel_bridge) by extension 'ignore_ament_install'
[8.847s] Level 1:colcon.colcon_core.package_identification:_identify(src/go2w_cmd_vel_bridge) by extensions ['colcon_pkg']
[8.847s] Level 1:colcon.colcon_core.package_identification:_identify(src/go2w_cmd_vel_bridge) by extension 'colcon_pkg'
[8.847s] Level 1:colcon.colcon_core.package_identification:_identify(src/go2w_cmd_vel_bridge) by extensions ['colcon_meta']
[8.847s] Level 1:colcon.colcon_core.package_identification:_identify(src/go2w_cmd_vel_bridge) by extension 'colcon_meta'
[8.847s] Level 1:colcon.colcon_core.package_identification:_identify(src/go2w_cmd_vel_bridge) by extensions ['ros']
[8.847s] Level 1:colcon.colcon_core.package_identification:_identify(src/go2w_cmd_vel_bridge) by extension 'ros'
[8.848s] DEBUG:colcon.colcon_core.package_identification:Package 'src/go2w_cmd_vel_bridge' with type 'ros.ament_python' and name 'go2w_cmd_vel_bridge'
[8.849s] Level 1:colcon.colcon_core.package_identification:_identify(src/go2w_control_arbiter) by extensions ['ignore', 'ignore_ament_install']
[8.849s] Level 1:colcon.colcon_core.package_identification:_identify(src/go2w_control_arbiter) by extension 'ignore'
[8.849s] Level 1:colcon.colcon_core.package_identification:_identify(src/go2w_control_arbiter) by extension 'ignore_ament_install'
[8.849s] Level 1:colcon.colcon_core.package_identification:_identify(src/go2w_control_arbiter) by extensions ['colcon_pkg']
[8.849s] Level 1:colcon.colcon_core.package_identification:_identify(src/go2w_control_arbiter) by extension 'colcon_pkg'
[8.849s] Level 1:colcon.colcon_core.package_identification:_identify(src/go2w_control_arbiter) by extensions ['colcon_meta']
[8.849s] Level 1:colcon.colcon_core.package_identification:_identify(src/go2w_control_arbiter) by extension 'colcon_meta'
[8.850s] Level 1:colcon.colcon_core.package_identification:_identify(src/go2w_control_arbiter) by extensions ['ros']
[8.850s] Level 1:colcon.colcon_core.package_identification:_identify(src/go2w_control_arbiter) by extension 'ros'
[8.851s] DEBUG:colcon.colcon_core.package_identification:Package 'src/go2w_control_arbiter' with type 'ros.ament_python' and name 'go2w_control_arbiter'
[8.851s] Level 1:colcon.colcon_core.package_identification:_identify(src/go2w_description) by extensions ['ignore', 'ignore_ament_install']
[8.851s] Level 1:colcon.colcon_core.package_identification:_identify(src/go2w_description) by extension 'ignore'
[8.851s] Level 1:colcon.colcon_core.package_identification:_identify(src/go2w_description) by extension 'ignore_ament_install'
[8.851s] Level 1:colcon.colcon_core.package_identification:_identify(src/go2w_description) by extensions ['colcon_pkg']
[8.851s] Level 1:colcon.colcon_core.package_identification:_identify(src/go2w_description) by extension 'colcon_pkg'
[8.851s] Level 1:colcon.colcon_core.package_identification:_identify(src/go2w_description) by extensions ['colcon_meta']
[8.852s] Level 1:colcon.colcon_core.package_identification:_identify(src/go2w_description) by extension 'colcon_meta'
[8.852s] Level 1:colcon.colcon_core.package_identification:_identify(src/go2w_description) by extensions ['ros']
[8.852s] Level 1:colcon.colcon_core.package_identification:_identify(src/go2w_description) by extension 'ros'
[8.853s] DEBUG:colcon.colcon_core.package_identification:Package 'src/go2w_description' with type 'ros.ament_python' and name 'go2w_description'
[8.853s] Level 1:colcon.colcon_core.package_identification:_identify(src/go2w_lidar_preprocessor) by extensions ['ignore', 'ignore_ament_install']
[8.853s] Level 1:colcon.colcon_core.package_identification:_identify(src/go2w_lidar_preprocessor) by extension 'ignore'
[8.853s] Level 1:colcon.colcon_core.package_identification:_identify(src/go2w_lidar_preprocessor) by extension 'ignore_ament_install'
[8.853s] Level 1:colcon.colcon_core.package_identification:_identify(src/go2w_lidar_preprocessor) by extensions ['colcon_pkg']
[8.853s] Level 1:colcon.colcon_core.package_identification:_identify(src/go2w_lidar_preprocessor) by extension 'colcon_pkg'
[8.854s] Level 1:colcon.colcon_core.package_identification:_identify(src/go2w_lidar_preprocessor) by extensions ['colcon_meta']
[8.854s] Level 1:colcon.colcon_core.package_identification:_identify(src/go2w_lidar_preprocessor) by extension 'colcon_meta'
[8.854s] Level 1:colcon.colcon_core.package_identification:_identify(src/go2w_lidar_preprocessor) by extensions ['ros']
[8.854s] Level 1:colcon.colcon_core.package_identification:_identify(src/go2w_lidar_preprocessor) by extension 'ros'
[8.855s] DEBUG:colcon.colcon_core.package_identification:Package 'src/go2w_lidar_preprocessor' with type 'ros.ament_python' and name 'go2w_lidar_preprocessor'
[8.855s] Level 1:colcon.colcon_core.package_identification:_identify(src/go2w_lio_bringup) by extensions ['ignore', 'ignore_ament_install']
[8.855s] Level 1:colcon.colcon_core.package_identification:_identify(src/go2w_lio_bringup) by extension 'ignore'
[8.856s] Level 1:colcon.colcon_core.package_identification:_identify(src/go2w_lio_bringup) by extension 'ignore_ament_install'
[8.856s] Level 1:colcon.colcon_core.package_identification:_identify(src/go2w_lio_bringup) by extensions ['colcon_pkg']
[8.856s] Level 1:colcon.colcon_core.package_identification:_identify(src/go2w_lio_bringup) by extension 'colcon_pkg'
[8.856s] Level 1:colcon.colcon_core.package_identification:_identify(src/go2w_lio_bringup) by extensions ['colcon_meta']
[8.856s] Level 1:colcon.colcon_core.package_identification:_identify(src/go2w_lio_bringup) by extension 'colcon_meta'
[8.856s] Level 1:colcon.colcon_core.package_identification:_identify(src/go2w_lio_bringup) by extensions ['ros']
[8.856s] Level 1:colcon.colcon_core.package_identification:_identify(src/go2w_lio_bringup) by extension 'ros'
[8.860s] DEBUG:colcon.colcon_core.package_identification:Package 'src/go2w_lio_bringup' with type 'ros.ament_python' and name 'go2w_lio_bringup'
[8.861s] Level 1:colcon.colcon_core.package_identification:_identify(src/go2w_plain_slam_bridge) by extensions ['ignore', 'ignore_ament_install']
[8.861s] Level 1:colcon.colcon_core.package_identification:_identify(src/go2w_plain_slam_bridge) by extension 'ignore'
[8.862s] Level 1:colcon.colcon_core.package_identification:_identify(src/go2w_plain_slam_bridge) by extension 'ignore_ament_install'
[8.862s] Level 1:colcon.colcon_core.package_identification:_identify(src/go2w_plain_slam_bridge) by extensions ['colcon_pkg']
[8.864s] Level 1:colcon.colcon_core.package_identification:_identify(src/go2w_plain_slam_bridge) by extension 'colcon_pkg'
[8.865s] Level 1:colcon.colcon_core.package_identification:_identify(src/go2w_plain_slam_bridge) by extensions ['colcon_meta']
[8.865s] Level 1:colcon.colcon_core.package_identification:_identify(src/go2w_plain_slam_bridge) by extension 'colcon_meta'
[8.865s] Level 1:colcon.colcon_core.package_identification:_identify(src/go2w_plain_slam_bridge) by extensions ['ros']
[8.865s] Level 1:colcon.colcon_core.package_identification:_identify(src/go2w_plain_slam_bridge) by extension 'ros'
[8.868s] DEBUG:colcon.colcon_core.package_identification:Package 'src/go2w_plain_slam_bridge' with type 'ros.ament_cmake' and name 'go2w_plain_slam_bridge'
[8.869s] Level 1:colcon.colcon_core.package_identification:_identify(src/go2w_rgb_lidar_fusion) by extensions ['ignore', 'ignore_ament_install']
[8.869s] Level 1:colcon.colcon_core.package_identification:_identify(src/go2w_rgb_lidar_fusion) by extension 'ignore'
[8.869s] Level 1:colcon.colcon_core.package_identification:_identify(src/go2w_rgb_lidar_fusion) by extension 'ignore_ament_install'
[8.870s] Level 1:colcon.colcon_core.package_identification:_identify(src/go2w_rgb_lidar_fusion) by extensions ['colcon_pkg']
[8.870s] Level 1:colcon.colcon_core.package_identification:_identify(src/go2w_rgb_lidar_fusion) by extension 'colcon_pkg'
[8.870s] Level 1:colcon.colcon_core.package_identification:_identify(src/go2w_rgb_lidar_fusion) by extensions ['colcon_meta']
[8.870s] Level 1:colcon.colcon_core.package_identification:_identify(src/go2w_rgb_lidar_fusion) by extension 'colcon_meta'
[8.870s] Level 1:colcon.colcon_core.package_identification:_identify(src/go2w_rgb_lidar_fusion) by extensions ['ros']
[8.870s] Level 1:colcon.colcon_core.package_identification:_identify(src/go2w_rgb_lidar_fusion) by extension 'ros'
[8.872s] DEBUG:colcon.colcon_core.package_identification:Package 'src/go2w_rgb_lidar_fusion' with type 'ros.ament_python' and name 'go2w_rgb_lidar_fusion'
[8.872s] Level 1:colcon.colcon_core.package_identification:_identify(src/go2w_sensor_time_bridge) by extensions ['ignore', 'ignore_ament_install']
[8.872s] Level 1:colcon.colcon_core.package_identification:_identify(src/go2w_sensor_time_bridge) by extension 'ignore'
[8.873s] Level 1:colcon.colcon_core.package_identification:_identify(src/go2w_sensor_time_bridge) by extension 'ignore_ament_install'
[8.873s] Level 1:colcon.colcon_core.package_identification:_identify(src/go2w_sensor_time_bridge) by extensions ['colcon_pkg']
[8.873s] Level 1:colcon.colcon_core.package_identification:_identify(src/go2w_sensor_time_bridge) by extension 'colcon_pkg'
[8.873s] Level 1:colcon.colcon_core.package_identification:_identify(src/go2w_sensor_time_bridge) by extensions ['colcon_meta']
[8.873s] Level 1:colcon.colcon_core.package_identification:_identify(src/go2w_sensor_time_bridge) by extension 'colcon_meta'
[8.873s] Level 1:colcon.colcon_core.package_identification:_identify(src/go2w_sensor_time_bridge) by extensions ['ros']
[8.873s] Level 1:colcon.colcon_core.package_identification:_identify(src/go2w_sensor_time_bridge) by extension 'ros'
[8.875s] DEBUG:colcon.colcon_core.package_identification:Package 'src/go2w_sensor_time_bridge' with type 'ros.ament_python' and name 'go2w_sensor_time_bridge'
[8.875s] Level 1:colcon.colcon_core.package_identification:_identify(src/hesai_ros_driver) by extensions ['ignore', 'ignore_ament_install']
[8.875s] Level 1:colcon.colcon_core.package_identification:_identify(src/hesai_ros_driver) by extension 'ignore'
[8.876s] Level 1:colcon.colcon_core.package_identification:_identify(src/hesai_ros_driver) by extension 'ignore_ament_install'
[8.876s] Level 1:colcon.colcon_core.package_identification:_identify(src/hesai_ros_driver) by extensions ['colcon_pkg']
[8.876s] Level 1:colcon.colcon_core.package_identification:_identify(src/hesai_ros_driver) by extension 'colcon_pkg'
[8.876s] Level 1:colcon.colcon_core.package_identification:_identify(src/hesai_ros_driver) by extensions ['colcon_meta']
[8.876s] Level 1:colcon.colcon_core.package_identification:_identify(src/hesai_ros_driver) by extension 'colcon_meta'
[8.876s] Level 1:colcon.colcon_core.package_identification:_identify(src/hesai_ros_driver) by extensions ['ros']
[8.876s] Level 1:colcon.colcon_core.package_identification:_identify(src/hesai_ros_driver) by extension 'ros'
[8.987s] DEBUG:colcon.colcon_core.package_identification:Package 'src/hesai_ros_driver' with type 'ros.ament_cmake' and name 'hesai_ros_driver'
[8.988s] Level 1:colcon.colcon_core.package_identification:_identify(src/plain_slam_ros2) by extensions ['ignore', 'ignore_ament_install']
[8.988s] Level 1:colcon.colcon_core.package_identification:_identify(src/plain_slam_ros2) by extension 'ignore'
[8.989s] Level 1:colcon.colcon_core.package_identification:_identify(src/plain_slam_ros2) by extension 'ignore_ament_install'
[8.989s] Level 1:colcon.colcon_core.package_identification:_identify(src/plain_slam_ros2) by extensions ['colcon_pkg']
[8.989s] Level 1:colcon.colcon_core.package_identification:_identify(src/plain_slam_ros2) by extension 'colcon_pkg'
[8.989s] Level 1:colcon.colcon_core.package_identification:_identify(src/plain_slam_ros2) by extensions ['colcon_meta']
[8.989s] Level 1:colcon.colcon_core.package_identification:_identify(src/plain_slam_ros2) by extension 'colcon_meta'
[8.990s] Level 1:colcon.colcon_core.package_identification:_identify(src/plain_slam_ros2) by extensions ['ros']
[8.990s] Level 1:colcon.colcon_core.package_identification:_identify(src/plain_slam_ros2) by extension 'ros'
[8.998s] DEBUG:colcon.colcon_core.package_identification:Package 'src/plain_slam_ros2' with type 'ros.ament_cmake' and name 'plain_slam_ros2'
[8.999s] Level 1:colcon.colcon_core.package_identification:_identify(src/robot_scene_live_bridge) by extensions ['ignore', 'ignore_ament_install']
[8.999s] Level 1:colcon.colcon_core.package_identification:_identify(src/robot_scene_live_bridge) by extension 'ignore'
[8.999s] Level 1:colcon.colcon_core.package_identification:_identify(src/robot_scene_live_bridge) by extension 'ignore_ament_install'
[8.999s] Level 1:colcon.colcon_core.package_identification:_identify(src/robot_scene_live_bridge) by extensions ['colcon_pkg']
[9.000s] Level 1:colcon.colcon_core.package_identification:_identify(src/robot_scene_live_bridge) by extension 'colcon_pkg'
[9.000s] Level 1:colcon.colcon_core.package_identification:_identify(src/robot_scene_live_bridge) by extensions ['colcon_meta']
[9.000s] Level 1:colcon.colcon_core.package_identification:_identify(src/robot_scene_live_bridge) by extension 'colcon_meta'
[9.000s] Level 1:colcon.colcon_core.package_identification:_identify(src/robot_scene_live_bridge) by extensions ['ros']
[9.000s] Level 1:colcon.colcon_core.package_identification:_identify(src/robot_scene_live_bridge) by extension 'ros'
[9.002s] DEBUG:colcon.colcon_core.package_identification:Package 'src/robot_scene_live_bridge' with type 'ros.ament_python' and name 'robot_scene_live_bridge'
[9.003s] Level 1:colcon.colcon_core.package_identification:_identify(src/robot_scene_nav_bringup) by extensions ['ignore', 'ignore_ament_install']
[9.003s] Level 1:colcon.colcon_core.package_identification:_identify(src/robot_scene_nav_bringup) by extension 'ignore'
[9.004s] Level 1:colcon.colcon_core.package_identification:_identify(src/robot_scene_nav_bringup) by extension 'ignore_ament_install'
[9.005s] Level 1:colcon.colcon_core.package_identification:_identify(src/robot_scene_nav_bringup) by extensions ['colcon_pkg']
[9.005s] Level 1:colcon.colcon_core.package_identification:_identify(src/robot_scene_nav_bringup) by extension 'colcon_pkg'
[9.005s] Level 1:colcon.colcon_core.package_identification:_identify(src/robot_scene_nav_bringup) by extensions ['colcon_meta']
[9.005s] Level 1:colcon.colcon_core.package_identification:_identify(src/robot_scene_nav_bringup) by extension 'colcon_meta'
[9.005s] Level 1:colcon.colcon_core.package_identification:_identify(src/robot_scene_nav_bringup) by extensions ['ros']
[9.007s] Level 1:colcon.colcon_core.package_identification:_identify(src/robot_scene_nav_bringup) by extension 'ros'
[9.009s] DEBUG:colcon.colcon_core.package_identification:Package 'src/robot_scene_nav_bringup' with type 'ros.ament_cmake' and name 'robot_scene_nav_bringup'
[9.009s] Level 1:colcon.colcon_core.package_discovery:discover_packages(recursive) using defaults
[9.010s] Level 1:colcon.colcon_core.package_discovery:discover_packages(ignore) discover
[9.010s] Level 1:colcon.colcon_core.package_discovery:discover_packages(ignore) using defaults
[9.010s] Level 1:colcon.colcon_core.package_discovery:discover_packages(path) discover
[9.010s] Level 1:colcon.colcon_core.package_discovery:discover_packages(path) using defaults
[9.322s] INFO:colcon.colcon_core.package_selection:Skipping not selected package 'go2w_camera_bridge' in 'src/go2w_camera_bridge'
[9.323s] INFO:colcon.colcon_core.package_selection:Skipping not selected package 'go2w_cmd_vel_bridge' in 'src/go2w_cmd_vel_bridge'
[9.323s] INFO:colcon.colcon_core.package_selection:Skipping not selected package 'go2w_control_arbiter' in 'src/go2w_control_arbiter'
[9.323s] INFO:colcon.colcon_core.package_selection:Skipping not selected package 'go2w_description' in 'src/go2w_description'
[9.323s] INFO:colcon.colcon_core.package_selection:Skipping not selected package 'go2w_plain_slam_bridge' in 'src/go2w_plain_slam_bridge'
[9.323s] INFO:colcon.colcon_core.package_selection:Skipping not selected package 'go2w_rgb_lidar_fusion' in 'src/go2w_rgb_lidar_fusion'
[9.323s] INFO:colcon.colcon_core.package_selection:Skipping not selected package 'go2w_sensor_time_bridge' in 'src/go2w_sensor_time_bridge'
[9.323s] INFO:colcon.colcon_core.package_selection:Skipping not selected package 'hesai_ros_driver' in 'src/hesai_ros_driver'
[9.323s] INFO:colcon.colcon_core.package_selection:Skipping not selected package 'robot_scene_live_bridge' in 'src/robot_scene_live_bridge'
[9.323s] INFO:colcon.colcon_core.package_selection:Skipping not selected package 'robot_scene_nav_bringup' in 'src/robot_scene_nav_bringup'
[9.323s] INFO:colcon.colcon_core.package_selection:Skipping not selected package 'go2w_lidar_preprocessor' in 'src/go2w_lidar_preprocessor'
[9.323s] INFO:colcon.colcon_core.package_selection:Skipping not selected package 'go2w_lio_bringup' in 'src/go2w_lio_bringup'
[9.565s] Level 1:colcon.colcon_core.package_discovery:discover_packages(prefix_path) check parameters
[9.566s] Level 1:colcon.colcon_core.package_discovery:discover_packages(prefix_path) discover
[9.775s] DEBUG:colcon.colcon_installed_package_information.package_discovery:Found 297 installed packages in /opt/ros/foxy
[9.778s] Level 1:colcon.colcon_core.package_discovery:discover_packages(prefix_path) using defaults
[10.325s] Level 5:colcon.colcon_core.verb:set package 'plain_slam_ros2' build argument 'cmake_args' from command line to 'None'
[10.326s] Level 5:colcon.colcon_core.verb:set package 'plain_slam_ros2' build argument 'cmake_target' from command line to 'None'
[10.326s] Level 5:colcon.colcon_core.verb:set package 'plain_slam_ros2' build argument 'cmake_target_skip_unavailable' from command line to 'False'
[10.326s] Level 5:colcon.colcon_core.verb:set package 'plain_slam_ros2' build argument 'cmake_clean_cache' from command line to 'False'
[10.326s] Level 5:colcon.colcon_core.verb:set package 'plain_slam_ros2' build argument 'cmake_clean_first' from command line to 'False'
[10.326s] Level 5:colcon.colcon_core.verb:set package 'plain_slam_ros2' build argument 'cmake_force_configure' from command line to 'False'
[10.326s] Level 5:colcon.colcon_core.verb:set package 'plain_slam_ros2' build argument 'ament_cmake_args' from command line to 'None'
[10.326s] Level 5:colcon.colcon_core.verb:set package 'plain_slam_ros2' build argument 'catkin_cmake_args' from command line to 'None'
[10.326s] Level 5:colcon.colcon_core.verb:set package 'plain_slam_ros2' build argument 'catkin_skip_building_tests' from command line to 'False'
[10.326s] DEBUG:colcon.colcon_core.verb:Building package 'plain_slam_ros2' with the following arguments: {'ament_cmake_args': None, 'build_base': '/home/unitree/robotscene/ros2_ws/build/plain_slam_ros2', 'catkin_cmake_args': None, 'catkin_skip_building_tests': False, 'cmake_args': None, 'cmake_clean_cache': False, 'cmake_clean_first': False, 'cmake_force_configure': False, 'cmake_target': None, 'cmake_target_skip_unavailable': False, 'install_base': '/home/unitree/robotscene/ros2_ws/install/plain_slam_ros2', 'merge_install': False, 'path': '/home/unitree/robotscene/ros2_ws/src/plain_slam_ros2', 'symlink_install': False, 'test_result_base': None}
[10.530s] INFO:colcon.colcon_core.executor:Executing jobs using 'parallel' executor
[10.647s] DEBUG:colcon.colcon_parallel_executor.executor.parallel:run_until_complete
[10.648s] INFO:colcon.colcon_ros.task.ament_cmake.build:Building ROS package in '/home/unitree/robotscene/ros2_ws/src/plain_slam_ros2' with build type 'ament_cmake'
[10.648s] INFO:colcon.colcon_cmake.task.cmake.build:Building CMake package in '/home/unitree/robotscene/ros2_ws/src/plain_slam_ros2'
[10.836s] INFO:colcon.colcon_core.plugin_system:Skipping extension 'colcon_core.shell.bat': Not used on non-Windows systems
[10.836s] INFO:colcon.colcon_core.shell:Skip shell extension 'powershell' for command environment: Not usable outside of PowerShell
[10.837s] DEBUG:colcon.colcon_core.shell:Skip shell extension 'dsv' for command environment
[11.238s] DEBUG:colcon.colcon_core.event_handler.log_command:Invoking command in '/home/unitree/robotscene/ros2_ws/build/plain_slam_ros2': CMAKE_PREFIX_PATH=/opt/ros/foxy /usr/bin/cmake --build /home/unitree/robotscene/ros2_ws/build/plain_slam_ros2 -- -j4 -l4
[572.181s] DEBUG:colcon.colcon_core.event_handler.log_command:Invoked command in '/home/unitree/robotscene/ros2_ws/build/plain_slam_ros2' returned '0': CMAKE_PREFIX_PATH=/opt/ros/foxy /usr/bin/cmake --build /home/unitree/robotscene/ros2_ws/build/plain_slam_ros2 -- -j4 -l4
[572.514s] DEBUG:colcon.colcon_core.event_handler.log_command:Invoking command in '/home/unitree/robotscene/ros2_ws/build/plain_slam_ros2': CMAKE_PREFIX_PATH=/opt/ros/foxy /usr/bin/cmake --install /home/unitree/robotscene/ros2_ws/build/plain_slam_ros2
[573.696s] Level 1:colcon.colcon_core.environment:create_environment_scripts_only(plain_slam_ros2)
[573.697s] DEBUG:colcon.colcon_core.event_handler.log_command:Invoked command in '/home/unitree/robotscene/ros2_ws/build/plain_slam_ros2' returned '0': CMAKE_PREFIX_PATH=/opt/ros/foxy /usr/bin/cmake --install /home/unitree/robotscene/ros2_ws/build/plain_slam_ros2
[573.854s] Level 1:colcon.colcon_core.environment:checking '/home/unitree/robotscene/ros2_ws/install/plain_slam_ros2' for CMake module files
[573.856s] Level 1:colcon.colcon_core.environment:checking '/home/unitree/robotscene/ros2_ws/install/plain_slam_ros2' for CMake config files
[573.857s] Level 1:colcon.colcon_core.shell:create_environment_hook('plain_slam_ros2', 'cmake_prefix_path')
[574.005s] INFO:colcon.colcon_core.shell:Creating environment hook '/home/unitree/robotscene/ros2_ws/install/plain_slam_ros2/share/plain_slam_ros2/hook/cmake_prefix_path.ps1'
[574.007s] INFO:colcon.colcon_core.shell:Creating environment descriptor '/home/unitree/robotscene/ros2_ws/install/plain_slam_ros2/share/plain_slam_ros2/hook/cmake_prefix_path.dsv'
[574.008s] INFO:colcon.colcon_core.shell:Creating environment hook '/home/unitree/robotscene/ros2_ws/install/plain_slam_ros2/share/plain_slam_ros2/hook/cmake_prefix_path.sh'
[574.010s] Level 1:colcon.colcon_core.environment:checking '/home/unitree/robotscene/ros2_ws/install/plain_slam_ros2/lib'
[574.011s] Level 1:colcon.colcon_core.environment:checking '/home/unitree/robotscene/ros2_ws/install/plain_slam_ros2/bin'
[574.011s] Level 1:colcon.colcon_core.environment:checking '/home/unitree/robotscene/ros2_ws/install/plain_slam_ros2/lib/pkgconfig/plain_slam_ros2.pc'
[574.012s] Level 1:colcon.colcon_core.environment:checking '/home/unitree/robotscene/ros2_ws/install/plain_slam_ros2/lib/python3.8/site-packages'
[574.012s] Level 1:colcon.colcon_core.environment:checking '/home/unitree/robotscene/ros2_ws/install/plain_slam_ros2/bin'
[574.127s] INFO:colcon.colcon_core.shell:Creating package script '/home/unitree/robotscene/ros2_ws/install/plain_slam_ros2/share/plain_slam_ros2/package.ps1'
[574.130s] INFO:colcon.colcon_core.shell:Creating package descriptor '/home/unitree/robotscene/ros2_ws/install/plain_slam_ros2/share/plain_slam_ros2/package.dsv'
[574.131s] INFO:colcon.colcon_core.shell:Creating package script '/home/unitree/robotscene/ros2_ws/install/plain_slam_ros2/share/plain_slam_ros2/package.sh'
[574.132s] INFO:colcon.colcon_core.shell:Creating package script '/home/unitree/robotscene/ros2_ws/install/plain_slam_ros2/share/plain_slam_ros2/package.bash'
[574.135s] INFO:colcon.colcon_core.shell:Creating package script '/home/unitree/robotscene/ros2_ws/install/plain_slam_ros2/share/plain_slam_ros2/package.zsh'
[574.142s] Level 1:colcon.colcon_core.environment:create_file_with_runtime_dependencies(/home/unitree/robotscene/ros2_ws/install/plain_slam_ros2/share/colcon-core/packages/plain_slam_ros2)
[574.829s] Level 1:colcon.colcon_core.environment:create_environment_scripts_only(plain_slam_ros2)
[574.954s] Level 1:colcon.colcon_core.environment:checking '/home/unitree/robotscene/ros2_ws/install/plain_slam_ros2' for CMake module files
[574.956s] Level 1:colcon.colcon_core.environment:checking '/home/unitree/robotscene/ros2_ws/install/plain_slam_ros2' for CMake config files
[574.958s] Level 1:colcon.colcon_core.shell:create_environment_hook('plain_slam_ros2', 'cmake_prefix_path')
[575.073s] INFO:colcon.colcon_core.shell:Creating environment hook '/home/unitree/robotscene/ros2_ws/install/plain_slam_ros2/share/plain_slam_ros2/hook/cmake_prefix_path.ps1'
[575.075s] INFO:colcon.colcon_core.shell:Creating environment descriptor '/home/unitree/robotscene/ros2_ws/install/plain_slam_ros2/share/plain_slam_ros2/hook/cmake_prefix_path.dsv'
[575.075s] INFO:colcon.colcon_core.shell:Creating environment hook '/home/unitree/robotscene/ros2_ws/install/plain_slam_ros2/share/plain_slam_ros2/hook/cmake_prefix_path.sh'
[575.077s] Level 1:colcon.colcon_core.environment:checking '/home/unitree/robotscene/ros2_ws/install/plain_slam_ros2/lib'
[575.077s] Level 1:colcon.colcon_core.environment:checking '/home/unitree/robotscene/ros2_ws/install/plain_slam_ros2/bin'
[575.077s] Level 1:colcon.colcon_core.environment:checking '/home/unitree/robotscene/ros2_ws/install/plain_slam_ros2/lib/pkgconfig/plain_slam_ros2.pc'
[575.078s] Level 1:colcon.colcon_core.environment:checking '/home/unitree/robotscene/ros2_ws/install/plain_slam_ros2/lib/python3.8/site-packages'
[575.078s] Level 1:colcon.colcon_core.environment:checking '/home/unitree/robotscene/ros2_ws/install/plain_slam_ros2/bin'
[575.188s] INFO:colcon.colcon_core.shell:Creating package script '/home/unitree/robotscene/ros2_ws/install/plain_slam_ros2/share/plain_slam_ros2/package.ps1'
[575.190s] INFO:colcon.colcon_core.shell:Creating package descriptor '/home/unitree/robotscene/ros2_ws/install/plain_slam_ros2/share/plain_slam_ros2/package.dsv'
[575.191s] INFO:colcon.colcon_core.shell:Creating package script '/home/unitree/robotscene/ros2_ws/install/plain_slam_ros2/share/plain_slam_ros2/package.sh'
[575.193s] INFO:colcon.colcon_core.shell:Creating package script '/home/unitree/robotscene/ros2_ws/install/plain_slam_ros2/share/plain_slam_ros2/package.bash'
[575.194s] INFO:colcon.colcon_core.shell:Creating package script '/home/unitree/robotscene/ros2_ws/install/plain_slam_ros2/share/plain_slam_ros2/package.zsh'
[575.195s] Level 1:colcon.colcon_core.environment:create_file_with_runtime_dependencies(/home/unitree/robotscene/ros2_ws/install/plain_slam_ros2/share/colcon-core/packages/plain_slam_ros2)
[575.195s] DEBUG:colcon.colcon_parallel_executor.executor.parallel:closing loop
[575.196s] DEBUG:colcon.colcon_parallel_executor.executor.parallel:loop closed
[575.196s] DEBUG:colcon.colcon_parallel_executor.executor.parallel:run_until_complete finished with '0'
[575.197s] DEBUG:colcon.colcon_core.event_reactor:joining thread
[575.464s] INFO:colcon.colcon_core.plugin_system:Skipping extension 'colcon_notification.desktop_notification.terminal_notifier': Not used on non-Darwin systems
[575.465s] INFO:colcon.colcon_core.plugin_system:Skipping extension 'colcon_notification.desktop_notification.win32': Not used on non-Windows systems
[575.465s] INFO:colcon.colcon_notification.desktop_notification:Sending desktop notification using 'notify2'
[575.506s] DEBUG:colcon.colcon_notification.desktop_notification.notify2:Failed to initialize notify2: org.freedesktop.DBus.Error.Spawn.ChildExited: Process org.freedesktop.Notifications exited with status 1
[575.508s] DEBUG:colcon.colcon_core.event_reactor:joined thread
[575.609s] INFO:colcon.colcon_core.shell:Creating prefix script '/home/unitree/robotscene/ros2_ws/install/local_setup.ps1'
[575.613s] INFO:colcon.colcon_core.shell:Creating prefix util module '/home/unitree/robotscene/ros2_ws/install/_local_setup_util_ps1.py'
[575.616s] INFO:colcon.colcon_core.shell:Creating prefix chain script '/home/unitree/robotscene/ros2_ws/install/setup.ps1'
[575.725s] INFO:colcon.colcon_core.shell:Creating prefix script '/home/unitree/robotscene/ros2_ws/install/local_setup.sh'
[575.727s] INFO:colcon.colcon_core.shell:Creating prefix util module '/home/unitree/robotscene/ros2_ws/install/_local_setup_util_sh.py'
[575.734s] INFO:colcon.colcon_core.shell:Creating prefix chain script '/home/unitree/robotscene/ros2_ws/install/setup.sh'
[575.913s] INFO:colcon.colcon_core.shell:Creating prefix script '/home/unitree/robotscene/ros2_ws/install/local_setup.bash'
[575.914s] INFO:colcon.colcon_core.shell:Creating prefix chain script '/home/unitree/robotscene/ros2_ws/install/setup.bash'
[576.039s] INFO:colcon.colcon_core.shell:Creating prefix script '/home/unitree/robotscene/ros2_ws/install/local_setup.zsh'
[576.040s] INFO:colcon.colcon_core.shell:Creating prefix chain script '/home/unitree/robotscene/ros2_ws/install/setup.zsh'
