[0.000000] (-) TimerEvent: {}
[0.000262] (-) JobUnselected: {'identifier': 'go2w_camera_bridge'}
[0.000641] (-) JobUnselected: {'identifier': 'go2w_cmd_vel_bridge'}
[0.000823] (-) JobUnselected: {'identifier': 'go2w_control_arbiter'}
[0.000867] (-) JobUnselected: {'identifier': 'go2w_description'}
[0.001307] (-) JobUnselected: {'identifier': 'go2w_lidar_preprocessor'}
[0.001617] (-) JobUnselected: {'identifier': 'go2w_lio_bringup'}
[0.001786] (-) JobUnselected: {'identifier': 'go2w_rgb_lidar_fusion'}
[0.001825] (-) JobUnselected: {'identifier': 'go2w_sensor_time_bridge'}
[0.001856] (-) JobUnselected: {'identifier': 'hesai_ros_driver'}
[0.001884] (-) JobUnselected: {'identifier': 'plain_slam_ros2'}
[0.001912] (-) JobUnselected: {'identifier': 'robot_scene_live_bridge'}
[0.001947] (go2w_plain_slam_bridge) JobQueued: {'identifier': 'go2w_plain_slam_bridge', 'dependencies': OrderedDict()}
[0.001988] (robot_scene_nav_bringup) JobQueued: {'identifier': 'robot_scene_nav_bringup', 'dependencies': OrderedDict()}
[0.002021] (go2w_plain_slam_bridge) JobStarted: {'identifier': 'go2w_plain_slam_bridge'}
[0.099471] (-) TimerEvent: {}
[0.200097] (-) TimerEvent: {}
[0.235312] (robot_scene_nav_bringup) JobStarted: {'identifier': 'robot_scene_nav_bringup'}
[0.300448] (-) TimerEvent: {}
[0.401046] (-) TimerEvent: {}
[0.469954] (go2w_plain_slam_bridge) JobProgress: {'identifier': 'go2w_plain_slam_bridge', 'progress': 'cmake'}
[0.472290] (go2w_plain_slam_bridge) JobProgress: {'identifier': 'go2w_plain_slam_bridge', 'progress': 'build'}
[0.473670] (go2w_plain_slam_bridge) Command: {'cmd': ['/usr/bin/cmake', '--build', '/home/unitree/robotscene/ros2_ws/build/go2w_plain_slam_bridge', '--', '-j4', '-l4'], 'cwd': '/home/unitree/robotscene/ros2_ws/build/go2w_plain_slam_bridge', 'env': OrderedDict([('HTTPS_PROXY', 'http://127.0.0.1:17891'), ('no_proxy', 'localhost,127.0.0.1,::1,192.168.123.0/24'), ('USER', 'unitree'), ('SSH_CLIENT', '192.168.123.99 54538 22'), ('LC_TIME', 'zh_CN.UTF-8'), ('all_proxy', 'socks5h://127.0.0.1:17891'), ('XDG_SESSION_TYPE', 'tty'), ('SHLVL', '0'), ('LD_LIBRARY_PATH', '/opt/ros/foxy/opt/yaml_cpp_vendor/lib:/opt/ros/foxy/opt/rviz_ogre_vendor/lib:/opt/ros/foxy/lib/aarch64-linux-gnu:/opt/ros/foxy/lib'), ('MOTD_SHOWN', 'pam'), ('HOME', '/home/unitree'), ('OLDPWD', '/home/unitree'), ('NO_PROXY', 'localhost,127.0.0.1,::1,192.168.123.0/24'), ('ROS_PYTHON_VERSION', '3'), ('LC_MONETARY', 'zh_CN.UTF-8'), ('DBUS_SESSION_BUS_ADDRESS', 'unix:path=/run/user/1000/bus'), ('https_proxy', 'http://127.0.0.1:17891'), ('ROS_DISTRO', 'foxy'), ('LOGNAME', 'unitree'), ('ALL_PROXY', 'socks5h://127.0.0.1:17891'), ('http_proxy', 'http://127.0.0.1:17891'), ('_', '/usr/bin/colcon'), ('ROS_VERSION', '2'), ('XDG_SESSION_CLASS', 'user'), ('XDG_SESSION_ID', '13'), ('ROS_LOCALHOST_ONLY', '0'), ('PATH', '/opt/ros/foxy/bin:/usr/local/sbin:/usr/local/bin:/usr/sbin:/usr/bin:/sbin:/bin:/usr/games:/usr/local/games:/snap/bin'), ('LC_ADDRESS', 'zh_CN.UTF-8'), ('XDG_RUNTIME_DIR', '/run/user/1000'), ('LANG', 'en_US.UTF-8'), ('LC_TELEPHONE', 'zh_CN.UTF-8'), ('AMENT_PREFIX_PATH', '/opt/ros/foxy'), ('SHELL', '/bin/bash'), ('LC_NAME', 'zh_CN.UTF-8'), ('LC_MEASUREMENT', 'zh_CN.UTF-8'), ('LC_IDENTIFICATION', 'zh_CN.UTF-8'), ('PWD', '/home/unitree/robotscene/ros2_ws/build/go2w_plain_slam_bridge'), ('SSH_CONNECTION', '192.168.123.99 54538 192.168.123.18 22'), ('PYTHONPATH', '/opt/ros/foxy/lib/python3.8/site-packages'), ('HTTP_PROXY', 'http://127.0.0.1:17891'), ('LC_NUMERIC', 'zh_CN.UTF-8'), ('LC_PAPER', 'zh_CN.UTF-8'), ('COLCON', '1'), ('CMAKE_PREFIX_PATH', '/opt/ros/foxy')]), 'shell': False}
[0.480061] (robot_scene_nav_bringup) JobProgress: {'identifier': 'robot_scene_nav_bringup', 'progress': 'cmake'}
[0.482005] (robot_scene_nav_bringup) JobProgress: {'identifier': 'robot_scene_nav_bringup', 'progress': 'build'}
[0.482786] (robot_scene_nav_bringup) Command: {'cmd': ['/usr/bin/cmake', '--build', '/home/unitree/robotscene/ros2_ws/build/robot_scene_nav_bringup', '--', '-j4', '-l4'], 'cwd': '/home/unitree/robotscene/ros2_ws/build/robot_scene_nav_bringup', 'env': OrderedDict([('HTTPS_PROXY', 'http://127.0.0.1:17891'), ('no_proxy', 'localhost,127.0.0.1,::1,192.168.123.0/24'), ('USER', 'unitree'), ('SSH_CLIENT', '192.168.123.99 54538 22'), ('LC_TIME', 'zh_CN.UTF-8'), ('all_proxy', 'socks5h://127.0.0.1:17891'), ('XDG_SESSION_TYPE', 'tty'), ('SHLVL', '0'), ('LD_LIBRARY_PATH', '/opt/ros/foxy/opt/yaml_cpp_vendor/lib:/opt/ros/foxy/opt/rviz_ogre_vendor/lib:/opt/ros/foxy/lib/aarch64-linux-gnu:/opt/ros/foxy/lib'), ('MOTD_SHOWN', 'pam'), ('HOME', '/home/unitree'), ('OLDPWD', '/home/unitree'), ('NO_PROXY', 'localhost,127.0.0.1,::1,192.168.123.0/24'), ('ROS_PYTHON_VERSION', '3'), ('LC_MONETARY', 'zh_CN.UTF-8'), ('DBUS_SESSION_BUS_ADDRESS', 'unix:path=/run/user/1000/bus'), ('https_proxy', 'http://127.0.0.1:17891'), ('ROS_DISTRO', 'foxy'), ('LOGNAME', 'unitree'), ('ALL_PROXY', 'socks5h://127.0.0.1:17891'), ('http_proxy', 'http://127.0.0.1:17891'), ('_', '/usr/bin/colcon'), ('ROS_VERSION', '2'), ('XDG_SESSION_CLASS', 'user'), ('XDG_SESSION_ID', '13'), ('ROS_LOCALHOST_ONLY', '0'), ('PATH', '/opt/ros/foxy/bin:/usr/local/sbin:/usr/local/bin:/usr/sbin:/usr/bin:/sbin:/bin:/usr/games:/usr/local/games:/snap/bin'), ('LC_ADDRESS', 'zh_CN.UTF-8'), ('XDG_RUNTIME_DIR', '/run/user/1000'), ('LANG', 'en_US.UTF-8'), ('LC_TELEPHONE', 'zh_CN.UTF-8'), ('AMENT_PREFIX_PATH', '/opt/ros/foxy'), ('SHELL', '/bin/bash'), ('LC_NAME', 'zh_CN.UTF-8'), ('LC_MEASUREMENT', 'zh_CN.UTF-8'), ('LC_IDENTIFICATION', 'zh_CN.UTF-8'), ('PWD', '/home/unitree/robotscene/ros2_ws/build/robot_scene_nav_bringup'), ('SSH_CONNECTION', '192.168.123.99 54538 192.168.123.18 22'), ('PYTHONPATH', '/opt/ros/foxy/lib/python3.8/site-packages'), ('HTTP_PROXY', 'http://127.0.0.1:17891'), ('LC_NUMERIC', 'zh_CN.UTF-8'), ('LC_PAPER', 'zh_CN.UTF-8'), ('COLCON', '1'), ('CMAKE_PREFIX_PATH', '/opt/ros/foxy')]), 'shell': False}
[0.501349] (-) TimerEvent: {}
[0.572613] (go2w_plain_slam_bridge) StdoutLine: {'line': b'-- Found ament_cmake: 0.9.12 (/opt/ros/foxy/share/ament_cmake/cmake)\n'}
[0.582578] (robot_scene_nav_bringup) CommandEnded: {'returncode': 0}
[0.601489] (-) TimerEvent: {}
[0.619028] (go2w_plain_slam_bridge) StdoutLine: {'line': b'-- Using PYTHON_EXECUTABLE: /usr/bin/python3\n'}
[0.634427] (robot_scene_nav_bringup) JobProgress: {'identifier': 'robot_scene_nav_bringup', 'progress': 'install'}
[0.660875] (robot_scene_nav_bringup) Command: {'cmd': ['/usr/bin/cmake', '--install', '/home/unitree/robotscene/ros2_ws/build/robot_scene_nav_bringup'], 'cwd': '/home/unitree/robotscene/ros2_ws/build/robot_scene_nav_bringup', 'env': OrderedDict([('HTTPS_PROXY', 'http://127.0.0.1:17891'), ('no_proxy', 'localhost,127.0.0.1,::1,192.168.123.0/24'), ('USER', 'unitree'), ('SSH_CLIENT', '192.168.123.99 54538 22'), ('LC_TIME', 'zh_CN.UTF-8'), ('all_proxy', 'socks5h://127.0.0.1:17891'), ('XDG_SESSION_TYPE', 'tty'), ('SHLVL', '0'), ('LD_LIBRARY_PATH', '/opt/ros/foxy/opt/yaml_cpp_vendor/lib:/opt/ros/foxy/opt/rviz_ogre_vendor/lib:/opt/ros/foxy/lib/aarch64-linux-gnu:/opt/ros/foxy/lib'), ('MOTD_SHOWN', 'pam'), ('HOME', '/home/unitree'), ('OLDPWD', '/home/unitree'), ('NO_PROXY', 'localhost,127.0.0.1,::1,192.168.123.0/24'), ('ROS_PYTHON_VERSION', '3'), ('LC_MONETARY', 'zh_CN.UTF-8'), ('DBUS_SESSION_BUS_ADDRESS', 'unix:path=/run/user/1000/bus'), ('https_proxy', 'http://127.0.0.1:17891'), ('ROS_DISTRO', 'foxy'), ('LOGNAME', 'unitree'), ('ALL_PROXY', 'socks5h://127.0.0.1:17891'), ('http_proxy', 'http://127.0.0.1:17891'), ('_', '/usr/bin/colcon'), ('ROS_VERSION', '2'), ('XDG_SESSION_CLASS', 'user'), ('XDG_SESSION_ID', '13'), ('ROS_LOCALHOST_ONLY', '0'), ('PATH', '/opt/ros/foxy/bin:/usr/local/sbin:/usr/local/bin:/usr/sbin:/usr/bin:/sbin:/bin:/usr/games:/usr/local/games:/snap/bin'), ('LC_ADDRESS', 'zh_CN.UTF-8'), ('XDG_RUNTIME_DIR', '/run/user/1000'), ('LANG', 'en_US.UTF-8'), ('LC_TELEPHONE', 'zh_CN.UTF-8'), ('AMENT_PREFIX_PATH', '/opt/ros/foxy'), ('SHELL', '/bin/bash'), ('LC_NAME', 'zh_CN.UTF-8'), ('LC_MEASUREMENT', 'zh_CN.UTF-8'), ('LC_IDENTIFICATION', 'zh_CN.UTF-8'), ('PWD', '/home/unitree/robotscene/ros2_ws/build/robot_scene_nav_bringup'), ('SSH_CONNECTION', '192.168.123.99 54538 192.168.123.18 22'), ('PYTHONPATH', '/opt/ros/foxy/lib/python3.8/site-packages'), ('HTTP_PROXY', 'http://127.0.0.1:17891'), ('LC_NUMERIC', 'zh_CN.UTF-8'), ('LC_PAPER', 'zh_CN.UTF-8'), ('COLCON', '1'), ('CMAKE_PREFIX_PATH', '/opt/ros/foxy')]), 'shell': False}
[0.684854] (robot_scene_nav_bringup) StdoutLine: {'line': b'-- Install configuration: ""\n'}
[0.686773] (robot_scene_nav_bringup) StdoutLine: {'line': b'-- Execute custom install script\n'}
[0.689786] (robot_scene_nav_bringup) StdoutLine: {'line': b'-- Up-to-date symlink: /home/unitree/robotscene/ros2_ws/install/robot_scene_nav_bringup/share/robot_scene_nav_bringup/launch/collision_monitor.launch.py\n'}
[0.690344] (robot_scene_nav_bringup) StdoutLine: {'line': b'-- Up-to-date symlink: /home/unitree/robotscene/ros2_ws/install/robot_scene_nav_bringup/share/robot_scene_nav_bringup/launch/robot_scene_nav2.launch.py\n'}
[0.690911] (robot_scene_nav_bringup) StdoutLine: {'line': b'-- Up-to-date symlink: /home/unitree/robotscene/ros2_ws/install/robot_scene_nav_bringup/share/robot_scene_nav_bringup/launch/robot_scene_nav2_plan_only.launch.py\n'}
[0.692247] (robot_scene_nav_bringup) StdoutLine: {'line': b'-- Up-to-date symlink: /home/unitree/robotscene/ros2_ws/install/robot_scene_nav_bringup/share/robot_scene_nav_bringup/config/collision_monitor.yaml\n'}
[0.692778] (robot_scene_nav_bringup) StdoutLine: {'line': b'-- Up-to-date symlink: /home/unitree/robotscene/ros2_ws/install/robot_scene_nav_bringup/share/robot_scene_nav_bringup/config/nav2_params_humble.yaml\n'}
[0.693284] (robot_scene_nav_bringup) StdoutLine: {'line': b'-- Up-to-date symlink: /home/unitree/robotscene/ros2_ws/install/robot_scene_nav_bringup/share/robot_scene_nav_bringup/config/velocity_smoother.yaml\n'}
[0.694287] (robot_scene_nav_bringup) StdoutLine: {'line': b'-- Up-to-date symlink: /home/unitree/robotscene/ros2_ws/install/robot_scene_nav_bringup/share/robot_scene_nav_bringup/behavior_trees/navigate_to_pose_robot_scene.xml\n'}
[0.695339] (robot_scene_nav_bringup) StdoutLine: {'line': b'-- Up-to-date symlink: /home/unitree/robotscene/ros2_ws/install/robot_scene_nav_bringup/lib/robot_scene_nav_bringup/plain_slam_map_relay.py\n'}
[0.696573] (robot_scene_nav_bringup) StdoutLine: {'line': b'-- Up-to-date symlink: /home/unitree/robotscene/ros2_ws/install/robot_scene_nav_bringup/share/ament_index/resource_index/package_run_dependencies/robot_scene_nav_bringup\n'}
[0.697526] (robot_scene_nav_bringup) StdoutLine: {'line': b'-- Up-to-date symlink: /home/unitree/robotscene/ros2_ws/install/robot_scene_nav_bringup/share/ament_index/resource_index/parent_prefix_path/robot_scene_nav_bringup\n'}
[0.698239] (robot_scene_nav_bringup) StdoutLine: {'line': b'-- Up-to-date symlink: /home/unitree/robotscene/ros2_ws/install/robot_scene_nav_bringup/share/robot_scene_nav_bringup/environment/ament_prefix_path.sh\n'}
[0.699016] (robot_scene_nav_bringup) StdoutLine: {'line': b'-- Up-to-date symlink: /home/unitree/robotscene/ros2_ws/install/robot_scene_nav_bringup/share/robot_scene_nav_bringup/environment/ament_prefix_path.dsv\n'}
[0.699861] (robot_scene_nav_bringup) StdoutLine: {'line': b'-- Up-to-date symlink: /home/unitree/robotscene/ros2_ws/install/robot_scene_nav_bringup/share/robot_scene_nav_bringup/environment/path.sh\n'}
[0.700373] (robot_scene_nav_bringup) StdoutLine: {'line': b'-- Up-to-date symlink: /home/unitree/robotscene/ros2_ws/install/robot_scene_nav_bringup/share/robot_scene_nav_bringup/environment/path.dsv\n'}
[0.701086] (robot_scene_nav_bringup) StdoutLine: {'line': b'-- Up-to-date symlink: /home/unitree/robotscene/ros2_ws/install/robot_scene_nav_bringup/share/robot_scene_nav_bringup/local_setup.bash\n'}
[0.701551] (-) TimerEvent: {}
[0.701919] (robot_scene_nav_bringup) StdoutLine: {'line': b'-- Up-to-date symlink: /home/unitree/robotscene/ros2_ws/install/robot_scene_nav_bringup/share/robot_scene_nav_bringup/local_setup.sh\n'}
[0.704569] (robot_scene_nav_bringup) StdoutLine: {'line': b'-- Up-to-date symlink: /home/unitree/robotscene/ros2_ws/install/robot_scene_nav_bringup/share/robot_scene_nav_bringup/local_setup.zsh\n'}
[0.705013] (robot_scene_nav_bringup) StdoutLine: {'line': b'-- Up-to-date symlink: /home/unitree/robotscene/ros2_ws/install/robot_scene_nav_bringup/share/robot_scene_nav_bringup/local_setup.dsv\n'}
[0.705198] (robot_scene_nav_bringup) StdoutLine: {'line': b'-- Symlinking: /home/unitree/robotscene/ros2_ws/install/robot_scene_nav_bringup/share/robot_scene_nav_bringup/package.dsv\n'}
[0.727940] (robot_scene_nav_bringup) StdoutLine: {'line': b'-- Up-to-date symlink: /home/unitree/robotscene/ros2_ws/install/robot_scene_nav_bringup/share/ament_index/resource_index/packages/robot_scene_nav_bringup\n'}
[0.728367] (robot_scene_nav_bringup) StdoutLine: {'line': b'-- Up-to-date symlink: /home/unitree/robotscene/ros2_ws/install/robot_scene_nav_bringup/share/robot_scene_nav_bringup/cmake/robot_scene_nav_bringupConfig.cmake\n'}
[0.731981] (robot_scene_nav_bringup) StdoutLine: {'line': b'-- Up-to-date symlink: /home/unitree/robotscene/ros2_ws/install/robot_scene_nav_bringup/share/robot_scene_nav_bringup/cmake/robot_scene_nav_bringupConfig-version.cmake\n'}
[0.732614] (robot_scene_nav_bringup) StdoutLine: {'line': b'-- Up-to-date symlink: /home/unitree/robotscene/ros2_ws/install/robot_scene_nav_bringup/share/robot_scene_nav_bringup/package.xml\n'}
[0.733993] (robot_scene_nav_bringup) CommandEnded: {'returncode': 0}
[0.802187] (-) TimerEvent: {}
[0.903249] (-) TimerEvent: {}
[1.002589] (go2w_plain_slam_bridge) StdoutLine: {'line': b'-- Override CMake install command with custom implementation using symlinks instead of copying resources\n'}
[1.003331] (-) TimerEvent: {}
[1.022835] (go2w_plain_slam_bridge) StdoutLine: {'line': b'-- Found rclcpp: 2.4.3 (/opt/ros/foxy/share/rclcpp/cmake)\n'}
[1.103627] (-) TimerEvent: {}
[1.204633] (-) TimerEvent: {}
[1.305330] (-) TimerEvent: {}
[1.358790] (robot_scene_nav_bringup) JobEnded: {'identifier': 'robot_scene_nav_bringup', 'rc': 0}
[1.360437] (go2w_plain_slam_bridge) StdoutLine: {'line': b'-- Using all available rosidl_typesupport_c: rosidl_typesupport_fastrtps_c;rosidl_typesupport_introspection_c\n'}
[1.360704] (go2w_plain_slam_bridge) StdoutLine: {'line': b'-- Found rosidl_adapter: 1.3.1 (/opt/ros/foxy/share/rosidl_adapter/cmake)\n'}
[1.360935] (go2w_plain_slam_bridge) StdoutLine: {'line': b'-- Using all available rosidl_typesupport_cpp: rosidl_typesupport_fastrtps_cpp;rosidl_typesupport_introspection_cpp\n'}
[1.405551] (-) TimerEvent: {}
[1.451205] (go2w_plain_slam_bridge) StdoutLine: {'line': b'-- Found rmw_implementation_cmake: 1.0.4 (/opt/ros/foxy/share/rmw_implementation_cmake/cmake)\n'}
[1.454290] (go2w_plain_slam_bridge) StdoutLine: {'line': b"-- Using RMW implementation 'rmw_fastrtps_cpp' as default\n"}
[1.505706] (-) TimerEvent: {}
[1.606107] (-) TimerEvent: {}
[1.706536] (-) TimerEvent: {}
[1.707532] (go2w_plain_slam_bridge) StdoutLine: {'line': b'-- Found sensor_msgs: 2.0.5 (/opt/ros/foxy/share/sensor_msgs/cmake)\n'}
[1.806702] (-) TimerEvent: {}
[1.903896] (go2w_plain_slam_bridge) StdoutLine: {'line': b'-- Found nav_msgs: 2.0.5 (/opt/ros/foxy/share/nav_msgs/cmake)\n'}
[1.906761] (-) TimerEvent: {}
[2.007046] (-) TimerEvent: {}
[2.024078] (go2w_plain_slam_bridge) StdoutLine: {'line': b'-- Found diagnostic_msgs: 2.0.5 (/opt/ros/foxy/share/diagnostic_msgs/cmake)\n'}
[2.082280] (go2w_plain_slam_bridge) StdoutLine: {'line': b'-- Found tf2: 0.13.14 (/opt/ros/foxy/share/tf2/cmake)\n'}
[2.100726] (go2w_plain_slam_bridge) StdoutLine: {'line': b'-- Found tf2_ros: 0.13.14 (/opt/ros/foxy/share/tf2_ros/cmake)\n'}
[2.107194] (-) TimerEvent: {}
[2.207562] (-) TimerEvent: {}
[2.307977] (-) TimerEvent: {}
[2.408437] (-) TimerEvent: {}
[2.508864] (-) TimerEvent: {}
[2.609317] (-) TimerEvent: {}
[2.676501] (go2w_plain_slam_bridge) StdoutLine: {'line': b'-- Found ament_cmake_gtest: 0.9.12 (/opt/ros/foxy/share/ament_cmake_gtest/cmake)\n'}
[2.678232] (go2w_plain_slam_bridge) StdoutLine: {'line': b'-- Found ament_lint_auto: 0.9.8 (/opt/ros/foxy/share/ament_lint_auto/cmake)\n'}
[2.709653] (-) TimerEvent: {}
[2.810057] (-) TimerEvent: {}
[2.835311] (go2w_plain_slam_bridge) StdoutLine: {'line': b"-- Found gtest sources under '/opt/ros/foxy/src/gtest_vendor': C++ tests using 'Google Test' will be built\n"}
[2.860098] (go2w_plain_slam_bridge) StdoutLine: {'line': b"-- Added test 'copyright' to check source files copyright and LICENSE\n"}
[2.862799] (go2w_plain_slam_bridge) StdoutLine: {'line': b"-- Added test 'cppcheck' to perform static code analysis on C / C++ code\n"}
[2.863234] (go2w_plain_slam_bridge) StdoutLine: {'line': b'-- Configured cppcheck include dirs: $<BUILD_INTERFACE:/home/unitree/robotscene/ros2_ws/src/go2w_plain_slam_bridge/include>\n'}
[2.863426] (go2w_plain_slam_bridge) StdoutLine: {'line': b'-- Configured cppcheck exclude dirs and/or files: \n'}
[2.865620] (go2w_plain_slam_bridge) StdoutLine: {'line': b"-- Added test 'cpplint' to check C / C++ code against the Google style\n"}
[2.865814] (go2w_plain_slam_bridge) StdoutLine: {'line': b'-- Configured cpplint exclude dirs and/or files: \n'}
[2.866519] (go2w_plain_slam_bridge) StdoutLine: {'line': b"-- Added test 'flake8' to check Python code syntax and style conventions\n"}
[2.867509] (go2w_plain_slam_bridge) StdoutLine: {'line': b"-- Added test 'lint_cmake' to check CMake code style\n"}
[2.868432] (go2w_plain_slam_bridge) StdoutLine: {'line': b"-- Added test 'pep257' to check Python code against some of the style conventions in PEP 257\n"}
[2.870778] (go2w_plain_slam_bridge) StdoutLine: {'line': b"-- Added test 'uncrustify' to check C / C++ code style\n"}
[2.871056] (go2w_plain_slam_bridge) StdoutLine: {'line': b'-- Configured uncrustify additional arguments: \n'}
[2.871579] (go2w_plain_slam_bridge) StdoutLine: {'line': b"-- Added test 'xmllint' to check XML markup files\n"}
[2.880651] (go2w_plain_slam_bridge) StdoutLine: {'line': b'-- Configuring done\n'}
[2.910235] (-) TimerEvent: {}
[2.989834] (go2w_plain_slam_bridge) StdoutLine: {'line': b'-- Generating done\n'}
[2.995007] (go2w_plain_slam_bridge) StdoutLine: {'line': b'-- Build files have been written to: /home/unitree/robotscene/ros2_ws/build/go2w_plain_slam_bridge\n'}
[3.010388] (-) TimerEvent: {}
[3.100822] (go2w_plain_slam_bridge) StdoutLine: {'line': b'Scanning dependencies of target pointcloud_to_occupancy\n'}
[3.110569] (-) TimerEvent: {}
[3.111141] (go2w_plain_slam_bridge) StdoutLine: {'line': b'[  5%] Building CXX object CMakeFiles/pandar_slam_adapter.dir/src/pandar_slam_adapter.cpp.o\n'}
[3.123739] (go2w_plain_slam_bridge) StdoutLine: {'line': b'[ 11%] Building CXX object CMakeFiles/plain_slam_odom_adapter.dir/src/plain_slam_odom_adapter.cpp.o\n'}
[3.134651] (go2w_plain_slam_bridge) StdoutLine: {'line': b'Scanning dependencies of target plain_slam_health_monitor\n'}
[3.142662] (go2w_plain_slam_bridge) StdoutLine: {'line': b'[ 16%] Building CXX object CMakeFiles/pointcloud_to_occupancy.dir/src/pointcloud_to_occupancy.cpp.o\n'}
[3.178604] (go2w_plain_slam_bridge) StdoutLine: {'line': b'[ 22%] Building CXX object CMakeFiles/plain_slam_health_monitor.dir/src/plain_slam_health_monitor.cpp.o\n'}
[3.210749] (-) TimerEvent: {}
[3.311256] (-) TimerEvent: {}
[3.411673] (-) TimerEvent: {}
[3.512174] (-) TimerEvent: {}
[3.612680] (-) TimerEvent: {}
[3.718204] (-) TimerEvent: {}
[3.818694] (-) TimerEvent: {}
[3.919464] (-) TimerEvent: {}
[4.020033] (-) TimerEvent: {}
[4.120596] (-) TimerEvent: {}
[4.221085] (-) TimerEvent: {}
[4.322477] (-) TimerEvent: {}
[4.422975] (-) TimerEvent: {}
[4.523448] (-) TimerEvent: {}
[4.623905] (-) TimerEvent: {}
[4.726417] (-) TimerEvent: {}
[4.834409] (-) TimerEvent: {}
[4.934834] (-) TimerEvent: {}
[5.037215] (-) TimerEvent: {}
[5.137652] (-) TimerEvent: {}
[5.238095] (-) TimerEvent: {}
[5.338639] (-) TimerEvent: {}
[5.439075] (-) TimerEvent: {}
[5.539550] (-) TimerEvent: {}
[5.654420] (-) TimerEvent: {}
[5.756747] (-) TimerEvent: {}
[5.866420] (-) TimerEvent: {}
[5.970412] (-) TimerEvent: {}
[6.071340] (-) TimerEvent: {}
[6.171765] (-) TimerEvent: {}
[6.272237] (-) TimerEvent: {}
[6.376369] (-) TimerEvent: {}
[6.476798] (-) TimerEvent: {}
[6.577224] (-) TimerEvent: {}
[6.677650] (-) TimerEvent: {}
[6.778160] (-) TimerEvent: {}
[6.878673] (-) TimerEvent: {}
[6.979111] (-) TimerEvent: {}
[7.079592] (-) TimerEvent: {}
[7.180061] (-) TimerEvent: {}
[7.280502] (-) TimerEvent: {}
[7.380981] (-) TimerEvent: {}
[7.481420] (-) TimerEvent: {}
[7.581824] (-) TimerEvent: {}
[7.682280] (-) TimerEvent: {}
[7.782701] (-) TimerEvent: {}
[7.884930] (-) TimerEvent: {}
[7.985360] (-) TimerEvent: {}
[8.085783] (-) TimerEvent: {}
[8.186201] (-) TimerEvent: {}
[8.290089] (-) TimerEvent: {}
[8.390534] (-) TimerEvent: {}
[8.490972] (-) TimerEvent: {}
[8.591407] (-) TimerEvent: {}
[8.691875] (-) TimerEvent: {}
[8.792348] (-) TimerEvent: {}
[8.892773] (-) TimerEvent: {}
[8.993205] (-) TimerEvent: {}
[9.093670] (-) TimerEvent: {}
[9.194154] (-) TimerEvent: {}
[9.294679] (-) TimerEvent: {}
[9.410413] (-) TimerEvent: {}
[9.510837] (-) TimerEvent: {}
[9.611264] (-) TimerEvent: {}
[9.711701] (-) TimerEvent: {}
[9.812148] (-) TimerEvent: {}
[9.912605] (-) TimerEvent: {}
[10.013047] (-) TimerEvent: {}
[10.113513] (-) TimerEvent: {}
[10.213952] (-) TimerEvent: {}
[10.314424] (-) TimerEvent: {}
[10.414870] (-) TimerEvent: {}
[10.515810] (-) TimerEvent: {}
[10.616453] (-) TimerEvent: {}
[10.716888] (-) TimerEvent: {}
[10.817351] (-) TimerEvent: {}
[10.917789] (-) TimerEvent: {}
[11.018210] (-) TimerEvent: {}
[11.118677] (-) TimerEvent: {}
[11.220229] (-) TimerEvent: {}
[11.322444] (-) TimerEvent: {}
[11.422873] (-) TimerEvent: {}
[11.525151] (-) TimerEvent: {}
[11.625749] (-) TimerEvent: {}
[11.731705] (-) TimerEvent: {}
[11.832988] (-) TimerEvent: {}
[11.933511] (-) TimerEvent: {}
[12.034118] (-) TimerEvent: {}
[12.135683] (-) TimerEvent: {}
[12.237302] (-) TimerEvent: {}
[12.337931] (-) TimerEvent: {}
[12.438531] (-) TimerEvent: {}
[12.539175] (-) TimerEvent: {}
[12.639774] (-) TimerEvent: {}
[12.740374] (-) TimerEvent: {}
[12.842091] (-) TimerEvent: {}
[12.942556] (-) TimerEvent: {}
[13.043055] (-) TimerEvent: {}
[13.143574] (-) TimerEvent: {}
[13.244118] (-) TimerEvent: {}
[13.344538] (-) TimerEvent: {}
[13.447711] (-) TimerEvent: {}
[13.548330] (-) TimerEvent: {}
[13.649018] (-) TimerEvent: {}
[13.749446] (-) TimerEvent: {}
[13.855622] (-) TimerEvent: {}
[13.956133] (-) TimerEvent: {}
[14.056790] (-) TimerEvent: {}
[14.157431] (-) TimerEvent: {}
[14.258100] (-) TimerEvent: {}
[14.358561] (-) TimerEvent: {}
[14.461135] (-) TimerEvent: {}
[14.561585] (-) TimerEvent: {}
[14.664363] (-) TimerEvent: {}
[14.764930] (-) TimerEvent: {}
[14.865474] (-) TimerEvent: {}
[14.965992] (-) TimerEvent: {}
[15.066474] (-) TimerEvent: {}
[15.167034] (-) TimerEvent: {}
[15.267524] (-) TimerEvent: {}
[15.368049] (-) TimerEvent: {}
[15.468594] (-) TimerEvent: {}
[15.569100] (-) TimerEvent: {}
[15.669774] (-) TimerEvent: {}
[15.770749] (-) TimerEvent: {}
[15.871174] (-) TimerEvent: {}
[15.971602] (-) TimerEvent: {}
[16.072030] (-) TimerEvent: {}
[16.172467] (-) TimerEvent: {}
[16.272863] (-) TimerEvent: {}
[16.374423] (-) TimerEvent: {}
[16.474853] (-) TimerEvent: {}
[16.575333] (-) TimerEvent: {}
[16.675794] (-) TimerEvent: {}
[16.776218] (-) TimerEvent: {}
[16.876640] (-) TimerEvent: {}
[16.977060] (-) TimerEvent: {}
[17.077499] (-) TimerEvent: {}
[17.177975] (-) TimerEvent: {}
[17.278427] (-) TimerEvent: {}
[17.378877] (-) TimerEvent: {}
[17.479290] (-) TimerEvent: {}
[17.579679] (-) TimerEvent: {}
[17.680100] (-) TimerEvent: {}
[17.780508] (-) TimerEvent: {}
[17.880937] (-) TimerEvent: {}
[17.981380] (-) TimerEvent: {}
[18.081879] (-) TimerEvent: {}
[18.182342] (-) TimerEvent: {}
[18.282872] (-) TimerEvent: {}
[18.383359] (-) TimerEvent: {}
[18.483992] (-) TimerEvent: {}
[18.584551] (-) TimerEvent: {}
[18.684959] (-) TimerEvent: {}
[18.785472] (-) TimerEvent: {}
[18.885898] (-) TimerEvent: {}
[18.987815] (-) TimerEvent: {}
[19.088217] (-) TimerEvent: {}
[19.194431] (-) TimerEvent: {}
[19.294952] (-) TimerEvent: {}
[19.395333] (-) TimerEvent: {}
[19.495745] (-) TimerEvent: {}
[19.596149] (-) TimerEvent: {}
[19.696581] (-) TimerEvent: {}
[19.797001] (-) TimerEvent: {}
[19.897429] (-) TimerEvent: {}
[19.997887] (-) TimerEvent: {}
[20.024239] (go2w_plain_slam_bridge) StdoutLine: {'line': b'[ 27%] Linking CXX executable pandar_slam_adapter\n'}
[20.098077] (-) TimerEvent: {}
[20.198550] (-) TimerEvent: {}
[20.298983] (-) TimerEvent: {}
[20.399460] (-) TimerEvent: {}
[20.500454] (-) TimerEvent: {}
[20.605536] (-) TimerEvent: {}
[20.707502] (-) TimerEvent: {}
[20.808048] (-) TimerEvent: {}
[20.908623] (-) TimerEvent: {}
[21.009060] (-) TimerEvent: {}
[21.043722] (go2w_plain_slam_bridge) StdoutLine: {'line': b'[ 27%] Built target pandar_slam_adapter\n'}
[21.096768] (go2w_plain_slam_bridge) StdoutLine: {'line': b'[ 38%] Built target gtest\n'}
[21.109330] (-) TimerEvent: {}
[21.149849] (go2w_plain_slam_bridge) StdoutLine: {'line': b'[ 50%] Built target gtest_main\n'}
[21.209613] (-) TimerEvent: {}
[21.310129] (-) TimerEvent: {}
[21.324424] (go2w_plain_slam_bridge) StdoutLine: {'line': b'[ 55%] Building CXX object CMakeFiles/transform_utils_test.dir/test/transform_utils_test.cpp.o\n'}
[21.410365] (-) TimerEvent: {}
[21.511011] (-) TimerEvent: {}
[21.611629] (-) TimerEvent: {}
[21.712192] (-) TimerEvent: {}
[21.812740] (-) TimerEvent: {}
[21.913191] (-) TimerEvent: {}
[22.013695] (-) TimerEvent: {}
[22.115423] (-) TimerEvent: {}
[22.215948] (-) TimerEvent: {}
[22.316441] (-) TimerEvent: {}
[22.416854] (-) TimerEvent: {}
[22.517317] (-) TimerEvent: {}
[22.617879] (-) TimerEvent: {}
[22.718375] (-) TimerEvent: {}
[22.822446] (-) TimerEvent: {}
[22.922878] (-) TimerEvent: {}
[23.023309] (-) TimerEvent: {}
[23.130422] (-) TimerEvent: {}
[23.230819] (-) TimerEvent: {}
[23.331240] (-) TimerEvent: {}
[23.431636] (-) TimerEvent: {}
[23.532059] (-) TimerEvent: {}
[23.632640] (-) TimerEvent: {}
[23.733081] (-) TimerEvent: {}
[23.833566] (-) TimerEvent: {}
[23.934051] (-) TimerEvent: {}
[24.034493] (-) TimerEvent: {}
[24.130900] (go2w_plain_slam_bridge) StdoutLine: {'line': b'[ 61%] Linking CXX executable plain_slam_odom_adapter\n'}
[24.134648] (-) TimerEvent: {}
[24.235029] (-) TimerEvent: {}
[24.335454] (-) TimerEvent: {}
[24.435899] (-) TimerEvent: {}
[24.536353] (-) TimerEvent: {}
[24.636807] (-) TimerEvent: {}
[24.737253] (-) TimerEvent: {}
[24.837736] (-) TimerEvent: {}
[24.938231] (-) TimerEvent: {}
[25.038665] (-) TimerEvent: {}
[25.139087] (-) TimerEvent: {}
[25.242508] (-) TimerEvent: {}
[25.294863] (go2w_plain_slam_bridge) StdoutLine: {'line': b'[ 66%] Linking CXX executable transform_utils_test\n'}
[25.343866] (-) TimerEvent: {}
[25.454422] (-) TimerEvent: {}
[25.455118] (go2w_plain_slam_bridge) StdoutLine: {'line': b'[ 66%] Built target plain_slam_odom_adapter\n'}
[25.562452] (-) TimerEvent: {}
[25.626950] (go2w_plain_slam_bridge) StdoutLine: {'line': b'[ 72%] Building CXX object CMakeFiles/occupancy_projection_test.dir/test/occupancy_projection_test.cpp.o\n'}
[25.663853] (-) TimerEvent: {}
[25.762861] (go2w_plain_slam_bridge) StdoutLine: {'line': b'[ 72%] Built target transform_utils_test\n'}
[25.763936] (-) TimerEvent: {}
[25.822843] (go2w_plain_slam_bridge) StdoutLine: {'line': b'[ 77%] Building CXX object CMakeFiles/timestamp_policy_test.dir/test/timestamp_policy_test.cpp.o\n'}
[25.864153] (-) TimerEvent: {}
[25.964591] (-) TimerEvent: {}
[26.066191] (-) TimerEvent: {}
[26.166607] (-) TimerEvent: {}
[26.267032] (-) TimerEvent: {}
[26.367490] (-) TimerEvent: {}
[26.467954] (-) TimerEvent: {}
[26.568420] (-) TimerEvent: {}
[26.668923] (-) TimerEvent: {}
[26.711713] (go2w_plain_slam_bridge) StdoutLine: {'line': b'[ 83%] Linking CXX executable pointcloud_to_occupancy\n'}
[26.769211] (-) TimerEvent: {}
[26.869750] (-) TimerEvent: {}
[26.970295] (-) TimerEvent: {}
[27.070977] (-) TimerEvent: {}
[27.171642] (-) TimerEvent: {}
[27.272227] (-) TimerEvent: {}
[27.373610] (-) TimerEvent: {}
[27.474508] (-) TimerEvent: {}
[27.575332] (-) TimerEvent: {}
[27.675885] (-) TimerEvent: {}
[27.718357] (go2w_plain_slam_bridge) StdoutLine: {'line': b'[ 83%] Built target pointcloud_to_occupancy\n'}
[27.776062] (-) TimerEvent: {}
[27.876495] (-) TimerEvent: {}
[27.976941] (-) TimerEvent: {}
[28.077378] (-) TimerEvent: {}
[28.177816] (-) TimerEvent: {}
[28.278238] (-) TimerEvent: {}
[28.378679] (-) TimerEvent: {}
[28.479075] (-) TimerEvent: {}
[28.579506] (-) TimerEvent: {}
[28.623610] (go2w_plain_slam_bridge) StdoutLine: {'line': b'[ 88%] Linking CXX executable occupancy_projection_test\n'}
[28.679819] (-) TimerEvent: {}
[28.780443] (-) TimerEvent: {}
[28.876636] (go2w_plain_slam_bridge) StdoutLine: {'line': b'[ 94%] Linking CXX executable timestamp_policy_test\n'}
[28.880642] (-) TimerEvent: {}
[28.981039] (-) TimerEvent: {}
[29.038917] (go2w_plain_slam_bridge) StdoutLine: {'line': b'[ 94%] Built target occupancy_projection_test\n'}
[29.081339] (-) TimerEvent: {}
[29.181839] (-) TimerEvent: {}
[29.282308] (-) TimerEvent: {}
[29.293103] (go2w_plain_slam_bridge) StdoutLine: {'line': b'[ 94%] Built target timestamp_policy_test\n'}
[29.382417] (-) TimerEvent: {}
[29.482810] (-) TimerEvent: {}
[29.583201] (-) TimerEvent: {}
[29.683574] (-) TimerEvent: {}
[29.783967] (-) TimerEvent: {}
[29.884357] (-) TimerEvent: {}
[29.984736] (-) TimerEvent: {}
[30.085115] (-) TimerEvent: {}
[30.185515] (-) TimerEvent: {}
[30.285915] (-) TimerEvent: {}
[30.386328] (-) TimerEvent: {}
[30.486702] (-) TimerEvent: {}
[30.587263] (-) TimerEvent: {}
[30.687660] (-) TimerEvent: {}
[30.788070] (-) TimerEvent: {}
[30.888489] (-) TimerEvent: {}
[30.988852] (-) TimerEvent: {}
[31.089259] (-) TimerEvent: {}
[31.189633] (-) TimerEvent: {}
[31.290029] (-) TimerEvent: {}
[31.390426] (-) TimerEvent: {}
[31.490828] (-) TimerEvent: {}
[31.591220] (-) TimerEvent: {}
[31.691611] (-) TimerEvent: {}
[31.791989] (-) TimerEvent: {}
[31.892391] (-) TimerEvent: {}
[31.992796] (-) TimerEvent: {}
[32.093184] (-) TimerEvent: {}
[32.193548] (-) TimerEvent: {}
[32.293916] (-) TimerEvent: {}
[32.394315] (-) TimerEvent: {}
[32.494687] (-) TimerEvent: {}
[32.595071] (-) TimerEvent: {}
[32.695448] (-) TimerEvent: {}
[32.795830] (-) TimerEvent: {}
[32.896201] (-) TimerEvent: {}
[32.996612] (-) TimerEvent: {}
[33.096999] (-) TimerEvent: {}
[33.197398] (-) TimerEvent: {}
[33.297791] (-) TimerEvent: {}
[33.398164] (-) TimerEvent: {}
[33.498574] (-) TimerEvent: {}
[33.598978] (-) TimerEvent: {}
[33.699378] (-) TimerEvent: {}
[33.799772] (-) TimerEvent: {}
[33.900163] (-) TimerEvent: {}
[34.000555] (-) TimerEvent: {}
[34.100951] (-) TimerEvent: {}
[34.201345] (-) TimerEvent: {}
[34.301736] (-) TimerEvent: {}
[34.402141] (-) TimerEvent: {}
[34.502573] (-) TimerEvent: {}
[34.602968] (-) TimerEvent: {}
[34.703402] (-) TimerEvent: {}
[34.803816] (-) TimerEvent: {}
[34.904225] (-) TimerEvent: {}
[35.000793] (go2w_plain_slam_bridge) StdoutLine: {'line': b'[100%] Linking CXX executable plain_slam_health_monitor\n'}
[35.004359] (-) TimerEvent: {}
[35.104692] (-) TimerEvent: {}
[35.205245] (-) TimerEvent: {}
[35.305742] (-) TimerEvent: {}
[35.406326] (-) TimerEvent: {}
[35.506753] (-) TimerEvent: {}
[35.607201] (-) TimerEvent: {}
[35.707640] (-) TimerEvent: {}
[35.808048] (-) TimerEvent: {}
[35.908516] (-) TimerEvent: {}
[36.008949] (-) TimerEvent: {}
[36.009610] (go2w_plain_slam_bridge) StdoutLine: {'line': b'[100%] Built target plain_slam_health_monitor\n'}
[36.033172] (go2w_plain_slam_bridge) CommandEnded: {'returncode': 0}
[36.105087] (go2w_plain_slam_bridge) JobProgress: {'identifier': 'go2w_plain_slam_bridge', 'progress': 'install'}
[36.105874] (go2w_plain_slam_bridge) Command: {'cmd': ['/usr/bin/cmake', '--install', '/home/unitree/robotscene/ros2_ws/build/go2w_plain_slam_bridge'], 'cwd': '/home/unitree/robotscene/ros2_ws/build/go2w_plain_slam_bridge', 'env': OrderedDict([('HTTPS_PROXY', 'http://127.0.0.1:17891'), ('no_proxy', 'localhost,127.0.0.1,::1,192.168.123.0/24'), ('USER', 'unitree'), ('SSH_CLIENT', '192.168.123.99 54538 22'), ('LC_TIME', 'zh_CN.UTF-8'), ('all_proxy', 'socks5h://127.0.0.1:17891'), ('XDG_SESSION_TYPE', 'tty'), ('SHLVL', '0'), ('LD_LIBRARY_PATH', '/opt/ros/foxy/opt/yaml_cpp_vendor/lib:/opt/ros/foxy/opt/rviz_ogre_vendor/lib:/opt/ros/foxy/lib/aarch64-linux-gnu:/opt/ros/foxy/lib'), ('MOTD_SHOWN', 'pam'), ('HOME', '/home/unitree'), ('OLDPWD', '/home/unitree'), ('NO_PROXY', 'localhost,127.0.0.1,::1,192.168.123.0/24'), ('ROS_PYTHON_VERSION', '3'), ('LC_MONETARY', 'zh_CN.UTF-8'), ('DBUS_SESSION_BUS_ADDRESS', 'unix:path=/run/user/1000/bus'), ('https_proxy', 'http://127.0.0.1:17891'), ('ROS_DISTRO', 'foxy'), ('LOGNAME', 'unitree'), ('ALL_PROXY', 'socks5h://127.0.0.1:17891'), ('http_proxy', 'http://127.0.0.1:17891'), ('_', '/usr/bin/colcon'), ('ROS_VERSION', '2'), ('XDG_SESSION_CLASS', 'user'), ('XDG_SESSION_ID', '13'), ('ROS_LOCALHOST_ONLY', '0'), ('PATH', '/opt/ros/foxy/bin:/usr/local/sbin:/usr/local/bin:/usr/sbin:/usr/bin:/sbin:/bin:/usr/games:/usr/local/games:/snap/bin'), ('LC_ADDRESS', 'zh_CN.UTF-8'), ('XDG_RUNTIME_DIR', '/run/user/1000'), ('LANG', 'en_US.UTF-8'), ('LC_TELEPHONE', 'zh_CN.UTF-8'), ('AMENT_PREFIX_PATH', '/opt/ros/foxy'), ('SHELL', '/bin/bash'), ('LC_NAME', 'zh_CN.UTF-8'), ('LC_MEASUREMENT', 'zh_CN.UTF-8'), ('LC_IDENTIFICATION', 'zh_CN.UTF-8'), ('PWD', '/home/unitree/robotscene/ros2_ws/build/go2w_plain_slam_bridge'), ('SSH_CONNECTION', '192.168.123.99 54538 192.168.123.18 22'), ('PYTHONPATH', '/opt/ros/foxy/lib/python3.8/site-packages'), ('HTTP_PROXY', 'http://127.0.0.1:17891'), ('LC_NUMERIC', 'zh_CN.UTF-8'), ('LC_PAPER', 'zh_CN.UTF-8'), ('COLCON', '1'), ('CMAKE_PREFIX_PATH', '/opt/ros/foxy')]), 'shell': False}
[36.109643] (-) TimerEvent: {}
[36.130803] (go2w_plain_slam_bridge) StdoutLine: {'line': b'-- Install configuration: ""\n'}
[36.131533] (go2w_plain_slam_bridge) StdoutLine: {'line': b'-- Execute custom install script\n'}
[36.132832] (go2w_plain_slam_bridge) StdoutLine: {'line': b'-- Up-to-date symlink: /home/unitree/robotscene/ros2_ws/install/go2w_plain_slam_bridge/lib/go2w_plain_slam_bridge/pandar_slam_adapter\n'}
[36.133474] (go2w_plain_slam_bridge) StdoutLine: {'line': b'-- Up-to-date symlink: /home/unitree/robotscene/ros2_ws/install/go2w_plain_slam_bridge/lib/go2w_plain_slam_bridge/plain_slam_odom_adapter\n'}
[36.134064] (go2w_plain_slam_bridge) StdoutLine: {'line': b'-- Up-to-date symlink: /home/unitree/robotscene/ros2_ws/install/go2w_plain_slam_bridge/lib/go2w_plain_slam_bridge/pointcloud_to_occupancy\n'}
[36.134686] (go2w_plain_slam_bridge) StdoutLine: {'line': b'-- Up-to-date symlink: /home/unitree/robotscene/ros2_ws/install/go2w_plain_slam_bridge/lib/go2w_plain_slam_bridge/plain_slam_health_monitor\n'}
[36.135149] (go2w_plain_slam_bridge) StdoutLine: {'line': b'-- Symlinking: /home/unitree/robotscene/ros2_ws/install/go2w_plain_slam_bridge/lib/go2w_plain_slam_bridge/imu_fallback_adapter.py\n'}
[36.155601] (go2w_plain_slam_bridge) StdoutLine: {'line': b'-- Up-to-date symlink: /home/unitree/robotscene/ros2_ws/install/go2w_plain_slam_bridge/share/go2w_plain_slam_bridge/launch/plain_slam_go2w.launch.py\n'}
[36.156227] (go2w_plain_slam_bridge) StdoutLine: {'line': b'-- Up-to-date symlink: /home/unitree/robotscene/ros2_ws/install/go2w_plain_slam_bridge/share/ament_index/resource_index/package_run_dependencies/go2w_plain_slam_bridge\n'}
[36.156807] (go2w_plain_slam_bridge) StdoutLine: {'line': b'-- Up-to-date symlink: /home/unitree/robotscene/ros2_ws/install/go2w_plain_slam_bridge/share/ament_index/resource_index/parent_prefix_path/go2w_plain_slam_bridge\n'}
[36.157986] (go2w_plain_slam_bridge) StdoutLine: {'line': b'-- Up-to-date symlink: /home/unitree/robotscene/ros2_ws/install/go2w_plain_slam_bridge/share/go2w_plain_slam_bridge/environment/ament_prefix_path.sh\n'}
[36.158390] (go2w_plain_slam_bridge) StdoutLine: {'line': b'-- Up-to-date symlink: /home/unitree/robotscene/ros2_ws/install/go2w_plain_slam_bridge/share/go2w_plain_slam_bridge/environment/ament_prefix_path.dsv\n'}
[36.158742] (go2w_plain_slam_bridge) StdoutLine: {'line': b'-- Up-to-date symlink: /home/unitree/robotscene/ros2_ws/install/go2w_plain_slam_bridge/share/go2w_plain_slam_bridge/environment/path.sh\n'}
[36.159269] (go2w_plain_slam_bridge) StdoutLine: {'line': b'-- Up-to-date symlink: /home/unitree/robotscene/ros2_ws/install/go2w_plain_slam_bridge/share/go2w_plain_slam_bridge/environment/path.dsv\n'}
[36.159852] (go2w_plain_slam_bridge) StdoutLine: {'line': b'-- Up-to-date symlink: /home/unitree/robotscene/ros2_ws/install/go2w_plain_slam_bridge/share/go2w_plain_slam_bridge/local_setup.bash\n'}
[36.160435] (go2w_plain_slam_bridge) StdoutLine: {'line': b'-- Up-to-date symlink: /home/unitree/robotscene/ros2_ws/install/go2w_plain_slam_bridge/share/go2w_plain_slam_bridge/local_setup.sh\n'}
[36.161043] (go2w_plain_slam_bridge) StdoutLine: {'line': b'-- Up-to-date symlink: /home/unitree/robotscene/ros2_ws/install/go2w_plain_slam_bridge/share/go2w_plain_slam_bridge/local_setup.zsh\n'}
[36.161596] (go2w_plain_slam_bridge) StdoutLine: {'line': b'-- Up-to-date symlink: /home/unitree/robotscene/ros2_ws/install/go2w_plain_slam_bridge/share/go2w_plain_slam_bridge/local_setup.dsv\n'}
[36.161981] (go2w_plain_slam_bridge) StdoutLine: {'line': b'-- Symlinking: /home/unitree/robotscene/ros2_ws/install/go2w_plain_slam_bridge/share/go2w_plain_slam_bridge/package.dsv\n'}
[36.183044] (go2w_plain_slam_bridge) StdoutLine: {'line': b'-- Up-to-date symlink: /home/unitree/robotscene/ros2_ws/install/go2w_plain_slam_bridge/share/ament_index/resource_index/packages/go2w_plain_slam_bridge\n'}
[36.183735] (go2w_plain_slam_bridge) StdoutLine: {'line': b'-- Up-to-date symlink: /home/unitree/robotscene/ros2_ws/install/go2w_plain_slam_bridge/share/go2w_plain_slam_bridge/cmake/go2w_plain_slam_bridgeConfig.cmake\n'}
[36.184075] (go2w_plain_slam_bridge) StdoutLine: {'line': b'-- Up-to-date symlink: /home/unitree/robotscene/ros2_ws/install/go2w_plain_slam_bridge/share/go2w_plain_slam_bridge/cmake/go2w_plain_slam_bridgeConfig-version.cmake\n'}
[36.184648] (go2w_plain_slam_bridge) StdoutLine: {'line': b'-- Up-to-date symlink: /home/unitree/robotscene/ros2_ws/install/go2w_plain_slam_bridge/share/go2w_plain_slam_bridge/package.xml\n'}
[36.189225] (go2w_plain_slam_bridge) CommandEnded: {'returncode': 0}
[36.209803] (-) TimerEvent: {}
[36.311260] (-) TimerEvent: {}
[36.411814] (-) TimerEvent: {}
[36.513188] (-) TimerEvent: {}
[36.613852] (-) TimerEvent: {}
[36.714942] (-) TimerEvent: {}
[36.815448] (-) TimerEvent: {}
[36.817488] (go2w_plain_slam_bridge) JobEnded: {'identifier': 'go2w_plain_slam_bridge', 'rc': 0}
[36.819615] (-) EventReactorShutdown: {}
