[4.757s] DEBUG:colcon:Command line arguments: ['/usr/bin/colcon', 'build', '--packages-select', 'go2w_plain_slam_bridge', 'robot_scene_nav_bringup', '--event-handlers', 'console_cohesion+']
[4.757s] DEBUG:colcon:Parsed command line arguments: Namespace(allow_overriding=[], ament_cmake_args=None, base_paths=['.'], build_base='build', catkin_cmake_args=None, catkin_skip_building_tests=False, cmake_args=None, cmake_clean_cache=False, cmake_clean_first=False, cmake_force_configure=False, cmake_target=None, cmake_target_skip_unavailable=False, continue_on_error=False, event_handlers=['console_cohesion+'], executor='parallel', ignore_user_meta=False, install_base='install', log_base=None, log_level=None, main=<bound method BuildVerb.main of <colcon_core.verb.build.BuildVerb object at 0xffffb0114dc0>>, merge_install=False, metas=['./colcon.meta'], packages_above=None, packages_above_and_dependencies=None, packages_above_depth=None, packages_end=None, packages_ignore=None, packages_ignore_regex=None, packages_select=['go2w_plain_slam_bridge', 'robot_scene_nav_bringup'], packages_select_build_failed=False, packages_select_by_dep=None, packages_select_regex=None, packages_select_test_failures=False, packages_skip=None, packages_skip_build_finished=False, packages_skip_by_dep=None, packages_skip_regex=None, packages_skip_test_passed=False, packages_skip_up_to=None, packages_start=None, packages_up_to=None, packages_up_to_regex=None, parallel_workers=4, paths=None, symlink_install=False, test_result_base=None, verb_extension=<colcon_core.verb.build.BuildVerb object at 0xffffb0114dc0>, verb_name='build', verb_parser=<colcon_defaults.argument_parser.defaults.DefaultArgumentsDecorator object at 0xffffb01a5e50>)
[4.989s] Level 1:colcon.colcon_core.package_discovery:discover_packages(colcon_meta) check parameters
[4.990s] Level 1:colcon.colcon_core.package_discovery:discover_packages(recursive) check parameters
[4.990s] Level 1:colcon.colcon_core.package_discovery:discover_packages(ignore) check parameters
[4.990s] Level 1:colcon.colcon_core.package_discovery:discover_packages(path) check parameters
[4.990s] Level 1:colcon.colcon_core.package_discovery:discover_packages(colcon_meta) discover
[4.990s] Level 1:colcon.colcon_core.package_discovery:discover_packages(recursive) discover
[4.990s] INFO:colcon.colcon_core.package_discovery:Crawling recursively for packages in '/home/unitree/robotscene/ros2_ws'
[4.991s] Level 1:colcon.colcon_core.package_identification:_identify(.) by extensions ['ignore', 'ignore_ament_install']
[4.991s] Level 1:colcon.colcon_core.package_identification:_identify(.) by extension 'ignore'
[4.991s] Level 1:colcon.colcon_core.package_identification:_identify(.) by extension 'ignore_ament_install'
[4.992s] Level 1:colcon.colcon_core.package_identification:_identify(.) by extensions ['colcon_pkg']
[4.992s] Level 1:colcon.colcon_core.package_identification:_identify(.) by extension 'colcon_pkg'
[4.992s] Level 1:colcon.colcon_core.package_identification:_identify(.) by extensions ['colcon_meta']
[4.992s] Level 1:colcon.colcon_core.package_identification:_identify(.) by extension 'colcon_meta'
[4.992s] Level 1:colcon.colcon_core.package_identification:_identify(.) by extensions ['ros']
[4.992s] Level 1:colcon.colcon_core.package_identification:_identify(.) by extension 'ros'
[5.024s] Level 1:colcon.colcon_core.package_identification:_identify(.) by extensions ['cmake', 'python']
[5.024s] Level 1:colcon.colcon_core.package_identification:_identify(.) by extension 'cmake'
[5.024s] Level 1:colcon.colcon_core.package_identification:_identify(.) by extension 'python'
[5.024s] Level 1:colcon.colcon_core.package_identification:_identify(.) by extensions ['python_setup_py']
[5.024s] Level 1:colcon.colcon_core.package_identification:_identify(.) by extension 'python_setup_py'
[5.025s] Level 1:colcon.colcon_core.package_identification:_identify(build) by extensions ['ignore', 'ignore_ament_install']
[5.025s] Level 1:colcon.colcon_core.package_identification:_identify(build) by extension 'ignore'
[5.025s] Level 1:colcon.colcon_core.package_identification:_identify(build) ignored
[5.026s] Level 1:colcon.colcon_core.package_identification:_identify(install) by extensions ['ignore', 'ignore_ament_install']
[5.026s] Level 1:colcon.colcon_core.package_identification:_identify(install) by extension 'ignore'
[5.026s] Level 1:colcon.colcon_core.package_identification:_identify(install) ignored
[5.026s] Level 1:colcon.colcon_core.package_identification:_identify(log) by extensions ['ignore', 'ignore_ament_install']
[5.027s] Level 1:colcon.colcon_core.package_identification:_identify(log) by extension 'ignore'
[5.027s] Level 1:colcon.colcon_core.package_identification:_identify(log) ignored
[5.027s] Level 1:colcon.colcon_core.package_identification:_identify(src) by extensions ['ignore', 'ignore_ament_install']
[5.027s] Level 1:colcon.colcon_core.package_identification:_identify(src) by extension 'ignore'
[5.027s] Level 1:colcon.colcon_core.package_identification:_identify(src) by extension 'ignore_ament_install'
[5.027s] Level 1:colcon.colcon_core.package_identification:_identify(src) by extensions ['colcon_pkg']
[5.028s] Level 1:colcon.colcon_core.package_identification:_identify(src) by extension 'colcon_pkg'
[5.028s] Level 1:colcon.colcon_core.package_identification:_identify(src) by extensions ['colcon_meta']
[5.028s] Level 1:colcon.colcon_core.package_identification:_identify(src) by extension 'colcon_meta'
[5.028s] Level 1:colcon.colcon_core.package_identification:_identify(src) by extensions ['ros']
[5.028s] Level 1:colcon.colcon_core.package_identification:_identify(src) by extension 'ros'
[5.028s] Level 1:colcon.colcon_core.package_identification:_identify(src) by extensions ['cmake', 'python']
[5.028s] Level 1:colcon.colcon_core.package_identification:_identify(src) by extension 'cmake'
[5.028s] Level 1:colcon.colcon_core.package_identification:_identify(src) by extension 'python'
[5.029s] Level 1:colcon.colcon_core.package_identification:_identify(src) by extensions ['python_setup_py']
[5.029s] Level 1:colcon.colcon_core.package_identification:_identify(src) by extension 'python_setup_py'
[5.029s] Level 1:colcon.colcon_core.package_identification:_identify(src/go2w_camera_bridge) by extensions ['ignore', 'ignore_ament_install']
[5.029s] Level 1:colcon.colcon_core.package_identification:_identify(src/go2w_camera_bridge) by extension 'ignore'
[5.030s] Level 1:colcon.colcon_core.package_identification:_identify(src/go2w_camera_bridge) by extension 'ignore_ament_install'
[5.030s] Level 1:colcon.colcon_core.package_identification:_identify(src/go2w_camera_bridge) by extensions ['colcon_pkg']
[5.030s] Level 1:colcon.colcon_core.package_identification:_identify(src/go2w_camera_bridge) by extension 'colcon_pkg'
[5.030s] Level 1:colcon.colcon_core.package_identification:_identify(src/go2w_camera_bridge) by extensions ['colcon_meta']
[5.030s] Level 1:colcon.colcon_core.package_identification:_identify(src/go2w_camera_bridge) by extension 'colcon_meta'
[5.030s] Level 1:colcon.colcon_core.package_identification:_identify(src/go2w_camera_bridge) by extensions ['ros']
[5.030s] Level 1:colcon.colcon_core.package_identification:_identify(src/go2w_camera_bridge) by extension 'ros'
[5.038s] DEBUG:colcon.colcon_core.package_identification:Package 'src/go2w_camera_bridge' with type 'ros.ament_python' and name 'go2w_camera_bridge'
[5.038s] Level 1:colcon.colcon_core.package_identification:_identify(src/go2w_cmd_vel_bridge) by extensions ['ignore', 'ignore_ament_install']
[5.039s] Level 1:colcon.colcon_core.package_identification:_identify(src/go2w_cmd_vel_bridge) by extension 'ignore'
[5.039s] Level 1:colcon.colcon_core.package_identification:_identify(src/go2w_cmd_vel_bridge) by extension 'ignore_ament_install'
[5.039s] Level 1:colcon.colcon_core.package_identification:_identify(src/go2w_cmd_vel_bridge) by extensions ['colcon_pkg']
[5.039s] Level 1:colcon.colcon_core.package_identification:_identify(src/go2w_cmd_vel_bridge) by extension 'colcon_pkg'
[5.039s] Level 1:colcon.colcon_core.package_identification:_identify(src/go2w_cmd_vel_bridge) by extensions ['colcon_meta']
[5.040s] Level 1:colcon.colcon_core.package_identification:_identify(src/go2w_cmd_vel_bridge) by extension 'colcon_meta'
[5.040s] Level 1:colcon.colcon_core.package_identification:_identify(src/go2w_cmd_vel_bridge) by extensions ['ros']
[5.040s] Level 1:colcon.colcon_core.package_identification:_identify(src/go2w_cmd_vel_bridge) by extension 'ros'
[5.041s] DEBUG:colcon.colcon_core.package_identification:Package 'src/go2w_cmd_vel_bridge' with type 'ros.ament_python' and name 'go2w_cmd_vel_bridge'
[5.042s] Level 1:colcon.colcon_core.package_identification:_identify(src/go2w_control_arbiter) by extensions ['ignore', 'ignore_ament_install']
[5.042s] Level 1:colcon.colcon_core.package_identification:_identify(src/go2w_control_arbiter) by extension 'ignore'
[5.042s] Level 1:colcon.colcon_core.package_identification:_identify(src/go2w_control_arbiter) by extension 'ignore_ament_install'
[5.042s] Level 1:colcon.colcon_core.package_identification:_identify(src/go2w_control_arbiter) by extensions ['colcon_pkg']
[5.042s] Level 1:colcon.colcon_core.package_identification:_identify(src/go2w_control_arbiter) by extension 'colcon_pkg'
[5.042s] Level 1:colcon.colcon_core.package_identification:_identify(src/go2w_control_arbiter) by extensions ['colcon_meta']
[5.042s] Level 1:colcon.colcon_core.package_identification:_identify(src/go2w_control_arbiter) by extension 'colcon_meta'
[5.043s] Level 1:colcon.colcon_core.package_identification:_identify(src/go2w_control_arbiter) by extensions ['ros']
[5.043s] Level 1:colcon.colcon_core.package_identification:_identify(src/go2w_control_arbiter) by extension 'ros'
[5.044s] DEBUG:colcon.colcon_core.package_identification:Package 'src/go2w_control_arbiter' with type 'ros.ament_python' and name 'go2w_control_arbiter'
[5.044s] Level 1:colcon.colcon_core.package_identification:_identify(src/go2w_description) by extensions ['ignore', 'ignore_ament_install']
[5.044s] Level 1:colcon.colcon_core.package_identification:_identify(src/go2w_description) by extension 'ignore'
[5.044s] Level 1:colcon.colcon_core.package_identification:_identify(src/go2w_description) by extension 'ignore_ament_install'
[5.045s] Level 1:colcon.colcon_core.package_identification:_identify(src/go2w_description) by extensions ['colcon_pkg']
[5.045s] Level 1:colcon.colcon_core.package_identification:_identify(src/go2w_description) by extension 'colcon_pkg'
[5.045s] Level 1:colcon.colcon_core.package_identification:_identify(src/go2w_description) by extensions ['colcon_meta']
[5.045s] Level 1:colcon.colcon_core.package_identification:_identify(src/go2w_description) by extension 'colcon_meta'
[5.045s] Level 1:colcon.colcon_core.package_identification:_identify(src/go2w_description) by extensions ['ros']
[5.045s] Level 1:colcon.colcon_core.package_identification:_identify(src/go2w_description) by extension 'ros'
[5.046s] DEBUG:colcon.colcon_core.package_identification:Package 'src/go2w_description' with type 'ros.ament_python' and name 'go2w_description'
[5.047s] Level 1:colcon.colcon_core.package_identification:_identify(src/go2w_lidar_preprocessor) by extensions ['ignore', 'ignore_ament_install']
[5.047s] Level 1:colcon.colcon_core.package_identification:_identify(src/go2w_lidar_preprocessor) by extension 'ignore'
[5.047s] Level 1:colcon.colcon_core.package_identification:_identify(src/go2w_lidar_preprocessor) by extension 'ignore_ament_install'
[5.047s] Level 1:colcon.colcon_core.package_identification:_identify(src/go2w_lidar_preprocessor) by extensions ['colcon_pkg']
[5.047s] Level 1:colcon.colcon_core.package_identification:_identify(src/go2w_lidar_preprocessor) by extension 'colcon_pkg'
[5.047s] Level 1:colcon.colcon_core.package_identification:_identify(src/go2w_lidar_preprocessor) by extensions ['colcon_meta']
[5.048s] Level 1:colcon.colcon_core.package_identification:_identify(src/go2w_lidar_preprocessor) by extension 'colcon_meta'
[5.048s] Level 1:colcon.colcon_core.package_identification:_identify(src/go2w_lidar_preprocessor) by extensions ['ros']
[5.048s] Level 1:colcon.colcon_core.package_identification:_identify(src/go2w_lidar_preprocessor) by extension 'ros'
[5.049s] DEBUG:colcon.colcon_core.package_identification:Package 'src/go2w_lidar_preprocessor' with type 'ros.ament_python' and name 'go2w_lidar_preprocessor'
[5.049s] Level 1:colcon.colcon_core.package_identification:_identify(src/go2w_lio_bringup) by extensions ['ignore', 'ignore_ament_install']
[5.050s] Level 1:colcon.colcon_core.package_identification:_identify(src/go2w_lio_bringup) by extension 'ignore'
[5.050s] Level 1:colcon.colcon_core.package_identification:_identify(src/go2w_lio_bringup) by extension 'ignore_ament_install'
[5.050s] Level 1:colcon.colcon_core.package_identification:_identify(src/go2w_lio_bringup) by extensions ['colcon_pkg']
[5.050s] Level 1:colcon.colcon_core.package_identification:_identify(src/go2w_lio_bringup) by extension 'colcon_pkg'
[5.050s] Level 1:colcon.colcon_core.package_identification:_identify(src/go2w_lio_bringup) by extensions ['colcon_meta']
[5.050s] Level 1:colcon.colcon_core.package_identification:_identify(src/go2w_lio_bringup) by extension 'colcon_meta'
[5.050s] Level 1:colcon.colcon_core.package_identification:_identify(src/go2w_lio_bringup) by extensions ['ros']
[5.050s] Level 1:colcon.colcon_core.package_identification:_identify(src/go2w_lio_bringup) by extension 'ros'
[5.052s] DEBUG:colcon.colcon_core.package_identification:Package 'src/go2w_lio_bringup' with type 'ros.ament_python' and name 'go2w_lio_bringup'
[5.052s] Level 1:colcon.colcon_core.package_identification:_identify(src/go2w_plain_slam_bridge) by extensions ['ignore', 'ignore_ament_install']
[5.052s] Level 1:colcon.colcon_core.package_identification:_identify(src/go2w_plain_slam_bridge) by extension 'ignore'
[5.053s] Level 1:colcon.colcon_core.package_identification:_identify(src/go2w_plain_slam_bridge) by extension 'ignore_ament_install'
[5.053s] Level 1:colcon.colcon_core.package_identification:_identify(src/go2w_plain_slam_bridge) by extensions ['colcon_pkg']
[5.053s] Level 1:colcon.colcon_core.package_identification:_identify(src/go2w_plain_slam_bridge) by extension 'colcon_pkg'
[5.053s] Level 1:colcon.colcon_core.package_identification:_identify(src/go2w_plain_slam_bridge) by extensions ['colcon_meta']
[5.053s] Level 1:colcon.colcon_core.package_identification:_identify(src/go2w_plain_slam_bridge) by extension 'colcon_meta'
[5.053s] Level 1:colcon.colcon_core.package_identification:_identify(src/go2w_plain_slam_bridge) by extensions ['ros']
[5.053s] Level 1:colcon.colcon_core.package_identification:_identify(src/go2w_plain_slam_bridge) by extension 'ros'
[5.057s] DEBUG:colcon.colcon_core.package_identification:Package 'src/go2w_plain_slam_bridge' with type 'ros.ament_cmake' and name 'go2w_plain_slam_bridge'
[5.057s] Level 1:colcon.colcon_core.package_identification:_identify(src/go2w_rgb_lidar_fusion) by extensions ['ignore', 'ignore_ament_install']
[5.058s] Level 1:colcon.colcon_core.package_identification:_identify(src/go2w_rgb_lidar_fusion) by extension 'ignore'
[5.058s] Level 1:colcon.colcon_core.package_identification:_identify(src/go2w_rgb_lidar_fusion) by extension 'ignore_ament_install'
[5.058s] Level 1:colcon.colcon_core.package_identification:_identify(src/go2w_rgb_lidar_fusion) by extensions ['colcon_pkg']
[5.058s] Level 1:colcon.colcon_core.package_identification:_identify(src/go2w_rgb_lidar_fusion) by extension 'colcon_pkg'
[5.058s] Level 1:colcon.colcon_core.package_identification:_identify(src/go2w_rgb_lidar_fusion) by extensions ['colcon_meta']
[5.058s] Level 1:colcon.colcon_core.package_identification:_identify(src/go2w_rgb_lidar_fusion) by extension 'colcon_meta'
[5.059s] Level 1:colcon.colcon_core.package_identification:_identify(src/go2w_rgb_lidar_fusion) by extensions ['ros']
[5.059s] Level 1:colcon.colcon_core.package_identification:_identify(src/go2w_rgb_lidar_fusion) by extension 'ros'
[5.061s] DEBUG:colcon.colcon_core.package_identification:Package 'src/go2w_rgb_lidar_fusion' with type 'ros.ament_python' and name 'go2w_rgb_lidar_fusion'
[5.061s] Level 1:colcon.colcon_core.package_identification:_identify(src/go2w_sensor_time_bridge) by extensions ['ignore', 'ignore_ament_install']
[5.061s] Level 1:colcon.colcon_core.package_identification:_identify(src/go2w_sensor_time_bridge) by extension 'ignore'
[5.062s] Level 1:colcon.colcon_core.package_identification:_identify(src/go2w_sensor_time_bridge) by extension 'ignore_ament_install'
[5.062s] Level 1:colcon.colcon_core.package_identification:_identify(src/go2w_sensor_time_bridge) by extensions ['colcon_pkg']
[5.062s] Level 1:colcon.colcon_core.package_identification:_identify(src/go2w_sensor_time_bridge) by extension 'colcon_pkg'
[5.062s] Level 1:colcon.colcon_core.package_identification:_identify(src/go2w_sensor_time_bridge) by extensions ['colcon_meta']
[5.062s] Level 1:colcon.colcon_core.package_identification:_identify(src/go2w_sensor_time_bridge) by extension 'colcon_meta'
[5.062s] Level 1:colcon.colcon_core.package_identification:_identify(src/go2w_sensor_time_bridge) by extensions ['ros']
[5.062s] Level 1:colcon.colcon_core.package_identification:_identify(src/go2w_sensor_time_bridge) by extension 'ros'
[5.065s] DEBUG:colcon.colcon_core.package_identification:Package 'src/go2w_sensor_time_bridge' with type 'ros.ament_python' and name 'go2w_sensor_time_bridge'
[5.065s] Level 1:colcon.colcon_core.package_identification:_identify(src/hesai_ros_driver) by extensions ['ignore', 'ignore_ament_install']
[5.066s] Level 1:colcon.colcon_core.package_identification:_identify(src/hesai_ros_driver) by extension 'ignore'
[5.066s] Level 1:colcon.colcon_core.package_identification:_identify(src/hesai_ros_driver) by extension 'ignore_ament_install'
[5.066s] Level 1:colcon.colcon_core.package_identification:_identify(src/hesai_ros_driver) by extensions ['colcon_pkg']
[5.066s] Level 1:colcon.colcon_core.package_identification:_identify(src/hesai_ros_driver) by extension 'colcon_pkg'
[5.066s] Level 1:colcon.colcon_core.package_identification:_identify(src/hesai_ros_driver) by extensions ['colcon_meta']
[5.066s] Level 1:colcon.colcon_core.package_identification:_identify(src/hesai_ros_driver) by extension 'colcon_meta'
[5.066s] Level 1:colcon.colcon_core.package_identification:_identify(src/hesai_ros_driver) by extensions ['ros']
[5.067s] Level 1:colcon.colcon_core.package_identification:_identify(src/hesai_ros_driver) by extension 'ros'
[5.124s] DEBUG:colcon.colcon_core.package_identification:Package 'src/hesai_ros_driver' with type 'ros.ament_cmake' and name 'hesai_ros_driver'
[5.125s] Level 1:colcon.colcon_core.package_identification:_identify(src/plain_slam_ros2) by extensions ['ignore', 'ignore_ament_install']
[5.126s] Level 1:colcon.colcon_core.package_identification:_identify(src/plain_slam_ros2) by extension 'ignore'
[5.126s] Level 1:colcon.colcon_core.package_identification:_identify(src/plain_slam_ros2) by extension 'ignore_ament_install'
[5.126s] Level 1:colcon.colcon_core.package_identification:_identify(src/plain_slam_ros2) by extensions ['colcon_pkg']
[5.126s] Level 1:colcon.colcon_core.package_identification:_identify(src/plain_slam_ros2) by extension 'colcon_pkg'
[5.127s] Level 1:colcon.colcon_core.package_identification:_identify(src/plain_slam_ros2) by extensions ['colcon_meta']
[5.127s] Level 1:colcon.colcon_core.package_identification:_identify(src/plain_slam_ros2) by extension 'colcon_meta'
[5.127s] Level 1:colcon.colcon_core.package_identification:_identify(src/plain_slam_ros2) by extensions ['ros']
[5.127s] Level 1:colcon.colcon_core.package_identification:_identify(src/plain_slam_ros2) by extension 'ros'
[5.130s] DEBUG:colcon.colcon_core.package_identification:Package 'src/plain_slam_ros2' with type 'ros.ament_cmake' and name 'plain_slam_ros2'
[5.131s] Level 1:colcon.colcon_core.package_identification:_identify(src/robot_scene_live_bridge) by extensions ['ignore', 'ignore_ament_install']
[5.132s] Level 1:colcon.colcon_core.package_identification:_identify(src/robot_scene_live_bridge) by extension 'ignore'
[5.132s] Level 1:colcon.colcon_core.package_identification:_identify(src/robot_scene_live_bridge) by extension 'ignore_ament_install'
[5.132s] Level 1:colcon.colcon_core.package_identification:_identify(src/robot_scene_live_bridge) by extensions ['colcon_pkg']
[5.132s] Level 1:colcon.colcon_core.package_identification:_identify(src/robot_scene_live_bridge) by extension 'colcon_pkg'
[5.132s] Level 1:colcon.colcon_core.package_identification:_identify(src/robot_scene_live_bridge) by extensions ['colcon_meta']
[5.133s] Level 1:colcon.colcon_core.package_identification:_identify(src/robot_scene_live_bridge) by extension 'colcon_meta'
[5.133s] Level 1:colcon.colcon_core.package_identification:_identify(src/robot_scene_live_bridge) by extensions ['ros']
[5.133s] Level 1:colcon.colcon_core.package_identification:_identify(src/robot_scene_live_bridge) by extension 'ros'
[5.135s] DEBUG:colcon.colcon_core.package_identification:Package 'src/robot_scene_live_bridge' with type 'ros.ament_python' and name 'robot_scene_live_bridge'
[5.135s] Level 1:colcon.colcon_core.package_identification:_identify(src/robot_scene_nav_bringup) by extensions ['ignore', 'ignore_ament_install']
[5.136s] Level 1:colcon.colcon_core.package_identification:_identify(src/robot_scene_nav_bringup) by extension 'ignore'
[5.136s] Level 1:colcon.colcon_core.package_identification:_identify(src/robot_scene_nav_bringup) by extension 'ignore_ament_install'
[5.136s] Level 1:colcon.colcon_core.package_identification:_identify(src/robot_scene_nav_bringup) by extensions ['colcon_pkg']
[5.136s] Level 1:colcon.colcon_core.package_identification:_identify(src/robot_scene_nav_bringup) by extension 'colcon_pkg'
[5.137s] Level 1:colcon.colcon_core.package_identification:_identify(src/robot_scene_nav_bringup) by extensions ['colcon_meta']
[5.137s] Level 1:colcon.colcon_core.package_identification:_identify(src/robot_scene_nav_bringup) by extension 'colcon_meta'
[5.137s] Level 1:colcon.colcon_core.package_identification:_identify(src/robot_scene_nav_bringup) by extensions ['ros']
[5.137s] Level 1:colcon.colcon_core.package_identification:_identify(src/robot_scene_nav_bringup) by extension 'ros'
[5.139s] DEBUG:colcon.colcon_core.package_identification:Package 'src/robot_scene_nav_bringup' with type 'ros.ament_cmake' and name 'robot_scene_nav_bringup'
[5.139s] Level 1:colcon.colcon_core.package_discovery:discover_packages(recursive) using defaults
[5.139s] Level 1:colcon.colcon_core.package_discovery:discover_packages(ignore) discover
[5.139s] Level 1:colcon.colcon_core.package_discovery:discover_packages(ignore) using defaults
[5.139s] Level 1:colcon.colcon_core.package_discovery:discover_packages(path) discover
[5.139s] Level 1:colcon.colcon_core.package_discovery:discover_packages(path) using defaults
[5.462s] INFO:colcon.colcon_core.package_selection:Skipping not selected package 'go2w_camera_bridge' in 'src/go2w_camera_bridge'
[5.462s] INFO:colcon.colcon_core.package_selection:Skipping not selected package 'go2w_cmd_vel_bridge' in 'src/go2w_cmd_vel_bridge'
[5.462s] INFO:colcon.colcon_core.package_selection:Skipping not selected package 'go2w_control_arbiter' in 'src/go2w_control_arbiter'
[5.462s] INFO:colcon.colcon_core.package_selection:Skipping not selected package 'go2w_description' in 'src/go2w_description'
[5.462s] INFO:colcon.colcon_core.package_selection:Skipping not selected package 'go2w_rgb_lidar_fusion' in 'src/go2w_rgb_lidar_fusion'
[5.462s] INFO:colcon.colcon_core.package_selection:Skipping not selected package 'go2w_sensor_time_bridge' in 'src/go2w_sensor_time_bridge'
[5.462s] INFO:colcon.colcon_core.package_selection:Skipping not selected package 'hesai_ros_driver' in 'src/hesai_ros_driver'
[5.463s] INFO:colcon.colcon_core.package_selection:Skipping not selected package 'plain_slam_ros2' in 'src/plain_slam_ros2'
[5.463s] INFO:colcon.colcon_core.package_selection:Skipping not selected package 'robot_scene_live_bridge' in 'src/robot_scene_live_bridge'
[5.463s] INFO:colcon.colcon_core.package_selection:Skipping not selected package 'go2w_lidar_preprocessor' in 'src/go2w_lidar_preprocessor'
[5.463s] INFO:colcon.colcon_core.package_selection:Skipping not selected package 'go2w_lio_bringup' in 'src/go2w_lio_bringup'
[5.639s] Level 1:colcon.colcon_core.package_discovery:discover_packages(prefix_path) check parameters
[5.639s] Level 1:colcon.colcon_core.package_discovery:discover_packages(prefix_path) discover
[5.823s] DEBUG:colcon.colcon_installed_package_information.package_discovery:Found 297 installed packages in /opt/ros/foxy
[5.826s] Level 1:colcon.colcon_core.package_discovery:discover_packages(prefix_path) using defaults
[6.180s] Level 5:colcon.colcon_core.verb:set package 'go2w_plain_slam_bridge' build argument 'cmake_args' from command line to 'None'
[6.180s] Level 5:colcon.colcon_core.verb:set package 'go2w_plain_slam_bridge' build argument 'cmake_target' from command line to 'None'
[6.180s] Level 5:colcon.colcon_core.verb:set package 'go2w_plain_slam_bridge' build argument 'cmake_target_skip_unavailable' from command line to 'False'
[6.180s] Level 5:colcon.colcon_core.verb:set package 'go2w_plain_slam_bridge' build argument 'cmake_clean_cache' from command line to 'False'
[6.180s] Level 5:colcon.colcon_core.verb:set package 'go2w_plain_slam_bridge' build argument 'cmake_clean_first' from command line to 'False'
[6.180s] Level 5:colcon.colcon_core.verb:set package 'go2w_plain_slam_bridge' build argument 'cmake_force_configure' from command line to 'False'
[6.180s] Level 5:colcon.colcon_core.verb:set package 'go2w_plain_slam_bridge' build argument 'ament_cmake_args' from command line to 'None'
[6.180s] Level 5:colcon.colcon_core.verb:set package 'go2w_plain_slam_bridge' build argument 'catkin_cmake_args' from command line to 'None'
[6.180s] Level 5:colcon.colcon_core.verb:set package 'go2w_plain_slam_bridge' build argument 'catkin_skip_building_tests' from command line to 'False'
[6.181s] DEBUG:colcon.colcon_core.verb:Building package 'go2w_plain_slam_bridge' with the following arguments: {'ament_cmake_args': None, 'build_base': '/home/unitree/robotscene/ros2_ws/build/go2w_plain_slam_bridge', 'catkin_cmake_args': None, 'catkin_skip_building_tests': False, 'cmake_args': None, 'cmake_clean_cache': False, 'cmake_clean_first': False, 'cmake_force_configure': False, 'cmake_target': None, 'cmake_target_skip_unavailable': False, 'install_base': '/home/unitree/robotscene/ros2_ws/install/go2w_plain_slam_bridge', 'merge_install': False, 'path': '/home/unitree/robotscene/ros2_ws/src/go2w_plain_slam_bridge', 'symlink_install': False, 'test_result_base': None}
[6.291s] Level 5:colcon.colcon_core.verb:set package 'robot_scene_nav_bringup' build argument 'cmake_args' from command line to 'None'
[6.291s] Level 5:colcon.colcon_core.verb:set package 'robot_scene_nav_bringup' build argument 'cmake_target' from command line to 'None'
[6.291s] Level 5:colcon.colcon_core.verb:set package 'robot_scene_nav_bringup' build argument 'cmake_target_skip_unavailable' from command line to 'False'
[6.291s] Level 5:colcon.colcon_core.verb:set package 'robot_scene_nav_bringup' build argument 'cmake_clean_cache' from command line to 'False'
[6.291s] Level 5:colcon.colcon_core.verb:set package 'robot_scene_nav_bringup' build argument 'cmake_clean_first' from command line to 'False'
[6.291s] Level 5:colcon.colcon_core.verb:set package 'robot_scene_nav_bringup' build argument 'cmake_force_configure' from command line to 'False'
[6.291s] Level 5:colcon.colcon_core.verb:set package 'robot_scene_nav_bringup' build argument 'ament_cmake_args' from command line to 'None'
[6.292s] Level 5:colcon.colcon_core.verb:set package 'robot_scene_nav_bringup' build argument 'catkin_cmake_args' from command line to 'None'
[6.292s] Level 5:colcon.colcon_core.verb:set package 'robot_scene_nav_bringup' build argument 'catkin_skip_building_tests' from command line to 'False'
[6.292s] DEBUG:colcon.colcon_core.verb:Building package 'robot_scene_nav_bringup' with the following arguments: {'ament_cmake_args': None, 'build_base': '/home/unitree/robotscene/ros2_ws/build/robot_scene_nav_bringup', 'catkin_cmake_args': None, 'catkin_skip_building_tests': False, 'cmake_args': None, 'cmake_clean_cache': False, 'cmake_clean_first': False, 'cmake_force_configure': False, 'cmake_target': None, 'cmake_target_skip_unavailable': False, 'install_base': '/home/unitree/robotscene/ros2_ws/install/robot_scene_nav_bringup', 'merge_install': False, 'path': '/home/unitree/robotscene/ros2_ws/src/robot_scene_nav_bringup', 'symlink_install': False, 'test_result_base': None}
[6.363s] INFO:colcon.colcon_core.executor:Executing jobs using 'parallel' executor
[6.436s] DEBUG:colcon.colcon_parallel_executor.executor.parallel:run_until_complete
[6.437s] INFO:colcon.colcon_ros.task.ament_cmake.build:Building ROS package in '/home/unitree/robotscene/ros2_ws/src/go2w_plain_slam_bridge' with build type 'ament_cmake'
[6.437s] INFO:colcon.colcon_cmake.task.cmake.build:Building CMake package in '/home/unitree/robotscene/ros2_ws/src/go2w_plain_slam_bridge'
[6.516s] INFO:colcon.colcon_core.plugin_system:Skipping extension 'colcon_core.shell.bat': Not used on non-Windows systems
[6.517s] INFO:colcon.colcon_core.shell:Skip shell extension 'powershell' for command environment: Not usable outside of PowerShell
[6.517s] DEBUG:colcon.colcon_core.shell:Skip shell extension 'dsv' for command environment
[6.671s] INFO:colcon.colcon_ros.task.ament_cmake.build:Building ROS package in '/home/unitree/robotscene/ros2_ws/src/robot_scene_nav_bringup' with build type 'ament_cmake'
[6.672s] INFO:colcon.colcon_cmake.task.cmake.build:Building CMake package in '/home/unitree/robotscene/ros2_ws/src/robot_scene_nav_bringup'
[6.747s] INFO:colcon.colcon_core.shell:Skip shell extension 'powershell' for command environment: Not usable outside of PowerShell
[6.747s] DEBUG:colcon.colcon_core.shell:Skip shell extension 'dsv' for command environment
[6.913s] DEBUG:colcon.colcon_core.event_handler.log_command:Invoking command in '/home/unitree/robotscene/ros2_ws/build/go2w_plain_slam_bridge': CMAKE_PREFIX_PATH=/opt/ros/foxy /usr/bin/cmake --build /home/unitree/robotscene/ros2_ws/build/go2w_plain_slam_bridge -- -j4 -l4
[6.920s] DEBUG:colcon.colcon_core.event_handler.log_command:Invoking command in '/home/unitree/robotscene/ros2_ws/build/robot_scene_nav_bringup': CMAKE_PREFIX_PATH=/opt/ros/foxy /usr/bin/cmake --build /home/unitree/robotscene/ros2_ws/build/robot_scene_nav_bringup -- -j4 -l4
[7.020s] DEBUG:colcon.colcon_core.event_handler.log_command:Invoked command in '/home/unitree/robotscene/ros2_ws/build/robot_scene_nav_bringup' returned '0': CMAKE_PREFIX_PATH=/opt/ros/foxy /usr/bin/cmake --build /home/unitree/robotscene/ros2_ws/build/robot_scene_nav_bringup -- -j4 -l4
[7.100s] DEBUG:colcon.colcon_core.event_handler.log_command:Invoking command in '/home/unitree/robotscene/ros2_ws/build/robot_scene_nav_bringup': CMAKE_PREFIX_PATH=/opt/ros/foxy /usr/bin/cmake --install /home/unitree/robotscene/ros2_ws/build/robot_scene_nav_bringup
[7.170s] Level 1:colcon.colcon_core.environment:create_environment_scripts_only(robot_scene_nav_bringup)
[7.171s] DEBUG:colcon.colcon_core.event_handler.log_command:Invoked command in '/home/unitree/robotscene/ros2_ws/build/robot_scene_nav_bringup' returned '0': CMAKE_PREFIX_PATH=/opt/ros/foxy /usr/bin/cmake --install /home/unitree/robotscene/ros2_ws/build/robot_scene_nav_bringup
[7.258s] Level 1:colcon.colcon_core.environment:checking '/home/unitree/robotscene/ros2_ws/install/robot_scene_nav_bringup' for CMake module files
[7.259s] Level 1:colcon.colcon_core.environment:checking '/home/unitree/robotscene/ros2_ws/install/robot_scene_nav_bringup' for CMake config files
[7.260s] Level 1:colcon.colcon_core.shell:create_environment_hook('robot_scene_nav_bringup', 'cmake_prefix_path')
[7.336s] INFO:colcon.colcon_core.shell:Creating environment hook '/home/unitree/robotscene/ros2_ws/install/robot_scene_nav_bringup/share/robot_scene_nav_bringup/hook/cmake_prefix_path.ps1'
[7.338s] INFO:colcon.colcon_core.shell:Creating environment descriptor '/home/unitree/robotscene/ros2_ws/install/robot_scene_nav_bringup/share/robot_scene_nav_bringup/hook/cmake_prefix_path.dsv'
[7.340s] INFO:colcon.colcon_core.shell:Creating environment hook '/home/unitree/robotscene/ros2_ws/install/robot_scene_nav_bringup/share/robot_scene_nav_bringup/hook/cmake_prefix_path.sh'
[7.342s] Level 1:colcon.colcon_core.environment:checking '/home/unitree/robotscene/ros2_ws/install/robot_scene_nav_bringup/lib'
[7.342s] Level 1:colcon.colcon_core.environment:checking '/home/unitree/robotscene/ros2_ws/install/robot_scene_nav_bringup/bin'
[7.342s] Level 1:colcon.colcon_core.environment:checking '/home/unitree/robotscene/ros2_ws/install/robot_scene_nav_bringup/lib/pkgconfig/robot_scene_nav_bringup.pc'
[7.343s] Level 1:colcon.colcon_core.environment:checking '/home/unitree/robotscene/ros2_ws/install/robot_scene_nav_bringup/lib/python3.8/site-packages'
[7.343s] Level 1:colcon.colcon_core.environment:checking '/home/unitree/robotscene/ros2_ws/install/robot_scene_nav_bringup/bin'
[7.419s] INFO:colcon.colcon_core.shell:Creating package script '/home/unitree/robotscene/ros2_ws/install/robot_scene_nav_bringup/share/robot_scene_nav_bringup/package.ps1'
[7.421s] INFO:colcon.colcon_core.shell:Creating package descriptor '/home/unitree/robotscene/ros2_ws/install/robot_scene_nav_bringup/share/robot_scene_nav_bringup/package.dsv'
[7.423s] INFO:colcon.colcon_core.shell:Creating package script '/home/unitree/robotscene/ros2_ws/install/robot_scene_nav_bringup/share/robot_scene_nav_bringup/package.sh'
[7.425s] INFO:colcon.colcon_core.shell:Creating package script '/home/unitree/robotscene/ros2_ws/install/robot_scene_nav_bringup/share/robot_scene_nav_bringup/package.bash'
[7.427s] INFO:colcon.colcon_core.shell:Creating package script '/home/unitree/robotscene/ros2_ws/install/robot_scene_nav_bringup/share/robot_scene_nav_bringup/package.zsh'
[7.429s] Level 1:colcon.colcon_core.environment:create_file_with_runtime_dependencies(/home/unitree/robotscene/ros2_ws/install/robot_scene_nav_bringup/share/colcon-core/packages/robot_scene_nav_bringup)
[7.556s] Level 1:colcon.colcon_core.environment:create_environment_scripts_only(robot_scene_nav_bringup)
[7.632s] Level 1:colcon.colcon_core.environment:checking '/home/unitree/robotscene/ros2_ws/install/robot_scene_nav_bringup' for CMake module files
[7.633s] Level 1:colcon.colcon_core.environment:checking '/home/unitree/robotscene/ros2_ws/install/robot_scene_nav_bringup' for CMake config files
[7.634s] Level 1:colcon.colcon_core.shell:create_environment_hook('robot_scene_nav_bringup', 'cmake_prefix_path')
[7.709s] INFO:colcon.colcon_core.shell:Creating environment hook '/home/unitree/robotscene/ros2_ws/install/robot_scene_nav_bringup/share/robot_scene_nav_bringup/hook/cmake_prefix_path.ps1'
[7.711s] INFO:colcon.colcon_core.shell:Creating environment descriptor '/home/unitree/robotscene/ros2_ws/install/robot_scene_nav_bringup/share/robot_scene_nav_bringup/hook/cmake_prefix_path.dsv'
[7.712s] INFO:colcon.colcon_core.shell:Creating environment hook '/home/unitree/robotscene/ros2_ws/install/robot_scene_nav_bringup/share/robot_scene_nav_bringup/hook/cmake_prefix_path.sh'
[7.713s] Level 1:colcon.colcon_core.environment:checking '/home/unitree/robotscene/ros2_ws/install/robot_scene_nav_bringup/lib'
[7.713s] Level 1:colcon.colcon_core.environment:checking '/home/unitree/robotscene/ros2_ws/install/robot_scene_nav_bringup/bin'
[7.713s] Level 1:colcon.colcon_core.environment:checking '/home/unitree/robotscene/ros2_ws/install/robot_scene_nav_bringup/lib/pkgconfig/robot_scene_nav_bringup.pc'
[7.714s] Level 1:colcon.colcon_core.environment:checking '/home/unitree/robotscene/ros2_ws/install/robot_scene_nav_bringup/lib/python3.8/site-packages'
[7.714s] Level 1:colcon.colcon_core.environment:checking '/home/unitree/robotscene/ros2_ws/install/robot_scene_nav_bringup/bin'
[7.789s] INFO:colcon.colcon_core.shell:Creating package script '/home/unitree/robotscene/ros2_ws/install/robot_scene_nav_bringup/share/robot_scene_nav_bringup/package.ps1'
[7.791s] INFO:colcon.colcon_core.shell:Creating package descriptor '/home/unitree/robotscene/ros2_ws/install/robot_scene_nav_bringup/share/robot_scene_nav_bringup/package.dsv'
[7.792s] INFO:colcon.colcon_core.shell:Creating package script '/home/unitree/robotscene/ros2_ws/install/robot_scene_nav_bringup/share/robot_scene_nav_bringup/package.sh'
[7.793s] INFO:colcon.colcon_core.shell:Creating package script '/home/unitree/robotscene/ros2_ws/install/robot_scene_nav_bringup/share/robot_scene_nav_bringup/package.bash'
[7.793s] INFO:colcon.colcon_core.shell:Creating package script '/home/unitree/robotscene/ros2_ws/install/robot_scene_nav_bringup/share/robot_scene_nav_bringup/package.zsh'
[7.794s] Level 1:colcon.colcon_core.environment:create_file_with_runtime_dependencies(/home/unitree/robotscene/ros2_ws/install/robot_scene_nav_bringup/share/colcon-core/packages/robot_scene_nav_bringup)
[42.470s] DEBUG:colcon.colcon_core.event_handler.log_command:Invoked command in '/home/unitree/robotscene/ros2_ws/build/go2w_plain_slam_bridge' returned '0': CMAKE_PREFIX_PATH=/opt/ros/foxy /usr/bin/cmake --build /home/unitree/robotscene/ros2_ws/build/go2w_plain_slam_bridge -- -j4 -l4
[42.543s] DEBUG:colcon.colcon_core.event_handler.log_command:Invoking command in '/home/unitree/robotscene/ros2_ws/build/go2w_plain_slam_bridge': CMAKE_PREFIX_PATH=/opt/ros/foxy /usr/bin/cmake --install /home/unitree/robotscene/ros2_ws/build/go2w_plain_slam_bridge
[42.625s] Level 1:colcon.colcon_core.environment:create_environment_scripts_only(go2w_plain_slam_bridge)
[42.626s] DEBUG:colcon.colcon_core.event_handler.log_command:Invoked command in '/home/unitree/robotscene/ros2_ws/build/go2w_plain_slam_bridge' returned '0': CMAKE_PREFIX_PATH=/opt/ros/foxy /usr/bin/cmake --install /home/unitree/robotscene/ros2_ws/build/go2w_plain_slam_bridge
[42.711s] Level 1:colcon.colcon_core.environment:checking '/home/unitree/robotscene/ros2_ws/install/go2w_plain_slam_bridge' for CMake module files
[42.713s] Level 1:colcon.colcon_core.environment:checking '/home/unitree/robotscene/ros2_ws/install/go2w_plain_slam_bridge' for CMake config files
[42.714s] Level 1:colcon.colcon_core.shell:create_environment_hook('go2w_plain_slam_bridge', 'cmake_prefix_path')
[42.790s] INFO:colcon.colcon_core.shell:Creating environment hook '/home/unitree/robotscene/ros2_ws/install/go2w_plain_slam_bridge/share/go2w_plain_slam_bridge/hook/cmake_prefix_path.ps1'
[42.791s] INFO:colcon.colcon_core.shell:Creating environment descriptor '/home/unitree/robotscene/ros2_ws/install/go2w_plain_slam_bridge/share/go2w_plain_slam_bridge/hook/cmake_prefix_path.dsv'
[42.792s] INFO:colcon.colcon_core.shell:Creating environment hook '/home/unitree/robotscene/ros2_ws/install/go2w_plain_slam_bridge/share/go2w_plain_slam_bridge/hook/cmake_prefix_path.sh'
[42.793s] Level 1:colcon.colcon_core.environment:checking '/home/unitree/robotscene/ros2_ws/install/go2w_plain_slam_bridge/lib'
[42.794s] Level 1:colcon.colcon_core.environment:checking '/home/unitree/robotscene/ros2_ws/install/go2w_plain_slam_bridge/bin'
[42.794s] Level 1:colcon.colcon_core.environment:checking '/home/unitree/robotscene/ros2_ws/install/go2w_plain_slam_bridge/lib/pkgconfig/go2w_plain_slam_bridge.pc'
[42.794s] Level 1:colcon.colcon_core.environment:checking '/home/unitree/robotscene/ros2_ws/install/go2w_plain_slam_bridge/lib/python3.8/site-packages'
[42.795s] Level 1:colcon.colcon_core.environment:checking '/home/unitree/robotscene/ros2_ws/install/go2w_plain_slam_bridge/bin'
[42.869s] INFO:colcon.colcon_core.shell:Creating package script '/home/unitree/robotscene/ros2_ws/install/go2w_plain_slam_bridge/share/go2w_plain_slam_bridge/package.ps1'
[42.871s] INFO:colcon.colcon_core.shell:Creating package descriptor '/home/unitree/robotscene/ros2_ws/install/go2w_plain_slam_bridge/share/go2w_plain_slam_bridge/package.dsv'
[42.872s] INFO:colcon.colcon_core.shell:Creating package script '/home/unitree/robotscene/ros2_ws/install/go2w_plain_slam_bridge/share/go2w_plain_slam_bridge/package.sh'
[42.872s] INFO:colcon.colcon_core.shell:Creating package script '/home/unitree/robotscene/ros2_ws/install/go2w_plain_slam_bridge/share/go2w_plain_slam_bridge/package.bash'
[42.873s] INFO:colcon.colcon_core.shell:Creating package script '/home/unitree/robotscene/ros2_ws/install/go2w_plain_slam_bridge/share/go2w_plain_slam_bridge/package.zsh'
[42.874s] Level 1:colcon.colcon_core.environment:create_file_with_runtime_dependencies(/home/unitree/robotscene/ros2_ws/install/go2w_plain_slam_bridge/share/colcon-core/packages/go2w_plain_slam_bridge)
[43.019s] Level 1:colcon.colcon_core.environment:create_environment_scripts_only(go2w_plain_slam_bridge)
[43.093s] Level 1:colcon.colcon_core.environment:checking '/home/unitree/robotscene/ros2_ws/install/go2w_plain_slam_bridge' for CMake module files
[43.094s] Level 1:colcon.colcon_core.environment:checking '/home/unitree/robotscene/ros2_ws/install/go2w_plain_slam_bridge' for CMake config files
[43.095s] Level 1:colcon.colcon_core.shell:create_environment_hook('go2w_plain_slam_bridge', 'cmake_prefix_path')
[43.168s] INFO:colcon.colcon_core.shell:Creating environment hook '/home/unitree/robotscene/ros2_ws/install/go2w_plain_slam_bridge/share/go2w_plain_slam_bridge/hook/cmake_prefix_path.ps1'
[43.170s] INFO:colcon.colcon_core.shell:Creating environment descriptor '/home/unitree/robotscene/ros2_ws/install/go2w_plain_slam_bridge/share/go2w_plain_slam_bridge/hook/cmake_prefix_path.dsv'
[43.171s] INFO:colcon.colcon_core.shell:Creating environment hook '/home/unitree/robotscene/ros2_ws/install/go2w_plain_slam_bridge/share/go2w_plain_slam_bridge/hook/cmake_prefix_path.sh'
[43.172s] Level 1:colcon.colcon_core.environment:checking '/home/unitree/robotscene/ros2_ws/install/go2w_plain_slam_bridge/lib'
[43.172s] Level 1:colcon.colcon_core.environment:checking '/home/unitree/robotscene/ros2_ws/install/go2w_plain_slam_bridge/bin'
[43.172s] Level 1:colcon.colcon_core.environment:checking '/home/unitree/robotscene/ros2_ws/install/go2w_plain_slam_bridge/lib/pkgconfig/go2w_plain_slam_bridge.pc'
[43.173s] Level 1:colcon.colcon_core.environment:checking '/home/unitree/robotscene/ros2_ws/install/go2w_plain_slam_bridge/lib/python3.8/site-packages'
[43.173s] Level 1:colcon.colcon_core.environment:checking '/home/unitree/robotscene/ros2_ws/install/go2w_plain_slam_bridge/bin'
[43.247s] INFO:colcon.colcon_core.shell:Creating package script '/home/unitree/robotscene/ros2_ws/install/go2w_plain_slam_bridge/share/go2w_plain_slam_bridge/package.ps1'
[43.249s] INFO:colcon.colcon_core.shell:Creating package descriptor '/home/unitree/robotscene/ros2_ws/install/go2w_plain_slam_bridge/share/go2w_plain_slam_bridge/package.dsv'
[43.250s] INFO:colcon.colcon_core.shell:Creating package script '/home/unitree/robotscene/ros2_ws/install/go2w_plain_slam_bridge/share/go2w_plain_slam_bridge/package.sh'
[43.251s] INFO:colcon.colcon_core.shell:Creating package script '/home/unitree/robotscene/ros2_ws/install/go2w_plain_slam_bridge/share/go2w_plain_slam_bridge/package.bash'
[43.252s] INFO:colcon.colcon_core.shell:Creating package script '/home/unitree/robotscene/ros2_ws/install/go2w_plain_slam_bridge/share/go2w_plain_slam_bridge/package.zsh'
[43.253s] Level 1:colcon.colcon_core.environment:create_file_with_runtime_dependencies(/home/unitree/robotscene/ros2_ws/install/go2w_plain_slam_bridge/share/colcon-core/packages/go2w_plain_slam_bridge)
[43.254s] DEBUG:colcon.colcon_parallel_executor.executor.parallel:closing loop
[43.254s] DEBUG:colcon.colcon_parallel_executor.executor.parallel:loop closed
[43.255s] DEBUG:colcon.colcon_parallel_executor.executor.parallel:run_until_complete finished with '0'
[43.255s] DEBUG:colcon.colcon_core.event_reactor:joining thread
[43.340s] INFO:colcon.colcon_core.plugin_system:Skipping extension 'colcon_notification.desktop_notification.terminal_notifier': Not used on non-Darwin systems
[43.340s] INFO:colcon.colcon_core.plugin_system:Skipping extension 'colcon_notification.desktop_notification.win32': Not used on non-Windows systems
[43.341s] INFO:colcon.colcon_notification.desktop_notification:Sending desktop notification using 'notify2'
[43.373s] DEBUG:colcon.colcon_notification.desktop_notification.notify2:Failed to initialize notify2: org.freedesktop.DBus.Error.Spawn.ChildExited: Process org.freedesktop.Notifications exited with status 1
[43.373s] DEBUG:colcon.colcon_core.event_reactor:joined thread
[43.450s] INFO:colcon.colcon_core.shell:Creating prefix script '/home/unitree/robotscene/ros2_ws/install/local_setup.ps1'
[43.453s] INFO:colcon.colcon_core.shell:Creating prefix util module '/home/unitree/robotscene/ros2_ws/install/_local_setup_util_ps1.py'
[43.455s] INFO:colcon.colcon_core.shell:Creating prefix chain script '/home/unitree/robotscene/ros2_ws/install/setup.ps1'
[43.530s] INFO:colcon.colcon_core.shell:Creating prefix script '/home/unitree/robotscene/ros2_ws/install/local_setup.sh'
[43.532s] INFO:colcon.colcon_core.shell:Creating prefix util module '/home/unitree/robotscene/ros2_ws/install/_local_setup_util_sh.py'
[43.533s] INFO:colcon.colcon_core.shell:Creating prefix chain script '/home/unitree/robotscene/ros2_ws/install/setup.sh'
[43.608s] INFO:colcon.colcon_core.shell:Creating prefix script '/home/unitree/robotscene/ros2_ws/install/local_setup.bash'
[43.609s] INFO:colcon.colcon_core.shell:Creating prefix chain script '/home/unitree/robotscene/ros2_ws/install/setup.bash'
[43.726s] INFO:colcon.colcon_core.shell:Creating prefix script '/home/unitree/robotscene/ros2_ws/install/local_setup.zsh'
[43.727s] INFO:colcon.colcon_core.shell:Creating prefix chain script '/home/unitree/robotscene/ros2_ws/install/setup.zsh'
