[6.429s] Invoking command in '/home/unitree/robotscene/ros2_ws/build/go2w_camera_bridge': PYTHONPATH=/home/unitree/robotscene/ros2_ws/build/go2w_camera_bridge/prefix_override:/home/unitree/robotscene/ros2_ws/install/go2w_camera_bridge/lib/python3.8/site-packages:${PYTHONPATH} /usr/bin/python3 setup.py develop --editable --build-directory /home/unitree/robotscene/ros2_ws/build/go2w_camera_bridge/build --no-deps install_data
[7.053s] running develop
[7.492s] running egg_info
[7.492s] creating go2w_camera_bridge.egg-info
[7.492s] writing go2w_camera_bridge.egg-info/PKG-INFO
[7.493s] writing dependency_links to go2w_camera_bridge.egg-info/dependency_links.txt
[7.493s] writing entry points to go2w_camera_bridge.egg-info/entry_points.txt
[7.493s] writing requirements to go2w_camera_bridge.egg-info/requires.txt
[7.502s] writing top-level names to go2w_camera_bridge.egg-info/top_level.txt
[7.512s] writing manifest file 'go2w_camera_bridge.egg-info/SOURCES.txt'
[7.663s] reading manifest file 'go2w_camera_bridge.egg-info/SOURCES.txt'
[7.665s] writing manifest file 'go2w_camera_bridge.egg-info/SOURCES.txt'
[7.806s] running build_ext
[7.808s] Creating /home/unitree/robotscene/ros2_ws/install/go2w_camera_bridge/lib/python3.8/site-packages/site.py
[7.814s] Creating /home/unitree/robotscene/ros2_ws/install/go2w_camera_bridge/lib/python3.8/site-packages/go2w-camera-bridge.egg-link (link to .)
[7.817s] Installing camera_bridge script to /home/unitree/robotscene/ros2_ws/install/go2w_camera_bridge/lib/go2w_camera_bridge
[7.818s] 
[7.818s] Installed /home/unitree/robotscene/ros2_ws/build/go2w_camera_bridge
[7.818s] running install_data
[7.819s] creating /home/unitree/robotscene/ros2_ws/install/go2w_camera_bridge/share/ament_index
[7.819s] creating /home/unitree/robotscene/ros2_ws/install/go2w_camera_bridge/share/ament_index/resource_index
[7.819s] creating /home/unitree/robotscene/ros2_ws/install/go2w_camera_bridge/share/ament_index/resource_index/packages
[7.819s] copying resource/go2w_camera_bridge -> /home/unitree/robotscene/ros2_ws/install/go2w_camera_bridge/share/ament_index/resource_index/packages
[7.819s] copying package.xml -> /home/unitree/robotscene/ros2_ws/install/go2w_camera_bridge/share/go2w_camera_bridge
[7.820s] creating /home/unitree/robotscene/ros2_ws/install/go2w_camera_bridge/share/go2w_camera_bridge/launch
[7.820s] copying launch/camera_bridge.launch.py -> /home/unitree/robotscene/ros2_ws/install/go2w_camera_bridge/share/go2w_camera_bridge/launch
[7.936s] Invoked command in '/home/unitree/robotscene/ros2_ws/build/go2w_camera_bridge' returned '0': PYTHONPATH=/home/unitree/robotscene/ros2_ws/build/go2w_camera_bridge/prefix_override:/home/unitree/robotscene/ros2_ws/install/go2w_camera_bridge/lib/python3.8/site-packages:${PYTHONPATH} /usr/bin/python3 setup.py develop --editable --build-directory /home/unitree/robotscene/ros2_ws/build/go2w_camera_bridge/build --no-deps install_data
