[INFO] [1788235458.912838211] [plain_slam_web_bridge]: display-only bridge: /go2w/slam/map_3d + /go2w/slam/aligned_scan -> /home/mxt/robotscene/outputs/autonomous_search/runtime/slam_map_3d.json (target_frame=pslam_odom, odom_topic=/go2w/slam/odom_base)
[INFO] [1788235464.811856593] [plain_slam_web_bridge]: scan_diag frame=pslam_odom stamp=1788235464.641 target=pslam_odom points=7594 pose=(0.900,-2.496,0.013) dyaw=-0.0002 stationary=True accumulated=3120 dropped=none
[INFO] [1788235470.812099184] [plain_slam_web_bridge]: scan_diag frame=pslam_odom stamp=1788235470.641 target=pslam_odom points=7600 pose=(0.901,-2.496,0.013) dyaw=-0.0001 stationary=True accumulated=3269 dropped=none
[INFO] [1788235476.835733405] [plain_slam_web_bridge]: scan_diag frame=pslam_odom stamp=1788235476.641 target=pslam_odom points=7594 pose=(0.901,-2.496,0.013) dyaw=-0.0002 stationary=True accumulated=3351 dropped=none
[INFO] [1788235482.811003315] [plain_slam_web_bridge]: scan_diag frame=pslam_odom stamp=1788235482.641 target=pslam_odom points=7594 pose=(0.901,-2.496,0.014) dyaw=0.0001 stationary=True accumulated=3409 dropped=none
[INFO] [1788235488.811717901] [plain_slam_web_bridge]: scan_diag frame=pslam_odom stamp=1788235488.640 target=pslam_odom points=7593 pose=(0.902,-2.495,0.013) dyaw=0.0002 stationary=True accumulated=3448 dropped=none
[INFO] [1788235494.811188234] [plain_slam_web_bridge]: scan_diag frame=pslam_odom stamp=1788235494.641 target=pslam_odom points=7593 pose=(0.901,-2.497,0.013) dyaw=0.0001 stationary=True accumulated=3479 dropped=none
[INFO] [1788235500.811381324] [plain_slam_web_bridge]: scan_diag frame=pslam_odom stamp=1788235500.641 target=pslam_odom points=7595 pose=(0.901,-2.497,0.012) dyaw=0.0000 stationary=True accumulated=3505 dropped=none
[INFO] [1788235502.230807872] [plain_slam_web_bridge]: reset marker touched -> cleared accumulated cloud
[INFO] [1788235506.812395207] [plain_slam_web_bridge]: scan_diag frame=pslam_odom stamp=1788235506.641 target=pslam_odom points=7597 pose=(0.901,-2.496,0.013) dyaw=0.0002 stationary=True accumulated=3051 dropped=none
[INFO] [1788235512.812447844] [plain_slam_web_bridge]: scan_diag frame=pslam_odom stamp=1788235512.641 target=pslam_odom points=7598 pose=(0.900,-2.496,0.013) dyaw=-0.0001 stationary=True accumulated=3228 dropped=none
[INFO] [1788235518.812306383] [plain_slam_web_bridge]: scan_diag frame=pslam_odom stamp=1788235518.641 target=pslam_odom points=7596 pose=(0.901,-2.496,0.013) dyaw=-0.0000 stationary=True accumulated=3310 dropped=none
[INFO] [1788235524.813856830] [plain_slam_web_bridge]: scan_diag frame=pslam_odom stamp=1788235524.641 target=pslam_odom points=7597 pose=(0.901,-2.498,0.014) dyaw=0.0001 stationary=True accumulated=3376 dropped=none
[INFO] [1788235530.819503708] [plain_slam_web_bridge]: scan_diag frame=pslam_odom stamp=1788235530.641 target=pslam_odom points=7591 pose=(0.901,-2.496,0.013) dyaw=0.0001 stationary=True accumulated=3409 dropped=none
[INFO] [1788235536.805902280] [plain_slam_web_bridge]: scan_diag frame=pslam_odom stamp=1788235536.641 target=pslam_odom points=7682 pose=(1.047,-3.440,-0.151) dyaw=-0.0023 stationary=False accumulated=3413 dropped=motion_active
[INFO] [1788235542.809919792] [plain_slam_web_bridge]: scan_diag frame=pslam_odom stamp=1788235542.640 target=pslam_odom points=7681 pose=(1.047,-3.464,-0.156) dyaw=-0.0011 stationary=True accumulated=5065 dropped=none
[INFO] [1788235548.813516097] [plain_slam_web_bridge]: scan_diag frame=pslam_odom stamp=1788235548.641 target=pslam_odom points=7684 pose=(1.047,-3.463,-0.157) dyaw=-0.0006 stationary=True accumulated=6612 dropped=none
[INFO] [1788235554.811588470] [plain_slam_web_bridge]: scan_diag frame=pslam_odom stamp=1788235554.640 target=pslam_odom points=7681 pose=(1.048,-3.458,-0.160) dyaw=-0.0004 stationary=True accumulated=6886 dropped=none
[INFO] [1788235560.814965151] [plain_slam_web_bridge]: scan_diag frame=pslam_odom stamp=1788235560.641 target=pslam_odom points=7682 pose=(1.048,-3.457,-0.160) dyaw=-0.0001 stationary=True accumulated=7050 dropped=none
[INFO] [1788235566.814002329] [plain_slam_web_bridge]: scan_diag frame=pslam_odom stamp=1788235566.641 target=pslam_odom points=7683 pose=(1.048,-3.456,-0.160) dyaw=-0.0001 stationary=True accumulated=7120 dropped=none
[INFO] [1788235572.833028495] [plain_slam_web_bridge]: scan_diag frame=pslam_odom stamp=1788235572.640 target=pslam_odom points=7682 pose=(1.048,-3.456,-0.160) dyaw=-0.0000 stationary=True accumulated=7176 dropped=none
[INFO] [1788235578.812616203] [plain_slam_web_bridge]: scan_diag frame=pslam_odom stamp=1788235578.641 target=pslam_odom points=7683 pose=(1.048,-3.456,-0.160) dyaw=0.0001 stationary=True accumulated=7211 dropped=none
[INFO] [1788235584.813496040] [plain_slam_web_bridge]: scan_diag frame=pslam_odom stamp=1788235584.641 target=pslam_odom points=7680 pose=(1.047,-3.456,-0.160) dyaw=0.0000 stationary=True accumulated=7235 dropped=none
[INFO] [1788235590.820122719] [plain_slam_web_bridge]: scan_diag frame=pslam_odom stamp=1788235590.640 target=pslam_odom points=7683 pose=(1.048,-3.456,-0.160) dyaw=0.0002 stationary=True accumulated=7252 dropped=none
[INFO] [1788235596.812150071] [plain_slam_web_bridge]: scan_diag frame=pslam_odom stamp=1788235596.641 target=pslam_odom points=7686 pose=(1.047,-3.455,-0.160) dyaw=-0.0003 stationary=True accumulated=7262 dropped=none
[INFO] [1788235602.813424293] [plain_slam_web_bridge]: scan_diag frame=pslam_odom stamp=1788235602.641 target=pslam_odom points=7682 pose=(1.047,-3.456,-0.160) dyaw=-0.0001 stationary=True accumulated=7272 dropped=none
[INFO] [1788235608.810610508] [plain_slam_web_bridge]: scan_diag frame=pslam_odom stamp=1788235608.641 target=pslam_odom points=7685 pose=(1.047,-3.456,-0.160) dyaw=0.0000 stationary=True accumulated=7286 dropped=none
[INFO] [1788235614.811122751] [plain_slam_web_bridge]: scan_diag frame=pslam_odom stamp=1788235614.641 target=pslam_odom points=7683 pose=(1.047,-3.455,-0.160) dyaw=-0.0003 stationary=True accumulated=7298 dropped=none
[INFO] [1788235620.817855904] [plain_slam_web_bridge]: scan_diag frame=pslam_odom stamp=1788235620.641 target=pslam_odom points=7681 pose=(1.048,-3.456,-0.160) dyaw=0.0000 stationary=True accumulated=7313 dropped=none
[INFO] [1788235626.815555879] [plain_slam_web_bridge]: scan_diag frame=pslam_odom stamp=1788235626.641 target=pslam_odom points=7684 pose=(1.048,-3.456,-0.160) dyaw=0.0000 stationary=True accumulated=7322 dropped=none
[INFO] [1788235632.817128434] [plain_slam_web_bridge]: scan_diag frame=pslam_odom stamp=1788235632.641 target=pslam_odom points=7681 pose=(1.047,-3.455,-0.160) dyaw=0.0001 stationary=True accumulated=7333 dropped=none
[INFO] [1788235638.843502603] [plain_slam_web_bridge]: scan_diag frame=pslam_odom stamp=1788235638.641 target=pslam_odom points=7683 pose=(1.047,-3.456,-0.160) dyaw=0.0001 stationary=True accumulated=7344 dropped=none
[INFO] [1788235644.818229779] [plain_slam_web_bridge]: scan_diag frame=pslam_odom stamp=1788235644.641 target=pslam_odom points=7684 pose=(1.047,-3.455,-0.160) dyaw=0.0001 stationary=True accumulated=7355 dropped=none
[INFO] [1788235650.813276476] [plain_slam_web_bridge]: scan_diag frame=pslam_odom stamp=1788235650.641 target=pslam_odom points=7684 pose=(1.047,-3.455,-0.160) dyaw=-0.0001 stationary=True accumulated=7360 dropped=none
[INFO] [1788235656.818806868] [plain_slam_web_bridge]: scan_diag frame=pslam_odom stamp=1788235656.641 target=pslam_odom points=7685 pose=(1.047,-3.456,-0.160) dyaw=0.0002 stationary=True accumulated=7367 dropped=none
[INFO] [1788235662.812137818] [plain_slam_web_bridge]: scan_diag frame=pslam_odom stamp=1788235662.641 target=pslam_odom points=7684 pose=(1.047,-3.455,-0.160) dyaw=0.0000 stationary=True accumulated=7376 dropped=none
[INFO] [1788235668.822593437] [plain_slam_web_bridge]: scan_diag frame=pslam_odom stamp=1788235668.641 target=pslam_odom points=7684 pose=(1.048,-3.455,-0.160) dyaw=-0.0001 stationary=True accumulated=7382 dropped=none
[INFO] [1788235674.824677969] [plain_slam_web_bridge]: scan_diag frame=pslam_odom stamp=1788235674.641 target=pslam_odom points=7680 pose=(1.047,-3.455,-0.160) dyaw=0.0001 stationary=True accumulated=7385 dropped=none
[INFO] [1788235680.826731024] [plain_slam_web_bridge]: scan_diag frame=pslam_odom stamp=1788235680.641 target=pslam_odom points=7683 pose=(1.047,-3.456,-0.160) dyaw=-0.0001 stationary=True accumulated=7387 dropped=none
[INFO] [1788235686.829761268] [plain_slam_web_bridge]: scan_diag frame=pslam_odom stamp=1788235686.641 target=pslam_odom points=7682 pose=(1.048,-3.456,-0.160) dyaw=0.0002 stationary=True accumulated=7398 dropped=none
[INFO] [1788235692.807567668] [plain_slam_web_bridge]: scan_diag frame=pslam_odom stamp=1788235692.641 target=pslam_odom points=7703 pose=(1.027,-3.450,-0.154) dyaw=0.0010 stationary=False accumulated=8310 dropped=motion_active
[INFO] [1788235698.823974845] [plain_slam_web_bridge]: scan_diag frame=pslam_odom stamp=1788235698.641 target=pslam_odom points=7692 pose=(1.040,-3.453,-0.157) dyaw=-0.0000 stationary=True accumulated=8417 dropped=none
[INFO] [1788235704.813768803] [plain_slam_web_bridge]: scan_diag frame=pslam_odom stamp=1788235704.641 target=pslam_odom points=7695 pose=(1.040,-3.455,-0.157) dyaw=0.0001 stationary=True accumulated=8450 dropped=none
[INFO] [1788235710.809394429] [plain_slam_web_bridge]: scan_diag frame=pslam_odom stamp=1788235710.641 target=pslam_odom points=7690 pose=(1.041,-3.454,-0.157) dyaw=0.0001 stationary=True accumulated=8475 dropped=none
[INFO] [1788235716.814639856] [plain_slam_web_bridge]: scan_diag frame=pslam_odom stamp=1788235716.641 target=pslam_odom points=7696 pose=(1.041,-3.455,-0.157) dyaw=-0.0001 stationary=True accumulated=8482 dropped=none
[INFO] [1788235722.811055823] [plain_slam_web_bridge]: scan_diag frame=pslam_odom stamp=1788235722.641 target=pslam_odom points=7693 pose=(1.041,-3.455,-0.157) dyaw=0.0001 stationary=True accumulated=8501 dropped=none
[INFO] [1788235728.821793872] [plain_slam_web_bridge]: scan_diag frame=pslam_odom stamp=1788235728.641 target=pslam_odom points=7695 pose=(1.041,-3.455,-0.157) dyaw=-0.0002 stationary=True accumulated=8506 dropped=none
[INFO] [1788235734.808190790] [plain_slam_web_bridge]: scan_diag frame=pslam_odom stamp=1788235734.642 target=pslam_odom points=7695 pose=(1.040,-3.455,-0.157) dyaw=0.0001 stationary=True accumulated=8514 dropped=none
[INFO] [1788235740.810837841] [plain_slam_web_bridge]: scan_diag frame=pslam_odom stamp=1788235740.642 target=pslam_odom points=7695 pose=(1.041,-3.454,-0.157) dyaw=0.0003 stationary=True accumulated=8524 dropped=none
[INFO] [1788235746.832471481] [plain_slam_web_bridge]: scan_diag frame=pslam_odom stamp=1788235746.641 target=pslam_odom points=7697 pose=(1.040,-3.455,-0.157) dyaw=-0.0002 stationary=True accumulated=8529 dropped=none
[INFO] [1788235752.810810694] [plain_slam_web_bridge]: scan_diag frame=pslam_odom stamp=1788235752.641 target=pslam_odom points=7695 pose=(1.040,-3.455,-0.157) dyaw=0.0001 stationary=True accumulated=8539 dropped=none
[INFO] [1788235758.819728391] [plain_slam_web_bridge]: scan_diag frame=pslam_odom stamp=1788235758.642 target=pslam_odom points=7691 pose=(1.041,-3.456,-0.157) dyaw=0.0000 stationary=True accumulated=8544 dropped=none
[INFO] [1788235764.813421287] [plain_slam_web_bridge]: scan_diag frame=pslam_odom stamp=1788235764.642 target=pslam_odom points=7696 pose=(1.040,-3.455,-0.157) dyaw=-0.0002 stationary=True accumulated=8549 dropped=none
[INFO] [1788235770.809845141] [plain_slam_web_bridge]: scan_diag frame=pslam_odom stamp=1788235770.641 target=pslam_odom points=7693 pose=(1.041,-3.454,-0.157) dyaw=0.0000 stationary=True accumulated=8556 dropped=none
[INFO] [1788235776.814291132] [plain_slam_web_bridge]: scan_diag frame=pslam_odom stamp=1788235776.641 target=pslam_odom points=7694 pose=(1.040,-3.455,-0.157) dyaw=0.0001 stationary=True accumulated=8562 dropped=none
[INFO] [1788235782.812725549] [plain_slam_web_bridge]: scan_diag frame=pslam_odom stamp=1788235782.641 target=pslam_odom points=7692 pose=(1.040,-3.455,-0.157) dyaw=-0.0000 stationary=True accumulated=8563 dropped=none
[INFO] [1788235788.823817778] [plain_slam_web_bridge]: scan_diag frame=pslam_odom stamp=1788235788.641 target=pslam_odom points=7695 pose=(1.041,-3.455,-0.157) dyaw=-0.0000 stationary=True accumulated=8566 dropped=none
[INFO] [1788235794.811768882] [plain_slam_web_bridge]: scan_diag frame=pslam_odom stamp=1788235794.641 target=pslam_odom points=7696 pose=(1.041,-3.455,-0.157) dyaw=-0.0002 stationary=True accumulated=8569 dropped=none
[INFO] [1788235800.811170449] [plain_slam_web_bridge]: scan_diag frame=pslam_odom stamp=1788235800.642 target=pslam_odom points=7693 pose=(1.041,-3.455,-0.157) dyaw=0.0001 stationary=True accumulated=8573 dropped=none
[INFO] [1788235806.814339227] [plain_slam_web_bridge]: scan_diag frame=pslam_odom stamp=1788235806.641 target=pslam_odom points=7695 pose=(1.041,-3.454,-0.157) dyaw=-0.0001 stationary=True accumulated=8579 dropped=none
[INFO] [1788235812.913011345] [plain_slam_web_bridge]: scan_diag frame=pslam_odom stamp=1788235812.742 target=pslam_odom points=7694 pose=(1.041,-3.455,-0.157) dyaw=-0.0004 stationary=True accumulated=8581 dropped=none
[INFO] [1788235818.911846279] [plain_slam_web_bridge]: scan_diag frame=pslam_odom stamp=1788235818.742 target=pslam_odom points=7694 pose=(1.041,-3.455,-0.157) dyaw=-0.0002 stationary=True accumulated=8584 dropped=none
[INFO] [1788235824.923362694] [plain_slam_web_bridge]: scan_diag frame=pslam_odom stamp=1788235824.741 target=pslam_odom points=7694 pose=(1.041,-3.454,-0.157) dyaw=-0.0000 stationary=True accumulated=8586 dropped=none
[INFO] [1788235830.909982302] [plain_slam_web_bridge]: scan_diag frame=pslam_odom stamp=1788235830.741 target=pslam_odom points=7691 pose=(1.041,-3.454,-0.157) dyaw=-0.0002 stationary=True accumulated=8593 dropped=none
[INFO] [1788235836.909304697] [plain_slam_web_bridge]: scan_diag frame=pslam_odom stamp=1788235836.742 target=pslam_odom points=7691 pose=(1.041,-3.455,-0.157) dyaw=0.0002 stationary=True accumulated=8593 dropped=none
[INFO] [1788235842.911165836] [plain_slam_web_bridge]: scan_diag frame=pslam_odom stamp=1788235842.742 target=pslam_odom points=7691 pose=(1.041,-3.454,-0.157) dyaw=0.0002 stationary=True accumulated=8594 dropped=none
[INFO] [1788235848.908319664] [plain_slam_web_bridge]: scan_diag frame=pslam_odom stamp=1788235848.742 target=pslam_odom points=7694 pose=(1.042,-3.455,-0.157) dyaw=-0.0001 stationary=True accumulated=8597 dropped=none
[INFO] [1788235854.910281967] [plain_slam_web_bridge]: scan_diag frame=pslam_odom stamp=1788235854.742 target=pslam_odom points=7692 pose=(1.040,-3.455,-0.157) dyaw=-0.0000 stationary=True accumulated=8601 dropped=none
[INFO] [1788235860.910849788] [plain_slam_web_bridge]: scan_diag frame=pslam_odom stamp=1788235860.742 target=pslam_odom points=7695 pose=(1.042,-3.454,-0.157) dyaw=-0.0000 stationary=True accumulated=8602 dropped=none
[INFO] [1788235866.912365166] [plain_slam_web_bridge]: scan_diag frame=pslam_odom stamp=1788235866.741 target=pslam_odom points=7695 pose=(1.041,-3.454,-0.157) dyaw=0.0001 stationary=True accumulated=8603 dropped=none
[INFO] [1788235872.911157844] [plain_slam_web_bridge]: scan_diag frame=pslam_odom stamp=1788235872.742 target=pslam_odom points=7694 pose=(1.040,-3.454,-0.157) dyaw=0.0001 stationary=True accumulated=8608 dropped=none
[INFO] [1788235878.915137161] [plain_slam_web_bridge]: scan_diag frame=pslam_odom stamp=1788235878.741 target=pslam_odom points=7695 pose=(1.041,-3.455,-0.157) dyaw=-0.0000 stationary=True accumulated=8609 dropped=none
[INFO] [1788235884.909453735] [plain_slam_web_bridge]: scan_diag frame=pslam_odom stamp=1788235884.741 target=pslam_odom points=7695 pose=(1.041,-3.455,-0.157) dyaw=-0.0000 stationary=True accumulated=8612 dropped=none
[INFO] [1788235890.915568331] [plain_slam_web_bridge]: scan_diag frame=pslam_odom stamp=1788235890.742 target=pslam_odom points=7695 pose=(1.041,-3.455,-0.157) dyaw=0.0002 stationary=True accumulated=8614 dropped=none
[INFO] [1788235896.912124144] [plain_slam_web_bridge]: scan_diag frame=pslam_odom stamp=1788235896.742 target=pslam_odom points=7696 pose=(1.041,-3.454,-0.157) dyaw=-0.0001 stationary=True accumulated=8616 dropped=none
[INFO] [1788235902.913526263] [plain_slam_web_bridge]: scan_diag frame=pslam_odom stamp=1788235902.742 target=pslam_odom points=7693 pose=(1.042,-3.455,-0.157) dyaw=0.0000 stationary=True accumulated=8619 dropped=none
[INFO] [1788235908.910697776] [plain_slam_web_bridge]: scan_diag frame=pslam_odom stamp=1788235908.742 target=pslam_odom points=7695 pose=(1.041,-3.455,-0.157) dyaw=-0.0000 stationary=True accumulated=8620 dropped=none
[INFO] [1788235914.908970909] [plain_slam_web_bridge]: scan_diag frame=pslam_odom stamp=1788235914.742 target=pslam_odom points=7694 pose=(1.041,-3.455,-0.157) dyaw=0.0002 stationary=True accumulated=8624 dropped=none
[INFO] [1788235920.937633250] [plain_slam_web_bridge]: scan_diag frame=pslam_odom stamp=1788235920.742 target=pslam_odom points=7696 pose=(1.039,-3.455,-0.157) dyaw=0.0000 stationary=True accumulated=8625 dropped=none
[INFO] [1788235926.912954892] [plain_slam_web_bridge]: scan_diag frame=pslam_odom stamp=1788235926.741 target=pslam_odom points=7697 pose=(1.041,-3.455,-0.157) dyaw=-0.0000 stationary=True accumulated=8626 dropped=none
[INFO] [1788235932.911281267] [plain_slam_web_bridge]: scan_diag frame=pslam_odom stamp=1788235932.742 target=pslam_odom points=7696 pose=(1.041,-3.454,-0.157) dyaw=0.0001 stationary=True accumulated=8626 dropped=none
[INFO] [1788235938.912476287] [plain_slam_web_bridge]: scan_diag frame=pslam_odom stamp=1788235938.742 target=pslam_odom points=7692 pose=(1.041,-3.455,-0.157) dyaw=0.0002 stationary=True accumulated=8628 dropped=none
[INFO] [1788235939.564595163] [plain_slam_web_bridge]: reset marker touched -> cleared accumulated cloud
[INFO] [1788235944.914287407] [plain_slam_web_bridge]: scan_diag frame=pslam_odom stamp=1788235944.742 target=pslam_odom points=7692 pose=(1.040,-3.455,-0.156) dyaw=-0.0001 stationary=True accumulated=3728 dropped=none
[INFO] [1788235950.911241322] [plain_slam_web_bridge]: scan_diag frame=pslam_odom stamp=1788235950.741 target=pslam_odom points=7694 pose=(1.041,-3.455,-0.157) dyaw=-0.0002 stationary=True accumulated=3942 dropped=none
[INFO] [1788235956.912390954] [plain_slam_web_bridge]: scan_diag frame=pslam_odom stamp=1788235956.742 target=pslam_odom points=7694 pose=(1.041,-3.454,-0.157) dyaw=-0.0001 stationary=True accumulated=4034 dropped=none
[INFO] [1788235962.911280428] [plain_slam_web_bridge]: scan_diag frame=pslam_odom stamp=1788235962.742 target=pslam_odom points=7694 pose=(1.040,-3.454,-0.156) dyaw=0.0000 stationary=True accumulated=4085 dropped=none
[INFO] [1788235968.911650198] [plain_slam_web_bridge]: scan_diag frame=pslam_odom stamp=1788235968.742 target=pslam_odom points=7696 pose=(1.040,-3.455,-0.157) dyaw=-0.0001 stationary=True accumulated=4120 dropped=none
[INFO] [1788235974.914245415] [plain_slam_web_bridge]: scan_diag frame=pslam_odom stamp=1788235974.742 target=pslam_odom points=7692 pose=(1.041,-3.455,-0.157) dyaw=0.0001 stationary=True accumulated=4147 dropped=none
[INFO] [1788235980.915890999] [plain_slam_web_bridge]: scan_diag frame=pslam_odom stamp=1788235980.742 target=pslam_odom points=7694 pose=(1.040,-3.455,-0.157) dyaw=-0.0001 stationary=True accumulated=4167 dropped=none
[INFO] [1788235986.910440033] [plain_slam_web_bridge]: scan_diag frame=pslam_odom stamp=1788235986.742 target=pslam_odom points=7689 pose=(1.040,-3.455,-0.157) dyaw=-0.0000 stationary=True accumulated=4191 dropped=none
[INFO] [1788235992.911066276] [plain_slam_web_bridge]: scan_diag frame=pslam_odom stamp=1788235992.742 target=pslam_odom points=7695 pose=(1.041,-3.456,-0.157) dyaw=-0.0000 stationary=True accumulated=4289 dropped=none
[INFO] [1788235998.906618781] [plain_slam_web_bridge]: scan_diag frame=pslam_odom stamp=1788235998.742 target=pslam_odom points=7686 pose=(1.049,-3.461,-0.159) dyaw=-0.0002 stationary=False accumulated=4757 dropped=motion_active
[INFO] [1788236004.940293522] [plain_slam_web_bridge]: scan_diag frame=pslam_odom stamp=1788236004.742 target=pslam_odom points=7683 pose=(1.046,-3.455,-0.160) dyaw=-0.0001 stationary=True accumulated=5033 dropped=none
[INFO] [1788236011.017278489] [plain_slam_web_bridge]: scan_diag frame=pslam_odom stamp=1788236010.843 target=pslam_odom points=7683 pose=(1.046,-3.455,-0.160) dyaw=0.0002 stationary=True accumulated=5074 dropped=none
[INFO] [1788236017.015062956] [plain_slam_web_bridge]: scan_diag frame=pslam_odom stamp=1788236016.843 target=pslam_odom points=7687 pose=(1.047,-3.454,-0.159) dyaw=0.0000 stationary=True accumulated=5091 dropped=none
[INFO] [1788236023.014290028] [plain_slam_web_bridge]: scan_diag frame=pslam_odom stamp=1788236022.842 target=pslam_odom points=7692 pose=(1.047,-3.453,-0.160) dyaw=-0.0001 stationary=True accumulated=5104 dropped=none
[INFO] [1788236029.013241899] [plain_slam_web_bridge]: scan_diag frame=pslam_odom stamp=1788236028.842 target=pslam_odom points=7682 pose=(1.047,-3.454,-0.160) dyaw=0.0000 stationary=True accumulated=5122 dropped=none
[INFO] [1788236035.011368022] [plain_slam_web_bridge]: scan_diag frame=pslam_odom stamp=1788236034.842 target=pslam_odom points=7683 pose=(1.047,-3.454,-0.160) dyaw=-0.0000 stationary=True accumulated=5130 dropped=none
[INFO] [1788236041.012450548] [plain_slam_web_bridge]: scan_diag frame=pslam_odom stamp=1788236040.842 target=pslam_odom points=7684 pose=(1.047,-3.455,-0.159) dyaw=0.0000 stationary=True accumulated=5134 dropped=none
[INFO] [1788236047.010632122] [plain_slam_web_bridge]: scan_diag frame=pslam_odom stamp=1788236046.842 target=pslam_odom points=7682 pose=(1.047,-3.454,-0.160) dyaw=0.0001 stationary=True accumulated=5142 dropped=none
[INFO] [1788236053.016151067] [plain_slam_web_bridge]: scan_diag frame=pslam_odom stamp=1788236052.842 target=pslam_odom points=7686 pose=(1.047,-3.454,-0.160) dyaw=0.0001 stationary=True accumulated=5146 dropped=none
[INFO] [1788236059.013153561] [plain_slam_web_bridge]: scan_diag frame=pslam_odom stamp=1788236058.842 target=pslam_odom points=7689 pose=(1.047,-3.453,-0.160) dyaw=-0.0001 stationary=True accumulated=5153 dropped=none
[INFO] [1788236065.019638095] [plain_slam_web_bridge]: scan_diag frame=pslam_odom stamp=1788236064.843 target=pslam_odom points=7687 pose=(1.047,-3.454,-0.159) dyaw=-0.0000 stationary=True accumulated=5157 dropped=none
[INFO] [1788236071.010942842] [plain_slam_web_bridge]: scan_diag frame=pslam_odom stamp=1788236070.842 target=pslam_odom points=7682 pose=(1.048,-3.454,-0.160) dyaw=-0.0002 stationary=True accumulated=5163 dropped=none
[INFO] [1788236077.015860953] [plain_slam_web_bridge]: scan_diag frame=pslam_odom stamp=1788236076.842 target=pslam_odom points=7682 pose=(1.047,-3.454,-0.159) dyaw=0.0000 stationary=True accumulated=5165 dropped=none
[INFO] [1788236083.013627715] [plain_slam_web_bridge]: scan_diag frame=pslam_odom stamp=1788236082.842 target=pslam_odom points=7687 pose=(1.046,-3.454,-0.160) dyaw=-0.0002 stationary=True accumulated=5167 dropped=none
[INFO] [1788236089.016095005] [plain_slam_web_bridge]: scan_diag frame=pslam_odom stamp=1788236088.843 target=pslam_odom points=7687 pose=(1.047,-3.453,-0.160) dyaw=-0.0001 stationary=True accumulated=5172 dropped=none
[INFO] [1788236095.016133204] [plain_slam_web_bridge]: scan_diag frame=pslam_odom stamp=1788236094.843 target=pslam_odom points=7686 pose=(1.048,-3.453,-0.160) dyaw=-0.0001 stationary=True accumulated=5173 dropped=none
[INFO] [1788236101.010639631] [plain_slam_web_bridge]: scan_diag frame=pslam_odom stamp=1788236100.843 target=pslam_odom points=7683 pose=(1.047,-3.454,-0.160) dyaw=0.0001 stationary=True accumulated=5179 dropped=none
[INFO] [1788236107.010601639] [plain_slam_web_bridge]: scan_diag frame=pslam_odom stamp=1788236106.843 target=pslam_odom points=7684 pose=(1.047,-3.454,-0.160) dyaw=0.0000 stationary=True accumulated=5187 dropped=none
[INFO] [1788236113.012177444] [plain_slam_web_bridge]: scan_diag frame=pslam_odom stamp=1788236112.843 target=pslam_odom points=7683 pose=(1.047,-3.454,-0.159) dyaw=-0.0001 stationary=True accumulated=5201 dropped=none
[INFO] [1788236119.014842934] [plain_slam_web_bridge]: scan_diag frame=pslam_odom stamp=1788236118.843 target=pslam_odom points=7681 pose=(1.047,-3.453,-0.160) dyaw=-0.0000 stationary=True accumulated=5208 dropped=none
[INFO] [1788236125.010096987] [plain_slam_web_bridge]: scan_diag frame=pslam_odom stamp=1788236124.843 target=pslam_odom points=7681 pose=(1.046,-3.452,-0.159) dyaw=-0.0000 stationary=True accumulated=5212 dropped=none
[INFO] [1788236131.010718710] [plain_slam_web_bridge]: scan_diag frame=pslam_odom stamp=1788236130.843 target=pslam_odom points=7682 pose=(1.046,-3.453,-0.159) dyaw=-0.0001 stationary=True accumulated=5217 dropped=none
[INFO] [1788236137.009515494] [plain_slam_web_bridge]: scan_diag frame=pslam_odom stamp=1788236136.843 target=pslam_odom points=7682 pose=(1.046,-3.453,-0.159) dyaw=0.0000 stationary=True accumulated=5221 dropped=none
[INFO] [1788236143.014235699] [plain_slam_web_bridge]: scan_diag frame=pslam_odom stamp=1788236142.843 target=pslam_odom points=7680 pose=(1.046,-3.452,-0.160) dyaw=-0.0001 stationary=True accumulated=5225 dropped=none
[INFO] [1788236149.012135714] [plain_slam_web_bridge]: scan_diag frame=pslam_odom stamp=1788236148.843 target=pslam_odom points=7683 pose=(1.045,-3.454,-0.160) dyaw=-0.0002 stationary=True accumulated=5230 dropped=none
[INFO] [1788236155.010743264] [plain_slam_web_bridge]: scan_diag frame=pslam_odom stamp=1788236154.843 target=pslam_odom points=7686 pose=(1.045,-3.454,-0.160) dyaw=0.0002 stationary=True accumulated=5231 dropped=none
[INFO] [1788236161.011757021] [plain_slam_web_bridge]: scan_diag frame=pslam_odom stamp=1788236160.843 target=pslam_odom points=7680 pose=(1.047,-3.453,-0.160) dyaw=0.0001 stationary=True accumulated=5234 dropped=none
[INFO] [1788236167.012604731] [plain_slam_web_bridge]: scan_diag frame=pslam_odom stamp=1788236166.843 target=pslam_odom points=7681 pose=(1.046,-3.453,-0.159) dyaw=-0.0001 stationary=True accumulated=5240 dropped=none
[INFO] [1788236173.011218077] [plain_slam_web_bridge]: scan_diag frame=pslam_odom stamp=1788236172.843 target=pslam_odom points=7683 pose=(1.046,-3.453,-0.159) dyaw=0.0001 stationary=True accumulated=5241 dropped=none
[INFO] [1788236179.009934544] [plain_slam_web_bridge]: scan_diag frame=pslam_odom stamp=1788236178.843 target=pslam_odom points=7683 pose=(1.046,-3.453,-0.159) dyaw=0.0001 stationary=True accumulated=5243 dropped=none
[INFO] [1788236185.013133406] [plain_slam_web_bridge]: scan_diag frame=pslam_odom stamp=1788236184.844 target=pslam_odom points=7683 pose=(1.046,-3.452,-0.159) dyaw=0.0001 stationary=True accumulated=5244 dropped=none
[INFO] [1788236191.011633706] [plain_slam_web_bridge]: scan_diag frame=pslam_odom stamp=1788236190.843 target=pslam_odom points=7684 pose=(1.045,-3.453,-0.160) dyaw=0.0001 stationary=True accumulated=5246 dropped=none
[INFO] [1788236197.011024007] [plain_slam_web_bridge]: scan_diag frame=pslam_odom stamp=1788236196.843 target=pslam_odom points=7681 pose=(1.045,-3.453,-0.159) dyaw=0.0000 stationary=True accumulated=5249 dropped=none
[INFO] [1788236203.009716513] [plain_slam_web_bridge]: scan_diag frame=pslam_odom stamp=1788236202.844 target=pslam_odom points=7682 pose=(1.046,-3.454,-0.160) dyaw=-0.0002 stationary=True accumulated=5250 dropped=none
[INFO] [1788236209.017955211] [plain_slam_web_bridge]: scan_diag frame=pslam_odom stamp=1788236208.843 target=pslam_odom points=7680 pose=(1.046,-3.454,-0.159) dyaw=-0.0002 stationary=True accumulated=5251 dropped=none
[INFO] [1788236215.012460888] [plain_slam_web_bridge]: scan_diag frame=pslam_odom stamp=1788236214.843 target=pslam_odom points=7683 pose=(1.046,-3.453,-0.159) dyaw=-0.0001 stationary=True accumulated=5253 dropped=none
[INFO] [1788236221.014573721] [plain_slam_web_bridge]: scan_diag frame=pslam_odom stamp=1788236220.843 target=pslam_odom points=7686 pose=(1.045,-3.454,-0.159) dyaw=0.0001 stationary=True accumulated=5254 dropped=none
[INFO] [1788236227.011179825] [plain_slam_web_bridge]: scan_diag frame=pslam_odom stamp=1788236226.843 target=pslam_odom points=7680 pose=(1.046,-3.455,-0.159) dyaw=-0.0001 stationary=True accumulated=5259 dropped=none
[INFO] [1788236233.012883856] [plain_slam_web_bridge]: scan_diag frame=pslam_odom stamp=1788236232.843 target=pslam_odom points=7682 pose=(1.046,-3.453,-0.159) dyaw=-0.0001 stationary=True accumulated=5262 dropped=none
[INFO] [1788236239.013772095] [plain_slam_web_bridge]: scan_diag frame=pslam_odom stamp=1788236238.844 target=pslam_odom points=7688 pose=(1.045,-3.453,-0.159) dyaw=0.0000 stationary=True accumulated=5264 dropped=none
[INFO] [1788236245.013676111] [plain_slam_web_bridge]: scan_diag frame=pslam_odom stamp=1788236244.844 target=pslam_odom points=7683 pose=(1.045,-3.453,-0.159) dyaw=0.0001 stationary=True accumulated=5267 dropped=none
[INFO] [1788236251.015315261] [plain_slam_web_bridge]: scan_diag frame=pslam_odom stamp=1788236250.844 target=pslam_odom points=7686 pose=(1.047,-3.455,-0.159) dyaw=0.0001 stationary=True accumulated=5272 dropped=none
[INFO] [1788236257.016192378] [plain_slam_web_bridge]: scan_diag frame=pslam_odom stamp=1788236256.844 target=pslam_odom points=7683 pose=(1.047,-3.453,-0.160) dyaw=-0.0002 stationary=True accumulated=5272 dropped=none
[INFO] [1788236263.011685433] [plain_slam_web_bridge]: scan_diag frame=pslam_odom stamp=1788236262.844 target=pslam_odom points=7688 pose=(1.045,-3.453,-0.159) dyaw=-0.0001 stationary=True accumulated=5273 dropped=none
[INFO] [1788236269.014672688] [plain_slam_web_bridge]: scan_diag frame=pslam_odom stamp=1788236268.844 target=pslam_odom points=7684 pose=(1.047,-3.453,-0.160) dyaw=-0.0000 stationary=True accumulated=5273 dropped=none
[INFO] [1788236275.014975544] [plain_slam_web_bridge]: scan_diag frame=pslam_odom stamp=1788236274.843 target=pslam_odom points=7685 pose=(1.046,-3.453,-0.159) dyaw=-0.0001 stationary=True accumulated=5274 dropped=none
[INFO] [1788236281.009805797] [plain_slam_web_bridge]: scan_diag frame=pslam_odom stamp=1788236280.844 target=pslam_odom points=7683 pose=(1.048,-3.454,-0.160) dyaw=0.0001 stationary=True accumulated=5278 dropped=none
[INFO] [1788236287.009946895] [plain_slam_web_bridge]: scan_diag frame=pslam_odom stamp=1788236286.844 target=pslam_odom points=7681 pose=(1.048,-3.454,-0.160) dyaw=-0.0001 stationary=True accumulated=5289 dropped=none
[INFO] [1788236293.014444096] [plain_slam_web_bridge]: scan_diag frame=pslam_odom stamp=1788236292.844 target=pslam_odom points=7687 pose=(1.047,-3.455,-0.160) dyaw=0.0000 stationary=True accumulated=5294 dropped=none
[INFO] [1788236299.015995055] [plain_slam_web_bridge]: scan_diag frame=pslam_odom stamp=1788236298.845 target=pslam_odom points=7683 pose=(1.047,-3.455,-0.160) dyaw=0.0000 stationary=True accumulated=5296 dropped=none
[INFO] [1788236305.009812175] [plain_slam_web_bridge]: scan_diag frame=pslam_odom stamp=1788236304.844 target=pslam_odom points=7684 pose=(1.048,-3.454,-0.160) dyaw=-0.0001 stationary=True accumulated=5300 dropped=none
[INFO] [1788236311.011485389] [plain_slam_web_bridge]: scan_diag frame=pslam_odom stamp=1788236310.845 target=pslam_odom points=7684 pose=(1.048,-3.455,-0.160) dyaw=-0.0001 stationary=True accumulated=5304 dropped=none
[INFO] [1788236317.010825692] [plain_slam_web_bridge]: scan_diag frame=pslam_odom stamp=1788236316.845 target=pslam_odom points=7687 pose=(1.049,-3.454,-0.161) dyaw=0.0000 stationary=True accumulated=5307 dropped=none
[INFO] [1788236323.009907580] [plain_slam_web_bridge]: scan_diag frame=pslam_odom stamp=1788236322.844 target=pslam_odom points=7683 pose=(1.048,-3.455,-0.160) dyaw=0.0001 stationary=True accumulated=5310 dropped=none
[INFO] [1788236329.010550941] [plain_slam_web_bridge]: scan_diag frame=pslam_odom stamp=1788236328.845 target=pslam_odom points=7686 pose=(1.048,-3.453,-0.161) dyaw=-0.0002 stationary=True accumulated=5311 dropped=none
[INFO] [1788236335.010096205] [plain_slam_web_bridge]: scan_diag frame=pslam_odom stamp=1788236334.845 target=pslam_odom points=7684 pose=(1.049,-3.454,-0.160) dyaw=0.0000 stationary=True accumulated=5312 dropped=none
[INFO] [1788236341.011754779] [plain_slam_web_bridge]: scan_diag frame=pslam_odom stamp=1788236340.845 target=pslam_odom points=7683 pose=(1.048,-3.454,-0.160) dyaw=0.0002 stationary=True accumulated=5313 dropped=none
[INFO] [1788236347.015618752] [plain_slam_web_bridge]: scan_diag frame=pslam_odom stamp=1788236346.844 target=pslam_odom points=7683 pose=(1.047,-3.455,-0.160) dyaw=-0.0001 stationary=True accumulated=5313 dropped=none
[INFO] [1788236353.009810824] [plain_slam_web_bridge]: scan_diag frame=pslam_odom stamp=1788236352.844 target=pslam_odom points=7685 pose=(1.049,-3.453,-0.160) dyaw=0.0000 stationary=True accumulated=5316 dropped=none
[INFO] [1788236359.012527308] [plain_slam_web_bridge]: scan_diag frame=pslam_odom stamp=1788236358.845 target=pslam_odom points=7684 pose=(1.048,-3.455,-0.160) dyaw=-0.0002 stationary=True accumulated=5320 dropped=none
[INFO] [1788236365.011776280] [plain_slam_web_bridge]: scan_diag frame=pslam_odom stamp=1788236364.845 target=pslam_odom points=7687 pose=(1.047,-3.455,-0.160) dyaw=0.0001 stationary=True accumulated=5323 dropped=none
[INFO] [1788236371.014821615] [plain_slam_web_bridge]: scan_diag frame=pslam_odom stamp=1788236370.845 target=pslam_odom points=7685 pose=(1.048,-3.455,-0.160) dyaw=0.0001 stationary=True accumulated=5326 dropped=none
[INFO] [1788236377.011512653] [plain_slam_web_bridge]: scan_diag frame=pslam_odom stamp=1788236376.845 target=pslam_odom points=7687 pose=(1.049,-3.455,-0.160) dyaw=0.0001 stationary=True accumulated=5327 dropped=none
[INFO] [1788236383.017729211] [plain_slam_web_bridge]: scan_diag frame=pslam_odom stamp=1788236382.844 target=pslam_odom points=7685 pose=(1.048,-3.456,-0.160) dyaw=-0.0000 stationary=True accumulated=5327 dropped=none
[INFO] [1788236389.017996605] [plain_slam_web_bridge]: scan_diag frame=pslam_odom stamp=1788236388.845 target=pslam_odom points=7685 pose=(1.048,-3.455,-0.160) dyaw=-0.0001 stationary=True accumulated=5331 dropped=none
[INFO] [1788236395.011345316] [plain_slam_web_bridge]: scan_diag frame=pslam_odom stamp=1788236394.844 target=pslam_odom points=7682 pose=(1.047,-3.454,-0.160) dyaw=0.0001 stationary=True accumulated=5332 dropped=none
[INFO] [1788236401.012330095] [plain_slam_web_bridge]: scan_diag frame=pslam_odom stamp=1788236400.845 target=pslam_odom points=7685 pose=(1.049,-3.454,-0.160) dyaw=0.0000 stationary=True accumulated=5335 dropped=none
[INFO] [1788236407.010946557] [plain_slam_web_bridge]: scan_diag frame=pslam_odom stamp=1788236406.845 target=pslam_odom points=7685 pose=(1.047,-3.455,-0.160) dyaw=0.0001 stationary=True accumulated=5335 dropped=none
[INFO] [1788236413.011636056] [plain_slam_web_bridge]: scan_diag frame=pslam_odom stamp=1788236412.845 target=pslam_odom points=7681 pose=(1.049,-3.454,-0.160) dyaw=0.0000 stationary=True accumulated=5335 dropped=none
[INFO] [1788236419.012467013] [plain_slam_web_bridge]: scan_diag frame=pslam_odom stamp=1788236418.845 target=pslam_odom points=7689 pose=(1.048,-3.455,-0.160) dyaw=0.0000 stationary=True accumulated=5335 dropped=none
[INFO] [1788236425.011793244] [plain_slam_web_bridge]: scan_diag frame=pslam_odom stamp=1788236424.845 target=pslam_odom points=7688 pose=(1.047,-3.456,-0.160) dyaw=-0.0000 stationary=True accumulated=5335 dropped=none
[INFO] [1788236431.016102103] [plain_slam_web_bridge]: scan_diag frame=pslam_odom stamp=1788236430.845 target=pslam_odom points=7683 pose=(1.049,-3.455,-0.160) dyaw=-0.0002 stationary=True accumulated=5339 dropped=none
[INFO] [1788236437.031226034] [plain_slam_web_bridge]: scan_diag frame=pslam_odom stamp=1788236436.845 target=pslam_odom points=7684 pose=(1.048,-3.455,-0.160) dyaw=-0.0001 stationary=True accumulated=5339 dropped=none
[INFO] [1788236443.012962758] [plain_slam_web_bridge]: scan_diag frame=pslam_odom stamp=1788236442.845 target=pslam_odom points=7682 pose=(1.048,-3.456,-0.160) dyaw=0.0001 stationary=True accumulated=5339 dropped=none
[INFO] [1788236449.015577973] [plain_slam_web_bridge]: scan_diag frame=pslam_odom stamp=1788236448.846 target=pslam_odom points=7687 pose=(1.048,-3.455,-0.160) dyaw=0.0002 stationary=True accumulated=5341 dropped=none
[INFO] [1788236455.016465040] [plain_slam_web_bridge]: scan_diag frame=pslam_odom stamp=1788236454.846 target=pslam_odom points=7688 pose=(1.048,-3.455,-0.160) dyaw=0.0001 stationary=True accumulated=5342 dropped=none
[INFO] [1788236461.018043514] [plain_slam_web_bridge]: scan_diag frame=pslam_odom stamp=1788236460.846 target=pslam_odom points=7682 pose=(1.048,-3.454,-0.160) dyaw=0.0000 stationary=True accumulated=5344 dropped=none
[INFO] [1788236467.012158888] [plain_slam_web_bridge]: scan_diag frame=pslam_odom stamp=1788236466.845 target=pslam_odom points=7685 pose=(1.047,-3.456,-0.160) dyaw=0.0000 stationary=True accumulated=5345 dropped=none
[INFO] [1788236473.014198750] [plain_slam_web_bridge]: scan_diag frame=pslam_odom stamp=1788236472.846 target=pslam_odom points=7684 pose=(1.048,-3.455,-0.160) dyaw=0.0000 stationary=True accumulated=5345 dropped=none
[INFO] [1788236479.021853921] [plain_slam_web_bridge]: scan_diag frame=pslam_odom stamp=1788236478.846 target=pslam_odom points=7683 pose=(1.048,-3.454,-0.160) dyaw=0.0000 stationary=True accumulated=5345 dropped=none
[INFO] [1788236485.012821227] [plain_slam_web_bridge]: scan_diag frame=pslam_odom stamp=1788236484.846 target=pslam_odom points=7686 pose=(1.048,-3.455,-0.160) dyaw=0.0001 stationary=True accumulated=5346 dropped=none
[INFO] [1788236491.011350951] [plain_slam_web_bridge]: scan_diag frame=pslam_odom stamp=1788236490.846 target=pslam_odom points=7683 pose=(1.047,-3.456,-0.160) dyaw=-0.0000 stationary=True accumulated=5347 dropped=none
[INFO] [1788236497.013473559] [plain_slam_web_bridge]: scan_diag frame=pslam_odom stamp=1788236496.846 target=pslam_odom points=7684 pose=(1.047,-3.454,-0.160) dyaw=-0.0001 stationary=True accumulated=5347 dropped=none
[INFO] [1788236503.011628558] [plain_slam_web_bridge]: scan_diag frame=pslam_odom stamp=1788236502.846 target=pslam_odom points=7686 pose=(1.048,-3.454,-0.160) dyaw=0.0001 stationary=True accumulated=5347 dropped=none
[INFO] [1788236509.012524391] [plain_slam_web_bridge]: scan_diag frame=pslam_odom stamp=1788236508.845 target=pslam_odom points=7687 pose=(1.049,-3.455,-0.160) dyaw=-0.0000 stationary=True accumulated=5349 dropped=none
[INFO] [1788236515.011164665] [plain_slam_web_bridge]: scan_diag frame=pslam_odom stamp=1788236514.846 target=pslam_odom points=7687 pose=(1.049,-3.456,-0.160) dyaw=-0.0002 stationary=True accumulated=5351 dropped=none
[INFO] [1788236521.013055350] [plain_slam_web_bridge]: scan_diag frame=pslam_odom stamp=1788236520.845 target=pslam_odom points=7685 pose=(1.048,-3.455,-0.160) dyaw=0.0000 stationary=True accumulated=5352 dropped=none
[INFO] [1788236527.016663353] [plain_slam_web_bridge]: scan_diag frame=pslam_odom stamp=1788236526.846 target=pslam_odom points=7684 pose=(1.047,-3.455,-0.160) dyaw=0.0001 stationary=True accumulated=5354 dropped=none
[INFO] [1788236533.012654036] [plain_slam_web_bridge]: scan_diag frame=pslam_odom stamp=1788236532.846 target=pslam_odom points=7688 pose=(1.048,-3.455,-0.160) dyaw=0.0002 stationary=True accumulated=5355 dropped=none
[INFO] [1788236539.018954421] [plain_slam_web_bridge]: scan_diag frame=pslam_odom stamp=1788236538.846 target=pslam_odom points=7687 pose=(1.048,-3.455,-0.160) dyaw=-0.0001 stationary=True accumulated=5357 dropped=none
[INFO] [1788236545.012619811] [plain_slam_web_bridge]: scan_diag frame=pslam_odom stamp=1788236544.846 target=pslam_odom points=7687 pose=(1.048,-3.455,-0.160) dyaw=-0.0000 stationary=True accumulated=5357 dropped=none
[INFO] [1788236551.011213568] [plain_slam_web_bridge]: scan_diag frame=pslam_odom stamp=1788236550.847 target=pslam_odom points=7686 pose=(1.049,-3.454,-0.160) dyaw=-0.0000 stationary=True accumulated=5357 dropped=none
[INFO] [1788236557.013651020] [plain_slam_web_bridge]: scan_diag frame=pslam_odom stamp=1788236556.846 target=pslam_odom points=7687 pose=(1.049,-3.455,-0.160) dyaw=-0.0002 stationary=True accumulated=5359 dropped=none
[INFO] [1788236563.013646588] [plain_slam_web_bridge]: scan_diag frame=pslam_odom stamp=1788236562.846 target=pslam_odom points=7684 pose=(1.047,-3.453,-0.160) dyaw=0.0001 stationary=True accumulated=5360 dropped=none
[INFO] [1788236569.016578248] [plain_slam_web_bridge]: scan_diag frame=pslam_odom stamp=1788236568.846 target=pslam_odom points=7684 pose=(1.047,-3.456,-0.160) dyaw=-0.0001 stationary=True accumulated=5364 dropped=none
[INFO] [1788236575.013621025] [plain_slam_web_bridge]: scan_diag frame=pslam_odom stamp=1788236574.846 target=pslam_odom points=7682 pose=(1.047,-3.454,-0.159) dyaw=0.0002 stationary=True accumulated=5364 dropped=none
[INFO] [1788236581.017805417] [plain_slam_web_bridge]: scan_diag frame=pslam_odom stamp=1788236580.847 target=pslam_odom points=7682 pose=(1.047,-3.455,-0.159) dyaw=0.0003 stationary=True accumulated=5365 dropped=none
[INFO] [1788236587.012265625] [plain_slam_web_bridge]: scan_diag frame=pslam_odom stamp=1788236586.846 target=pslam_odom points=7681 pose=(1.046,-3.455,-0.159) dyaw=-0.0000 stationary=True accumulated=5368 dropped=none
[INFO] [1788236593.012013908] [plain_slam_web_bridge]: scan_diag frame=pslam_odom stamp=1788236592.846 target=pslam_odom points=7686 pose=(1.045,-3.455,-0.159) dyaw=-0.0001 stationary=True accumulated=5369 dropped=none
[INFO] [1788236599.016230925] [plain_slam_web_bridge]: scan_diag frame=pslam_odom stamp=1788236598.847 target=pslam_odom points=7680 pose=(1.047,-3.455,-0.159) dyaw=-0.0001 stationary=True accumulated=5369 dropped=none
[INFO] [1788236605.020100747] [plain_slam_web_bridge]: scan_diag frame=pslam_odom stamp=1788236604.846 target=pslam_odom points=7686 pose=(1.047,-3.454,-0.160) dyaw=-0.0001 stationary=True accumulated=5369 dropped=none
[INFO] [1788236611.017708071] [plain_slam_web_bridge]: scan_diag frame=pslam_odom stamp=1788236610.846 target=pslam_odom points=7682 pose=(1.046,-3.455,-0.159) dyaw=0.0001 stationary=True accumulated=5370 dropped=none
[INFO] [1788236617.012671324] [plain_slam_web_bridge]: scan_diag frame=pslam_odom stamp=1788236616.847 target=pslam_odom points=7685 pose=(1.047,-3.454,-0.159) dyaw=-0.0001 stationary=True accumulated=5371 dropped=none
[INFO] [1788236623.016124335] [plain_slam_web_bridge]: scan_diag frame=pslam_odom stamp=1788236622.847 target=pslam_odom points=7681 pose=(1.046,-3.455,-0.159) dyaw=-0.0002 stationary=True accumulated=5371 dropped=none
[INFO] [1788236629.011534287] [plain_slam_web_bridge]: scan_diag frame=pslam_odom stamp=1788236628.846 target=pslam_odom points=7679 pose=(1.047,-3.455,-0.160) dyaw=0.0002 stationary=True accumulated=5371 dropped=none
[INFO] [1788236635.021080632] [plain_slam_web_bridge]: scan_diag frame=pslam_odom stamp=1788236634.847 target=pslam_odom points=7683 pose=(1.047,-3.455,-0.160) dyaw=0.0001 stationary=True accumulated=5373 dropped=none
[INFO] [1788236641.013504980] [plain_slam_web_bridge]: scan_diag frame=pslam_odom stamp=1788236640.847 target=pslam_odom points=7685 pose=(1.046,-3.454,-0.159) dyaw=-0.0001 stationary=True accumulated=5373 dropped=none
[INFO] [1788236647.012879326] [plain_slam_web_bridge]: scan_diag frame=pslam_odom stamp=1788236646.847 target=pslam_odom points=7684 pose=(1.046,-3.454,-0.160) dyaw=-0.0001 stationary=True accumulated=5374 dropped=none
[INFO] [1788236653.013894849] [plain_slam_web_bridge]: scan_diag frame=pslam_odom stamp=1788236652.847 target=pslam_odom points=7679 pose=(1.046,-3.455,-0.159) dyaw=0.0002 stationary=True accumulated=5374 dropped=none
[INFO] [1788236659.012482313] [plain_slam_web_bridge]: scan_diag frame=pslam_odom stamp=1788236658.847 target=pslam_odom points=7681 pose=(1.046,-3.454,-0.159) dyaw=-0.0001 stationary=True accumulated=5374 dropped=none
[INFO] [1788236665.013922453] [plain_slam_web_bridge]: scan_diag frame=pslam_odom stamp=1788236664.847 target=pslam_odom points=7681 pose=(1.046,-3.454,-0.159) dyaw=-0.0000 stationary=True accumulated=5375 dropped=none
[INFO] [1788236671.012693538] [plain_slam_web_bridge]: scan_diag frame=pslam_odom stamp=1788236670.848 target=pslam_odom points=7676 pose=(1.046,-3.454,-0.160) dyaw=-0.0001 stationary=True accumulated=5377 dropped=none
[INFO] [1788236677.006154338] [plain_slam_web_bridge]: scan_diag frame=pslam_odom stamp=1788236676.847 target=pslam_odom points=7693 pose=(1.055,-3.475,-0.154) dyaw=-0.0006 stationary=False accumulated=5735 dropped=motion_active
[INFO] [1788236683.019764515] [plain_slam_web_bridge]: scan_diag frame=pslam_odom stamp=1788236682.847 target=pslam_odom points=7668 pose=(1.042,-3.460,-0.162) dyaw=0.0000 stationary=True accumulated=6409 dropped=none
[INFO] [1788236689.013659579] [plain_slam_web_bridge]: scan_diag frame=pslam_odom stamp=1788236688.847 target=pslam_odom points=7663 pose=(1.041,-3.461,-0.162) dyaw=0.0001 stationary=True accumulated=6469 dropped=none
[INFO] [1788236695.015129930] [plain_slam_web_bridge]: scan_diag frame=pslam_odom stamp=1788236694.848 target=pslam_odom points=7673 pose=(1.044,-3.466,-0.161) dyaw=0.0002 stationary=True accumulated=6516 dropped=none
[INFO] [1788236701.016188144] [plain_slam_web_bridge]: scan_diag frame=pslam_odom stamp=1788236700.848 target=pslam_odom points=7662 pose=(1.044,-3.460,-0.162) dyaw=-0.0001 stationary=True accumulated=6573 dropped=none
[INFO] [1788236707.116342699] [plain_slam_web_bridge]: scan_diag frame=pslam_odom stamp=1788236706.947 target=pslam_odom points=7662 pose=(1.041,-3.460,-0.162) dyaw=-0.0000 stationary=True accumulated=6590 dropped=none
[INFO] [1788236713.115235213] [plain_slam_web_bridge]: scan_diag frame=pslam_odom stamp=1788236712.947 target=pslam_odom points=7661 pose=(1.042,-3.461,-0.162) dyaw=-0.0002 stationary=True accumulated=6596 dropped=none
[INFO] [1788236719.114569663] [plain_slam_web_bridge]: scan_diag frame=pslam_odom stamp=1788236718.948 target=pslam_odom points=7665 pose=(1.043,-3.463,-0.161) dyaw=-0.0001 stationary=True accumulated=6638 dropped=none
[INFO] [1788236725.115869792] [plain_slam_web_bridge]: scan_diag frame=pslam_odom stamp=1788236724.947 target=pslam_odom points=7666 pose=(1.039,-3.463,-0.161) dyaw=0.0001 stationary=True accumulated=6668 dropped=none
[INFO] [1788236726.232157441] [plain_slam_web_bridge]: reset marker touched -> cleared accumulated cloud
[INFO] [1788236731.213142019] [plain_slam_web_bridge]: scan_diag frame=pslam_odom stamp=1788236731.048 target=pslam_odom points=7665 pose=(1.040,-3.462,-0.161) dyaw=-0.0002 stationary=True accumulated=3927 dropped=none
[INFO] [1788236737.214465591] [plain_slam_web_bridge]: scan_diag frame=pslam_odom stamp=1788236737.048 target=pslam_odom points=7665 pose=(1.044,-3.461,-0.161) dyaw=-0.0001 stationary=True accumulated=4182 dropped=none
[INFO] [1788236743.314715871] [plain_slam_web_bridge]: scan_diag frame=pslam_odom stamp=1788236743.148 target=pslam_odom points=7619 pose=(-1.129,-5.172,-0.175) dyaw=-0.0029 stationary=False accumulated=4196 dropped=motion_active
[INFO] [1788236749.309814151] [plain_slam_web_bridge]: scan_diag frame=pslam_odom stamp=1788236749.148 target=pslam_odom points=7615 pose=(-1.003,-5.190,-0.182) dyaw=-0.0019 stationary=False accumulated=4196 dropped=motion_active
[INFO] [1788236755.417102203] [plain_slam_web_bridge]: scan_diag frame=pslam_odom stamp=1788236755.247 target=pslam_odom points=7620 pose=(-0.994,-5.202,-0.188) dyaw=-0.0009 stationary=True accumulated=7013 dropped=none
[INFO] [1788236761.423697604] [plain_slam_web_bridge]: scan_diag frame=pslam_odom stamp=1788236761.248 target=pslam_odom points=7613 pose=(-0.992,-5.203,-0.189) dyaw=-0.0004 stationary=True accumulated=7921 dropped=none
[INFO] [1788236767.416814297] [plain_slam_web_bridge]: scan_diag frame=pslam_odom stamp=1788236767.248 target=pslam_odom points=7628 pose=(-0.990,-5.203,-0.191) dyaw=-0.0002 stationary=True accumulated=8131 dropped=none
[INFO] [1788236773.420045317] [plain_slam_web_bridge]: scan_diag frame=pslam_odom stamp=1788236773.248 target=pslam_odom points=7620 pose=(-0.989,-5.203,-0.191) dyaw=-0.0002 stationary=True accumulated=8241 dropped=none
[INFO] [1788236779.414449206] [plain_slam_web_bridge]: scan_diag frame=pslam_odom stamp=1788236779.248 target=pslam_odom points=7661 pose=(-1.443,-5.356,0.197) dyaw=0.0041 stationary=False accumulated=8294 dropped=motion_active
[INFO] [1788236785.409100217] [plain_slam_web_bridge]: scan_diag frame=pslam_odom stamp=1788236785.247 target=pslam_odom points=7617 pose=(-2.099,-5.199,0.363) dyaw=-0.0057 stationary=False accumulated=8294 dropped=motion_active
[INFO] [1788236791.423659765] [plain_slam_web_bridge]: scan_diag frame=pslam_odom stamp=1788236791.247 target=pslam_odom points=7648 pose=(-2.086,-5.202,0.350) dyaw=-0.0027 stationary=True accumulated=11366 dropped=none
[INFO] [1788236797.522945030] [plain_slam_web_bridge]: scan_diag frame=pslam_odom stamp=1788236797.347 target=pslam_odom points=7651 pose=(-2.086,-5.205,0.345) dyaw=-0.0012 stationary=True accumulated=12450 dropped=none
[INFO] [1788236803.517012895] [plain_slam_web_bridge]: scan_diag frame=pslam_odom stamp=1788236803.345 target=pslam_odom points=7650 pose=(-2.087,-5.202,0.343) dyaw=-0.0004 stationary=True accumulated=12750 dropped=none
[INFO] [1788236809.515085735] [plain_slam_web_bridge]: scan_diag frame=pslam_odom stamp=1788236809.345 target=pslam_odom points=7294 pose=(-2.087,-5.207,0.343) dyaw=-0.0003 stationary=True accumulated=13247 dropped=none
[INFO] [1788236815.718031245] [plain_slam_web_bridge]: scan_diag frame=pslam_odom stamp=1788236815.545 target=pslam_odom points=7682 pose=(-2.037,-5.261,0.435) dyaw=0.0375 stationary=False accumulated=13426 dropped=motion_active
[INFO] [1788236822.006014541] [plain_slam_web_bridge]: scan_diag frame=pslam_odom stamp=1788236821.844 target=pslam_odom points=7680 pose=(-3.111,-5.035,0.658) dyaw=0.0020 stationary=False accumulated=13426 dropped=motion_active
[INFO] [1788236828.115110368] [plain_slam_web_bridge]: scan_diag frame=pslam_odom stamp=1788236827.943 target=pslam_odom points=7686 pose=(-3.479,-4.891,0.711) dyaw=-0.0048 stationary=False accumulated=13426 dropped=motion_active
[INFO] [1788236834.104729011] [plain_slam_web_bridge]: scan_diag frame=pslam_odom stamp=1788236833.943 target=pslam_odom points=7675 pose=(-3.458,-4.908,0.700) dyaw=-0.0016 stationary=False accumulated=13426 dropped=motion_active
[INFO] [1788236840.117580799] [plain_slam_web_bridge]: scan_diag frame=pslam_odom stamp=1788236839.943 target=pslam_odom points=7678 pose=(-3.454,-4.911,0.695) dyaw=-0.0007 stationary=True accumulated=17122 dropped=none
[INFO] [1788236846.331499452] [plain_slam_web_bridge]: scan_diag frame=pslam_odom stamp=1788236846.142 target=pslam_odom points=7621 pose=(-2.826,-6.909,0.638) dyaw=0.0003 stationary=False accumulated=17430 dropped=motion_active
[INFO] [1788236852.520775277] [plain_slam_web_bridge]: scan_diag frame=pslam_odom stamp=1788236852.341 target=pslam_odom points=7610 pose=(-3.554,-2.776,0.979) dyaw=-0.0026 stationary=False accumulated=17430 dropped=motion_active
[INFO] [1788236858.705838628] [plain_slam_web_bridge]: scan_diag frame=pslam_odom stamp=1788236858.542 target=pslam_odom points=7617 pose=(-3.509,-2.982,0.918) dyaw=-0.0023 stationary=False accumulated=17430 dropped=motion_active
[INFO] [1788236864.908920276] [plain_slam_web_bridge]: scan_diag frame=pslam_odom stamp=1788236864.741 target=pslam_odom points=7615 pose=(-3.507,-2.987,0.912) dyaw=0.0020 stationary=True accumulated=19544 dropped=none
[INFO] [1788236871.405843216] [plain_slam_web_bridge]: scan_diag frame=pslam_odom stamp=1788236871.240 target=pslam_odom points=7659 pose=(-1.123,-7.038,0.890) dyaw=0.0009 stationary=False accumulated=19544 dropped=motion_active
[INFO] [1788236878.101799669] [plain_slam_web_bridge]: scan_diag frame=pslam_odom stamp=1788236877.940 target=pslam_odom points=0 pose=(42.271,69.718,1.456) dyaw=-0.0003 stationary=False accumulated=19544 dropped=motion_active
[INFO] [1788236884.599918347] [plain_slam_web_bridge]: scan_diag frame=pslam_odom stamp=1788236884.440 target=pslam_odom points=0 pose=(348.361,383.992,1.852) dyaw=0.0011 stationary=False accumulated=19544 dropped=motion_active
[INFO] [1788236891.208804160] [plain_slam_web_bridge]: scan_diag frame=pslam_odom stamp=1788236891.039 target=pslam_odom points=0 pose=(980.576,967.368,1.795) dyaw=0.0001 stationary=False accumulated=19544 dropped=motion_active
[INFO] [1788236897.916776667] [plain_slam_web_bridge]: scan_diag frame=pslam_odom stamp=1788236897.738 target=pslam_odom points=0 pose=(2021.545,1876.461,2.214) dyaw=0.0002 stationary=False accumulated=19544 dropped=motion_active
[INFO] [1788236904.795984163] [plain_slam_web_bridge]: scan_diag frame=pslam_odom stamp=1788236904.638 target=pslam_odom points=0 pose=(3402.950,3282.692,2.610) dyaw=0.0002 stationary=False accumulated=19544 dropped=motion_active
[INFO] [1788236911.413654775] [plain_slam_web_bridge]: scan_diag frame=pslam_odom stamp=1788236911.237 target=pslam_odom points=0 pose=(4847.990,5150.281,2.675) dyaw=-0.0047 stationary=False accumulated=19544 dropped=motion_active
[INFO] [1788236918.012851046] [plain_slam_web_bridge]: scan_diag frame=pslam_odom stamp=1788236917.836 target=pslam_odom points=0 pose=(6311.248,7549.034,2.903) dyaw=0.0002 stationary=False accumulated=19544 dropped=motion_active
[INFO] [1788236924.613521172] [plain_slam_web_bridge]: scan_diag frame=pslam_odom stamp=1788236924.437 target=pslam_odom points=0 pose=(7645.258,10449.641,2.978) dyaw=0.0001 stationary=False accumulated=19544 dropped=motion_active
[INFO] [1788236931.254237511] [plain_slam_web_bridge]: scan_diag frame=pslam_odom stamp=1788236931.036 target=pslam_odom points=0 pose=(8903.613,13707.509,3.076) dyaw=-0.0000 stationary=False accumulated=19544 dropped=motion_active
[INFO] [1788236937.762549810] [plain_slam_web_bridge]: scan_diag frame=pslam_odom stamp=1788236937.535 target=pslam_odom points=0 pose=(10205.589,17115.432,-2.954) dyaw=0.0002 stationary=False accumulated=19544 dropped=motion_active
[INFO] [1788236944.797324489] [plain_slam_web_bridge]: scan_diag frame=pslam_odom stamp=1788236944.635 target=pslam_odom points=0 pose=(11691.728,21315.650,3.037) dyaw=-0.0002 stationary=False accumulated=19544 dropped=motion_active
[INFO] [1788236951.559901484] [plain_slam_web_bridge]: scan_diag frame=pslam_odom stamp=1788236951.335 target=pslam_odom points=0 pose=(13324.217,25813.063,-2.775) dyaw=0.0002 stationary=False accumulated=19544 dropped=motion_active
[INFO] [1788236958.396213855] [plain_slam_web_bridge]: scan_diag frame=pslam_odom stamp=1788236958.134 target=pslam_odom points=0 pose=(15386.227,30818.706,-2.996) dyaw=-0.0001 stationary=False accumulated=19544 dropped=motion_active
[INFO] [1788236965.781192448] [plain_slam_web_bridge]: scan_diag frame=pslam_odom stamp=1788236965.534 target=pslam_odom points=0 pose=(18231.771,36661.438,-2.768) dyaw=0.0000 stationary=False accumulated=19544 dropped=motion_active
[INFO] [1788236973.454055807] [plain_slam_web_bridge]: scan_diag frame=pslam_odom stamp=1788236973.233 target=pslam_odom points=0 pose=(22271.857,43125.863,-2.247) dyaw=0.0004 stationary=False accumulated=19544 dropped=motion_active
[INFO] [1788236981.259791225] [plain_slam_web_bridge]: scan_diag frame=pslam_odom stamp=1788236981.033 target=pslam_odom points=0 pose=(27334.306,50261.927,-1.577) dyaw=0.0003 stationary=False accumulated=19544 dropped=motion_active
[INFO] [1788236987.984406195] [plain_slam_web_bridge]: scan_diag frame=pslam_odom stamp=1788236987.732 target=pslam_odom points=0 pose=(32175.704,57031.863,-1.333) dyaw=0.0001 stationary=False accumulated=19544 dropped=motion_active
[INFO] [1788236995.025438718] [plain_slam_web_bridge]: scan_diag frame=pslam_odom stamp=1788236994.832 target=pslam_odom points=0 pose=(37330.776,64816.258,-1.340) dyaw=-0.0000 stationary=False accumulated=19544 dropped=motion_active
[INFO] [1788237002.432730657] [plain_slam_web_bridge]: scan_diag frame=pslam_odom stamp=1788237002.131 target=pslam_odom points=0 pose=(42730.027,74038.487,-1.760) dyaw=-0.0002 stationary=False accumulated=19544 dropped=motion_active
[INFO] [1788237009.312398756] [plain_slam_web_bridge]: scan_diag frame=pslam_odom stamp=1788237009.131 target=pslam_odom points=0 pose=(48018.335,83489.461,-2.094) dyaw=-0.0002 stationary=False accumulated=19544 dropped=motion_active
[INFO] [1788237016.346681119] [plain_slam_web_bridge]: scan_diag frame=pslam_odom stamp=1788237016.131 target=pslam_odom points=0 pose=(54169.071,93688.998,-2.836) dyaw=-0.3248 stationary=False accumulated=19544 dropped=motion_active
[INFO] [1788237023.405558292] [plain_slam_web_bridge]: scan_diag frame=pslam_odom stamp=1788237023.231 target=pslam_odom points=0 pose=(61501.269,104571.188,2.775) dyaw=0.0006 stationary=False accumulated=19544 dropped=motion_active
[INFO] [1788237031.463482932] [plain_slam_web_bridge]: scan_diag frame=pslam_odom stamp=1788237031.230 target=pslam_odom points=0 pose=(71350.508,117709.192,2.461) dyaw=-0.0001 stationary=False accumulated=19544 dropped=motion_active
[INFO] [1788237038.626411660] [plain_slam_web_bridge]: scan_diag frame=pslam_odom stamp=1788237038.429 target=pslam_odom points=0 pose=(81816.871,130023.080,2.345) dyaw=0.0002 stationary=False accumulated=19544 dropped=motion_active
[INFO] [1788237045.889206025] [plain_slam_web_bridge]: scan_diag frame=pslam_odom stamp=1788237045.729 target=pslam_odom points=0 pose=(93887.523,142535.507,2.309) dyaw=-0.0001 stationary=False accumulated=19544 dropped=motion_active
[INFO] [1788237053.010696417] [plain_slam_web_bridge]: scan_diag frame=pslam_odom stamp=1788237052.829 target=pslam_odom points=0 pose=(107615.913,154185.593,2.412) dyaw=0.0003 stationary=False accumulated=19544 dropped=motion_active
[INFO] [1788237060.085497108] [plain_slam_web_bridge]: scan_diag frame=pslam_odom stamp=1788237059.929 target=pslam_odom points=0 pose=(124167.058,166382.833,-2.321) dyaw=0.0019 stationary=False accumulated=19544 dropped=motion_active
[INFO] [1788237067.298769015] [plain_slam_web_bridge]: scan_diag frame=pslam_odom stamp=1788237067.128 target=pslam_odom points=0 pose=(141497.300,179528.476,-0.816) dyaw=-0.0000 stationary=False accumulated=19544 dropped=motion_active
[INFO] [1788237074.341185784] [plain_slam_web_bridge]: scan_diag frame=pslam_odom stamp=1788237074.127 target=pslam_odom points=0 pose=(154469.547,123452.774,-0.774) dyaw=0.0000 stationary=False accumulated=19544 dropped=motion_active
[INFO] [1788237081.806574881] [plain_slam_web_bridge]: scan_diag frame=pslam_odom stamp=1788237081.628 target=pslam_odom points=0 pose=(146648.773,-103198.579,-1.337) dyaw=0.0000 stationary=False accumulated=19544 dropped=motion_active
[INFO] [1788237089.647835623] [plain_slam_web_bridge]: scan_diag frame=pslam_odom stamp=1788237089.427 target=pslam_odom points=0 pose=(82312.035,-496508.483,-2.114) dyaw=-0.0009 stationary=False accumulated=19544 dropped=motion_active
[INFO] [1788237097.668350896] [plain_slam_web_bridge]: scan_diag frame=pslam_odom stamp=1788237097.427 target=pslam_odom points=0 pose=(-67418.454,-1046037.320,2.893) dyaw=-0.0000 stationary=False accumulated=19544 dropped=motion_active
[INFO] [1788237105.797916546] [plain_slam_web_bridge]: scan_diag frame=pslam_odom stamp=1788237105.626 target=pslam_odom points=0 pose=(-355439.782,-1738891.407,2.390) dyaw=-0.0002 stationary=False accumulated=19544 dropped=motion_active
[INFO] [1788237113.173033526] [plain_slam_web_bridge]: scan_diag frame=pslam_odom stamp=1788237112.926 target=pslam_odom points=0 pose=(-770897.716,-2436685.485,2.129) dyaw=-0.0000 stationary=False accumulated=19544 dropped=motion_active
[INFO] [1788237121.104873811] [plain_slam_web_bridge]: scan_diag frame=pslam_odom stamp=1788237120.925 target=pslam_odom points=0 pose=(-1408365.688,-3220662.471,1.769) dyaw=-0.0003 stationary=False accumulated=19544 dropped=motion_active
[INFO] [1788237129.029654510] [plain_slam_web_bridge]: scan_diag frame=pslam_odom stamp=1788237128.825 target=pslam_odom points=0 pose=(-2224249.311,-3997396.360,0.708) dyaw=-0.0010 stationary=False accumulated=19544 dropped=motion_active
[INFO] [1788237137.194093877] [plain_slam_web_bridge]: scan_diag frame=pslam_odom stamp=1788237137.025 target=pslam_odom points=0 pose=(-3252107.163,-4832430.939,-0.541) dyaw=-0.0002 stationary=False accumulated=19544 dropped=motion_active
[INFO] [1788237144.711515223] [plain_slam_web_bridge]: scan_diag frame=pslam_odom stamp=1788237144.524 target=pslam_odom points=0 pose=(-4264103.184,-5630104.308,-0.902) dyaw=0.0002 stationary=False accumulated=19544 dropped=motion_active
[INFO] [1788237152.456028547] [plain_slam_web_bridge]: scan_diag frame=pslam_odom stamp=1788237152.224 target=pslam_odom points=0 pose=(-5341261.129,-6540865.256,-1.182) dyaw=-0.0003 stationary=False accumulated=19544 dropped=motion_active
[INFO] [1788237160.609908807] [plain_slam_web_bridge]: scan_diag frame=pslam_odom stamp=1788237160.423 target=pslam_odom points=0 pose=(-6579780.508,-7714575.816,-1.736) dyaw=0.0003 stationary=False accumulated=19544 dropped=motion_active
[INFO] [1788237168.826089573] [plain_slam_web_bridge]: scan_diag frame=pslam_odom stamp=1788237168.623 target=pslam_odom points=0 pose=(-7871075.386,-9048517.964,-3.124) dyaw=-0.0006 stationary=False accumulated=19544 dropped=motion_active
[INFO] [1788237176.790854298] [plain_slam_web_bridge]: scan_diag frame=pslam_odom stamp=1788237176.623 target=pslam_odom points=0 pose=(-9297651.818,-10540013.128,2.463) dyaw=-0.0005 stationary=False accumulated=19544 dropped=motion_active
[INFO] [1788237185.300415087] [plain_slam_web_bridge]: scan_diag frame=pslam_odom stamp=1788237185.122 target=pslam_odom points=0 pose=(-10994373.839,-12206440.234,2.135) dyaw=0.0000 stationary=False accumulated=19544 dropped=motion_active
[INFO] [1788237193.894810532] [plain_slam_web_bridge]: scan_diag frame=pslam_odom stamp=1788237193.722 target=pslam_odom points=0 pose=(-12937424.946,-13915463.216,1.735) dyaw=0.0001 stationary=False accumulated=19544 dropped=motion_active
[INFO] [1788237202.198552785] [plain_slam_web_bridge]: scan_diag frame=pslam_odom stamp=1788237202.021 target=pslam_odom points=0 pose=(-15016913.076,-15553968.089,0.471) dyaw=0.0017 stationary=False accumulated=19544 dropped=motion_active
[INFO] [1788237209.130992733] [plain_slam_web_bridge]: scan_diag frame=pslam_odom stamp=1788237208.922 target=pslam_odom points=0 pose=(-16835458.156,-16897281.947,-0.518) dyaw=-0.0003 stationary=False accumulated=19544 dropped=motion_active
[INFO] [1788237217.409018778] [plain_slam_web_bridge]: scan_diag frame=pslam_odom stamp=1788237217.221 target=pslam_odom points=0 pose=(-19146598.181,-18586681.803,-0.921) dyaw=-0.0002 stationary=False accumulated=19544 dropped=motion_active
[INFO] [1788237225.401340600] [plain_slam_web_bridge]: scan_diag frame=pslam_odom stamp=1788237225.221 target=pslam_odom points=0 pose=(-21441802.119,-20337851.756,-1.219) dyaw=-0.0002 stationary=False accumulated=19544 dropped=motion_active
[INFO] [1788237233.908046963] [plain_slam_web_bridge]: scan_diag frame=pslam_odom stamp=1788237233.721 target=pslam_odom points=0 pose=(-23944259.993,-22386547.829,-1.851) dyaw=-0.0005 stationary=False accumulated=19544 dropped=motion_active
[INFO] [1788237241.895975562] [plain_slam_web_bridge]: scan_diag frame=pslam_odom stamp=1788237241.720 target=pslam_odom points=0 pose=(-26433311.874,-24541869.984,3.025) dyaw=0.0004 stationary=False accumulated=19544 dropped=motion_active
[INFO] [1788237250.210950926] [plain_slam_web_bridge]: scan_diag frame=pslam_odom stamp=1788237250.020 target=pslam_odom points=0 pose=(-29069441.816,-26852642.146,2.413) dyaw=-0.0002 stationary=False accumulated=19544 dropped=motion_active
[INFO] [1788237257.456614996] [plain_slam_web_bridge]: scan_diag frame=pslam_odom stamp=1788237257.220 target=pslam_odom points=0 pose=(-31570439.838,-28979138.233,2.139) dyaw=-0.0001 stationary=False accumulated=19544 dropped=motion_active
[INFO] [1788237265.109090023] [plain_slam_web_bridge]: scan_diag frame=pslam_odom stamp=1788237264.919 target=pslam_odom points=0 pose=(-34444119.931,-31286472.227,1.795) dyaw=-0.0002 stationary=False accumulated=19544 dropped=motion_active
[INFO] [1788237272.463337875] [plain_slam_web_bridge]: scan_diag frame=pslam_odom stamp=1788237272.219 target=pslam_odom points=0 pose=(-37244272.044,-33397976.132,0.968) dyaw=-0.0009 stationary=False accumulated=19544 dropped=motion_active
[INFO] [1788237280.101900701] [plain_slam_web_bridge]: scan_diag frame=pslam_odom stamp=1788237279.919 target=pslam_odom points=0 pose=(-40454836.146,-35707767.973,-0.414) dyaw=-0.0001 stationary=False accumulated=19544 dropped=motion_active
[INFO] [1788237287.838535297] [plain_slam_web_bridge]: scan_diag frame=pslam_odom stamp=1788237287.619 target=pslam_odom points=0 pose=(-43618260.183,-37948511.831,-0.849) dyaw=-0.0002 stationary=False accumulated=19544 dropped=motion_active
[INFO] [1788237295.148674763] [plain_slam_web_bridge]: scan_diag frame=pslam_odom stamp=1788237294.919 target=pslam_odom points=0 pose=(-46773700.146,-40228335.758,-1.118) dyaw=-0.0000 stationary=False accumulated=19544 dropped=motion_active
[INFO] [1788237303.893963310] [plain_slam_web_bridge]: scan_diag frame=pslam_odom stamp=1788237303.718 target=pslam_odom points=0 pose=(-50692884.026,-43195919.798,-1.616) dyaw=0.0001 stationary=False accumulated=19544 dropped=motion_active
[INFO] [1788237311.786345473] [plain_slam_web_bridge]: scan_diag frame=pslam_odom stamp=1788237311.618 target=pslam_odom points=0 pose=(-54215899.905,-45993475.933,-2.875) dyaw=0.0011 stationary=False accumulated=19544 dropped=motion_active
[INFO] [1788237319.694708983] [plain_slam_web_bridge]: scan_diag frame=pslam_odom stamp=1788237319.518 target=pslam_odom points=0 pose=(-57866331.826,-48953292.097,2.546) dyaw=-0.0001 stationary=False accumulated=19544 dropped=motion_active
[INFO] [1788237328.468091546] [plain_slam_web_bridge]: scan_diag frame=pslam_odom stamp=1788237328.217 target=pslam_odom points=0 pose=(-62016775.829,-52277040.223,2.184) dyaw=-0.0002 stationary=False accumulated=19544 dropped=motion_active
[INFO] [1788237336.495515971] [plain_slam_web_bridge]: scan_diag frame=pslam_odom stamp=1788237336.317 target=pslam_odom points=0 pose=(-66232935.918,-55517224.234,1.848) dyaw=0.0000 stationary=False accumulated=19544 dropped=motion_active
