[8.618s] DEBUG:colcon:Command line arguments: ['/usr/bin/colcon', 'build', '--packages-select', 'go2w_plain_slam_bridge', '--event-handlers', 'console_cohesion+']
[8.619s] DEBUG:colcon:Parsed command line arguments: Namespace(allow_overriding=[], ament_cmake_args=None, base_paths=['.'], build_base='build', catkin_cmake_args=None, catkin_skip_building_tests=False, cmake_args=None, cmake_clean_cache=False, cmake_clean_first=False, cmake_force_configure=False, cmake_target=None, cmake_target_skip_unavailable=False, continue_on_error=False, event_handlers=['console_cohesion+'], executor='parallel', ignore_user_meta=False, install_base='install', log_base=None, log_level=None, main=<bound method BuildVerb.main of <colcon_core.verb.build.BuildVerb object at 0xffff9addf3a0>>, merge_install=False, metas=['./colcon.meta'], packages_above=None, packages_above_and_dependencies=None, packages_above_depth=None, packages_end=None, packages_ignore=None, packages_ignore_regex=None, packages_select=['go2w_plain_slam_bridge'], packages_select_build_failed=False, packages_select_by_dep=None, packages_select_regex=None, packages_select_test_failures=False, packages_skip=None, packages_skip_build_finished=False, packages_skip_by_dep=None, packages_skip_regex=None, packages_skip_test_passed=False, packages_skip_up_to=None, packages_start=None, packages_up_to=None, packages_up_to_regex=None, parallel_workers=4, paths=None, symlink_install=False, test_result_base=None, verb_extension=<colcon_core.verb.build.BuildVerb object at 0xffff9addf3a0>, verb_name='build', verb_parser=<colcon_defaults.argument_parser.defaults.DefaultArgumentsDecorator object at 0xffff9ae33a60>)
[9.105s] Level 1:colcon.colcon_core.package_discovery:discover_packages(colcon_meta) check parameters
[9.105s] Level 1:colcon.colcon_core.package_discovery:discover_packages(recursive) check parameters
[9.106s] Level 1:colcon.colcon_core.package_discovery:discover_packages(ignore) check parameters
[9.106s] Level 1:colcon.colcon_core.package_discovery:discover_packages(path) check parameters
[9.106s] Level 1:colcon.colcon_core.package_discovery:discover_packages(colcon_meta) discover
[9.106s] Level 1:colcon.colcon_core.package_discovery:discover_packages(recursive) discover
[9.106s] INFO:colcon.colcon_core.package_discovery:Crawling recursively for packages in '/home/unitree/robotscene/ros2_ws'
[9.106s] Level 1:colcon.colcon_core.package_identification:_identify(.) by extensions ['ignore', 'ignore_ament_install']
[9.106s] Level 1:colcon.colcon_core.package_identification:_identify(.) by extension 'ignore'
[9.107s] Level 1:colcon.colcon_core.package_identification:_identify(.) by extension 'ignore_ament_install'
[9.107s] Level 1:colcon.colcon_core.package_identification:_identify(.) by extensions ['colcon_pkg']
[9.107s] Level 1:colcon.colcon_core.package_identification:_identify(.) by extension 'colcon_pkg'
[9.107s] Level 1:colcon.colcon_core.package_identification:_identify(.) by extensions ['colcon_meta']
[9.107s] Level 1:colcon.colcon_core.package_identification:_identify(.) by extension 'colcon_meta'
[9.107s] Level 1:colcon.colcon_core.package_identification:_identify(.) by extensions ['ros']
[9.107s] Level 1:colcon.colcon_core.package_identification:_identify(.) by extension 'ros'
[9.155s] Level 1:colcon.colcon_core.package_identification:_identify(.) by extensions ['cmake', 'python']
[9.156s] Level 1:colcon.colcon_core.package_identification:_identify(.) by extension 'cmake'
[9.156s] Level 1:colcon.colcon_core.package_identification:_identify(.) by extension 'python'
[9.156s] Level 1:colcon.colcon_core.package_identification:_identify(.) by extensions ['python_setup_py']
[9.156s] Level 1:colcon.colcon_core.package_identification:_identify(.) by extension 'python_setup_py'
[9.157s] Level 1:colcon.colcon_core.package_identification:_identify(build) by extensions ['ignore', 'ignore_ament_install']
[9.157s] Level 1:colcon.colcon_core.package_identification:_identify(build) by extension 'ignore'
[9.157s] Level 1:colcon.colcon_core.package_identification:_identify(build) ignored
[9.158s] Level 1:colcon.colcon_core.package_identification:_identify(install) by extensions ['ignore', 'ignore_ament_install']
[9.158s] Level 1:colcon.colcon_core.package_identification:_identify(install) by extension 'ignore'
[9.158s] Level 1:colcon.colcon_core.package_identification:_identify(install) ignored
[9.158s] Level 1:colcon.colcon_core.package_identification:_identify(log) by extensions ['ignore', 'ignore_ament_install']
[9.159s] Level 1:colcon.colcon_core.package_identification:_identify(log) by extension 'ignore'
[9.159s] Level 1:colcon.colcon_core.package_identification:_identify(log) ignored
[9.159s] Level 1:colcon.colcon_core.package_identification:_identify(src) by extensions ['ignore', 'ignore_ament_install']
[9.159s] Level 1:colcon.colcon_core.package_identification:_identify(src) by extension 'ignore'
[9.159s] Level 1:colcon.colcon_core.package_identification:_identify(src) by extension 'ignore_ament_install'
[9.160s] Level 1:colcon.colcon_core.package_identification:_identify(src) by extensions ['colcon_pkg']
[9.160s] Level 1:colcon.colcon_core.package_identification:_identify(src) by extension 'colcon_pkg'
[9.160s] Level 1:colcon.colcon_core.package_identification:_identify(src) by extensions ['colcon_meta']
[9.160s] Level 1:colcon.colcon_core.package_identification:_identify(src) by extension 'colcon_meta'
[9.160s] Level 1:colcon.colcon_core.package_identification:_identify(src) by extensions ['ros']
[9.160s] Level 1:colcon.colcon_core.package_identification:_identify(src) by extension 'ros'
[9.161s] Level 1:colcon.colcon_core.package_identification:_identify(src) by extensions ['cmake', 'python']
[9.161s] Level 1:colcon.colcon_core.package_identification:_identify(src) by extension 'cmake'
[9.161s] Level 1:colcon.colcon_core.package_identification:_identify(src) by extension 'python'
[9.161s] Level 1:colcon.colcon_core.package_identification:_identify(src) by extensions ['python_setup_py']
[9.161s] Level 1:colcon.colcon_core.package_identification:_identify(src) by extension 'python_setup_py'
[9.162s] Level 1:colcon.colcon_core.package_identification:_identify(src/go2w_camera_bridge) by extensions ['ignore', 'ignore_ament_install']
[9.162s] Level 1:colcon.colcon_core.package_identification:_identify(src/go2w_camera_bridge) by extension 'ignore'
[9.162s] Level 1:colcon.colcon_core.package_identification:_identify(src/go2w_camera_bridge) by extension 'ignore_ament_install'
[9.162s] Level 1:colcon.colcon_core.package_identification:_identify(src/go2w_camera_bridge) by extensions ['colcon_pkg']
[9.162s] Level 1:colcon.colcon_core.package_identification:_identify(src/go2w_camera_bridge) by extension 'colcon_pkg'
[9.162s] Level 1:colcon.colcon_core.package_identification:_identify(src/go2w_camera_bridge) by extensions ['colcon_meta']
[9.162s] Level 1:colcon.colcon_core.package_identification:_identify(src/go2w_camera_bridge) by extension 'colcon_meta'
[9.162s] Level 1:colcon.colcon_core.package_identification:_identify(src/go2w_camera_bridge) by extensions ['ros']
[9.163s] Level 1:colcon.colcon_core.package_identification:_identify(src/go2w_camera_bridge) by extension 'ros'
[9.171s] DEBUG:colcon.colcon_core.package_identification:Package 'src/go2w_camera_bridge' with type 'ros.ament_python' and name 'go2w_camera_bridge'
[9.172s] Level 1:colcon.colcon_core.package_identification:_identify(src/go2w_cmd_vel_bridge) by extensions ['ignore', 'ignore_ament_install']
[9.172s] Level 1:colcon.colcon_core.package_identification:_identify(src/go2w_cmd_vel_bridge) by extension 'ignore'
[9.172s] Level 1:colcon.colcon_core.package_identification:_identify(src/go2w_cmd_vel_bridge) by extension 'ignore_ament_install'
[9.173s] Level 1:colcon.colcon_core.package_identification:_identify(src/go2w_cmd_vel_bridge) by extensions ['colcon_pkg']
[9.173s] Level 1:colcon.colcon_core.package_identification:_identify(src/go2w_cmd_vel_bridge) by extension 'colcon_pkg'
[9.173s] Level 1:colcon.colcon_core.package_identification:_identify(src/go2w_cmd_vel_bridge) by extensions ['colcon_meta']
[9.174s] Level 1:colcon.colcon_core.package_identification:_identify(src/go2w_cmd_vel_bridge) by extension 'colcon_meta'
[9.174s] Level 1:colcon.colcon_core.package_identification:_identify(src/go2w_cmd_vel_bridge) by extensions ['ros']
[9.174s] Level 1:colcon.colcon_core.package_identification:_identify(src/go2w_cmd_vel_bridge) by extension 'ros'
[9.178s] DEBUG:colcon.colcon_core.package_identification:Package 'src/go2w_cmd_vel_bridge' with type 'ros.ament_python' and name 'go2w_cmd_vel_bridge'
[9.179s] Level 1:colcon.colcon_core.package_identification:_identify(src/go2w_control_arbiter) by extensions ['ignore', 'ignore_ament_install']
[9.179s] Level 1:colcon.colcon_core.package_identification:_identify(src/go2w_control_arbiter) by extension 'ignore'
[9.179s] Level 1:colcon.colcon_core.package_identification:_identify(src/go2w_control_arbiter) by extension 'ignore_ament_install'
[9.179s] Level 1:colcon.colcon_core.package_identification:_identify(src/go2w_control_arbiter) by extensions ['colcon_pkg']
[9.180s] Level 1:colcon.colcon_core.package_identification:_identify(src/go2w_control_arbiter) by extension 'colcon_pkg'
[9.180s] Level 1:colcon.colcon_core.package_identification:_identify(src/go2w_control_arbiter) by extensions ['colcon_meta']
[9.180s] Level 1:colcon.colcon_core.package_identification:_identify(src/go2w_control_arbiter) by extension 'colcon_meta'
[9.180s] Level 1:colcon.colcon_core.package_identification:_identify(src/go2w_control_arbiter) by extensions ['ros']
[9.180s] Level 1:colcon.colcon_core.package_identification:_identify(src/go2w_control_arbiter) by extension 'ros'
[9.182s] DEBUG:colcon.colcon_core.package_identification:Package 'src/go2w_control_arbiter' with type 'ros.ament_python' and name 'go2w_control_arbiter'
[9.182s] Level 1:colcon.colcon_core.package_identification:_identify(src/go2w_description) by extensions ['ignore', 'ignore_ament_install']
[9.182s] Level 1:colcon.colcon_core.package_identification:_identify(src/go2w_description) by extension 'ignore'
[9.183s] Level 1:colcon.colcon_core.package_identification:_identify(src/go2w_description) by extension 'ignore_ament_install'
[9.183s] Level 1:colcon.colcon_core.package_identification:_identify(src/go2w_description) by extensions ['colcon_pkg']
[9.183s] Level 1:colcon.colcon_core.package_identification:_identify(src/go2w_description) by extension 'colcon_pkg'
[9.183s] Level 1:colcon.colcon_core.package_identification:_identify(src/go2w_description) by extensions ['colcon_meta']
[9.183s] Level 1:colcon.colcon_core.package_identification:_identify(src/go2w_description) by extension 'colcon_meta'
[9.183s] Level 1:colcon.colcon_core.package_identification:_identify(src/go2w_description) by extensions ['ros']
[9.183s] Level 1:colcon.colcon_core.package_identification:_identify(src/go2w_description) by extension 'ros'
[9.185s] DEBUG:colcon.colcon_core.package_identification:Package 'src/go2w_description' with type 'ros.ament_python' and name 'go2w_description'
[9.185s] Level 1:colcon.colcon_core.package_identification:_identify(src/go2w_lidar_preprocessor) by extensions ['ignore', 'ignore_ament_install']
[9.186s] Level 1:colcon.colcon_core.package_identification:_identify(src/go2w_lidar_preprocessor) by extension 'ignore'
[9.186s] Level 1:colcon.colcon_core.package_identification:_identify(src/go2w_lidar_preprocessor) by extension 'ignore_ament_install'
[9.186s] Level 1:colcon.colcon_core.package_identification:_identify(src/go2w_lidar_preprocessor) by extensions ['colcon_pkg']
[9.186s] Level 1:colcon.colcon_core.package_identification:_identify(src/go2w_lidar_preprocessor) by extension 'colcon_pkg'
[9.186s] Level 1:colcon.colcon_core.package_identification:_identify(src/go2w_lidar_preprocessor) by extensions ['colcon_meta']
[9.186s] Level 1:colcon.colcon_core.package_identification:_identify(src/go2w_lidar_preprocessor) by extension 'colcon_meta'
[9.186s] Level 1:colcon.colcon_core.package_identification:_identify(src/go2w_lidar_preprocessor) by extensions ['ros']
[9.186s] Level 1:colcon.colcon_core.package_identification:_identify(src/go2w_lidar_preprocessor) by extension 'ros'
[9.188s] DEBUG:colcon.colcon_core.package_identification:Package 'src/go2w_lidar_preprocessor' with type 'ros.ament_python' and name 'go2w_lidar_preprocessor'
[9.188s] Level 1:colcon.colcon_core.package_identification:_identify(src/go2w_lio_bringup) by extensions ['ignore', 'ignore_ament_install']
[9.189s] Level 1:colcon.colcon_core.package_identification:_identify(src/go2w_lio_bringup) by extension 'ignore'
[9.189s] Level 1:colcon.colcon_core.package_identification:_identify(src/go2w_lio_bringup) by extension 'ignore_ament_install'
[9.189s] Level 1:colcon.colcon_core.package_identification:_identify(src/go2w_lio_bringup) by extensions ['colcon_pkg']
[9.189s] Level 1:colcon.colcon_core.package_identification:_identify(src/go2w_lio_bringup) by extension 'colcon_pkg'
[9.189s] Level 1:colcon.colcon_core.package_identification:_identify(src/go2w_lio_bringup) by extensions ['colcon_meta']
[9.189s] Level 1:colcon.colcon_core.package_identification:_identify(src/go2w_lio_bringup) by extension 'colcon_meta'
[9.189s] Level 1:colcon.colcon_core.package_identification:_identify(src/go2w_lio_bringup) by extensions ['ros']
[9.189s] Level 1:colcon.colcon_core.package_identification:_identify(src/go2w_lio_bringup) by extension 'ros'
[9.195s] DEBUG:colcon.colcon_core.package_identification:Package 'src/go2w_lio_bringup' with type 'ros.ament_python' and name 'go2w_lio_bringup'
[9.196s] Level 1:colcon.colcon_core.package_identification:_identify(src/go2w_plain_slam_bridge) by extensions ['ignore', 'ignore_ament_install']
[9.196s] Level 1:colcon.colcon_core.package_identification:_identify(src/go2w_plain_slam_bridge) by extension 'ignore'
[9.196s] Level 1:colcon.colcon_core.package_identification:_identify(src/go2w_plain_slam_bridge) by extension 'ignore_ament_install'
[9.196s] Level 1:colcon.colcon_core.package_identification:_identify(src/go2w_plain_slam_bridge) by extensions ['colcon_pkg']
[9.196s] Level 1:colcon.colcon_core.package_identification:_identify(src/go2w_plain_slam_bridge) by extension 'colcon_pkg'
[9.196s] Level 1:colcon.colcon_core.package_identification:_identify(src/go2w_plain_slam_bridge) by extensions ['colcon_meta']
[9.196s] Level 1:colcon.colcon_core.package_identification:_identify(src/go2w_plain_slam_bridge) by extension 'colcon_meta'
[9.196s] Level 1:colcon.colcon_core.package_identification:_identify(src/go2w_plain_slam_bridge) by extensions ['ros']
[9.197s] Level 1:colcon.colcon_core.package_identification:_identify(src/go2w_plain_slam_bridge) by extension 'ros'
[9.200s] DEBUG:colcon.colcon_core.package_identification:Package 'src/go2w_plain_slam_bridge' with type 'ros.ament_cmake' and name 'go2w_plain_slam_bridge'
[9.200s] Level 1:colcon.colcon_core.package_identification:_identify(src/go2w_rgb_lidar_fusion) by extensions ['ignore', 'ignore_ament_install']
[9.201s] Level 1:colcon.colcon_core.package_identification:_identify(src/go2w_rgb_lidar_fusion) by extension 'ignore'
[9.201s] Level 1:colcon.colcon_core.package_identification:_identify(src/go2w_rgb_lidar_fusion) by extension 'ignore_ament_install'
[9.201s] Level 1:colcon.colcon_core.package_identification:_identify(src/go2w_rgb_lidar_fusion) by extensions ['colcon_pkg']
[9.201s] Level 1:colcon.colcon_core.package_identification:_identify(src/go2w_rgb_lidar_fusion) by extension 'colcon_pkg'
[9.201s] Level 1:colcon.colcon_core.package_identification:_identify(src/go2w_rgb_lidar_fusion) by extensions ['colcon_meta']
[9.201s] Level 1:colcon.colcon_core.package_identification:_identify(src/go2w_rgb_lidar_fusion) by extension 'colcon_meta'
[9.201s] Level 1:colcon.colcon_core.package_identification:_identify(src/go2w_rgb_lidar_fusion) by extensions ['ros']
[9.202s] Level 1:colcon.colcon_core.package_identification:_identify(src/go2w_rgb_lidar_fusion) by extension 'ros'
[9.203s] DEBUG:colcon.colcon_core.package_identification:Package 'src/go2w_rgb_lidar_fusion' with type 'ros.ament_python' and name 'go2w_rgb_lidar_fusion'
[9.204s] Level 1:colcon.colcon_core.package_identification:_identify(src/go2w_sensor_time_bridge) by extensions ['ignore', 'ignore_ament_install']
[9.204s] Level 1:colcon.colcon_core.package_identification:_identify(src/go2w_sensor_time_bridge) by extension 'ignore'
[9.205s] Level 1:colcon.colcon_core.package_identification:_identify(src/go2w_sensor_time_bridge) by extension 'ignore_ament_install'
[9.205s] Level 1:colcon.colcon_core.package_identification:_identify(src/go2w_sensor_time_bridge) by extensions ['colcon_pkg']
[9.205s] Level 1:colcon.colcon_core.package_identification:_identify(src/go2w_sensor_time_bridge) by extension 'colcon_pkg'
[9.205s] Level 1:colcon.colcon_core.package_identification:_identify(src/go2w_sensor_time_bridge) by extensions ['colcon_meta']
[9.205s] Level 1:colcon.colcon_core.package_identification:_identify(src/go2w_sensor_time_bridge) by extension 'colcon_meta'
[9.205s] Level 1:colcon.colcon_core.package_identification:_identify(src/go2w_sensor_time_bridge) by extensions ['ros']
[9.205s] Level 1:colcon.colcon_core.package_identification:_identify(src/go2w_sensor_time_bridge) by extension 'ros'
[9.207s] DEBUG:colcon.colcon_core.package_identification:Package 'src/go2w_sensor_time_bridge' with type 'ros.ament_python' and name 'go2w_sensor_time_bridge'
[9.208s] Level 1:colcon.colcon_core.package_identification:_identify(src/hesai_ros_driver) by extensions ['ignore', 'ignore_ament_install']
[9.208s] Level 1:colcon.colcon_core.package_identification:_identify(src/hesai_ros_driver) by extension 'ignore'
[9.208s] Level 1:colcon.colcon_core.package_identification:_identify(src/hesai_ros_driver) by extension 'ignore_ament_install'
[9.208s] Level 1:colcon.colcon_core.package_identification:_identify(src/hesai_ros_driver) by extensions ['colcon_pkg']
[9.208s] Level 1:colcon.colcon_core.package_identification:_identify(src/hesai_ros_driver) by extension 'colcon_pkg'
[9.209s] Level 1:colcon.colcon_core.package_identification:_identify(src/hesai_ros_driver) by extensions ['colcon_meta']
[9.209s] Level 1:colcon.colcon_core.package_identification:_identify(src/hesai_ros_driver) by extension 'colcon_meta'
[9.212s] Level 1:colcon.colcon_core.package_identification:_identify(src/hesai_ros_driver) by extensions ['ros']
[9.212s] Level 1:colcon.colcon_core.package_identification:_identify(src/hesai_ros_driver) by extension 'ros'
[9.282s] DEBUG:colcon.colcon_core.package_identification:Package 'src/hesai_ros_driver' with type 'ros.ament_cmake' and name 'hesai_ros_driver'
[9.283s] Level 1:colcon.colcon_core.package_identification:_identify(src/plain_slam_ros2) by extensions ['ignore', 'ignore_ament_install']
[9.283s] Level 1:colcon.colcon_core.package_identification:_identify(src/plain_slam_ros2) by extension 'ignore'
[9.283s] Level 1:colcon.colcon_core.package_identification:_identify(src/plain_slam_ros2) by extension 'ignore_ament_install'
[9.283s] Level 1:colcon.colcon_core.package_identification:_identify(src/plain_slam_ros2) by extensions ['colcon_pkg']
[9.284s] Level 1:colcon.colcon_core.package_identification:_identify(src/plain_slam_ros2) by extension 'colcon_pkg'
[9.284s] Level 1:colcon.colcon_core.package_identification:_identify(src/plain_slam_ros2) by extensions ['colcon_meta']
[9.284s] Level 1:colcon.colcon_core.package_identification:_identify(src/plain_slam_ros2) by extension 'colcon_meta'
[9.284s] Level 1:colcon.colcon_core.package_identification:_identify(src/plain_slam_ros2) by extensions ['ros']
[9.284s] Level 1:colcon.colcon_core.package_identification:_identify(src/plain_slam_ros2) by extension 'ros'
[9.287s] DEBUG:colcon.colcon_core.package_identification:Package 'src/plain_slam_ros2' with type 'ros.ament_cmake' and name 'plain_slam_ros2'
[9.287s] Level 1:colcon.colcon_core.package_identification:_identify(src/robot_scene_live_bridge) by extensions ['ignore', 'ignore_ament_install']
[9.287s] Level 1:colcon.colcon_core.package_identification:_identify(src/robot_scene_live_bridge) by extension 'ignore'
[9.287s] Level 1:colcon.colcon_core.package_identification:_identify(src/robot_scene_live_bridge) by extension 'ignore_ament_install'
[9.288s] Level 1:colcon.colcon_core.package_identification:_identify(src/robot_scene_live_bridge) by extensions ['colcon_pkg']
[9.288s] Level 1:colcon.colcon_core.package_identification:_identify(src/robot_scene_live_bridge) by extension 'colcon_pkg'
[9.288s] Level 1:colcon.colcon_core.package_identification:_identify(src/robot_scene_live_bridge) by extensions ['colcon_meta']
[9.288s] Level 1:colcon.colcon_core.package_identification:_identify(src/robot_scene_live_bridge) by extension 'colcon_meta'
[9.288s] Level 1:colcon.colcon_core.package_identification:_identify(src/robot_scene_live_bridge) by extensions ['ros']
[9.288s] Level 1:colcon.colcon_core.package_identification:_identify(src/robot_scene_live_bridge) by extension 'ros'
[9.289s] DEBUG:colcon.colcon_core.package_identification:Package 'src/robot_scene_live_bridge' with type 'ros.ament_python' and name 'robot_scene_live_bridge'
[9.290s] Level 1:colcon.colcon_core.package_identification:_identify(src/robot_scene_nav_bringup) by extensions ['ignore', 'ignore_ament_install']
[9.290s] Level 1:colcon.colcon_core.package_identification:_identify(src/robot_scene_nav_bringup) by extension 'ignore'
[9.290s] Level 1:colcon.colcon_core.package_identification:_identify(src/robot_scene_nav_bringup) by extension 'ignore_ament_install'
[9.290s] Level 1:colcon.colcon_core.package_identification:_identify(src/robot_scene_nav_bringup) by extensions ['colcon_pkg']
[9.290s] Level 1:colcon.colcon_core.package_identification:_identify(src/robot_scene_nav_bringup) by extension 'colcon_pkg'
[9.290s] Level 1:colcon.colcon_core.package_identification:_identify(src/robot_scene_nav_bringup) by extensions ['colcon_meta']
[9.291s] Level 1:colcon.colcon_core.package_identification:_identify(src/robot_scene_nav_bringup) by extension 'colcon_meta'
[9.291s] Level 1:colcon.colcon_core.package_identification:_identify(src/robot_scene_nav_bringup) by extensions ['ros']
[9.291s] Level 1:colcon.colcon_core.package_identification:_identify(src/robot_scene_nav_bringup) by extension 'ros'
[9.292s] DEBUG:colcon.colcon_core.package_identification:Package 'src/robot_scene_nav_bringup' with type 'ros.ament_cmake' and name 'robot_scene_nav_bringup'
[9.292s] Level 1:colcon.colcon_core.package_discovery:discover_packages(recursive) using defaults
[9.292s] Level 1:colcon.colcon_core.package_discovery:discover_packages(ignore) discover
[9.292s] Level 1:colcon.colcon_core.package_discovery:discover_packages(ignore) using defaults
[9.292s] Level 1:colcon.colcon_core.package_discovery:discover_packages(path) discover
[9.292s] Level 1:colcon.colcon_core.package_discovery:discover_packages(path) using defaults
[9.772s] INFO:colcon.colcon_core.package_selection:Skipping not selected package 'go2w_camera_bridge' in 'src/go2w_camera_bridge'
[9.772s] INFO:colcon.colcon_core.package_selection:Skipping not selected package 'go2w_cmd_vel_bridge' in 'src/go2w_cmd_vel_bridge'
[9.772s] INFO:colcon.colcon_core.package_selection:Skipping not selected package 'go2w_control_arbiter' in 'src/go2w_control_arbiter'
[9.772s] INFO:colcon.colcon_core.package_selection:Skipping not selected package 'go2w_description' in 'src/go2w_description'
[9.773s] INFO:colcon.colcon_core.package_selection:Skipping not selected package 'go2w_rgb_lidar_fusion' in 'src/go2w_rgb_lidar_fusion'
[9.773s] INFO:colcon.colcon_core.package_selection:Skipping not selected package 'go2w_sensor_time_bridge' in 'src/go2w_sensor_time_bridge'
[9.773s] INFO:colcon.colcon_core.package_selection:Skipping not selected package 'hesai_ros_driver' in 'src/hesai_ros_driver'
[9.773s] INFO:colcon.colcon_core.package_selection:Skipping not selected package 'plain_slam_ros2' in 'src/plain_slam_ros2'
[9.773s] INFO:colcon.colcon_core.package_selection:Skipping not selected package 'robot_scene_live_bridge' in 'src/robot_scene_live_bridge'
[9.773s] INFO:colcon.colcon_core.package_selection:Skipping not selected package 'robot_scene_nav_bringup' in 'src/robot_scene_nav_bringup'
[9.773s] INFO:colcon.colcon_core.package_selection:Skipping not selected package 'go2w_lidar_preprocessor' in 'src/go2w_lidar_preprocessor'
[9.773s] INFO:colcon.colcon_core.package_selection:Skipping not selected package 'go2w_lio_bringup' in 'src/go2w_lio_bringup'
[10.020s] Level 1:colcon.colcon_core.package_discovery:discover_packages(prefix_path) check parameters
[10.021s] Level 1:colcon.colcon_core.package_discovery:discover_packages(prefix_path) discover
[10.224s] DEBUG:colcon.colcon_installed_package_information.package_discovery:Found 297 installed packages in /opt/ros/foxy
[10.226s] Level 1:colcon.colcon_core.package_discovery:discover_packages(prefix_path) using defaults
[10.795s] Level 5:colcon.colcon_core.verb:set package 'go2w_plain_slam_bridge' build argument 'cmake_args' from command line to 'None'
[10.795s] Level 5:colcon.colcon_core.verb:set package 'go2w_plain_slam_bridge' build argument 'cmake_target' from command line to 'None'
[10.795s] Level 5:colcon.colcon_core.verb:set package 'go2w_plain_slam_bridge' build argument 'cmake_target_skip_unavailable' from command line to 'False'
[10.795s] Level 5:colcon.colcon_core.verb:set package 'go2w_plain_slam_bridge' build argument 'cmake_clean_cache' from command line to 'False'
[10.795s] Level 5:colcon.colcon_core.verb:set package 'go2w_plain_slam_bridge' build argument 'cmake_clean_first' from command line to 'False'
[10.795s] Level 5:colcon.colcon_core.verb:set package 'go2w_plain_slam_bridge' build argument 'cmake_force_configure' from command line to 'False'
[10.795s] Level 5:colcon.colcon_core.verb:set package 'go2w_plain_slam_bridge' build argument 'ament_cmake_args' from command line to 'None'
[10.795s] Level 5:colcon.colcon_core.verb:set package 'go2w_plain_slam_bridge' build argument 'catkin_cmake_args' from command line to 'None'
[10.795s] Level 5:colcon.colcon_core.verb:set package 'go2w_plain_slam_bridge' build argument 'catkin_skip_building_tests' from command line to 'False'
[10.796s] DEBUG:colcon.colcon_core.verb:Building package 'go2w_plain_slam_bridge' with the following arguments: {'ament_cmake_args': None, 'build_base': '/home/unitree/robotscene/ros2_ws/build/go2w_plain_slam_bridge', 'catkin_cmake_args': None, 'catkin_skip_building_tests': False, 'cmake_args': None, 'cmake_clean_cache': False, 'cmake_clean_first': False, 'cmake_force_configure': False, 'cmake_target': None, 'cmake_target_skip_unavailable': False, 'install_base': '/home/unitree/robotscene/ros2_ws/install/go2w_plain_slam_bridge', 'merge_install': False, 'path': '/home/unitree/robotscene/ros2_ws/src/go2w_plain_slam_bridge', 'symlink_install': False, 'test_result_base': None}
[11.050s] INFO:colcon.colcon_core.executor:Executing jobs using 'parallel' executor
[11.196s] DEBUG:colcon.colcon_parallel_executor.executor.parallel:run_until_complete
[11.197s] INFO:colcon.colcon_ros.task.ament_cmake.build:Building ROS package in '/home/unitree/robotscene/ros2_ws/src/go2w_plain_slam_bridge' with build type 'ament_cmake'
[11.197s] INFO:colcon.colcon_cmake.task.cmake.build:Building CMake package in '/home/unitree/robotscene/ros2_ws/src/go2w_plain_slam_bridge'
[11.360s] INFO:colcon.colcon_core.plugin_system:Skipping extension 'colcon_core.shell.bat': Not used on non-Windows systems
[11.361s] INFO:colcon.colcon_core.shell:Skip shell extension 'powershell' for command environment: Not usable outside of PowerShell
[11.361s] DEBUG:colcon.colcon_core.shell:Skip shell extension 'dsv' for command environment
[11.613s] DEBUG:colcon.colcon_core.event_handler.log_command:Invoking command in '/home/unitree/robotscene/ros2_ws/build/go2w_plain_slam_bridge': CMAKE_PREFIX_PATH=/opt/ros/foxy /usr/bin/cmake --build /home/unitree/robotscene/ros2_ws/build/go2w_plain_slam_bridge -- -j4 -l4
[28.575s] DEBUG:colcon.colcon_core.event_handler.log_command:Invoked command in '/home/unitree/robotscene/ros2_ws/build/go2w_plain_slam_bridge' returned '2': CMAKE_PREFIX_PATH=/opt/ros/foxy /usr/bin/cmake --build /home/unitree/robotscene/ros2_ws/build/go2w_plain_slam_bridge -- -j4 -l4
[28.818s] Level 1:colcon.colcon_core.environment:create_environment_scripts_only(go2w_plain_slam_bridge)
[28.916s] Level 1:colcon.colcon_core.environment:checking '/home/unitree/robotscene/ros2_ws/install/go2w_plain_slam_bridge' for CMake module files
[28.917s] Level 1:colcon.colcon_core.environment:checking '/home/unitree/robotscene/ros2_ws/install/go2w_plain_slam_bridge' for CMake config files
[28.918s] Level 1:colcon.colcon_core.environment:checking '/home/unitree/robotscene/ros2_ws/install/go2w_plain_slam_bridge/bin'
[28.919s] Level 1:colcon.colcon_core.environment:checking '/home/unitree/robotscene/ros2_ws/install/go2w_plain_slam_bridge/lib/pkgconfig/go2w_plain_slam_bridge.pc'
[28.919s] Level 1:colcon.colcon_core.environment:checking '/home/unitree/robotscene/ros2_ws/install/go2w_plain_slam_bridge/lib/python3.8/site-packages'
[28.920s] Level 1:colcon.colcon_core.environment:checking '/home/unitree/robotscene/ros2_ws/install/go2w_plain_slam_bridge/bin'
[29.053s] INFO:colcon.colcon_core.shell:Creating package script '/home/unitree/robotscene/ros2_ws/install/go2w_plain_slam_bridge/share/go2w_plain_slam_bridge/package.ps1'
[29.055s] INFO:colcon.colcon_core.shell:Creating package descriptor '/home/unitree/robotscene/ros2_ws/install/go2w_plain_slam_bridge/share/go2w_plain_slam_bridge/package.dsv'
[29.056s] INFO:colcon.colcon_core.shell:Creating package script '/home/unitree/robotscene/ros2_ws/install/go2w_plain_slam_bridge/share/go2w_plain_slam_bridge/package.sh'
[29.072s] INFO:colcon.colcon_core.shell:Creating package script '/home/unitree/robotscene/ros2_ws/install/go2w_plain_slam_bridge/share/go2w_plain_slam_bridge/package.bash'
[29.074s] INFO:colcon.colcon_core.shell:Creating package script '/home/unitree/robotscene/ros2_ws/install/go2w_plain_slam_bridge/share/go2w_plain_slam_bridge/package.zsh'
[29.076s] Level 1:colcon.colcon_core.environment:create_file_with_runtime_dependencies(/home/unitree/robotscene/ros2_ws/install/go2w_plain_slam_bridge/share/colcon-core/packages/go2w_plain_slam_bridge)
[29.088s] DEBUG:colcon.colcon_parallel_executor.executor.parallel:closing loop
[29.099s] DEBUG:colcon.colcon_parallel_executor.executor.parallel:loop closed
[29.100s] DEBUG:colcon.colcon_parallel_executor.executor.parallel:run_until_complete finished with '2'
[29.100s] DEBUG:colcon.colcon_core.event_reactor:joining thread
[29.216s] INFO:colcon.colcon_core.plugin_system:Skipping extension 'colcon_notification.desktop_notification.terminal_notifier': Not used on non-Darwin systems
[29.217s] INFO:colcon.colcon_core.plugin_system:Skipping extension 'colcon_notification.desktop_notification.win32': Not used on non-Windows systems
[29.217s] INFO:colcon.colcon_notification.desktop_notification:Sending desktop notification using 'notify2'
[29.267s] DEBUG:colcon.colcon_notification.desktop_notification.notify2:Failed to initialize notify2: org.freedesktop.DBus.Error.Spawn.ChildExited: Process org.freedesktop.Notifications exited with status 1
[29.274s] DEBUG:colcon.colcon_core.event_reactor:joined thread
[29.430s] INFO:colcon.colcon_core.shell:Creating prefix script '/home/unitree/robotscene/ros2_ws/install/local_setup.ps1'
[29.436s] INFO:colcon.colcon_core.shell:Creating prefix util module '/home/unitree/robotscene/ros2_ws/install/_local_setup_util_ps1.py'
[29.439s] INFO:colcon.colcon_core.shell:Creating prefix chain script '/home/unitree/robotscene/ros2_ws/install/setup.ps1'
[29.571s] INFO:colcon.colcon_core.shell:Creating prefix script '/home/unitree/robotscene/ros2_ws/install/local_setup.sh'
[29.573s] INFO:colcon.colcon_core.shell:Creating prefix util module '/home/unitree/robotscene/ros2_ws/install/_local_setup_util_sh.py'
[29.574s] INFO:colcon.colcon_core.shell:Creating prefix chain script '/home/unitree/robotscene/ros2_ws/install/setup.sh'
[29.752s] INFO:colcon.colcon_core.shell:Creating prefix script '/home/unitree/robotscene/ros2_ws/install/local_setup.bash'
[29.754s] INFO:colcon.colcon_core.shell:Creating prefix chain script '/home/unitree/robotscene/ros2_ws/install/setup.bash'
[29.878s] INFO:colcon.colcon_core.shell:Creating prefix script '/home/unitree/robotscene/ros2_ws/install/local_setup.zsh'
[29.885s] INFO:colcon.colcon_core.shell:Creating prefix chain script '/home/unitree/robotscene/ros2_ws/install/setup.zsh'
