running develop
running egg_info
creating go2w_lidar_preprocessor.egg-info
writing go2w_lidar_preprocessor.egg-info/PKG-INFO
writing dependency_links to go2w_lidar_preprocessor.egg-info/dependency_links.txt
writing entry points to go2w_lidar_preprocessor.egg-info/entry_points.txt
writing requirements to go2w_lidar_preprocessor.egg-info/requires.txt
writing top-level names to go2w_lidar_preprocessor.egg-info/top_level.txt
writing manifest file 'go2w_lidar_preprocessor.egg-info/SOURCES.txt'
reading manifest file 'go2w_lidar_preprocessor.egg-info/SOURCES.txt'
writing manifest file 'go2w_lidar_preprocessor.egg-info/SOURCES.txt'
running build_ext
Creating /home/unitree/robotscene/ros2_ws/install/go2w_lidar_preprocessor/lib/python3.8/site-packages/site.py
Creating /home/unitree/robotscene/ros2_ws/install/go2w_lidar_preprocessor/lib/python3.8/site-packages/go2w-lidar-preprocessor.egg-link (link to .)
Installing hesai_pandarxt16_preprocessor script to /home/unitree/robotscene/ros2_ws/install/go2w_lidar_preprocessor/lib/go2w_lidar_preprocessor
Installing lidar_preprocessor script to /home/unitree/robotscene/ros2_ws/install/go2w_lidar_preprocessor/lib/go2w_lidar_preprocessor

Installed /home/unitree/robotscene/ros2_ws/build/go2w_lidar_preprocessor
running install_data
creating /home/unitree/robotscene/ros2_ws/install/go2w_lidar_preprocessor/share/ament_index
creating /home/unitree/robotscene/ros2_ws/install/go2w_lidar_preprocessor/share/ament_index/resource_index
creating /home/unitree/robotscene/ros2_ws/install/go2w_lidar_preprocessor/share/ament_index/resource_index/packages
copying resource/go2w_lidar_preprocessor -> /home/unitree/robotscene/ros2_ws/install/go2w_lidar_preprocessor/share/ament_index/resource_index/packages
copying package.xml -> /home/unitree/robotscene/ros2_ws/install/go2w_lidar_preprocessor/share/go2w_lidar_preprocessor
creating /home/unitree/robotscene/ros2_ws/install/go2w_lidar_preprocessor/share/go2w_lidar_preprocessor/launch
copying launch/lidar_preprocessor.launch.py -> /home/unitree/robotscene/ros2_ws/install/go2w_lidar_preprocessor/share/go2w_lidar_preprocessor/launch
