[5.427s] Invoking command in '/home/unitree/robotscene/ros2_ws/build/go2w_lidar_preprocessor': AMENT_PREFIX_PATH=/home/unitree/robotscene/ros2_ws/install/go2w_description:${AMENT_PREFIX_PATH} PYTHONPATH=/home/unitree/robotscene/ros2_ws/build/go2w_lidar_preprocessor/prefix_override:/home/unitree/robotscene/ros2_ws/install/go2w_lidar_preprocessor/lib/python3.8/site-packages:/home/unitree/robotscene/ros2_ws/build/go2w_description:/home/unitree/robotscene/ros2_ws/install/go2w_description/lib/python3.8/site-packages:${PYTHONPATH} /usr/bin/python3 setup.py develop --editable --build-directory /home/unitree/robotscene/ros2_ws/build/go2w_lidar_preprocessor/build --no-deps install_data
[7.134s] running develop
[7.363s] running egg_info
[7.364s] creating go2w_lidar_preprocessor.egg-info
[7.364s] writing go2w_lidar_preprocessor.egg-info/PKG-INFO
[7.364s] writing dependency_links to go2w_lidar_preprocessor.egg-info/dependency_links.txt
[7.364s] writing entry points to go2w_lidar_preprocessor.egg-info/entry_points.txt
[7.365s] writing requirements to go2w_lidar_preprocessor.egg-info/requires.txt
[7.365s] writing top-level names to go2w_lidar_preprocessor.egg-info/top_level.txt
[7.368s] writing manifest file 'go2w_lidar_preprocessor.egg-info/SOURCES.txt'
[7.516s] reading manifest file 'go2w_lidar_preprocessor.egg-info/SOURCES.txt'
[7.517s] writing manifest file 'go2w_lidar_preprocessor.egg-info/SOURCES.txt'
[7.655s] running build_ext
[7.656s] Creating /home/unitree/robotscene/ros2_ws/install/go2w_lidar_preprocessor/lib/python3.8/site-packages/site.py
[7.664s] Creating /home/unitree/robotscene/ros2_ws/install/go2w_lidar_preprocessor/lib/python3.8/site-packages/go2w-lidar-preprocessor.egg-link (link to .)
[7.664s] Installing hesai_pandarxt16_preprocessor script to /home/unitree/robotscene/ros2_ws/install/go2w_lidar_preprocessor/lib/go2w_lidar_preprocessor
[7.665s] Installing lidar_preprocessor script to /home/unitree/robotscene/ros2_ws/install/go2w_lidar_preprocessor/lib/go2w_lidar_preprocessor
[7.666s] 
[7.666s] Installed /home/unitree/robotscene/ros2_ws/build/go2w_lidar_preprocessor
[7.666s] running install_data
[7.666s] creating /home/unitree/robotscene/ros2_ws/install/go2w_lidar_preprocessor/share/ament_index
[7.666s] creating /home/unitree/robotscene/ros2_ws/install/go2w_lidar_preprocessor/share/ament_index/resource_index
[7.666s] creating /home/unitree/robotscene/ros2_ws/install/go2w_lidar_preprocessor/share/ament_index/resource_index/packages
[7.666s] copying resource/go2w_lidar_preprocessor -> /home/unitree/robotscene/ros2_ws/install/go2w_lidar_preprocessor/share/ament_index/resource_index/packages
[7.667s] copying package.xml -> /home/unitree/robotscene/ros2_ws/install/go2w_lidar_preprocessor/share/go2w_lidar_preprocessor
[7.667s] creating /home/unitree/robotscene/ros2_ws/install/go2w_lidar_preprocessor/share/go2w_lidar_preprocessor/launch
[7.667s] copying launch/lidar_preprocessor.launch.py -> /home/unitree/robotscene/ros2_ws/install/go2w_lidar_preprocessor/share/go2w_lidar_preprocessor/launch
[8.247s] Invoked command in '/home/unitree/robotscene/ros2_ws/build/go2w_lidar_preprocessor' returned '0': AMENT_PREFIX_PATH=/home/unitree/robotscene/ros2_ws/install/go2w_description:${AMENT_PREFIX_PATH} PYTHONPATH=/home/unitree/robotscene/ros2_ws/build/go2w_lidar_preprocessor/prefix_override:/home/unitree/robotscene/ros2_ws/install/go2w_lidar_preprocessor/lib/python3.8/site-packages:/home/unitree/robotscene/ros2_ws/build/go2w_description:/home/unitree/robotscene/ros2_ws/install/go2w_description/lib/python3.8/site-packages:${PYTHONPATH} /usr/bin/python3 setup.py develop --editable --build-directory /home/unitree/robotscene/ros2_ws/build/go2w_lidar_preprocessor/build --no-deps install_data
