running develop
running egg_info
creating go2w_rgb_lidar_fusion.egg-info
writing go2w_rgb_lidar_fusion.egg-info/PKG-INFO
writing dependency_links to go2w_rgb_lidar_fusion.egg-info/dependency_links.txt
writing entry points to go2w_rgb_lidar_fusion.egg-info/entry_points.txt
writing requirements to go2w_rgb_lidar_fusion.egg-info/requires.txt
writing top-level names to go2w_rgb_lidar_fusion.egg-info/top_level.txt
writing manifest file 'go2w_rgb_lidar_fusion.egg-info/SOURCES.txt'
reading manifest file 'go2w_rgb_lidar_fusion.egg-info/SOURCES.txt'
writing manifest file 'go2w_rgb_lidar_fusion.egg-info/SOURCES.txt'
running build_ext
Creating /home/unitree/robotscene/ros2_ws/install/go2w_rgb_lidar_fusion/lib/python3.8/site-packages/site.py
Creating /home/unitree/robotscene/ros2_ws/install/go2w_rgb_lidar_fusion/lib/python3.8/site-packages/go2w-rgb-lidar-fusion.egg-link (link to .)
Installing fusion_node script to /home/unitree/robotscene/ros2_ws/install/go2w_rgb_lidar_fusion/lib/go2w_rgb_lidar_fusion

Installed /home/unitree/robotscene/ros2_ws/build/go2w_rgb_lidar_fusion
running install_data
creating /home/unitree/robotscene/ros2_ws/install/go2w_rgb_lidar_fusion/share/ament_index
creating /home/unitree/robotscene/ros2_ws/install/go2w_rgb_lidar_fusion/share/ament_index/resource_index
creating /home/unitree/robotscene/ros2_ws/install/go2w_rgb_lidar_fusion/share/ament_index/resource_index/packages
copying resource/go2w_rgb_lidar_fusion -> /home/unitree/robotscene/ros2_ws/install/go2w_rgb_lidar_fusion/share/ament_index/resource_index/packages
copying package.xml -> /home/unitree/robotscene/ros2_ws/install/go2w_rgb_lidar_fusion/share/go2w_rgb_lidar_fusion
creating /home/unitree/robotscene/ros2_ws/install/go2w_rgb_lidar_fusion/share/go2w_rgb_lidar_fusion/launch
copying launch/fusion.launch.py -> /home/unitree/robotscene/ros2_ws/install/go2w_rgb_lidar_fusion/share/go2w_rgb_lidar_fusion/launch
