[0.659s] Invoking command in '/home/unitree/robotscene/ros2_ws/build/go2w_plain_slam_bridge': /usr/bin/cmake /home/unitree/robotscene/ros2_ws/src/go2w_plain_slam_bridge -DAMENT_CMAKE_SYMLINK_INSTALL=1 -DCMAKE_INSTALL_PREFIX=/home/unitree/robotscene/ros2_ws/install/go2w_plain_slam_bridge
[1.031s] -- The C compiler identification is GNU 9.4.0
[1.302s] -- The CXX compiler identification is GNU 9.4.0
[1.323s] -- Check for working C compiler: /usr/bin/cc
[1.854s] -- Check for working C compiler: /usr/bin/cc -- works
[1.868s] -- Detecting C compiler ABI info
[2.139s] -- Detecting C compiler ABI info - done
[2.154s] -- Detecting C compile features
[2.156s] -- Detecting C compile features - done
[2.171s] -- Check for working CXX compiler: /usr/bin/c++
[3.297s] -- Check for working CXX compiler: /usr/bin/c++ -- works
[3.297s] -- Detecting CXX compiler ABI info
[3.325s] -- Detecting CXX compiler ABI info - done
[3.362s] -- Detecting CXX compile features
[3.369s] -- Detecting CXX compile features - done
[3.404s] CMake Error at CMakeLists.txt:8 (find_package):
[3.404s]   By not providing "Findament_cmake.cmake" in CMAKE_MODULE_PATH this project
[3.404s]   has asked CMake to find a package configuration file provided by
[3.404s]   "ament_cmake", but CMake did not find one.
[3.404s] 
[3.405s]   Could not find a package configuration file provided by "ament_cmake" with
[3.405s]   any of the following names:
[3.405s] 
[3.405s]     ament_cmakeConfig.cmake
[3.405s]     ament_cmake-config.cmake
[3.405s] 
[3.405s]   Add the installation prefix of "ament_cmake" to CMAKE_PREFIX_PATH or set
[3.405s]   "ament_cmake_DIR" to a directory containing one of the above files.  If
[3.405s]   "ament_cmake" provides a separate development package or SDK, be sure it
[3.406s]   has been installed.
[3.406s] 
[3.406s] 
[3.406s] -- Configuring incomplete, errors occurred!
[3.406s] See also "/home/unitree/robotscene/ros2_ws/build/go2w_plain_slam_bridge/CMakeFiles/CMakeOutput.log".
