[4.546s] DEBUG:colcon:Command line arguments: ['/usr/bin/colcon', 'build', '--packages-up-to', 'go2w_motion_control', '--cmake-args', '-DCMAKE_BUILD_TYPE=Release']
[4.546s] DEBUG:colcon:Parsed command line arguments: Namespace(allow_overriding=[], ament_cmake_args=None, base_paths=['.'], build_base='build', catkin_cmake_args=None, catkin_skip_building_tests=False, cmake_args=['-DCMAKE_BUILD_TYPE=Release'], cmake_clean_cache=False, cmake_clean_first=False, cmake_force_configure=False, cmake_target=None, cmake_target_skip_unavailable=False, continue_on_error=False, event_handlers=None, executor='parallel', ignore_user_meta=False, install_base='install', log_base=None, log_level=None, main=<bound method BuildVerb.main of <colcon_core.verb.build.BuildVerb object at 0xffff95d85970>>, merge_install=False, metas=['./colcon.meta'], packages_above=None, packages_above_and_dependencies=None, packages_above_depth=None, packages_end=None, packages_ignore=None, packages_ignore_regex=None, packages_select=None, packages_select_build_failed=False, packages_select_by_dep=None, packages_select_regex=None, packages_select_test_failures=False, packages_skip=None, packages_skip_build_finished=False, packages_skip_by_dep=None, packages_skip_regex=None, packages_skip_test_passed=False, packages_skip_up_to=None, packages_start=None, packages_up_to=['go2w_motion_control'], packages_up_to_regex=None, parallel_workers=4, paths=None, symlink_install=False, test_result_base=None, verb_extension=<colcon_core.verb.build.BuildVerb object at 0xffff95d85970>, verb_name='build', verb_parser=<colcon_defaults.argument_parser.defaults.DefaultArgumentsDecorator object at 0xffff95a08e80>)
[4.755s] Level 1:colcon.colcon_core.package_discovery:discover_packages(colcon_meta) check parameters
[4.755s] Level 1:colcon.colcon_core.package_discovery:discover_packages(recursive) check parameters
[4.756s] Level 1:colcon.colcon_core.package_discovery:discover_packages(ignore) check parameters
[4.756s] Level 1:colcon.colcon_core.package_discovery:discover_packages(path) check parameters
[4.756s] Level 1:colcon.colcon_core.package_discovery:discover_packages(colcon_meta) discover
[4.756s] Level 1:colcon.colcon_core.package_discovery:discover_packages(recursive) discover
[4.756s] INFO:colcon.colcon_core.package_discovery:Crawling recursively for packages in '/home/unitree/robotscene/unitree_go2w_control/ros2_ws'
[4.756s] Level 1:colcon.colcon_core.package_identification:_identify(.) by extensions ['ignore', 'ignore_ament_install']
[4.756s] Level 1:colcon.colcon_core.package_identification:_identify(.) by extension 'ignore'
[4.757s] Level 1:colcon.colcon_core.package_identification:_identify(.) by extension 'ignore_ament_install'
[4.757s] Level 1:colcon.colcon_core.package_identification:_identify(.) by extensions ['colcon_pkg']
[4.757s] Level 1:colcon.colcon_core.package_identification:_identify(.) by extension 'colcon_pkg'
[4.757s] Level 1:colcon.colcon_core.package_identification:_identify(.) by extensions ['colcon_meta']
[4.757s] Level 1:colcon.colcon_core.package_identification:_identify(.) by extension 'colcon_meta'
[4.757s] Level 1:colcon.colcon_core.package_identification:_identify(.) by extensions ['ros']
[4.757s] Level 1:colcon.colcon_core.package_identification:_identify(.) by extension 'ros'
[4.784s] Level 1:colcon.colcon_core.package_identification:_identify(.) by extensions ['cmake', 'python']
[4.784s] Level 1:colcon.colcon_core.package_identification:_identify(.) by extension 'cmake'
[4.784s] Level 1:colcon.colcon_core.package_identification:_identify(.) by extension 'python'
[4.784s] Level 1:colcon.colcon_core.package_identification:_identify(.) by extensions ['python_setup_py']
[4.784s] Level 1:colcon.colcon_core.package_identification:_identify(.) by extension 'python_setup_py'
[4.785s] Level 1:colcon.colcon_core.package_identification:_identify(build) by extensions ['ignore', 'ignore_ament_install']
[4.785s] Level 1:colcon.colcon_core.package_identification:_identify(build) by extension 'ignore'
[4.785s] Level 1:colcon.colcon_core.package_identification:_identify(build) ignored
[4.785s] Level 1:colcon.colcon_core.package_identification:_identify(install) by extensions ['ignore', 'ignore_ament_install']
[4.786s] Level 1:colcon.colcon_core.package_identification:_identify(install) by extension 'ignore'
[4.786s] Level 1:colcon.colcon_core.package_identification:_identify(install) ignored
[4.786s] Level 1:colcon.colcon_core.package_identification:_identify(log) by extensions ['ignore', 'ignore_ament_install']
[4.786s] Level 1:colcon.colcon_core.package_identification:_identify(log) by extension 'ignore'
[4.786s] Level 1:colcon.colcon_core.package_identification:_identify(log) ignored
[4.786s] Level 1:colcon.colcon_core.package_identification:_identify(src) by extensions ['ignore', 'ignore_ament_install']
[4.787s] Level 1:colcon.colcon_core.package_identification:_identify(src) by extension 'ignore'
[4.787s] Level 1:colcon.colcon_core.package_identification:_identify(src) by extension 'ignore_ament_install'
[4.787s] Level 1:colcon.colcon_core.package_identification:_identify(src) by extensions ['colcon_pkg']
[4.787s] Level 1:colcon.colcon_core.package_identification:_identify(src) by extension 'colcon_pkg'
[4.787s] Level 1:colcon.colcon_core.package_identification:_identify(src) by extensions ['colcon_meta']
[4.787s] Level 1:colcon.colcon_core.package_identification:_identify(src) by extension 'colcon_meta'
[4.787s] Level 1:colcon.colcon_core.package_identification:_identify(src) by extensions ['ros']
[4.787s] Level 1:colcon.colcon_core.package_identification:_identify(src) by extension 'ros'
[4.787s] Level 1:colcon.colcon_core.package_identification:_identify(src) by extensions ['cmake', 'python']
[4.787s] Level 1:colcon.colcon_core.package_identification:_identify(src) by extension 'cmake'
[4.787s] Level 1:colcon.colcon_core.package_identification:_identify(src) by extension 'python'
[4.788s] Level 1:colcon.colcon_core.package_identification:_identify(src) by extensions ['python_setup_py']
[4.788s] Level 1:colcon.colcon_core.package_identification:_identify(src) by extension 'python_setup_py'
[4.788s] Level 1:colcon.colcon_core.package_identification:_identify(src/go2w_motion_control) by extensions ['ignore', 'ignore_ament_install']
[4.788s] Level 1:colcon.colcon_core.package_identification:_identify(src/go2w_motion_control) by extension 'ignore'
[4.788s] Level 1:colcon.colcon_core.package_identification:_identify(src/go2w_motion_control) by extension 'ignore_ament_install'
[4.788s] Level 1:colcon.colcon_core.package_identification:_identify(src/go2w_motion_control) by extensions ['colcon_pkg']
[4.788s] Level 1:colcon.colcon_core.package_identification:_identify(src/go2w_motion_control) by extension 'colcon_pkg'
[4.788s] Level 1:colcon.colcon_core.package_identification:_identify(src/go2w_motion_control) by extensions ['colcon_meta']
[4.788s] Level 1:colcon.colcon_core.package_identification:_identify(src/go2w_motion_control) by extension 'colcon_meta'
[4.789s] Level 1:colcon.colcon_core.package_identification:_identify(src/go2w_motion_control) by extensions ['ros']
[4.789s] Level 1:colcon.colcon_core.package_identification:_identify(src/go2w_motion_control) by extension 'ros'
[4.795s] DEBUG:colcon.colcon_core.package_identification:Package 'src/go2w_motion_control' with type 'ros.ament_cmake' and name 'go2w_motion_control'
[4.795s] Level 1:colcon.colcon_core.package_identification:_identify(src/go2w_motion_interfaces) by extensions ['ignore', 'ignore_ament_install']
[4.796s] Level 1:colcon.colcon_core.package_identification:_identify(src/go2w_motion_interfaces) by extension 'ignore'
[4.796s] Level 1:colcon.colcon_core.package_identification:_identify(src/go2w_motion_interfaces) by extension 'ignore_ament_install'
[4.796s] Level 1:colcon.colcon_core.package_identification:_identify(src/go2w_motion_interfaces) by extensions ['colcon_pkg']
[4.796s] Level 1:colcon.colcon_core.package_identification:_identify(src/go2w_motion_interfaces) by extension 'colcon_pkg'
[4.796s] Level 1:colcon.colcon_core.package_identification:_identify(src/go2w_motion_interfaces) by extensions ['colcon_meta']
[4.796s] Level 1:colcon.colcon_core.package_identification:_identify(src/go2w_motion_interfaces) by extension 'colcon_meta'
[4.796s] Level 1:colcon.colcon_core.package_identification:_identify(src/go2w_motion_interfaces) by extensions ['ros']
[4.796s] Level 1:colcon.colcon_core.package_identification:_identify(src/go2w_motion_interfaces) by extension 'ros'
[4.797s] DEBUG:colcon.colcon_core.package_identification:Package 'src/go2w_motion_interfaces' with type 'ros.ament_cmake' and name 'go2w_motion_interfaces'
[4.798s] Level 1:colcon.colcon_core.package_identification:_identify(src/safe_go2w_control) by extensions ['ignore', 'ignore_ament_install']
[4.798s] Level 1:colcon.colcon_core.package_identification:_identify(src/safe_go2w_control) by extension 'ignore'
[4.798s] Level 1:colcon.colcon_core.package_identification:_identify(src/safe_go2w_control) by extension 'ignore_ament_install'
[4.798s] Level 1:colcon.colcon_core.package_identification:_identify(src/safe_go2w_control) by extensions ['colcon_pkg']
[4.798s] Level 1:colcon.colcon_core.package_identification:_identify(src/safe_go2w_control) by extension 'colcon_pkg'
[4.798s] Level 1:colcon.colcon_core.package_identification:_identify(src/safe_go2w_control) by extensions ['colcon_meta']
[4.798s] Level 1:colcon.colcon_core.package_identification:_identify(src/safe_go2w_control) by extension 'colcon_meta'
[4.799s] Level 1:colcon.colcon_core.package_identification:_identify(src/safe_go2w_control) by extensions ['ros']
[4.799s] Level 1:colcon.colcon_core.package_identification:_identify(src/safe_go2w_control) by extension 'ros'
[4.800s] DEBUG:colcon.colcon_core.package_identification:Package 'src/safe_go2w_control' with type 'ros.ament_cmake' and name 'safe_go2w_control'
[4.800s] Level 1:colcon.colcon_core.package_discovery:discover_packages(recursive) using defaults
[4.800s] Level 1:colcon.colcon_core.package_discovery:discover_packages(ignore) discover
[4.800s] Level 1:colcon.colcon_core.package_discovery:discover_packages(ignore) using defaults
[4.800s] Level 1:colcon.colcon_core.package_discovery:discover_packages(path) discover
[4.801s] Level 1:colcon.colcon_core.package_discovery:discover_packages(path) using defaults
[5.096s] INFO:colcon.colcon_core.package_selection:Skipping package 'safe_go2w_control' in 'src/safe_go2w_control'
[5.254s] Level 1:colcon.colcon_core.package_discovery:discover_packages(prefix_path) check parameters
[5.254s] Level 1:colcon.colcon_core.package_discovery:discover_packages(prefix_path) discover
[5.419s] DEBUG:colcon.colcon_installed_package_information.package_discovery:Found 3 installed packages in /home/unitree/robotscene/external/unitree_ros2/cyclonedds_ws/install
[5.500s] DEBUG:colcon.colcon_installed_package_information.package_discovery:Found 297 installed packages in /opt/ros/foxy
[5.503s] Level 1:colcon.colcon_core.package_discovery:discover_packages(prefix_path) using defaults
[5.825s] Level 5:colcon.colcon_core.verb:set package 'go2w_motion_interfaces' build argument 'cmake_args' from command line to '['-DCMAKE_BUILD_TYPE=Release']'
[5.826s] Level 5:colcon.colcon_core.verb:set package 'go2w_motion_interfaces' build argument 'cmake_target' from command line to 'None'
[5.826s] Level 5:colcon.colcon_core.verb:set package 'go2w_motion_interfaces' build argument 'cmake_target_skip_unavailable' from command line to 'False'
[5.826s] Level 5:colcon.colcon_core.verb:set package 'go2w_motion_interfaces' build argument 'cmake_clean_cache' from command line to 'False'
[5.826s] Level 5:colcon.colcon_core.verb:set package 'go2w_motion_interfaces' build argument 'cmake_clean_first' from command line to 'False'
[5.826s] Level 5:colcon.colcon_core.verb:set package 'go2w_motion_interfaces' build argument 'cmake_force_configure' from command line to 'False'
[5.826s] Level 5:colcon.colcon_core.verb:set package 'go2w_motion_interfaces' build argument 'ament_cmake_args' from command line to 'None'
[5.826s] Level 5:colcon.colcon_core.verb:set package 'go2w_motion_interfaces' build argument 'catkin_cmake_args' from command line to 'None'
[5.826s] Level 5:colcon.colcon_core.verb:set package 'go2w_motion_interfaces' build argument 'catkin_skip_building_tests' from command line to 'False'
[5.826s] DEBUG:colcon.colcon_core.verb:Building package 'go2w_motion_interfaces' with the following arguments: {'ament_cmake_args': None, 'build_base': '/home/unitree/robotscene/unitree_go2w_control/ros2_ws/build/go2w_motion_interfaces', 'catkin_cmake_args': None, 'catkin_skip_building_tests': False, 'cmake_args': ['-DCMAKE_BUILD_TYPE=Release'], 'cmake_clean_cache': False, 'cmake_clean_first': False, 'cmake_force_configure': False, 'cmake_target': None, 'cmake_target_skip_unavailable': False, 'install_base': '/home/unitree/robotscene/unitree_go2w_control/ros2_ws/install/go2w_motion_interfaces', 'merge_install': False, 'path': '/home/unitree/robotscene/unitree_go2w_control/ros2_ws/src/go2w_motion_interfaces', 'symlink_install': False, 'test_result_base': None}
[5.899s] Level 5:colcon.colcon_core.verb:set package 'go2w_motion_control' build argument 'cmake_args' from command line to '['-DCMAKE_BUILD_TYPE=Release']'
[5.899s] Level 5:colcon.colcon_core.verb:set package 'go2w_motion_control' build argument 'cmake_target' from command line to 'None'
[5.899s] Level 5:colcon.colcon_core.verb:set package 'go2w_motion_control' build argument 'cmake_target_skip_unavailable' from command line to 'False'
[5.899s] Level 5:colcon.colcon_core.verb:set package 'go2w_motion_control' build argument 'cmake_clean_cache' from command line to 'False'
[5.899s] Level 5:colcon.colcon_core.verb:set package 'go2w_motion_control' build argument 'cmake_clean_first' from command line to 'False'
[5.899s] Level 5:colcon.colcon_core.verb:set package 'go2w_motion_control' build argument 'cmake_force_configure' from command line to 'False'
[5.899s] Level 5:colcon.colcon_core.verb:set package 'go2w_motion_control' build argument 'ament_cmake_args' from command line to 'None'
[5.899s] Level 5:colcon.colcon_core.verb:set package 'go2w_motion_control' build argument 'catkin_cmake_args' from command line to 'None'
[5.899s] Level 5:colcon.colcon_core.verb:set package 'go2w_motion_control' build argument 'catkin_skip_building_tests' from command line to 'False'
[5.899s] DEBUG:colcon.colcon_core.verb:Building package 'go2w_motion_control' with the following arguments: {'ament_cmake_args': None, 'build_base': '/home/unitree/robotscene/unitree_go2w_control/ros2_ws/build/go2w_motion_control', 'catkin_cmake_args': None, 'catkin_skip_building_tests': False, 'cmake_args': ['-DCMAKE_BUILD_TYPE=Release'], 'cmake_clean_cache': False, 'cmake_clean_first': False, 'cmake_force_configure': False, 'cmake_target': None, 'cmake_target_skip_unavailable': False, 'install_base': '/home/unitree/robotscene/unitree_go2w_control/ros2_ws/install/go2w_motion_control', 'merge_install': False, 'path': '/home/unitree/robotscene/unitree_go2w_control/ros2_ws/src/go2w_motion_control', 'symlink_install': False, 'test_result_base': None}
[5.971s] INFO:colcon.colcon_core.executor:Executing jobs using 'parallel' executor
[6.081s] DEBUG:colcon.colcon_parallel_executor.executor.parallel:run_until_complete
[6.082s] INFO:colcon.colcon_ros.task.ament_cmake.build:Building ROS package in '/home/unitree/robotscene/unitree_go2w_control/ros2_ws/src/go2w_motion_interfaces' with build type 'ament_cmake'
[6.082s] INFO:colcon.colcon_cmake.task.cmake.build:Building CMake package in '/home/unitree/robotscene/unitree_go2w_control/ros2_ws/src/go2w_motion_interfaces'
[6.162s] INFO:colcon.colcon_core.plugin_system:Skipping extension 'colcon_core.shell.bat': Not used on non-Windows systems
[6.163s] INFO:colcon.colcon_core.shell:Skip shell extension 'powershell' for command environment: Not usable outside of PowerShell
[6.163s] DEBUG:colcon.colcon_core.shell:Skip shell extension 'dsv' for command environment
[6.402s] DEBUG:colcon.colcon_core.event_handler.log_command:Invoking command in '/home/unitree/robotscene/unitree_go2w_control/ros2_ws/build/go2w_motion_interfaces': CMAKE_PREFIX_PATH=${CMAKE_PREFIX_PATH}:/opt/ros/foxy /usr/bin/cmake --build /home/unitree/robotscene/unitree_go2w_control/ros2_ws/build/go2w_motion_interfaces -- -j4 -l4
[6.923s] DEBUG:colcon.colcon_core.event_handler.log_command:Invoked command in '/home/unitree/robotscene/unitree_go2w_control/ros2_ws/build/go2w_motion_interfaces' returned '0': CMAKE_PREFIX_PATH=${CMAKE_PREFIX_PATH}:/opt/ros/foxy /usr/bin/cmake --build /home/unitree/robotscene/unitree_go2w_control/ros2_ws/build/go2w_motion_interfaces -- -j4 -l4
[7.038s] DEBUG:colcon.colcon_core.event_handler.log_command:Invoking command in '/home/unitree/robotscene/unitree_go2w_control/ros2_ws/build/go2w_motion_interfaces': CMAKE_PREFIX_PATH=${CMAKE_PREFIX_PATH}:/opt/ros/foxy /usr/bin/cmake --install /home/unitree/robotscene/unitree_go2w_control/ros2_ws/build/go2w_motion_interfaces
[7.162s] Level 1:colcon.colcon_core.environment:create_environment_scripts_only(go2w_motion_interfaces)
[7.163s] DEBUG:colcon.colcon_core.event_handler.log_command:Invoked command in '/home/unitree/robotscene/unitree_go2w_control/ros2_ws/build/go2w_motion_interfaces' returned '0': CMAKE_PREFIX_PATH=${CMAKE_PREFIX_PATH}:/opt/ros/foxy /usr/bin/cmake --install /home/unitree/robotscene/unitree_go2w_control/ros2_ws/build/go2w_motion_interfaces
[7.256s] Level 1:colcon.colcon_core.environment:checking '/home/unitree/robotscene/unitree_go2w_control/ros2_ws/install/go2w_motion_interfaces' for CMake module files
[7.258s] Level 1:colcon.colcon_core.environment:checking '/home/unitree/robotscene/unitree_go2w_control/ros2_ws/install/go2w_motion_interfaces' for CMake config files
[7.259s] Level 1:colcon.colcon_core.shell:create_environment_hook('go2w_motion_interfaces', 'cmake_prefix_path')
[7.341s] INFO:colcon.colcon_core.shell:Creating environment hook '/home/unitree/robotscene/unitree_go2w_control/ros2_ws/install/go2w_motion_interfaces/share/go2w_motion_interfaces/hook/cmake_prefix_path.ps1'
[7.343s] INFO:colcon.colcon_core.shell:Creating environment descriptor '/home/unitree/robotscene/unitree_go2w_control/ros2_ws/install/go2w_motion_interfaces/share/go2w_motion_interfaces/hook/cmake_prefix_path.dsv'
[7.344s] INFO:colcon.colcon_core.shell:Creating environment hook '/home/unitree/robotscene/unitree_go2w_control/ros2_ws/install/go2w_motion_interfaces/share/go2w_motion_interfaces/hook/cmake_prefix_path.sh'
[7.346s] Level 1:colcon.colcon_core.environment:checking '/home/unitree/robotscene/unitree_go2w_control/ros2_ws/install/go2w_motion_interfaces/lib'
[7.347s] Level 1:colcon.colcon_core.shell:create_environment_hook('go2w_motion_interfaces', 'ld_library_path_lib')
[7.429s] INFO:colcon.colcon_core.shell:Creating environment hook '/home/unitree/robotscene/unitree_go2w_control/ros2_ws/install/go2w_motion_interfaces/share/go2w_motion_interfaces/hook/ld_library_path_lib.ps1'
[7.431s] INFO:colcon.colcon_core.shell:Creating environment descriptor '/home/unitree/robotscene/unitree_go2w_control/ros2_ws/install/go2w_motion_interfaces/share/go2w_motion_interfaces/hook/ld_library_path_lib.dsv'
[7.431s] INFO:colcon.colcon_core.shell:Creating environment hook '/home/unitree/robotscene/unitree_go2w_control/ros2_ws/install/go2w_motion_interfaces/share/go2w_motion_interfaces/hook/ld_library_path_lib.sh'
[7.432s] Level 1:colcon.colcon_core.environment:checking '/home/unitree/robotscene/unitree_go2w_control/ros2_ws/install/go2w_motion_interfaces/bin'
[7.432s] Level 1:colcon.colcon_core.environment:checking '/home/unitree/robotscene/unitree_go2w_control/ros2_ws/install/go2w_motion_interfaces/lib/pkgconfig/go2w_motion_interfaces.pc'
[7.433s] Level 1:colcon.colcon_core.environment:checking '/home/unitree/robotscene/unitree_go2w_control/ros2_ws/install/go2w_motion_interfaces/lib/python3.8/site-packages'
[7.433s] Level 1:colcon.colcon_core.shell:create_environment_hook('go2w_motion_interfaces', 'pythonpath')
[7.516s] INFO:colcon.colcon_core.shell:Creating environment hook '/home/unitree/robotscene/unitree_go2w_control/ros2_ws/install/go2w_motion_interfaces/share/go2w_motion_interfaces/hook/pythonpath.ps1'
[7.517s] INFO:colcon.colcon_core.shell:Creating environment descriptor '/home/unitree/robotscene/unitree_go2w_control/ros2_ws/install/go2w_motion_interfaces/share/go2w_motion_interfaces/hook/pythonpath.dsv'
[7.517s] INFO:colcon.colcon_core.shell:Creating environment hook '/home/unitree/robotscene/unitree_go2w_control/ros2_ws/install/go2w_motion_interfaces/share/go2w_motion_interfaces/hook/pythonpath.sh'
[7.519s] Level 1:colcon.colcon_core.environment:checking '/home/unitree/robotscene/unitree_go2w_control/ros2_ws/install/go2w_motion_interfaces/bin'
[7.595s] INFO:colcon.colcon_core.shell:Creating package script '/home/unitree/robotscene/unitree_go2w_control/ros2_ws/install/go2w_motion_interfaces/share/go2w_motion_interfaces/package.ps1'
[7.597s] INFO:colcon.colcon_core.shell:Creating package descriptor '/home/unitree/robotscene/unitree_go2w_control/ros2_ws/install/go2w_motion_interfaces/share/go2w_motion_interfaces/package.dsv'
[7.598s] INFO:colcon.colcon_core.shell:Creating package script '/home/unitree/robotscene/unitree_go2w_control/ros2_ws/install/go2w_motion_interfaces/share/go2w_motion_interfaces/package.sh'
[7.599s] INFO:colcon.colcon_core.shell:Creating package script '/home/unitree/robotscene/unitree_go2w_control/ros2_ws/install/go2w_motion_interfaces/share/go2w_motion_interfaces/package.bash'
[7.601s] INFO:colcon.colcon_core.shell:Creating package script '/home/unitree/robotscene/unitree_go2w_control/ros2_ws/install/go2w_motion_interfaces/share/go2w_motion_interfaces/package.zsh'
[7.602s] Level 1:colcon.colcon_core.environment:create_file_with_runtime_dependencies(/home/unitree/robotscene/unitree_go2w_control/ros2_ws/install/go2w_motion_interfaces/share/colcon-core/packages/go2w_motion_interfaces)
[7.770s] Level 1:colcon.colcon_core.environment:create_environment_scripts_only(go2w_motion_interfaces)
[7.844s] Level 1:colcon.colcon_core.environment:checking '/home/unitree/robotscene/unitree_go2w_control/ros2_ws/install/go2w_motion_interfaces' for CMake module files
[7.845s] Level 1:colcon.colcon_core.environment:checking '/home/unitree/robotscene/unitree_go2w_control/ros2_ws/install/go2w_motion_interfaces' for CMake config files
[7.846s] Level 1:colcon.colcon_core.shell:create_environment_hook('go2w_motion_interfaces', 'cmake_prefix_path')
[7.920s] INFO:colcon.colcon_core.shell:Creating environment hook '/home/unitree/robotscene/unitree_go2w_control/ros2_ws/install/go2w_motion_interfaces/share/go2w_motion_interfaces/hook/cmake_prefix_path.ps1'
[7.921s] INFO:colcon.colcon_core.shell:Creating environment descriptor '/home/unitree/robotscene/unitree_go2w_control/ros2_ws/install/go2w_motion_interfaces/share/go2w_motion_interfaces/hook/cmake_prefix_path.dsv'
[7.922s] INFO:colcon.colcon_core.shell:Creating environment hook '/home/unitree/robotscene/unitree_go2w_control/ros2_ws/install/go2w_motion_interfaces/share/go2w_motion_interfaces/hook/cmake_prefix_path.sh'
[7.923s] Level 1:colcon.colcon_core.environment:checking '/home/unitree/robotscene/unitree_go2w_control/ros2_ws/install/go2w_motion_interfaces/lib'
[7.923s] Level 1:colcon.colcon_core.shell:create_environment_hook('go2w_motion_interfaces', 'ld_library_path_lib')
[7.996s] INFO:colcon.colcon_core.shell:Creating environment hook '/home/unitree/robotscene/unitree_go2w_control/ros2_ws/install/go2w_motion_interfaces/share/go2w_motion_interfaces/hook/ld_library_path_lib.ps1'
[7.997s] INFO:colcon.colcon_core.shell:Creating environment descriptor '/home/unitree/robotscene/unitree_go2w_control/ros2_ws/install/go2w_motion_interfaces/share/go2w_motion_interfaces/hook/ld_library_path_lib.dsv'
[7.998s] INFO:colcon.colcon_core.shell:Creating environment hook '/home/unitree/robotscene/unitree_go2w_control/ros2_ws/install/go2w_motion_interfaces/share/go2w_motion_interfaces/hook/ld_library_path_lib.sh'
[7.999s] Level 1:colcon.colcon_core.environment:checking '/home/unitree/robotscene/unitree_go2w_control/ros2_ws/install/go2w_motion_interfaces/bin'
[7.999s] Level 1:colcon.colcon_core.environment:checking '/home/unitree/robotscene/unitree_go2w_control/ros2_ws/install/go2w_motion_interfaces/lib/pkgconfig/go2w_motion_interfaces.pc'
[7.999s] Level 1:colcon.colcon_core.environment:checking '/home/unitree/robotscene/unitree_go2w_control/ros2_ws/install/go2w_motion_interfaces/lib/python3.8/site-packages'
[8.000s] Level 1:colcon.colcon_core.shell:create_environment_hook('go2w_motion_interfaces', 'pythonpath')
[8.074s] INFO:colcon.colcon_core.shell:Creating environment hook '/home/unitree/robotscene/unitree_go2w_control/ros2_ws/install/go2w_motion_interfaces/share/go2w_motion_interfaces/hook/pythonpath.ps1'
[8.076s] INFO:colcon.colcon_core.shell:Creating environment descriptor '/home/unitree/robotscene/unitree_go2w_control/ros2_ws/install/go2w_motion_interfaces/share/go2w_motion_interfaces/hook/pythonpath.dsv'
[8.076s] INFO:colcon.colcon_core.shell:Creating environment hook '/home/unitree/robotscene/unitree_go2w_control/ros2_ws/install/go2w_motion_interfaces/share/go2w_motion_interfaces/hook/pythonpath.sh'
[8.077s] Level 1:colcon.colcon_core.environment:checking '/home/unitree/robotscene/unitree_go2w_control/ros2_ws/install/go2w_motion_interfaces/bin'
[8.151s] INFO:colcon.colcon_core.shell:Creating package script '/home/unitree/robotscene/unitree_go2w_control/ros2_ws/install/go2w_motion_interfaces/share/go2w_motion_interfaces/package.ps1'
[8.153s] INFO:colcon.colcon_core.shell:Creating package descriptor '/home/unitree/robotscene/unitree_go2w_control/ros2_ws/install/go2w_motion_interfaces/share/go2w_motion_interfaces/package.dsv'
[8.154s] INFO:colcon.colcon_core.shell:Creating package script '/home/unitree/robotscene/unitree_go2w_control/ros2_ws/install/go2w_motion_interfaces/share/go2w_motion_interfaces/package.sh'
[8.155s] INFO:colcon.colcon_core.shell:Creating package script '/home/unitree/robotscene/unitree_go2w_control/ros2_ws/install/go2w_motion_interfaces/share/go2w_motion_interfaces/package.bash'
[8.156s] INFO:colcon.colcon_core.shell:Creating package script '/home/unitree/robotscene/unitree_go2w_control/ros2_ws/install/go2w_motion_interfaces/share/go2w_motion_interfaces/package.zsh'
[8.156s] Level 1:colcon.colcon_core.environment:create_file_with_runtime_dependencies(/home/unitree/robotscene/unitree_go2w_control/ros2_ws/install/go2w_motion_interfaces/share/colcon-core/packages/go2w_motion_interfaces)
[8.158s] INFO:colcon.colcon_ros.task.ament_cmake.build:Building ROS package in '/home/unitree/robotscene/unitree_go2w_control/ros2_ws/src/go2w_motion_control' with build type 'ament_cmake'
[8.158s] INFO:colcon.colcon_cmake.task.cmake.build:Building CMake package in '/home/unitree/robotscene/unitree_go2w_control/ros2_ws/src/go2w_motion_control'
[8.233s] INFO:colcon.colcon_core.shell:Skip shell extension 'powershell' for command environment: Not usable outside of PowerShell
[8.233s] DEBUG:colcon.colcon_core.shell:Skip shell extension 'dsv' for command environment
[8.478s] DEBUG:colcon.colcon_core.event_handler.log_command:Invoking command in '/home/unitree/robotscene/unitree_go2w_control/ros2_ws/build/go2w_motion_control': AMENT_PREFIX_PATH=/home/unitree/robotscene/unitree_go2w_control/ros2_ws/install/go2w_motion_interfaces:${AMENT_PREFIX_PATH} CMAKE_PREFIX_PATH=/home/unitree/robotscene/unitree_go2w_control/ros2_ws/install/go2w_motion_interfaces:/home/unitree/robotscene/external/unitree_ros2/cyclonedds_ws/install/unitree_hg:/home/unitree/robotscene/external/unitree_ros2/cyclonedds_ws/install/unitree_go:/home/unitree/robotscene/external/unitree_ros2/cyclonedds_ws/install/unitree_api:/opt/ros/foxy LD_LIBRARY_PATH=/home/unitree/robotscene/unitree_go2w_control/ros2_ws/install/go2w_motion_interfaces/lib:${LD_LIBRARY_PATH} PYTHONPATH=/home/unitree/robotscene/unitree_go2w_control/ros2_ws/install/go2w_motion_interfaces/lib/python3.8/site-packages:${PYTHONPATH} /usr/bin/cmake --build /home/unitree/robotscene/unitree_go2w_control/ros2_ws/build/go2w_motion_control -- -j4 -l4
[8.783s] DEBUG:colcon.colcon_core.event_handler.log_command:Invoked command in '/home/unitree/robotscene/unitree_go2w_control/ros2_ws/build/go2w_motion_control' returned '0': AMENT_PREFIX_PATH=/home/unitree/robotscene/unitree_go2w_control/ros2_ws/install/go2w_motion_interfaces:${AMENT_PREFIX_PATH} CMAKE_PREFIX_PATH=/home/unitree/robotscene/unitree_go2w_control/ros2_ws/install/go2w_motion_interfaces:/home/unitree/robotscene/external/unitree_ros2/cyclonedds_ws/install/unitree_hg:/home/unitree/robotscene/external/unitree_ros2/cyclonedds_ws/install/unitree_go:/home/unitree/robotscene/external/unitree_ros2/cyclonedds_ws/install/unitree_api:/opt/ros/foxy LD_LIBRARY_PATH=/home/unitree/robotscene/unitree_go2w_control/ros2_ws/install/go2w_motion_interfaces/lib:${LD_LIBRARY_PATH} PYTHONPATH=/home/unitree/robotscene/unitree_go2w_control/ros2_ws/install/go2w_motion_interfaces/lib/python3.8/site-packages:${PYTHONPATH} /usr/bin/cmake --build /home/unitree/robotscene/unitree_go2w_control/ros2_ws/build/go2w_motion_control -- -j4 -l4
[8.857s] DEBUG:colcon.colcon_core.event_handler.log_command:Invoking command in '/home/unitree/robotscene/unitree_go2w_control/ros2_ws/build/go2w_motion_control': AMENT_PREFIX_PATH=/home/unitree/robotscene/unitree_go2w_control/ros2_ws/install/go2w_motion_interfaces:${AMENT_PREFIX_PATH} CMAKE_PREFIX_PATH=/home/unitree/robotscene/unitree_go2w_control/ros2_ws/install/go2w_motion_interfaces:/home/unitree/robotscene/external/unitree_ros2/cyclonedds_ws/install/unitree_hg:/home/unitree/robotscene/external/unitree_ros2/cyclonedds_ws/install/unitree_go:/home/unitree/robotscene/external/unitree_ros2/cyclonedds_ws/install/unitree_api:/opt/ros/foxy LD_LIBRARY_PATH=/home/unitree/robotscene/unitree_go2w_control/ros2_ws/install/go2w_motion_interfaces/lib:${LD_LIBRARY_PATH} PYTHONPATH=/home/unitree/robotscene/unitree_go2w_control/ros2_ws/install/go2w_motion_interfaces/lib/python3.8/site-packages:${PYTHONPATH} /usr/bin/cmake --install /home/unitree/robotscene/unitree_go2w_control/ros2_ws/build/go2w_motion_control
[8.887s] Level 1:colcon.colcon_core.environment:create_environment_scripts_only(go2w_motion_control)
[8.888s] DEBUG:colcon.colcon_core.event_handler.log_command:Invoked command in '/home/unitree/robotscene/unitree_go2w_control/ros2_ws/build/go2w_motion_control' returned '0': AMENT_PREFIX_PATH=/home/unitree/robotscene/unitree_go2w_control/ros2_ws/install/go2w_motion_interfaces:${AMENT_PREFIX_PATH} CMAKE_PREFIX_PATH=/home/unitree/robotscene/unitree_go2w_control/ros2_ws/install/go2w_motion_interfaces:/home/unitree/robotscene/external/unitree_ros2/cyclonedds_ws/install/unitree_hg:/home/unitree/robotscene/external/unitree_ros2/cyclonedds_ws/install/unitree_go:/home/unitree/robotscene/external/unitree_ros2/cyclonedds_ws/install/unitree_api:/opt/ros/foxy LD_LIBRARY_PATH=/home/unitree/robotscene/unitree_go2w_control/ros2_ws/install/go2w_motion_interfaces/lib:${LD_LIBRARY_PATH} PYTHONPATH=/home/unitree/robotscene/unitree_go2w_control/ros2_ws/install/go2w_motion_interfaces/lib/python3.8/site-packages:${PYTHONPATH} /usr/bin/cmake --install /home/unitree/robotscene/unitree_go2w_control/ros2_ws/build/go2w_motion_control
[8.964s] Level 1:colcon.colcon_core.environment:checking '/home/unitree/robotscene/unitree_go2w_control/ros2_ws/install/go2w_motion_control' for CMake module files
[8.965s] Level 1:colcon.colcon_core.environment:checking '/home/unitree/robotscene/unitree_go2w_control/ros2_ws/install/go2w_motion_control' for CMake config files
[8.966s] Level 1:colcon.colcon_core.shell:create_environment_hook('go2w_motion_control', 'cmake_prefix_path')
[9.041s] INFO:colcon.colcon_core.shell:Creating environment hook '/home/unitree/robotscene/unitree_go2w_control/ros2_ws/install/go2w_motion_control/share/go2w_motion_control/hook/cmake_prefix_path.ps1'
[9.043s] INFO:colcon.colcon_core.shell:Creating environment descriptor '/home/unitree/robotscene/unitree_go2w_control/ros2_ws/install/go2w_motion_control/share/go2w_motion_control/hook/cmake_prefix_path.dsv'
[9.044s] INFO:colcon.colcon_core.shell:Creating environment hook '/home/unitree/robotscene/unitree_go2w_control/ros2_ws/install/go2w_motion_control/share/go2w_motion_control/hook/cmake_prefix_path.sh'
[9.045s] Level 1:colcon.colcon_core.environment:checking '/home/unitree/robotscene/unitree_go2w_control/ros2_ws/install/go2w_motion_control/lib'
[9.046s] Level 1:colcon.colcon_core.environment:checking '/home/unitree/robotscene/unitree_go2w_control/ros2_ws/install/go2w_motion_control/bin'
[9.046s] Level 1:colcon.colcon_core.environment:checking '/home/unitree/robotscene/unitree_go2w_control/ros2_ws/install/go2w_motion_control/lib/pkgconfig/go2w_motion_control.pc'
[9.047s] Level 1:colcon.colcon_core.environment:checking '/home/unitree/robotscene/unitree_go2w_control/ros2_ws/install/go2w_motion_control/lib/python3.8/site-packages'
[9.047s] Level 1:colcon.colcon_core.environment:checking '/home/unitree/robotscene/unitree_go2w_control/ros2_ws/install/go2w_motion_control/bin'
[9.122s] INFO:colcon.colcon_core.shell:Creating package script '/home/unitree/robotscene/unitree_go2w_control/ros2_ws/install/go2w_motion_control/share/go2w_motion_control/package.ps1'
[9.124s] INFO:colcon.colcon_core.shell:Creating package descriptor '/home/unitree/robotscene/unitree_go2w_control/ros2_ws/install/go2w_motion_control/share/go2w_motion_control/package.dsv'
[9.125s] INFO:colcon.colcon_core.shell:Creating package script '/home/unitree/robotscene/unitree_go2w_control/ros2_ws/install/go2w_motion_control/share/go2w_motion_control/package.sh'
[9.125s] INFO:colcon.colcon_core.shell:Creating package script '/home/unitree/robotscene/unitree_go2w_control/ros2_ws/install/go2w_motion_control/share/go2w_motion_control/package.bash'
[9.126s] INFO:colcon.colcon_core.shell:Creating package script '/home/unitree/robotscene/unitree_go2w_control/ros2_ws/install/go2w_motion_control/share/go2w_motion_control/package.zsh'
[9.127s] Level 1:colcon.colcon_core.environment:create_file_with_runtime_dependencies(/home/unitree/robotscene/unitree_go2w_control/ros2_ws/install/go2w_motion_control/share/colcon-core/packages/go2w_motion_control)
[9.276s] Level 1:colcon.colcon_core.environment:create_environment_scripts_only(go2w_motion_control)
[9.349s] Level 1:colcon.colcon_core.environment:checking '/home/unitree/robotscene/unitree_go2w_control/ros2_ws/install/go2w_motion_control' for CMake module files
[9.350s] Level 1:colcon.colcon_core.environment:checking '/home/unitree/robotscene/unitree_go2w_control/ros2_ws/install/go2w_motion_control' for CMake config files
[9.351s] Level 1:colcon.colcon_core.shell:create_environment_hook('go2w_motion_control', 'cmake_prefix_path')
[9.424s] INFO:colcon.colcon_core.shell:Creating environment hook '/home/unitree/robotscene/unitree_go2w_control/ros2_ws/install/go2w_motion_control/share/go2w_motion_control/hook/cmake_prefix_path.ps1'
[9.426s] INFO:colcon.colcon_core.shell:Creating environment descriptor '/home/unitree/robotscene/unitree_go2w_control/ros2_ws/install/go2w_motion_control/share/go2w_motion_control/hook/cmake_prefix_path.dsv'
[9.426s] INFO:colcon.colcon_core.shell:Creating environment hook '/home/unitree/robotscene/unitree_go2w_control/ros2_ws/install/go2w_motion_control/share/go2w_motion_control/hook/cmake_prefix_path.sh'
[9.427s] Level 1:colcon.colcon_core.environment:checking '/home/unitree/robotscene/unitree_go2w_control/ros2_ws/install/go2w_motion_control/lib'
[9.428s] Level 1:colcon.colcon_core.environment:checking '/home/unitree/robotscene/unitree_go2w_control/ros2_ws/install/go2w_motion_control/bin'
[9.428s] Level 1:colcon.colcon_core.environment:checking '/home/unitree/robotscene/unitree_go2w_control/ros2_ws/install/go2w_motion_control/lib/pkgconfig/go2w_motion_control.pc'
[9.428s] Level 1:colcon.colcon_core.environment:checking '/home/unitree/robotscene/unitree_go2w_control/ros2_ws/install/go2w_motion_control/lib/python3.8/site-packages'
[9.428s] Level 1:colcon.colcon_core.environment:checking '/home/unitree/robotscene/unitree_go2w_control/ros2_ws/install/go2w_motion_control/bin'
[9.502s] INFO:colcon.colcon_core.shell:Creating package script '/home/unitree/robotscene/unitree_go2w_control/ros2_ws/install/go2w_motion_control/share/go2w_motion_control/package.ps1'
[9.504s] INFO:colcon.colcon_core.shell:Creating package descriptor '/home/unitree/robotscene/unitree_go2w_control/ros2_ws/install/go2w_motion_control/share/go2w_motion_control/package.dsv'
[9.505s] INFO:colcon.colcon_core.shell:Creating package script '/home/unitree/robotscene/unitree_go2w_control/ros2_ws/install/go2w_motion_control/share/go2w_motion_control/package.sh'
[9.506s] INFO:colcon.colcon_core.shell:Creating package script '/home/unitree/robotscene/unitree_go2w_control/ros2_ws/install/go2w_motion_control/share/go2w_motion_control/package.bash'
[9.507s] INFO:colcon.colcon_core.shell:Creating package script '/home/unitree/robotscene/unitree_go2w_control/ros2_ws/install/go2w_motion_control/share/go2w_motion_control/package.zsh'
[9.507s] Level 1:colcon.colcon_core.environment:create_file_with_runtime_dependencies(/home/unitree/robotscene/unitree_go2w_control/ros2_ws/install/go2w_motion_control/share/colcon-core/packages/go2w_motion_control)
[9.508s] DEBUG:colcon.colcon_parallel_executor.executor.parallel:closing loop
[9.509s] DEBUG:colcon.colcon_parallel_executor.executor.parallel:loop closed
[9.509s] DEBUG:colcon.colcon_parallel_executor.executor.parallel:run_until_complete finished with '0'
[9.509s] DEBUG:colcon.colcon_core.event_reactor:joining thread
[9.596s] INFO:colcon.colcon_core.plugin_system:Skipping extension 'colcon_notification.desktop_notification.terminal_notifier': Not used on non-Darwin systems
[9.596s] INFO:colcon.colcon_core.plugin_system:Skipping extension 'colcon_notification.desktop_notification.win32': Not used on non-Windows systems
[9.596s] INFO:colcon.colcon_notification.desktop_notification:Sending desktop notification using 'notify2'
[9.624s] DEBUG:colcon.colcon_notification.desktop_notification.notify2:Failed to initialize notify2: org.freedesktop.DBus.Error.Spawn.ChildExited: Process org.freedesktop.Notifications exited with status 1
[9.625s] DEBUG:colcon.colcon_core.event_reactor:joined thread
[9.734s] INFO:colcon.colcon_core.shell:Creating prefix script '/home/unitree/robotscene/unitree_go2w_control/ros2_ws/install/local_setup.ps1'
[9.737s] INFO:colcon.colcon_core.shell:Creating prefix util module '/home/unitree/robotscene/unitree_go2w_control/ros2_ws/install/_local_setup_util_ps1.py'
[9.740s] INFO:colcon.colcon_core.shell:Creating prefix chain script '/home/unitree/robotscene/unitree_go2w_control/ros2_ws/install/setup.ps1'
[9.815s] INFO:colcon.colcon_core.shell:Creating prefix script '/home/unitree/robotscene/unitree_go2w_control/ros2_ws/install/local_setup.sh'
[9.816s] INFO:colcon.colcon_core.shell:Creating prefix util module '/home/unitree/robotscene/unitree_go2w_control/ros2_ws/install/_local_setup_util_sh.py'
[9.817s] INFO:colcon.colcon_core.shell:Creating prefix chain script '/home/unitree/robotscene/unitree_go2w_control/ros2_ws/install/setup.sh'
[9.892s] INFO:colcon.colcon_core.shell:Creating prefix script '/home/unitree/robotscene/unitree_go2w_control/ros2_ws/install/local_setup.bash'
[9.893s] INFO:colcon.colcon_core.shell:Creating prefix chain script '/home/unitree/robotscene/unitree_go2w_control/ros2_ws/install/setup.bash'
[9.967s] INFO:colcon.colcon_core.shell:Creating prefix script '/home/unitree/robotscene/unitree_go2w_control/ros2_ws/install/local_setup.zsh'
[9.968s] INFO:colcon.colcon_core.shell:Creating prefix chain script '/home/unitree/robotscene/unitree_go2w_control/ros2_ws/install/setup.zsh'
