=============================================================
-- ROS_VERSION is 2
=============================================================
=============================================================
-- ROS2 Found. ROS2 Support is turned On.
=============================================================
CMake Warning:
  Manually-specified variables were not used by the project:

    Python3_EXECUTABLE


cc1: warning: command line option ‘-std=c++14’ is valid for C++/ObjC++ but not for C
cc1: warning: command line option ‘-std=c++14’ is valid for C++/ObjC++ but not for C
cc1: warning: command line option ‘-std=c++14’ is valid for C++/ObjC++ but not for C
cc1: warning: command line option ‘-std=c++14’ is valid for C++/ObjC++ but not for C
cc1: warning: command line option ‘-std=c++14’ is valid for C++/ObjC++ but not for C
cc1: warning: command line option ‘-std=c++14’ is valid for C++/ObjC++ but not for C
cc1: warning: command line option ‘-std=c++14’ is valid for C++/ObjC++ but not for C
cc1: warning: command line option ‘-std=c++14’ is valid for C++/ObjC++ but not for C
cc1: warning: command line option ‘-std=c++14’ is valid for C++/ObjC++ but not for C
cc1: warning: command line option ‘-std=c++14’ is valid for C++/ObjC++ but not for C
cc1: warning: command line option ‘-std=c++14’ is valid for C++/ObjC++ but not for C
cc1: warning: command line option ‘-std=c++14’ is valid for C++/ObjC++ but not for C
cc1: warning: command line option ‘-std=c++14’ is valid for C++/ObjC++ but not for C
cc1: warning: command line option ‘-std=c++14’ is valid for C++/ObjC++ but not for C
cc1: warning: command line option ‘-std=c++14’ is valid for C++/ObjC++ but not for C
cc1: warning: command line option ‘-std=c++14’ is valid for C++/ObjC++ but not for C
cc1: warning: command line option ‘-std=c++14’ is valid for C++/ObjC++ but not for C
cc1: warning: command line option ‘-std=c++14’ is valid for C++/ObjC++ but not for C
