-- The C compiler identification is GNU 9.4.0
-- The CXX compiler identification is GNU 9.4.0
-- Check for working C compiler: /usr/bin/cc
-- Check for working C compiler: /usr/bin/cc -- works
-- Detecting C compiler ABI info
-- Detecting C compiler ABI info - done
-- Detecting C compile features
-- Detecting C compile features - done
-- Check for working CXX compiler: /usr/bin/c++
-- Check for working CXX compiler: /usr/bin/c++ -- works
-- Detecting CXX compiler ABI info
-- Detecting CXX compiler ABI info - done
-- Detecting CXX compile features
-- Detecting CXX compile features - done
-- cuda not found!
=============================================================
-- ROS_VERSION is 2
=============================================================
-- Found PythonInterp: /usr/bin/python3 (found suitable version "3.8.10", minimum required is "3") 
-- Using PYTHON_EXECUTABLE: /usr/bin/python3
-- Override CMake install command with custom implementation using symlinks instead of copying resources
-- Using all available rosidl_typesupport_c: rosidl_typesupport_fastrtps_c;rosidl_typesupport_introspection_c
-- Found rosidl_adapter: 1.3.1 (/opt/ros/humble/share/rosidl_adapter/cmake)
-- Found OpenSSL: /usr/lib/aarch64-linux-gnu/libcrypto.so (found version "1.1.1f")  
-- Found FastRTPS: /opt/ros/humble/include  
-- Using all available rosidl_typesupport_cpp: rosidl_typesupport_fastrtps_cpp;rosidl_typesupport_introspection_cpp
-- Found rmw_implementation_cmake: 1.0.4 (/opt/ros/humble/share/rmw_implementation_cmake/cmake)
-- Using RMW implementation 'rmw_fastrtps_cpp' as default
-- Looking for pthread.h
-- Looking for pthread.h - found
-- Performing Test CMAKE_HAVE_LIBC_PTHREAD
-- Performing Test CMAKE_HAVE_LIBC_PTHREAD - Failed
-- Looking for pthread_create in pthreads
-- Looking for pthread_create in pthreads - not found
-- Looking for pthread_create in pthread
-- Looking for pthread_create in pthread - found
-- Found Threads: TRUE  
=============================================================
-- ROS2 Found. ROS2 Support is turned On.
=============================================================
-- Found sensor_msgs: 2.0.5 (/opt/ros/humble/share/sensor_msgs/cmake)
-- Found rclcpp_action: 2.4.3 (/opt/ros/humble/share/rclcpp_action/cmake)
-- Found rosidl_default_generators: 1.0.1 (/opt/ros/humble/share/rosidl_default_generators/cmake)
-- Found PythonInterp: /usr/bin/python3 (found version "3.8.10") 
-- Found ament_cmake_ros: 0.9.2 (/opt/ros/humble/share/ament_cmake_ros/cmake)
-- Using all available rosidl_typesupport_c: rosidl_typesupport_fastrtps_c;rosidl_typesupport_introspection_c
-- Using all available rosidl_typesupport_cpp: rosidl_typesupport_fastrtps_cpp;rosidl_typesupport_introspection_cpp
-- Found PythonInterp: /usr/bin/python3 (found suitable version "3.8.10", minimum required is "3.5") 
-- Found python_cmake_module: 0.8.1 (/opt/ros/humble/share/python_cmake_module/cmake)
-- Found PythonLibs: /usr/lib/aarch64-linux-gnu/libpython3.8.so (found suitable version "3.8.10", minimum required is "3.5") 
-- Using PYTHON_EXECUTABLE: /usr/bin/python3
-- Using PYTHON_INCLUDE_DIRS: /usr/include/python3.8
-- Using PYTHON_LIBRARIES: /usr/lib/aarch64-linux-gnu/libpython3.8.so
-- Found PythonExtra: .so  
-- Adding Logger module...
-- Adding Common module...
-- Adding UdpParser module...
-- Adding PtcClient module...
-- Adding Source module...
-- Adding SerialClient module...
-- Adding Lidar module...
-- 
-- === Build Configuration ===
--   WITH_LIDARBOARD:    ON
--   WITH_UDPPARSER:     ON
--   WITH_UDPPARSERGPU:  OFF
--   WITH_PTCCLIENT:     ON
--   WITH_PTCS_USE:      OFF
--   WITH_SERIALCLIENT:  ON
--   WITH_LIDARLIB:      ON
-- ===========================
-- 
-- 
-- === HesaiLidarSDK Build Configuration ===
--   CMAKE_BUILD_TYPE:       Release
--   WITH_PTCS_USE:          OFF
--   FIND_CUDA:              
-- =========================================
-- 
-- Found Boost: /usr/lib/aarch64-linux-gnu/cmake/Boost-1.71.0/BoostConfig.cmake (found version "1.71.0") found components: thread 
-- Found ament_index_cpp: 1.1.0 (/opt/ros/humble/share/ament_index_cpp/cmake)
-- Configuring done
-- Generating done
-- Build files have been written to: /home/unitree/robotscene/ros2_ws/build/hesai_ros_driver
CMake Warning:
  Manually-specified variables were not used by the project:

    Python3_EXECUTABLE


Scanning dependencies of target log_lib
[  1%] Building CXX object src/driver/HesaiLidar_SDK_2.0/libhesai/Logger/CMakeFiles/log_lib.dir/src/logger.cc.o
[  2%] Generating C code for ROS interfaces
Scanning dependencies of target hesai_ros_driver__cpp
[  3%] Generating C++ code for ROS interfaces
[  3%] Built target hesai_ros_driver__cpp
[  4%] Generating C++ type support dispatch for ROS interfaces
[  5%] Linking CXX static library liblog_lib.a
[  6%] Generating C++ type support for eProsima Fast-RTPS
[  6%] Built target log_lib
[  8%] Generating C++ introspection for ROS interfaces
Scanning dependencies of target hesai_ros_driver__rosidl_generator_c
[  9%] Building C object CMakeFiles/hesai_ros_driver__rosidl_generator_c.dir/rosidl_generator_c/hesai_ros_driver/msg/detail/udp_packet__functions.c.o
cc1: warning: command line option ‘-std=c++14’ is valid for C++/ObjC++ but not for C
[ 10%] Building C object CMakeFiles/hesai_ros_driver__rosidl_generator_c.dir/rosidl_generator_c/hesai_ros_driver/msg/detail/udp_frame__functions.c.o
Scanning dependencies of target hesai_ros_driver__rosidl_typesupport_cpp
cc1: warning: command line option ‘-std=c++14’ is valid for C++/ObjC++ but not for C
[ 11%] Building CXX object CMakeFiles/hesai_ros_driver__rosidl_typesupport_cpp.dir/rosidl_typesupport_cpp/hesai_ros_driver/msg/udp_packet__type_support.cpp.o
Scanning dependencies of target hesai_ros_driver__rosidl_typesupport_fastrtps_cpp
[ 12%] Building CXX object CMakeFiles/hesai_ros_driver__rosidl_typesupport_fastrtps_cpp.dir/rosidl_typesupport_fastrtps_cpp/hesai_ros_driver/msg/detail/dds_fastrtps/udp_packet__type_support.cpp.o
[ 13%] Building C object CMakeFiles/hesai_ros_driver__rosidl_generator_c.dir/rosidl_generator_c/hesai_ros_driver/msg/detail/firetime__functions.c.o
Scanning dependencies of target hesai_ros_driver__rosidl_typesupport_introspection_cpp
cc1: warning: command line option ‘-std=c++14’ is valid for C++/ObjC++ but not for C
[ 14%] Building CXX object CMakeFiles/hesai_ros_driver__rosidl_typesupport_introspection_cpp.dir/rosidl_typesupport_introspection_cpp/hesai_ros_driver/msg/detail/udp_packet__type_support.cpp.o
[ 16%] Building C object CMakeFiles/hesai_ros_driver__rosidl_generator_c.dir/rosidl_generator_c/hesai_ros_driver/msg/detail/ptp__functions.c.o
[ 17%] Building C object CMakeFiles/hesai_ros_driver__rosidl_generator_c.dir/rosidl_generator_c/hesai_ros_driver/msg/detail/loss_packet__functions.c.o
cc1: warning: command line option ‘-std=c++14’ is valid for C++/ObjC++ but not for C
cc1: warning: command line option ‘-std=c++14’ is valid for C++/ObjC++ but not for C
[ 18%] Building CXX object CMakeFiles/hesai_ros_driver__rosidl_typesupport_cpp.dir/rosidl_typesupport_cpp/hesai_ros_driver/msg/udp_frame__type_support.cpp.o
[ 19%] Linking C shared library libhesai_ros_driver__rosidl_generator_c.so
[ 19%] Built target hesai_ros_driver__rosidl_generator_c
[ 20%] Building CXX object CMakeFiles/hesai_ros_driver__rosidl_typesupport_introspection_cpp.dir/rosidl_typesupport_introspection_cpp/hesai_ros_driver/msg/detail/udp_frame__type_support.cpp.o
Scanning dependencies of target platutils_lib
[ 21%] Building CXX object src/driver/HesaiLidar_SDK_2.0/libhesai/Common/CMakeFiles/platutils_lib.dir/src/plat_utils.cc.o
[ 22%] Building CXX object CMakeFiles/hesai_ros_driver__rosidl_typesupport_fastrtps_cpp.dir/rosidl_typesupport_fastrtps_cpp/hesai_ros_driver/msg/detail/dds_fastrtps/udp_frame__type_support.cpp.o
[ 24%] Building CXX object CMakeFiles/hesai_ros_driver__rosidl_typesupport_cpp.dir/rosidl_typesupport_cpp/hesai_ros_driver/msg/firetime__type_support.cpp.o
[ 25%] Building CXX object CMakeFiles/hesai_ros_driver__rosidl_typesupport_introspection_cpp.dir/rosidl_typesupport_introspection_cpp/hesai_ros_driver/msg/detail/firetime__type_support.cpp.o
[ 26%] Building CXX object CMakeFiles/hesai_ros_driver__rosidl_typesupport_cpp.dir/rosidl_typesupport_cpp/hesai_ros_driver/msg/ptp__type_support.cpp.o
[ 27%] Building CXX object CMakeFiles/hesai_ros_driver__rosidl_typesupport_fastrtps_cpp.dir/rosidl_typesupport_fastrtps_cpp/hesai_ros_driver/msg/detail/dds_fastrtps/firetime__type_support.cpp.o
[ 28%] Building CXX object CMakeFiles/hesai_ros_driver__rosidl_typesupport_introspection_cpp.dir/rosidl_typesupport_introspection_cpp/hesai_ros_driver/msg/detail/ptp__type_support.cpp.o
[ 29%] Building CXX object CMakeFiles/hesai_ros_driver__rosidl_typesupport_cpp.dir/rosidl_typesupport_cpp/hesai_ros_driver/msg/loss_packet__type_support.cpp.o
[ 31%] Building CXX object src/driver/HesaiLidar_SDK_2.0/libhesai/Common/CMakeFiles/platutils_lib.dir/src/auto_tick_count.cc.o
[ 32%] Building CXX object CMakeFiles/hesai_ros_driver__rosidl_typesupport_introspection_cpp.dir/rosidl_typesupport_introspection_cpp/hesai_ros_driver/msg/detail/loss_packet__type_support.cpp.o
[ 33%] Building CXX object CMakeFiles/hesai_ros_driver__rosidl_typesupport_fastrtps_cpp.dir/rosidl_typesupport_fastrtps_cpp/hesai_ros_driver/msg/detail/dds_fastrtps/ptp__type_support.cpp.o
[ 34%] Linking CXX shared library libhesai_ros_driver__rosidl_typesupport_cpp.so
[ 34%] Built target hesai_ros_driver__rosidl_typesupport_cpp
[ 35%] Generating C introspection for ROS interfaces
[ 36%] Linking CXX shared library libhesai_ros_driver__rosidl_typesupport_introspection_cpp.so
[ 36%] Built target hesai_ros_driver__rosidl_typesupport_introspection_cpp
[ 37%] Generating C type support dispatch for ROS interfaces
[ 39%] Building CXX object CMakeFiles/hesai_ros_driver__rosidl_typesupport_fastrtps_cpp.dir/rosidl_typesupport_fastrtps_cpp/hesai_ros_driver/msg/detail/dds_fastrtps/loss_packet__type_support.cpp.o
Scanning dependencies of target hesai_ros_driver__rosidl_typesupport_introspection_c
[ 40%] Building C object CMakeFiles/hesai_ros_driver__rosidl_typesupport_introspection_c.dir/rosidl_typesupport_introspection_c/hesai_ros_driver/msg/detail/udp_packet__type_support.c.o
cc1: warning: command line option ‘-std=c++14’ is valid for C++/ObjC++ but not for C
Scanning dependencies of target hesai_ros_driver__rosidl_typesupport_c
[ 41%] Building CXX object CMakeFiles/hesai_ros_driver__rosidl_typesupport_c.dir/rosidl_typesupport_c/hesai_ros_driver/msg/udp_packet__type_support.cpp.o
[ 42%] Building C object CMakeFiles/hesai_ros_driver__rosidl_typesupport_introspection_c.dir/rosidl_typesupport_introspection_c/hesai_ros_driver/msg/detail/udp_frame__type_support.c.o
cc1: warning: command line option ‘-std=c++14’ is valid for C++/ObjC++ but not for C
[ 43%] Building CXX object CMakeFiles/hesai_ros_driver__rosidl_typesupport_c.dir/rosidl_typesupport_c/hesai_ros_driver/msg/udp_frame__type_support.cpp.o
[ 44%] Building C object CMakeFiles/hesai_ros_driver__rosidl_typesupport_introspection_c.dir/rosidl_typesupport_introspection_c/hesai_ros_driver/msg/detail/firetime__type_support.c.o
cc1: warning: command line option ‘-std=c++14’ is valid for C++/ObjC++ but not for C
[ 45%] Building CXX object CMakeFiles/hesai_ros_driver__rosidl_typesupport_c.dir/rosidl_typesupport_c/hesai_ros_driver/msg/firetime__type_support.cpp.o
[ 47%] Linking CXX static library libplatutils_lib.a
[ 48%] Building C object CMakeFiles/hesai_ros_driver__rosidl_typesupport_introspection_c.dir/rosidl_typesupport_introspection_c/hesai_ros_driver/msg/detail/ptp__type_support.c.o
cc1: warning: command line option ‘-std=c++14’ is valid for C++/ObjC++ but not for C
[ 49%] Building CXX object CMakeFiles/hesai_ros_driver__rosidl_typesupport_c.dir/rosidl_typesupport_c/hesai_ros_driver/msg/ptp__type_support.cpp.o
[ 49%] Built target platutils_lib
[ 50%] Building C object CMakeFiles/hesai_ros_driver__rosidl_typesupport_introspection_c.dir/rosidl_typesupport_introspection_c/hesai_ros_driver/msg/detail/loss_packet__type_support.c.o
cc1: warning: command line option ‘-std=c++14’ is valid for C++/ObjC++ but not for C
Scanning dependencies of target source_lib
[ 51%] Building CXX object CMakeFiles/hesai_ros_driver__rosidl_typesupport_c.dir/rosidl_typesupport_c/hesai_ros_driver/msg/loss_packet__type_support.cpp.o
[ 52%] Linking C shared library libhesai_ros_driver__rosidl_typesupport_introspection_c.so
[ 54%] Building CXX object src/driver/HesaiLidar_SDK_2.0/libhesai/Source/CMakeFiles/source_lib.dir/src/source.cc.o
[ 55%] Linking CXX shared library libhesai_ros_driver__rosidl_typesupport_c.so
[ 55%] Built target hesai_ros_driver__rosidl_typesupport_introspection_c
Scanning dependencies of target ptcClient_lib
[ 56%] Building CXX object src/driver/HesaiLidar_SDK_2.0/libhesai/PtcClient/CMakeFiles/ptcClient_lib.dir/src/ptc_client.cc.o
[ 56%] Built target hesai_ros_driver__rosidl_typesupport_c
[ 57%] Building CXX object src/driver/HesaiLidar_SDK_2.0/libhesai/Source/CMakeFiles/source_lib.dir/src/socket_source.cc.o
[ 58%] Linking CXX shared library libhesai_ros_driver__rosidl_typesupport_fastrtps_cpp.so
[ 58%] Built target hesai_ros_driver__rosidl_typesupport_fastrtps_cpp
[ 59%] Generating C type support for eProsima Fast-RTPS
Scanning dependencies of target hesai_ros_driver__rosidl_typesupport_fastrtps_c
[ 60%] Building CXX object CMakeFiles/hesai_ros_driver__rosidl_typesupport_fastrtps_c.dir/rosidl_typesupport_fastrtps_c/hesai_ros_driver/msg/detail/udp_packet__type_support_c.cpp.o
[ 62%] Building CXX object src/driver/HesaiLidar_SDK_2.0/libhesai/Source/CMakeFiles/source_lib.dir/src/pcap_source.cc.o
[ 63%] Building CXX object src/driver/HesaiLidar_SDK_2.0/libhesai/Source/CMakeFiles/source_lib.dir/src/serial_source.cc.o
[ 64%] Building CXX object CMakeFiles/hesai_ros_driver__rosidl_typesupport_fastrtps_c.dir/rosidl_typesupport_fastrtps_c/hesai_ros_driver/msg/detail/udp_frame__type_support_c.cpp.o
[ 65%] Building CXX object CMakeFiles/hesai_ros_driver__rosidl_typesupport_fastrtps_c.dir/rosidl_typesupport_fastrtps_c/hesai_ros_driver/msg/detail/firetime__type_support_c.cpp.o
[ 66%] Building CXX object CMakeFiles/hesai_ros_driver__rosidl_typesupport_fastrtps_c.dir/rosidl_typesupport_fastrtps_c/hesai_ros_driver/msg/detail/ptp__type_support_c.cpp.o
[ 67%] Building CXX object CMakeFiles/hesai_ros_driver__rosidl_typesupport_fastrtps_c.dir/rosidl_typesupport_fastrtps_c/hesai_ros_driver/msg/detail/loss_packet__type_support_c.cpp.o
[ 68%] Building CXX object src/driver/HesaiLidar_SDK_2.0/libhesai/Source/CMakeFiles/source_lib.dir/src/pcap_saver.cc.o
[ 70%] Linking CXX shared library libhesai_ros_driver__rosidl_typesupport_fastrtps_c.so
[ 71%] Building CXX object src/driver/HesaiLidar_SDK_2.0/libhesai/PtcClient/CMakeFiles/ptcClient_lib.dir/src/tcp_client.cc.o
[ 71%] Built target hesai_ros_driver__rosidl_typesupport_fastrtps_c
[ 72%] Building CXX object src/driver/HesaiLidar_SDK_2.0/libhesai/PtcClient/CMakeFiles/ptcClient_lib.dir/__/PtcParser/src/general_ptc_parser.cc.o
Scanning dependencies of target hesai_ros_driver
[ 72%] Built target hesai_ros_driver
Scanning dependencies of target hesai_ros_driver__py
[ 73%] Generating Python code for ROS interfaces
[ 73%] Built target hesai_ros_driver__py
[ 74%] Building CXX object src/driver/HesaiLidar_SDK_2.0/libhesai/PtcClient/CMakeFiles/ptcClient_lib.dir/__/PtcParser/src/ptc_2_0_parser.cc.o
[ 75%] Building CXX object src/driver/HesaiLidar_SDK_2.0/libhesai/Source/CMakeFiles/source_lib.dir/src/tcp_source.cc.o
[ 77%] Building CXX object src/driver/HesaiLidar_SDK_2.0/libhesai/PtcClient/CMakeFiles/ptcClient_lib.dir/__/PtcParser/ptc_parser.cc.o
[ 78%] Linking CXX static library libsource_lib.a
[ 78%] Built target source_lib
[ 79%] Building CXX object src/driver/HesaiLidar_SDK_2.0/libhesai/PtcClient/CMakeFiles/ptcClient_lib.dir/__/PtcParser/src/ptc_1_0_parser.cc.o
[ 80%] Linking CXX static library libptcClient_lib.a
[ 80%] Built target ptcClient_lib
Scanning dependencies of target serialClient_lib
[ 81%] Building CXX object src/driver/HesaiLidar_SDK_2.0/libhesai/SerialClient/CMakeFiles/serialClient_lib.dir/src/serial_client.cc.o
Scanning dependencies of target hesai_ros_driver__python
[ 83%] Building C object CMakeFiles/hesai_ros_driver__python.dir/rosidl_generator_py/hesai_ros_driver/msg/_udp_frame_s.c.o
[ 83%] Building C object CMakeFiles/hesai_ros_driver__python.dir/rosidl_generator_py/hesai_ros_driver/msg/_udp_packet_s.c.o
cc1: warning: command line option ‘-std=c++14’ is valid for C++/ObjC++ but not for C
cc1: warning: command line option ‘-std=c++14’ is valid for C++/ObjC++ but not for C
[ 85%] Building C object CMakeFiles/hesai_ros_driver__python.dir/rosidl_generator_py/hesai_ros_driver/msg/_firetime_s.c.o
cc1: warning: command line option ‘-std=c++14’ is valid for C++/ObjC++ but not for C
[ 86%] Building C object CMakeFiles/hesai_ros_driver__python.dir/rosidl_generator_py/hesai_ros_driver/msg/_ptp_s.c.o
cc1: warning: command line option ‘-std=c++14’ is valid for C++/ObjC++ but not for C
[ 87%] Building C object CMakeFiles/hesai_ros_driver__python.dir/rosidl_generator_py/hesai_ros_driver/msg/_loss_packet_s.c.o
cc1: warning: command line option ‘-std=c++14’ is valid for C++/ObjC++ but not for C
[ 88%] Linking C shared library rosidl_generator_py/hesai_ros_driver/libhesai_ros_driver__python.so
[ 88%] Built target hesai_ros_driver__python
Scanning dependencies of target hesai_ros_driver__rosidl_typesupport_introspection_c__pyext
[ 89%] Building C object CMakeFiles/hesai_ros_driver__rosidl_typesupport_introspection_c__pyext.dir/rosidl_generator_py/hesai_ros_driver/_hesai_ros_driver_s.ep.rosidl_typesupport_introspection_c.c.o
cc1: warning: command line option ‘-std=c++14’ is valid for C++/ObjC++ but not for C
[ 90%] Linking C shared library rosidl_generator_py/hesai_ros_driver/hesai_ros_driver_s__rosidl_typesupport_introspection_c.cpython-38-aarch64-linux-gnu.so
[ 90%] Built target hesai_ros_driver__rosidl_typesupport_introspection_c__pyext
Scanning dependencies of target hesai_ros_driver__rosidl_typesupport_c__pyext
[ 91%] Building C object CMakeFiles/hesai_ros_driver__rosidl_typesupport_c__pyext.dir/rosidl_generator_py/hesai_ros_driver/_hesai_ros_driver_s.ep.rosidl_typesupport_c.c.o
cc1: warning: command line option ‘-std=c++14’ is valid for C++/ObjC++ but not for C
[ 93%] Linking C shared library rosidl_generator_py/hesai_ros_driver/hesai_ros_driver_s__rosidl_typesupport_c.cpython-38-aarch64-linux-gnu.so
[ 93%] Built target hesai_ros_driver__rosidl_typesupport_c__pyext
Scanning dependencies of target hesai_ros_driver__rosidl_typesupport_fastrtps_c__pyext
[ 94%] Building C object CMakeFiles/hesai_ros_driver__rosidl_typesupport_fastrtps_c__pyext.dir/rosidl_generator_py/hesai_ros_driver/_hesai_ros_driver_s.ep.rosidl_typesupport_fastrtps_c.c.o
cc1: warning: command line option ‘-std=c++14’ is valid for C++/ObjC++ but not for C
[ 95%] Linking CXX shared library rosidl_generator_py/hesai_ros_driver/hesai_ros_driver_s__rosidl_typesupport_fastrtps_c.cpython-38-aarch64-linux-gnu.so
[ 95%] Built target hesai_ros_driver__rosidl_typesupport_fastrtps_c__pyext
[ 96%] Linking CXX static library libserialClient_lib.a
[ 96%] Built target serialClient_lib
Scanning dependencies of target hesai_ros_driver_node
[ 97%] Building CXX object CMakeFiles/hesai_ros_driver_node.dir/src/manager/node_manager.cc.o
[ 98%] Building CXX object CMakeFiles/hesai_ros_driver_node.dir/node/hesai_ros_driver_node.cc.o
[100%] Linking CXX executable hesai_ros_driver_node
[100%] Built target hesai_ros_driver_node
-- Install configuration: "Release"
-- Execute custom install script
-- Symlinking: /home/unitree/robotscene/ros2_ws/install/hesai_ros_driver/share/ament_index/resource_index/rosidl_interfaces/hesai_ros_driver
-- Symlinking: /home/unitree/robotscene/ros2_ws/install/hesai_ros_driver/include/hesai_ros_driver/msg/detail/firetime__functions.h
-- Symlinking: /home/unitree/robotscene/ros2_ws/install/hesai_ros_driver/include/hesai_ros_driver/msg/detail/firetime__struct.h
-- Symlinking: /home/unitree/robotscene/ros2_ws/install/hesai_ros_driver/include/hesai_ros_driver/msg/detail/firetime__type_support.h
-- Symlinking: /home/unitree/robotscene/ros2_ws/install/hesai_ros_driver/include/hesai_ros_driver/msg/detail/loss_packet__functions.h
-- Symlinking: /home/unitree/robotscene/ros2_ws/install/hesai_ros_driver/include/hesai_ros_driver/msg/detail/loss_packet__struct.h
-- Symlinking: /home/unitree/robotscene/ros2_ws/install/hesai_ros_driver/include/hesai_ros_driver/msg/detail/loss_packet__type_support.h
-- Symlinking: /home/unitree/robotscene/ros2_ws/install/hesai_ros_driver/include/hesai_ros_driver/msg/detail/ptp__functions.h
-- Symlinking: /home/unitree/robotscene/ros2_ws/install/hesai_ros_driver/include/hesai_ros_driver/msg/detail/ptp__struct.h
-- Symlinking: /home/unitree/robotscene/ros2_ws/install/hesai_ros_driver/include/hesai_ros_driver/msg/detail/ptp__type_support.h
-- Symlinking: /home/unitree/robotscene/ros2_ws/install/hesai_ros_driver/include/hesai_ros_driver/msg/detail/udp_frame__functions.h
-- Symlinking: /home/unitree/robotscene/ros2_ws/install/hesai_ros_driver/include/hesai_ros_driver/msg/detail/udp_frame__struct.h
-- Symlinking: /home/unitree/robotscene/ros2_ws/install/hesai_ros_driver/include/hesai_ros_driver/msg/detail/udp_frame__type_support.h
-- Symlinking: /home/unitree/robotscene/ros2_ws/install/hesai_ros_driver/include/hesai_ros_driver/msg/detail/udp_packet__functions.h
-- Symlinking: /home/unitree/robotscene/ros2_ws/install/hesai_ros_driver/include/hesai_ros_driver/msg/detail/udp_packet__struct.h
-- Symlinking: /home/unitree/robotscene/ros2_ws/install/hesai_ros_driver/include/hesai_ros_driver/msg/detail/udp_packet__type_support.h
-- Symlinking: /home/unitree/robotscene/ros2_ws/install/hesai_ros_driver/include/hesai_ros_driver/msg/firetime.h
-- Symlinking: /home/unitree/robotscene/ros2_ws/install/hesai_ros_driver/include/hesai_ros_driver/msg/loss_packet.h
-- Symlinking: /home/unitree/robotscene/ros2_ws/install/hesai_ros_driver/include/hesai_ros_driver/msg/ptp.h
-- Symlinking: /home/unitree/robotscene/ros2_ws/install/hesai_ros_driver/include/hesai_ros_driver/msg/rosidl_generator_c__visibility_control.h
-- Symlinking: /home/unitree/robotscene/ros2_ws/install/hesai_ros_driver/include/hesai_ros_driver/msg/udp_frame.h
-- Symlinking: /home/unitree/robotscene/ros2_ws/install/hesai_ros_driver/include/hesai_ros_driver/msg/udp_packet.h
-- Symlinking: /home/unitree/robotscene/ros2_ws/install/hesai_ros_driver/share/hesai_ros_driver/environment/library_path.sh
-- Symlinking: /home/unitree/robotscene/ros2_ws/install/hesai_ros_driver/share/hesai_ros_driver/environment/library_path.dsv
-- Symlinking: /home/unitree/robotscene/ros2_ws/install/hesai_ros_driver/include/hesai_ros_driver/msg/detail/firetime__rosidl_typesupport_fastrtps_c.h
-- Symlinking: /home/unitree/robotscene/ros2_ws/install/hesai_ros_driver/include/hesai_ros_driver/msg/detail/loss_packet__rosidl_typesupport_fastrtps_c.h
-- Symlinking: /home/unitree/robotscene/ros2_ws/install/hesai_ros_driver/include/hesai_ros_driver/msg/detail/ptp__rosidl_typesupport_fastrtps_c.h
-- Symlinking: /home/unitree/robotscene/ros2_ws/install/hesai_ros_driver/include/hesai_ros_driver/msg/detail/udp_frame__rosidl_typesupport_fastrtps_c.h
-- Symlinking: /home/unitree/robotscene/ros2_ws/install/hesai_ros_driver/include/hesai_ros_driver/msg/detail/udp_packet__rosidl_typesupport_fastrtps_c.h
-- Symlinking: /home/unitree/robotscene/ros2_ws/install/hesai_ros_driver/include/hesai_ros_driver/msg/rosidl_typesupport_fastrtps_c__visibility_control.h
-- Symlinking: /home/unitree/robotscene/ros2_ws/install/hesai_ros_driver/lib/libhesai_ros_driver__rosidl_typesupport_fastrtps_c.so
-- Symlinking: /home/unitree/robotscene/ros2_ws/install/hesai_ros_driver/include/hesai_ros_driver/msg/detail/firetime__rosidl_typesupport_fastrtps_cpp.hpp
-- Symlinking: /home/unitree/robotscene/ros2_ws/install/hesai_ros_driver/include/hesai_ros_driver/msg/detail/loss_packet__rosidl_typesupport_fastrtps_cpp.hpp
-- Symlinking: /home/unitree/robotscene/ros2_ws/install/hesai_ros_driver/include/hesai_ros_driver/msg/detail/ptp__rosidl_typesupport_fastrtps_cpp.hpp
-- Symlinking: /home/unitree/robotscene/ros2_ws/install/hesai_ros_driver/include/hesai_ros_driver/msg/detail/udp_frame__rosidl_typesupport_fastrtps_cpp.hpp
-- Symlinking: /home/unitree/robotscene/ros2_ws/install/hesai_ros_driver/include/hesai_ros_driver/msg/detail/udp_packet__rosidl_typesupport_fastrtps_cpp.hpp
-- Symlinking: /home/unitree/robotscene/ros2_ws/install/hesai_ros_driver/include/hesai_ros_driver/msg/rosidl_typesupport_fastrtps_cpp__visibility_control.h
-- Symlinking: /home/unitree/robotscene/ros2_ws/install/hesai_ros_driver/lib/libhesai_ros_driver__rosidl_typesupport_fastrtps_cpp.so
-- Symlinking: /home/unitree/robotscene/ros2_ws/install/hesai_ros_driver/include/hesai_ros_driver/msg/detail/firetime__rosidl_typesupport_introspection_c.h
-- Symlinking: /home/unitree/robotscene/ros2_ws/install/hesai_ros_driver/include/hesai_ros_driver/msg/detail/loss_packet__rosidl_typesupport_introspection_c.h
-- Symlinking: /home/unitree/robotscene/ros2_ws/install/hesai_ros_driver/include/hesai_ros_driver/msg/detail/ptp__rosidl_typesupport_introspection_c.h
-- Symlinking: /home/unitree/robotscene/ros2_ws/install/hesai_ros_driver/include/hesai_ros_driver/msg/detail/udp_frame__rosidl_typesupport_introspection_c.h
-- Symlinking: /home/unitree/robotscene/ros2_ws/install/hesai_ros_driver/include/hesai_ros_driver/msg/detail/udp_packet__rosidl_typesupport_introspection_c.h
-- Symlinking: /home/unitree/robotscene/ros2_ws/install/hesai_ros_driver/include/hesai_ros_driver/msg/rosidl_typesupport_introspection_c__visibility_control.h
-- Symlinking: /home/unitree/robotscene/ros2_ws/install/hesai_ros_driver/include/hesai_ros_driver/msg/detail/firetime__builder.hpp
-- Symlinking: /home/unitree/robotscene/ros2_ws/install/hesai_ros_driver/include/hesai_ros_driver/msg/detail/firetime__struct.hpp
-- Symlinking: /home/unitree/robotscene/ros2_ws/install/hesai_ros_driver/include/hesai_ros_driver/msg/detail/firetime__traits.hpp
-- Symlinking: /home/unitree/robotscene/ros2_ws/install/hesai_ros_driver/include/hesai_ros_driver/msg/detail/firetime__type_support.hpp
-- Symlinking: /home/unitree/robotscene/ros2_ws/install/hesai_ros_driver/include/hesai_ros_driver/msg/detail/loss_packet__builder.hpp
-- Symlinking: /home/unitree/robotscene/ros2_ws/install/hesai_ros_driver/include/hesai_ros_driver/msg/detail/loss_packet__struct.hpp
-- Symlinking: /home/unitree/robotscene/ros2_ws/install/hesai_ros_driver/include/hesai_ros_driver/msg/detail/loss_packet__traits.hpp
-- Symlinking: /home/unitree/robotscene/ros2_ws/install/hesai_ros_driver/include/hesai_ros_driver/msg/detail/loss_packet__type_support.hpp
-- Symlinking: /home/unitree/robotscene/ros2_ws/install/hesai_ros_driver/include/hesai_ros_driver/msg/detail/ptp__builder.hpp
-- Symlinking: /home/unitree/robotscene/ros2_ws/install/hesai_ros_driver/include/hesai_ros_driver/msg/detail/ptp__struct.hpp
-- Symlinking: /home/unitree/robotscene/ros2_ws/install/hesai_ros_driver/include/hesai_ros_driver/msg/detail/ptp__traits.hpp
-- Symlinking: /home/unitree/robotscene/ros2_ws/install/hesai_ros_driver/include/hesai_ros_driver/msg/detail/ptp__type_support.hpp
-- Symlinking: /home/unitree/robotscene/ros2_ws/install/hesai_ros_driver/include/hesai_ros_driver/msg/detail/udp_frame__builder.hpp
-- Symlinking: /home/unitree/robotscene/ros2_ws/install/hesai_ros_driver/include/hesai_ros_driver/msg/detail/udp_frame__struct.hpp
-- Symlinking: /home/unitree/robotscene/ros2_ws/install/hesai_ros_driver/include/hesai_ros_driver/msg/detail/udp_frame__traits.hpp
-- Symlinking: /home/unitree/robotscene/ros2_ws/install/hesai_ros_driver/include/hesai_ros_driver/msg/detail/udp_frame__type_support.hpp
-- Symlinking: /home/unitree/robotscene/ros2_ws/install/hesai_ros_driver/include/hesai_ros_driver/msg/detail/udp_packet__builder.hpp
-- Symlinking: /home/unitree/robotscene/ros2_ws/install/hesai_ros_driver/include/hesai_ros_driver/msg/detail/udp_packet__struct.hpp
-- Symlinking: /home/unitree/robotscene/ros2_ws/install/hesai_ros_driver/include/hesai_ros_driver/msg/detail/udp_packet__traits.hpp
-- Symlinking: /home/unitree/robotscene/ros2_ws/install/hesai_ros_driver/include/hesai_ros_driver/msg/detail/udp_packet__type_support.hpp
-- Symlinking: /home/unitree/robotscene/ros2_ws/install/hesai_ros_driver/include/hesai_ros_driver/msg/firetime.hpp
-- Symlinking: /home/unitree/robotscene/ros2_ws/install/hesai_ros_driver/include/hesai_ros_driver/msg/loss_packet.hpp
-- Symlinking: /home/unitree/robotscene/ros2_ws/install/hesai_ros_driver/include/hesai_ros_driver/msg/ptp.hpp
-- Symlinking: /home/unitree/robotscene/ros2_ws/install/hesai_ros_driver/include/hesai_ros_driver/msg/rosidl_generator_cpp__visibility_control.hpp
-- Symlinking: /home/unitree/robotscene/ros2_ws/install/hesai_ros_driver/include/hesai_ros_driver/msg/udp_frame.hpp
-- Symlinking: /home/unitree/robotscene/ros2_ws/install/hesai_ros_driver/include/hesai_ros_driver/msg/udp_packet.hpp
-- Symlinking: /home/unitree/robotscene/ros2_ws/install/hesai_ros_driver/include/hesai_ros_driver/msg/detail/firetime__rosidl_typesupport_introspection_cpp.hpp
-- Symlinking: /home/unitree/robotscene/ros2_ws/install/hesai_ros_driver/include/hesai_ros_driver/msg/detail/loss_packet__rosidl_typesupport_introspection_cpp.hpp
-- Symlinking: /home/unitree/robotscene/ros2_ws/install/hesai_ros_driver/include/hesai_ros_driver/msg/detail/ptp__rosidl_typesupport_introspection_cpp.hpp
-- Symlinking: /home/unitree/robotscene/ros2_ws/install/hesai_ros_driver/include/hesai_ros_driver/msg/detail/udp_frame__rosidl_typesupport_introspection_cpp.hpp
-- Symlinking: /home/unitree/robotscene/ros2_ws/install/hesai_ros_driver/include/hesai_ros_driver/msg/detail/udp_packet__rosidl_typesupport_introspection_cpp.hpp
-- Symlinking: /home/unitree/robotscene/ros2_ws/install/hesai_ros_driver/share/hesai_ros_driver/environment/pythonpath.sh
-- Symlinking: /home/unitree/robotscene/ros2_ws/install/hesai_ros_driver/share/hesai_ros_driver/environment/pythonpath.dsv
-- Symlinking: /home/unitree/robotscene/ros2_ws/install/hesai_ros_driver/lib/python3.8/site-packages/hesai_ros_driver/__init__.py
-- Symlinking: /home/unitree/robotscene/ros2_ws/install/hesai_ros_driver/lib/python3.8/site-packages/hesai_ros_driver/msg/__init__.py
-- Symlinking: /home/unitree/robotscene/ros2_ws/install/hesai_ros_driver/lib/python3.8/site-packages/hesai_ros_driver/msg/_firetime.py
-- Symlinking: /home/unitree/robotscene/ros2_ws/install/hesai_ros_driver/lib/python3.8/site-packages/hesai_ros_driver/msg/_loss_packet.py
-- Symlinking: /home/unitree/robotscene/ros2_ws/install/hesai_ros_driver/lib/python3.8/site-packages/hesai_ros_driver/msg/_ptp.py
-- Symlinking: /home/unitree/robotscene/ros2_ws/install/hesai_ros_driver/lib/python3.8/site-packages/hesai_ros_driver/msg/_udp_frame.py
-- Symlinking: /home/unitree/robotscene/ros2_ws/install/hesai_ros_driver/lib/python3.8/site-packages/hesai_ros_driver/msg/_udp_packet.py
-- Symlinking: /home/unitree/robotscene/ros2_ws/install/hesai_ros_driver/lib/python3.8/site-packages/hesai_ros_driver/hesai_ros_driver_s__rosidl_typesupport_fastrtps_c.cpython-38-aarch64-linux-gnu.so
-- Symlinking: /home/unitree/robotscene/ros2_ws/install/hesai_ros_driver/lib/python3.8/site-packages/hesai_ros_driver/hesai_ros_driver_s__rosidl_typesupport_introspection_c.cpython-38-aarch64-linux-gnu.so
-- Symlinking: /home/unitree/robotscene/ros2_ws/install/hesai_ros_driver/lib/python3.8/site-packages/hesai_ros_driver/hesai_ros_driver_s__rosidl_typesupport_c.cpython-38-aarch64-linux-gnu.so
-- Symlinking: /home/unitree/robotscene/ros2_ws/install/hesai_ros_driver/lib/libhesai_ros_driver__python.so
-- Symlinking: /home/unitree/robotscene/ros2_ws/install/hesai_ros_driver/share/hesai_ros_driver/msg/UdpPacket.idl
-- Symlinking: /home/unitree/robotscene/ros2_ws/install/hesai_ros_driver/share/hesai_ros_driver/msg/UdpFrame.idl
-- Symlinking: /home/unitree/robotscene/ros2_ws/install/hesai_ros_driver/share/hesai_ros_driver/msg/Firetime.idl
-- Symlinking: /home/unitree/robotscene/ros2_ws/install/hesai_ros_driver/share/hesai_ros_driver/msg/Ptp.idl
-- Symlinking: /home/unitree/robotscene/ros2_ws/install/hesai_ros_driver/share/hesai_ros_driver/msg/LossPacket.idl
-- Symlinking: /home/unitree/robotscene/ros2_ws/install/hesai_ros_driver/share/hesai_ros_driver/msg_ros2/UdpPacket.msg
-- Symlinking: /home/unitree/robotscene/ros2_ws/install/hesai_ros_driver/share/hesai_ros_driver/msg_ros2/UdpFrame.msg
-- Symlinking: /home/unitree/robotscene/ros2_ws/install/hesai_ros_driver/share/hesai_ros_driver/msg_ros2/Firetime.msg
-- Symlinking: /home/unitree/robotscene/ros2_ws/install/hesai_ros_driver/share/hesai_ros_driver/msg_ros2/Ptp.msg
-- Symlinking: /home/unitree/robotscene/ros2_ws/install/hesai_ros_driver/share/hesai_ros_driver/msg_ros2/LossPacket.msg
-- Symlinking: /home/unitree/robotscene/ros2_ws/install/hesai_ros_driver/lib/hesai_ros_driver/hesai_ros_driver_node
-- Symlinking: /home/unitree/robotscene/ros2_ws/install/hesai_ros_driver/lib/liblog_lib.a
-- Symlinking: /home/unitree/robotscene/ros2_ws/install/hesai_ros_driver/lib/libptcClient_lib.a
-- Symlinking: /home/unitree/robotscene/ros2_ws/install/hesai_ros_driver/lib/libsource_lib.a
-- Symlinking: /home/unitree/robotscene/ros2_ws/install/hesai_ros_driver/lib/libplatutils_lib.a
-- Symlinking: /home/unitree/robotscene/ros2_ws/install/hesai_ros_driver/lib/libserialClient_lib.a
-- Symlinking: /home/unitree/robotscene/ros2_ws/install/hesai_ros_driver/share/hesai_ros_driver/launch/dashing_start.py
-- Symlinking: /home/unitree/robotscene/ros2_ws/install/hesai_ros_driver/share/hesai_ros_driver/launch/start.launch
-- Symlinking: /home/unitree/robotscene/ros2_ws/install/hesai_ros_driver/share/hesai_ros_driver/launch/start.py
-- Symlinking: /home/unitree/robotscene/ros2_ws/install/hesai_ros_driver/share/hesai_ros_driver/rviz/rviz.rviz
-- Symlinking: /home/unitree/robotscene/ros2_ws/install/hesai_ros_driver/share/hesai_ros_driver/rviz/rviz2.rviz
-- Symlinking: /home/unitree/robotscene/ros2_ws/install/hesai_ros_driver/share/hesai_ros_driver/config/config.yaml
-- Symlinking: /home/unitree/robotscene/ros2_ws/install/hesai_ros_driver/share/ament_index/resource_index/package_run_dependencies/hesai_ros_driver
-- Symlinking: /home/unitree/robotscene/ros2_ws/install/hesai_ros_driver/share/ament_index/resource_index/parent_prefix_path/hesai_ros_driver
-- Symlinking: /home/unitree/robotscene/ros2_ws/install/hesai_ros_driver/share/hesai_ros_driver/environment/ament_prefix_path.sh
-- Symlinking: /home/unitree/robotscene/ros2_ws/install/hesai_ros_driver/share/hesai_ros_driver/environment/ament_prefix_path.dsv
-- Symlinking: /home/unitree/robotscene/ros2_ws/install/hesai_ros_driver/share/hesai_ros_driver/environment/path.sh
-- Symlinking: /home/unitree/robotscene/ros2_ws/install/hesai_ros_driver/share/hesai_ros_driver/environment/path.dsv
-- Symlinking: /home/unitree/robotscene/ros2_ws/install/hesai_ros_driver/share/hesai_ros_driver/local_setup.bash
-- Symlinking: /home/unitree/robotscene/ros2_ws/install/hesai_ros_driver/share/hesai_ros_driver/local_setup.sh
-- Symlinking: /home/unitree/robotscene/ros2_ws/install/hesai_ros_driver/share/hesai_ros_driver/local_setup.zsh
-- Symlinking: /home/unitree/robotscene/ros2_ws/install/hesai_ros_driver/share/hesai_ros_driver/local_setup.dsv
-- Symlinking: /home/unitree/robotscene/ros2_ws/install/hesai_ros_driver/share/hesai_ros_driver/package.dsv
-- Symlinking: /home/unitree/robotscene/ros2_ws/install/hesai_ros_driver/share/ament_index/resource_index/packages/hesai_ros_driver
-- Symlinking: /home/unitree/robotscene/ros2_ws/install/hesai_ros_driver/share/hesai_ros_driver/cmake/rosidl_cmake-extras.cmake
-- Symlinking: /home/unitree/robotscene/ros2_ws/install/hesai_ros_driver/share/hesai_ros_driver/cmake/ament_cmake_export_dependencies-extras.cmake
-- Symlinking: /home/unitree/robotscene/ros2_ws/install/hesai_ros_driver/share/hesai_ros_driver/cmake/ament_cmake_export_libraries-extras.cmake
-- Symlinking: /home/unitree/robotscene/ros2_ws/install/hesai_ros_driver/share/hesai_ros_driver/cmake/ament_cmake_export_targets-extras.cmake
-- Symlinking: /home/unitree/robotscene/ros2_ws/install/hesai_ros_driver/share/hesai_ros_driver/cmake/ament_cmake_export_include_directories-extras.cmake
-- Symlinking: /home/unitree/robotscene/ros2_ws/install/hesai_ros_driver/share/hesai_ros_driver/cmake/rosidl_cmake_export_typesupport_libraries-extras.cmake
-- Symlinking: /home/unitree/robotscene/ros2_ws/install/hesai_ros_driver/share/hesai_ros_driver/cmake/rosidl_cmake_export_typesupport_targets-extras.cmake
-- Symlinking: /home/unitree/robotscene/ros2_ws/install/hesai_ros_driver/share/hesai_ros_driver/cmake/hesai_ros_driverConfig.cmake
-- Symlinking: /home/unitree/robotscene/ros2_ws/install/hesai_ros_driver/share/hesai_ros_driver/cmake/hesai_ros_driverConfig-version.cmake
-- Symlinking: /home/unitree/robotscene/ros2_ws/install/hesai_ros_driver/share/hesai_ros_driver/package.xml
-- Installing: /home/unitree/robotscene/ros2_ws/install/hesai_ros_driver/lib/libhesai_ros_driver__rosidl_generator_c.so
-- Set runtime path of "/home/unitree/robotscene/ros2_ws/install/hesai_ros_driver/lib/libhesai_ros_driver__rosidl_generator_c.so" to ""
-- Installing: /home/unitree/robotscene/ros2_ws/install/hesai_ros_driver/lib/libhesai_ros_driver__rosidl_typesupport_introspection_c.so
-- Set runtime path of "/home/unitree/robotscene/ros2_ws/install/hesai_ros_driver/lib/libhesai_ros_driver__rosidl_typesupport_introspection_c.so" to ""
-- Installing: /home/unitree/robotscene/ros2_ws/install/hesai_ros_driver/lib/libhesai_ros_driver__rosidl_typesupport_c.so
-- Set runtime path of "/home/unitree/robotscene/ros2_ws/install/hesai_ros_driver/lib/libhesai_ros_driver__rosidl_typesupport_c.so" to ""
-- Installing: /home/unitree/robotscene/ros2_ws/install/hesai_ros_driver/lib/libhesai_ros_driver__rosidl_typesupport_introspection_cpp.so
-- Set runtime path of "/home/unitree/robotscene/ros2_ws/install/hesai_ros_driver/lib/libhesai_ros_driver__rosidl_typesupport_introspection_cpp.so" to ""
-- Installing: /home/unitree/robotscene/ros2_ws/install/hesai_ros_driver/lib/libhesai_ros_driver__rosidl_typesupport_cpp.so
-- Set runtime path of "/home/unitree/robotscene/ros2_ws/install/hesai_ros_driver/lib/libhesai_ros_driver__rosidl_typesupport_cpp.so" to ""
Compiling '/home/unitree/robotscene/ros2_ws/install/hesai_ros_driver/lib/python3.8/site-packages/hesai_ros_driver/__init__.py'...
-- Installing: /home/unitree/robotscene/ros2_ws/install/hesai_ros_driver/share/hesai_ros_driver/cmake/hesai_ros_driver__rosidl_generator_cExport.cmake
-- Installing: /home/unitree/robotscene/ros2_ws/install/hesai_ros_driver/share/hesai_ros_driver/cmake/hesai_ros_driver__rosidl_generator_cExport-release.cmake
-- Installing: /home/unitree/robotscene/ros2_ws/install/hesai_ros_driver/share/hesai_ros_driver/cmake/hesai_ros_driver__rosidl_typesupport_introspection_cExport.cmake
-- Installing: /home/unitree/robotscene/ros2_ws/install/hesai_ros_driver/share/hesai_ros_driver/cmake/hesai_ros_driver__rosidl_typesupport_introspection_cExport-release.cmake
-- Installing: /home/unitree/robotscene/ros2_ws/install/hesai_ros_driver/share/hesai_ros_driver/cmake/hesai_ros_driver__rosidl_typesupport_cExport.cmake
-- Installing: /home/unitree/robotscene/ros2_ws/install/hesai_ros_driver/share/hesai_ros_driver/cmake/hesai_ros_driver__rosidl_typesupport_cExport-release.cmake
-- Installing: /home/unitree/robotscene/ros2_ws/install/hesai_ros_driver/share/hesai_ros_driver/cmake/hesai_ros_driver__rosidl_generator_cppExport.cmake
-- Installing: /home/unitree/robotscene/ros2_ws/install/hesai_ros_driver/share/hesai_ros_driver/cmake/hesai_ros_driver__rosidl_typesupport_introspection_cppExport.cmake
-- Installing: /home/unitree/robotscene/ros2_ws/install/hesai_ros_driver/share/hesai_ros_driver/cmake/hesai_ros_driver__rosidl_typesupport_introspection_cppExport-release.cmake
-- Installing: /home/unitree/robotscene/ros2_ws/install/hesai_ros_driver/share/hesai_ros_driver/cmake/hesai_ros_driver__rosidl_typesupport_cppExport.cmake
-- Installing: /home/unitree/robotscene/ros2_ws/install/hesai_ros_driver/share/hesai_ros_driver/cmake/hesai_ros_driver__rosidl_typesupport_cppExport-release.cmake
