[2.646s] Invoking command in '/home/unitree/robotscene/ros2_ws/build/hesai_ros_driver': CMAKE_PREFIX_PATH=${CMAKE_PREFIX_PATH}:/opt/ros/humble /usr/bin/cmake /home/unitree/robotscene/ros2_ws/src/hesai_ros_driver -DPython3_EXECUTABLE=/usr/bin/python3 -DPYTHON_EXECUTABLE=/usr/bin/python3 -DWITH_PTCS_USE=OFF -DAMENT_CMAKE_SYMLINK_INSTALL=1 -DCMAKE_INSTALL_PREFIX=/home/unitree/robotscene/ros2_ws/install/hesai_ros_driver
[3.546s] -- The C compiler identification is GNU 9.4.0
[3.547s] -- The CXX compiler identification is GNU 9.4.0
[3.548s] -- Check for working C compiler: /usr/bin/cc
[3.548s] -- Check for working C compiler: /usr/bin/cc -- works
[3.548s] -- Detecting C compiler ABI info
[3.548s] -- Detecting C compiler ABI info - done
[3.548s] -- Detecting C compile features
[3.549s] -- Detecting C compile features - done
[3.550s] -- Check for working CXX compiler: /usr/bin/c++
[3.550s] -- Check for working CXX compiler: /usr/bin/c++ -- works
[3.550s] -- Detecting CXX compiler ABI info
[3.631s] -- Detecting CXX compiler ABI info - done
[3.643s] -- Detecting CXX compile features
[3.647s] -- Detecting CXX compile features - done
[3.649s] -- cuda not found!
[3.650s] =============================================================
[3.650s] -- ROS_VERSION is 2
[3.650s] =============================================================
[3.713s] -- Found PythonInterp: /usr/bin/python3 (found suitable version "3.8.10", minimum required is "3") 
[3.713s] -- Using PYTHON_EXECUTABLE: /usr/bin/python3
[4.219s] -- Override CMake install command with custom implementation using symlinks instead of copying resources
[4.447s] -- Using all available rosidl_typesupport_c: rosidl_typesupport_fastrtps_c;rosidl_typesupport_introspection_c
[4.465s] -- Found rosidl_adapter: 1.3.1 (/opt/ros/humble/share/rosidl_adapter/cmake)
[4.956s] -- Found OpenSSL: /usr/lib/aarch64-linux-gnu/libcrypto.so (found version "1.1.1f")  
[5.060s] -- Found FastRTPS: /opt/ros/humble/include  
[5.445s] -- Using all available rosidl_typesupport_cpp: rosidl_typesupport_fastrtps_cpp;rosidl_typesupport_introspection_cpp
[5.667s] -- Found rmw_implementation_cmake: 1.0.4 (/opt/ros/humble/share/rmw_implementation_cmake/cmake)
[5.672s] -- Using RMW implementation 'rmw_fastrtps_cpp' as default
[5.678s] -- Looking for pthread.h
[6.102s] -- Looking for pthread.h - found
[6.106s] -- Performing Test CMAKE_HAVE_LIBC_PTHREAD
[7.036s] -- Performing Test CMAKE_HAVE_LIBC_PTHREAD - Failed
[7.037s] -- Looking for pthread_create in pthreads
[7.037s] -- Looking for pthread_create in pthreads - not found
[7.037s] -- Looking for pthread_create in pthread
[7.037s] -- Looking for pthread_create in pthread - found
[7.037s] -- Found Threads: TRUE  
[8.194s] =============================================================
[8.194s] -- ROS2 Found. ROS2 Support is turned On.
[8.194s] =============================================================
[8.196s] -- Found sensor_msgs: 2.0.5 (/opt/ros/humble/share/sensor_msgs/cmake)
[8.196s] -- Found rclcpp_action: 2.4.3 (/opt/ros/humble/share/rclcpp_action/cmake)
[8.197s] -- Found rosidl_default_generators: 1.0.1 (/opt/ros/humble/share/rosidl_default_generators/cmake)
[8.734s] -- Found PythonInterp: /usr/bin/python3 (found version "3.8.10") 
[8.735s] -- Found ament_cmake_ros: 0.9.2 (/opt/ros/humble/share/ament_cmake_ros/cmake)
[8.739s] -- Using all available rosidl_typesupport_c: rosidl_typesupport_fastrtps_c;rosidl_typesupport_introspection_c
[8.740s] -- Using all available rosidl_typesupport_cpp: rosidl_typesupport_fastrtps_cpp;rosidl_typesupport_introspection_cpp
[8.740s] -- Found PythonInterp: /usr/bin/python3 (found suitable version "3.8.10", minimum required is "3.5") 
[8.740s] -- Found python_cmake_module: 0.8.1 (/opt/ros/humble/share/python_cmake_module/cmake)
[8.740s] -- Found PythonLibs: /usr/lib/aarch64-linux-gnu/libpython3.8.so (found suitable version "3.8.10", minimum required is "3.5") 
[8.740s] -- Using PYTHON_EXECUTABLE: /usr/bin/python3
[8.741s] -- Using PYTHON_INCLUDE_DIRS: /usr/include/python3.8
[8.741s] -- Using PYTHON_LIBRARIES: /usr/lib/aarch64-linux-gnu/libpython3.8.so
[8.741s] -- Found PythonExtra: .so  
[10.653s] -- Adding Logger module...
[10.654s] -- Adding Common module...
[10.654s] -- Adding UdpParser module...
[10.654s] -- Adding PtcClient module...
[10.655s] -- Adding Source module...
[10.655s] -- Adding SerialClient module...
[10.655s] -- Adding Lidar module...
[10.655s] -- 
[10.655s] -- === Build Configuration ===
[10.655s] --   WITH_LIDARBOARD:    ON
[10.655s] --   WITH_UDPPARSER:     ON
[10.655s] --   WITH_UDPPARSERGPU:  OFF
[10.655s] --   WITH_PTCCLIENT:     ON
[10.656s] --   WITH_PTCS_USE:      OFF
[10.656s] --   WITH_SERIALCLIENT:  ON
[10.656s] --   WITH_LIDARLIB:      ON
[10.656s] -- ===========================
[10.656s] -- 
[10.656s] -- 
[10.656s] -- === HesaiLidarSDK Build Configuration ===
[10.656s] --   CMAKE_BUILD_TYPE:       Release
[10.656s] --   WITH_PTCS_USE:          OFF
[10.657s] --   FIND_CUDA:              
[10.657s] -- =========================================
[10.657s] -- 
[10.657s] -- Found Boost: /usr/lib/aarch64-linux-gnu/cmake/Boost-1.71.0/BoostConfig.cmake (found version "1.71.0") found components: thread 
[10.657s] -- Found ament_index_cpp: 1.1.0 (/opt/ros/humble/share/ament_index_cpp/cmake)
[10.657s] -- Configuring done
[10.657s] -- Generating done
[10.657s] -- Build files have been written to: /home/unitree/robotscene/ros2_ws/build/hesai_ros_driver
[10.659s] CMake Warning:
[10.659s]   Manually-specified variables were not used by the project:
[10.660s] 
[10.660s]     Python3_EXECUTABLE
[10.660s] 
[10.660s] 
[10.664s] Invoked command in '/home/unitree/robotscene/ros2_ws/build/hesai_ros_driver' returned '0': CMAKE_PREFIX_PATH=${CMAKE_PREFIX_PATH}:/opt/ros/humble /usr/bin/cmake /home/unitree/robotscene/ros2_ws/src/hesai_ros_driver -DPython3_EXECUTABLE=/usr/bin/python3 -DPYTHON_EXECUTABLE=/usr/bin/python3 -DWITH_PTCS_USE=OFF -DAMENT_CMAKE_SYMLINK_INSTALL=1 -DCMAKE_INSTALL_PREFIX=/home/unitree/robotscene/ros2_ws/install/hesai_ros_driver
[10.671s] Invoking command in '/home/unitree/robotscene/ros2_ws/build/hesai_ros_driver': CMAKE_PREFIX_PATH=${CMAKE_PREFIX_PATH}:/opt/ros/humble /usr/bin/cmake --build /home/unitree/robotscene/ros2_ws/build/hesai_ros_driver -- -j4 -l4
[10.839s] Scanning dependencies of target log_lib
[10.886s] [  1%] Building CXX object src/driver/HesaiLidar_SDK_2.0/libhesai/Logger/CMakeFiles/log_lib.dir/src/logger.cc.o
[10.890s] [  2%] Generating C code for ROS interfaces
[10.906s] Scanning dependencies of target hesai_ros_driver__cpp
[10.948s] [  3%] Generating C++ code for ROS interfaces
[14.859s] [  3%] Built target hesai_ros_driver__cpp
[14.859s] [  4%] Generating C++ type support dispatch for ROS interfaces
[14.859s] [  5%] Linking CXX static library liblog_lib.a
[14.859s] [  6%] Generating C++ type support for eProsima Fast-RTPS
[14.859s] [  6%] Built target log_lib
[14.859s] [  8%] Generating C++ introspection for ROS interfaces
[14.859s] Scanning dependencies of target hesai_ros_driver__rosidl_generator_c
[14.859s] [  9%] Building C object CMakeFiles/hesai_ros_driver__rosidl_generator_c.dir/rosidl_generator_c/hesai_ros_driver/msg/detail/udp_packet__functions.c.o
[14.860s] cc1: warning: command line option ‘-std=c++14’ is valid for C++/ObjC++ but not for C
[15.197s] [ 10%] Building C object CMakeFiles/hesai_ros_driver__rosidl_generator_c.dir/rosidl_generator_c/hesai_ros_driver/msg/detail/udp_frame__functions.c.o
[15.225s] Scanning dependencies of target hesai_ros_driver__rosidl_typesupport_cpp
[15.242s] cc1: warning: command line option ‘-std=c++14’ is valid for C++/ObjC++ but not for C
[15.314s] [ 11%] Building CXX object CMakeFiles/hesai_ros_driver__rosidl_typesupport_cpp.dir/rosidl_typesupport_cpp/hesai_ros_driver/msg/udp_packet__type_support.cpp.o
[15.968s] Scanning dependencies of target hesai_ros_driver__rosidl_typesupport_fastrtps_cpp
[15.968s] [ 12%] Building CXX object CMakeFiles/hesai_ros_driver__rosidl_typesupport_fastrtps_cpp.dir/rosidl_typesupport_fastrtps_cpp/hesai_ros_driver/msg/detail/dds_fastrtps/udp_packet__type_support.cpp.o
[15.971s] [ 13%] Building C object CMakeFiles/hesai_ros_driver__rosidl_generator_c.dir/rosidl_generator_c/hesai_ros_driver/msg/detail/firetime__functions.c.o
[15.972s] Scanning dependencies of target hesai_ros_driver__rosidl_typesupport_introspection_cpp
[15.972s] cc1: warning: command line option ‘-std=c++14’ is valid for C++/ObjC++ but not for C
[16.570s] [ 14%] Building CXX object CMakeFiles/hesai_ros_driver__rosidl_typesupport_introspection_cpp.dir/rosidl_typesupport_introspection_cpp/hesai_ros_driver/msg/detail/udp_packet__type_support.cpp.o
[16.570s] [ 16%] Building C object CMakeFiles/hesai_ros_driver__rosidl_generator_c.dir/rosidl_generator_c/hesai_ros_driver/msg/detail/ptp__functions.c.o
[16.570s] [ 17%] Building C object CMakeFiles/hesai_ros_driver__rosidl_generator_c.dir/rosidl_generator_c/hesai_ros_driver/msg/detail/loss_packet__functions.c.o
[16.570s] cc1: warning: command line option ‘-std=c++14’ is valid for C++/ObjC++ but not for C
[16.596s] cc1: warning: command line option ‘-std=c++14’ is valid for C++/ObjC++ but not for C
[16.745s] [ 18%] Building CXX object CMakeFiles/hesai_ros_driver__rosidl_typesupport_cpp.dir/rosidl_typesupport_cpp/hesai_ros_driver/msg/udp_frame__type_support.cpp.o
[16.938s] [ 19%] Linking C shared library libhesai_ros_driver__rosidl_generator_c.so
[17.072s] [ 19%] Built target hesai_ros_driver__rosidl_generator_c
[17.100s] [ 20%] Building CXX object CMakeFiles/hesai_ros_driver__rosidl_typesupport_introspection_cpp.dir/rosidl_typesupport_introspection_cpp/hesai_ros_driver/msg/detail/udp_frame__type_support.cpp.o
[17.173s] Scanning dependencies of target platutils_lib
[17.230s] [ 21%] Building CXX object src/driver/HesaiLidar_SDK_2.0/libhesai/Common/CMakeFiles/platutils_lib.dir/src/plat_utils.cc.o
[17.519s] [ 22%] Building CXX object CMakeFiles/hesai_ros_driver__rosidl_typesupport_fastrtps_cpp.dir/rosidl_typesupport_fastrtps_cpp/hesai_ros_driver/msg/detail/dds_fastrtps/udp_frame__type_support.cpp.o
[17.649s] [ 24%] Building CXX object CMakeFiles/hesai_ros_driver__rosidl_typesupport_cpp.dir/rosidl_typesupport_cpp/hesai_ros_driver/msg/firetime__type_support.cpp.o
[18.185s] [ 25%] Building CXX object CMakeFiles/hesai_ros_driver__rosidl_typesupport_introspection_cpp.dir/rosidl_typesupport_introspection_cpp/hesai_ros_driver/msg/detail/firetime__type_support.cpp.o
[18.479s] [ 26%] Building CXX object CMakeFiles/hesai_ros_driver__rosidl_typesupport_cpp.dir/rosidl_typesupport_cpp/hesai_ros_driver/msg/ptp__type_support.cpp.o
[19.033s] [ 27%] Building CXX object CMakeFiles/hesai_ros_driver__rosidl_typesupport_fastrtps_cpp.dir/rosidl_typesupport_fastrtps_cpp/hesai_ros_driver/msg/detail/dds_fastrtps/firetime__type_support.cpp.o
[19.068s] [ 28%] Building CXX object CMakeFiles/hesai_ros_driver__rosidl_typesupport_introspection_cpp.dir/rosidl_typesupport_introspection_cpp/hesai_ros_driver/msg/detail/ptp__type_support.cpp.o
[19.562s] [ 29%] Building CXX object CMakeFiles/hesai_ros_driver__rosidl_typesupport_cpp.dir/rosidl_typesupport_cpp/hesai_ros_driver/msg/loss_packet__type_support.cpp.o
[19.641s] [ 31%] Building CXX object src/driver/HesaiLidar_SDK_2.0/libhesai/Common/CMakeFiles/platutils_lib.dir/src/auto_tick_count.cc.o
[19.924s] [ 32%] Building CXX object CMakeFiles/hesai_ros_driver__rosidl_typesupport_introspection_cpp.dir/rosidl_typesupport_introspection_cpp/hesai_ros_driver/msg/detail/loss_packet__type_support.cpp.o
[20.378s] [ 33%] Building CXX object CMakeFiles/hesai_ros_driver__rosidl_typesupport_fastrtps_cpp.dir/rosidl_typesupport_fastrtps_cpp/hesai_ros_driver/msg/detail/dds_fastrtps/ptp__type_support.cpp.o
[20.500s] [ 34%] Linking CXX shared library libhesai_ros_driver__rosidl_typesupport_cpp.so
[20.659s] [ 34%] Built target hesai_ros_driver__rosidl_typesupport_cpp
[20.704s] [ 35%] Generating C introspection for ROS interfaces
[20.908s] [ 36%] Linking CXX shared library libhesai_ros_driver__rosidl_typesupport_introspection_cpp.so
[21.200s] [ 36%] Built target hesai_ros_driver__rosidl_typesupport_introspection_cpp
[21.246s] [ 37%] Generating C type support dispatch for ROS interfaces
[22.041s] [ 39%] Building CXX object CMakeFiles/hesai_ros_driver__rosidl_typesupport_fastrtps_cpp.dir/rosidl_typesupport_fastrtps_cpp/hesai_ros_driver/msg/detail/dds_fastrtps/loss_packet__type_support.cpp.o
[22.078s] Scanning dependencies of target hesai_ros_driver__rosidl_typesupport_introspection_c
[22.130s] [ 40%] Building C object CMakeFiles/hesai_ros_driver__rosidl_typesupport_introspection_c.dir/rosidl_typesupport_introspection_c/hesai_ros_driver/msg/detail/udp_packet__type_support.c.o
[22.159s] cc1: warning: command line option ‘-std=c++14’ is valid for C++/ObjC++ but not for C
[22.237s] Scanning dependencies of target hesai_ros_driver__rosidl_typesupport_c
[22.280s] [ 41%] Building CXX object CMakeFiles/hesai_ros_driver__rosidl_typesupport_c.dir/rosidl_typesupport_c/hesai_ros_driver/msg/udp_packet__type_support.cpp.o
[22.318s] [ 42%] Building C object CMakeFiles/hesai_ros_driver__rosidl_typesupport_introspection_c.dir/rosidl_typesupport_introspection_c/hesai_ros_driver/msg/detail/udp_frame__type_support.c.o
[22.347s] cc1: warning: command line option ‘-std=c++14’ is valid for C++/ObjC++ but not for C
[22.415s] [ 43%] Building CXX object CMakeFiles/hesai_ros_driver__rosidl_typesupport_c.dir/rosidl_typesupport_c/hesai_ros_driver/msg/udp_frame__type_support.cpp.o
[22.475s] [ 44%] Building C object CMakeFiles/hesai_ros_driver__rosidl_typesupport_introspection_c.dir/rosidl_typesupport_introspection_c/hesai_ros_driver/msg/detail/firetime__type_support.c.o
[22.500s] cc1: warning: command line option ‘-std=c++14’ is valid for C++/ObjC++ but not for C
[22.567s] [ 45%] Building CXX object CMakeFiles/hesai_ros_driver__rosidl_typesupport_c.dir/rosidl_typesupport_c/hesai_ros_driver/msg/firetime__type_support.cpp.o
[22.595s] [ 47%] Linking CXX static library libplatutils_lib.a
[22.606s] [ 48%] Building C object CMakeFiles/hesai_ros_driver__rosidl_typesupport_introspection_c.dir/rosidl_typesupport_introspection_c/hesai_ros_driver/msg/detail/ptp__type_support.c.o
[22.632s] cc1: warning: command line option ‘-std=c++14’ is valid for C++/ObjC++ but not for C
[22.691s] [ 49%] Building CXX object CMakeFiles/hesai_ros_driver__rosidl_typesupport_c.dir/rosidl_typesupport_c/hesai_ros_driver/msg/ptp__type_support.cpp.o
[22.721s] [ 49%] Built target platutils_lib
[22.746s] [ 50%] Building C object CMakeFiles/hesai_ros_driver__rosidl_typesupport_introspection_c.dir/rosidl_typesupport_introspection_c/hesai_ros_driver/msg/detail/loss_packet__type_support.c.o
[22.781s] cc1: warning: command line option ‘-std=c++14’ is valid for C++/ObjC++ but not for C
[22.813s] Scanning dependencies of target source_lib
[22.844s] [ 51%] Building CXX object CMakeFiles/hesai_ros_driver__rosidl_typesupport_c.dir/rosidl_typesupport_c/hesai_ros_driver/msg/loss_packet__type_support.cpp.o
[22.860s] [ 52%] Linking C shared library libhesai_ros_driver__rosidl_typesupport_introspection_c.so
[22.872s] [ 54%] Building CXX object src/driver/HesaiLidar_SDK_2.0/libhesai/Source/CMakeFiles/source_lib.dir/src/source.cc.o
[22.961s] [ 55%] Linking CXX shared library libhesai_ros_driver__rosidl_typesupport_c.so
[22.997s] [ 55%] Built target hesai_ros_driver__rosidl_typesupport_introspection_c
[23.052s] Scanning dependencies of target ptcClient_lib
[23.101s] [ 56%] Building CXX object src/driver/HesaiLidar_SDK_2.0/libhesai/PtcClient/CMakeFiles/ptcClient_lib.dir/src/ptc_client.cc.o
[23.113s] [ 56%] Built target hesai_ros_driver__rosidl_typesupport_c
[23.162s] [ 57%] Building CXX object src/driver/HesaiLidar_SDK_2.0/libhesai/Source/CMakeFiles/source_lib.dir/src/socket_source.cc.o
[23.188s] [ 58%] Linking CXX shared library libhesai_ros_driver__rosidl_typesupport_fastrtps_cpp.so
[23.511s] [ 58%] Built target hesai_ros_driver__rosidl_typesupport_fastrtps_cpp
[23.580s] [ 59%] Generating C type support for eProsima Fast-RTPS
[25.234s] Scanning dependencies of target hesai_ros_driver__rosidl_typesupport_fastrtps_c
[25.274s] [ 60%] Building CXX object CMakeFiles/hesai_ros_driver__rosidl_typesupport_fastrtps_c.dir/rosidl_typesupport_fastrtps_c/hesai_ros_driver/msg/detail/udp_packet__type_support_c.cpp.o
[25.882s] [ 62%] Building CXX object src/driver/HesaiLidar_SDK_2.0/libhesai/Source/CMakeFiles/source_lib.dir/src/pcap_source.cc.o
[25.919s] [ 63%] Building CXX object src/driver/HesaiLidar_SDK_2.0/libhesai/Source/CMakeFiles/source_lib.dir/src/serial_source.cc.o
[26.436s] [ 64%] Building CXX object CMakeFiles/hesai_ros_driver__rosidl_typesupport_fastrtps_c.dir/rosidl_typesupport_fastrtps_c/hesai_ros_driver/msg/detail/udp_frame__type_support_c.cpp.o
[27.710s] [ 65%] Building CXX object CMakeFiles/hesai_ros_driver__rosidl_typesupport_fastrtps_c.dir/rosidl_typesupport_fastrtps_c/hesai_ros_driver/msg/detail/firetime__type_support_c.cpp.o
[28.760s] [ 66%] Building CXX object CMakeFiles/hesai_ros_driver__rosidl_typesupport_fastrtps_c.dir/rosidl_typesupport_fastrtps_c/hesai_ros_driver/msg/detail/ptp__type_support_c.cpp.o
[29.705s] [ 67%] Building CXX object CMakeFiles/hesai_ros_driver__rosidl_typesupport_fastrtps_c.dir/rosidl_typesupport_fastrtps_c/hesai_ros_driver/msg/detail/loss_packet__type_support_c.cpp.o
[30.121s] [ 68%] Building CXX object src/driver/HesaiLidar_SDK_2.0/libhesai/Source/CMakeFiles/source_lib.dir/src/pcap_saver.cc.o
[30.950s] [ 70%] Linking CXX shared library libhesai_ros_driver__rosidl_typesupport_fastrtps_c.so
[31.199s] [ 71%] Building CXX object src/driver/HesaiLidar_SDK_2.0/libhesai/PtcClient/CMakeFiles/ptcClient_lib.dir/src/tcp_client.cc.o
[31.232s] [ 71%] Built target hesai_ros_driver__rosidl_typesupport_fastrtps_c
[31.250s] [ 72%] Building CXX object src/driver/HesaiLidar_SDK_2.0/libhesai/PtcClient/CMakeFiles/ptcClient_lib.dir/__/PtcParser/src/general_ptc_parser.cc.o
[31.373s] Scanning dependencies of target hesai_ros_driver
[31.431s] [ 72%] Built target hesai_ros_driver
[31.456s] Scanning dependencies of target hesai_ros_driver__py
[31.534s] [ 73%] Generating Python code for ROS interfaces
[35.436s] [ 73%] Built target hesai_ros_driver__py
[35.469s] [ 74%] Building CXX object src/driver/HesaiLidar_SDK_2.0/libhesai/PtcClient/CMakeFiles/ptcClient_lib.dir/__/PtcParser/src/ptc_2_0_parser.cc.o
[35.752s] [ 75%] Building CXX object src/driver/HesaiLidar_SDK_2.0/libhesai/Source/CMakeFiles/source_lib.dir/src/tcp_source.cc.o
[37.226s] [ 77%] Building CXX object src/driver/HesaiLidar_SDK_2.0/libhesai/PtcClient/CMakeFiles/ptcClient_lib.dir/__/PtcParser/ptc_parser.cc.o
[38.300s] [ 78%] Linking CXX static library libsource_lib.a
[38.398s] [ 78%] Built target source_lib
[38.774s] [ 79%] Building CXX object src/driver/HesaiLidar_SDK_2.0/libhesai/PtcClient/CMakeFiles/ptcClient_lib.dir/__/PtcParser/src/ptc_1_0_parser.cc.o
[40.640s] [ 80%] Linking CXX static library libptcClient_lib.a
[40.714s] [ 80%] Built target ptcClient_lib
[40.743s] Scanning dependencies of target serialClient_lib
[40.768s] [ 81%] Building CXX object src/driver/HesaiLidar_SDK_2.0/libhesai/SerialClient/CMakeFiles/serialClient_lib.dir/src/serial_client.cc.o
[40.769s] Scanning dependencies of target hesai_ros_driver__python
[40.799s] [ 83%] Building C object CMakeFiles/hesai_ros_driver__python.dir/rosidl_generator_py/hesai_ros_driver/msg/_udp_frame_s.c.o
[40.799s] [ 83%] Building C object CMakeFiles/hesai_ros_driver__python.dir/rosidl_generator_py/hesai_ros_driver/msg/_udp_packet_s.c.o
[40.810s] cc1: warning: command line option ‘-std=c++14’ is valid for C++/ObjC++ but not for C
[40.810s] cc1: warning: command line option ‘-std=c++14’ is valid for C++/ObjC++ but not for C
[41.093s] [ 85%] Building C object CMakeFiles/hesai_ros_driver__python.dir/rosidl_generator_py/hesai_ros_driver/msg/_firetime_s.c.o
[41.105s] cc1: warning: command line option ‘-std=c++14’ is valid for C++/ObjC++ but not for C
[41.207s] [ 86%] Building C object CMakeFiles/hesai_ros_driver__python.dir/rosidl_generator_py/hesai_ros_driver/msg/_ptp_s.c.o
[41.216s] cc1: warning: command line option ‘-std=c++14’ is valid for C++/ObjC++ but not for C
[41.385s] [ 87%] Building C object CMakeFiles/hesai_ros_driver__python.dir/rosidl_generator_py/hesai_ros_driver/msg/_loss_packet_s.c.o
[41.403s] cc1: warning: command line option ‘-std=c++14’ is valid for C++/ObjC++ but not for C
[41.671s] [ 88%] Linking C shared library rosidl_generator_py/hesai_ros_driver/libhesai_ros_driver__python.so
[41.767s] [ 88%] Built target hesai_ros_driver__python
[41.804s] Scanning dependencies of target hesai_ros_driver__rosidl_typesupport_introspection_c__pyext
[41.841s] [ 89%] Building C object CMakeFiles/hesai_ros_driver__rosidl_typesupport_introspection_c__pyext.dir/rosidl_generator_py/hesai_ros_driver/_hesai_ros_driver_s.ep.rosidl_typesupport_introspection_c.c.o
[41.854s] cc1: warning: command line option ‘-std=c++14’ is valid for C++/ObjC++ but not for C
[42.210s] [ 90%] Linking C shared library rosidl_generator_py/hesai_ros_driver/hesai_ros_driver_s__rosidl_typesupport_introspection_c.cpython-38-aarch64-linux-gnu.so
[42.302s] [ 90%] Built target hesai_ros_driver__rosidl_typesupport_introspection_c__pyext
[42.338s] Scanning dependencies of target hesai_ros_driver__rosidl_typesupport_c__pyext
[42.369s] [ 91%] Building C object CMakeFiles/hesai_ros_driver__rosidl_typesupport_c__pyext.dir/rosidl_generator_py/hesai_ros_driver/_hesai_ros_driver_s.ep.rosidl_typesupport_c.c.o
[42.377s] cc1: warning: command line option ‘-std=c++14’ is valid for C++/ObjC++ but not for C
[42.758s] [ 93%] Linking C shared library rosidl_generator_py/hesai_ros_driver/hesai_ros_driver_s__rosidl_typesupport_c.cpython-38-aarch64-linux-gnu.so
[42.848s] [ 93%] Built target hesai_ros_driver__rosidl_typesupport_c__pyext
[42.898s] Scanning dependencies of target hesai_ros_driver__rosidl_typesupport_fastrtps_c__pyext
[42.933s] [ 94%] Building C object CMakeFiles/hesai_ros_driver__rosidl_typesupport_fastrtps_c__pyext.dir/rosidl_generator_py/hesai_ros_driver/_hesai_ros_driver_s.ep.rosidl_typesupport_fastrtps_c.c.o
[42.949s] cc1: warning: command line option ‘-std=c++14’ is valid for C++/ObjC++ but not for C
[43.256s] [ 95%] Linking CXX shared library rosidl_generator_py/hesai_ros_driver/hesai_ros_driver_s__rosidl_typesupport_fastrtps_c.cpython-38-aarch64-linux-gnu.so
[43.409s] [ 95%] Built target hesai_ros_driver__rosidl_typesupport_fastrtps_c__pyext
[44.562s] [ 96%] Linking CXX static library libserialClient_lib.a
[44.645s] [ 96%] Built target serialClient_lib
[44.808s] Scanning dependencies of target hesai_ros_driver_node
[44.849s] [ 97%] Building CXX object CMakeFiles/hesai_ros_driver_node.dir/src/manager/node_manager.cc.o
[44.849s] [ 98%] Building CXX object CMakeFiles/hesai_ros_driver_node.dir/node/hesai_ros_driver_node.cc.o
[100.551s] [100%] Linking CXX executable hesai_ros_driver_node
[101.015s] [100%] Built target hesai_ros_driver_node
[101.046s] Invoked command in '/home/unitree/robotscene/ros2_ws/build/hesai_ros_driver' returned '0': CMAKE_PREFIX_PATH=${CMAKE_PREFIX_PATH}:/opt/ros/humble /usr/bin/cmake --build /home/unitree/robotscene/ros2_ws/build/hesai_ros_driver -- -j4 -l4
[101.282s] Invoking command in '/home/unitree/robotscene/ros2_ws/build/hesai_ros_driver': CMAKE_PREFIX_PATH=${CMAKE_PREFIX_PATH}:/opt/ros/humble /usr/bin/cmake --install /home/unitree/robotscene/ros2_ws/build/hesai_ros_driver
[101.307s] -- Install configuration: "Release"
[101.308s] -- Execute custom install script
[101.309s] -- Symlinking: /home/unitree/robotscene/ros2_ws/install/hesai_ros_driver/share/ament_index/resource_index/rosidl_interfaces/hesai_ros_driver
[101.332s] -- Symlinking: /home/unitree/robotscene/ros2_ws/install/hesai_ros_driver/include/hesai_ros_driver/msg/detail/firetime__functions.h
[101.351s] -- Symlinking: /home/unitree/robotscene/ros2_ws/install/hesai_ros_driver/include/hesai_ros_driver/msg/detail/firetime__struct.h
[101.371s] -- Symlinking: /home/unitree/robotscene/ros2_ws/install/hesai_ros_driver/include/hesai_ros_driver/msg/detail/firetime__type_support.h
[101.398s] -- Symlinking: /home/unitree/robotscene/ros2_ws/install/hesai_ros_driver/include/hesai_ros_driver/msg/detail/loss_packet__functions.h
[101.416s] -- Symlinking: /home/unitree/robotscene/ros2_ws/install/hesai_ros_driver/include/hesai_ros_driver/msg/detail/loss_packet__struct.h
[101.436s] -- Symlinking: /home/unitree/robotscene/ros2_ws/install/hesai_ros_driver/include/hesai_ros_driver/msg/detail/loss_packet__type_support.h
[101.457s] -- Symlinking: /home/unitree/robotscene/ros2_ws/install/hesai_ros_driver/include/hesai_ros_driver/msg/detail/ptp__functions.h
[101.477s] -- Symlinking: /home/unitree/robotscene/ros2_ws/install/hesai_ros_driver/include/hesai_ros_driver/msg/detail/ptp__struct.h
[101.498s] -- Symlinking: /home/unitree/robotscene/ros2_ws/install/hesai_ros_driver/include/hesai_ros_driver/msg/detail/ptp__type_support.h
[101.517s] -- Symlinking: /home/unitree/robotscene/ros2_ws/install/hesai_ros_driver/include/hesai_ros_driver/msg/detail/udp_frame__functions.h
[101.538s] -- Symlinking: /home/unitree/robotscene/ros2_ws/install/hesai_ros_driver/include/hesai_ros_driver/msg/detail/udp_frame__struct.h
[101.557s] -- Symlinking: /home/unitree/robotscene/ros2_ws/install/hesai_ros_driver/include/hesai_ros_driver/msg/detail/udp_frame__type_support.h
[101.576s] -- Symlinking: /home/unitree/robotscene/ros2_ws/install/hesai_ros_driver/include/hesai_ros_driver/msg/detail/udp_packet__functions.h
[101.596s] -- Symlinking: /home/unitree/robotscene/ros2_ws/install/hesai_ros_driver/include/hesai_ros_driver/msg/detail/udp_packet__struct.h
[101.618s] -- Symlinking: /home/unitree/robotscene/ros2_ws/install/hesai_ros_driver/include/hesai_ros_driver/msg/detail/udp_packet__type_support.h
[101.639s] -- Symlinking: /home/unitree/robotscene/ros2_ws/install/hesai_ros_driver/include/hesai_ros_driver/msg/firetime.h
[101.657s] -- Symlinking: /home/unitree/robotscene/ros2_ws/install/hesai_ros_driver/include/hesai_ros_driver/msg/loss_packet.h
[101.677s] -- Symlinking: /home/unitree/robotscene/ros2_ws/install/hesai_ros_driver/include/hesai_ros_driver/msg/ptp.h
[101.700s] -- Symlinking: /home/unitree/robotscene/ros2_ws/install/hesai_ros_driver/include/hesai_ros_driver/msg/rosidl_generator_c__visibility_control.h
[101.721s] -- Symlinking: /home/unitree/robotscene/ros2_ws/install/hesai_ros_driver/include/hesai_ros_driver/msg/udp_frame.h
[101.741s] -- Symlinking: /home/unitree/robotscene/ros2_ws/install/hesai_ros_driver/include/hesai_ros_driver/msg/udp_packet.h
[101.764s] -- Symlinking: /home/unitree/robotscene/ros2_ws/install/hesai_ros_driver/share/hesai_ros_driver/environment/library_path.sh
[101.784s] -- Symlinking: /home/unitree/robotscene/ros2_ws/install/hesai_ros_driver/share/hesai_ros_driver/environment/library_path.dsv
[101.805s] -- Symlinking: /home/unitree/robotscene/ros2_ws/install/hesai_ros_driver/include/hesai_ros_driver/msg/detail/firetime__rosidl_typesupport_fastrtps_c.h
[101.825s] -- Symlinking: /home/unitree/robotscene/ros2_ws/install/hesai_ros_driver/include/hesai_ros_driver/msg/detail/loss_packet__rosidl_typesupport_fastrtps_c.h
[101.845s] -- Symlinking: /home/unitree/robotscene/ros2_ws/install/hesai_ros_driver/include/hesai_ros_driver/msg/detail/ptp__rosidl_typesupport_fastrtps_c.h
[101.864s] -- Symlinking: /home/unitree/robotscene/ros2_ws/install/hesai_ros_driver/include/hesai_ros_driver/msg/detail/udp_frame__rosidl_typesupport_fastrtps_c.h
[101.885s] -- Symlinking: /home/unitree/robotscene/ros2_ws/install/hesai_ros_driver/include/hesai_ros_driver/msg/detail/udp_packet__rosidl_typesupport_fastrtps_c.h
[101.908s] -- Symlinking: /home/unitree/robotscene/ros2_ws/install/hesai_ros_driver/include/hesai_ros_driver/msg/rosidl_typesupport_fastrtps_c__visibility_control.h
[101.930s] -- Symlinking: /home/unitree/robotscene/ros2_ws/install/hesai_ros_driver/lib/libhesai_ros_driver__rosidl_typesupport_fastrtps_c.so
[101.953s] -- Symlinking: /home/unitree/robotscene/ros2_ws/install/hesai_ros_driver/include/hesai_ros_driver/msg/detail/firetime__rosidl_typesupport_fastrtps_cpp.hpp
[101.974s] -- Symlinking: /home/unitree/robotscene/ros2_ws/install/hesai_ros_driver/include/hesai_ros_driver/msg/detail/loss_packet__rosidl_typesupport_fastrtps_cpp.hpp
[101.995s] -- Symlinking: /home/unitree/robotscene/ros2_ws/install/hesai_ros_driver/include/hesai_ros_driver/msg/detail/ptp__rosidl_typesupport_fastrtps_cpp.hpp
[102.015s] -- Symlinking: /home/unitree/robotscene/ros2_ws/install/hesai_ros_driver/include/hesai_ros_driver/msg/detail/udp_frame__rosidl_typesupport_fastrtps_cpp.hpp
[102.036s] -- Symlinking: /home/unitree/robotscene/ros2_ws/install/hesai_ros_driver/include/hesai_ros_driver/msg/detail/udp_packet__rosidl_typesupport_fastrtps_cpp.hpp
[102.057s] -- Symlinking: /home/unitree/robotscene/ros2_ws/install/hesai_ros_driver/include/hesai_ros_driver/msg/rosidl_typesupport_fastrtps_cpp__visibility_control.h
[102.077s] -- Symlinking: /home/unitree/robotscene/ros2_ws/install/hesai_ros_driver/lib/libhesai_ros_driver__rosidl_typesupport_fastrtps_cpp.so
[102.098s] -- Symlinking: /home/unitree/robotscene/ros2_ws/install/hesai_ros_driver/include/hesai_ros_driver/msg/detail/firetime__rosidl_typesupport_introspection_c.h
[102.119s] -- Symlinking: /home/unitree/robotscene/ros2_ws/install/hesai_ros_driver/include/hesai_ros_driver/msg/detail/loss_packet__rosidl_typesupport_introspection_c.h
[102.146s] -- Symlinking: /home/unitree/robotscene/ros2_ws/install/hesai_ros_driver/include/hesai_ros_driver/msg/detail/ptp__rosidl_typesupport_introspection_c.h
[102.166s] -- Symlinking: /home/unitree/robotscene/ros2_ws/install/hesai_ros_driver/include/hesai_ros_driver/msg/detail/udp_frame__rosidl_typesupport_introspection_c.h
[102.185s] -- Symlinking: /home/unitree/robotscene/ros2_ws/install/hesai_ros_driver/include/hesai_ros_driver/msg/detail/udp_packet__rosidl_typesupport_introspection_c.h
[102.206s] -- Symlinking: /home/unitree/robotscene/ros2_ws/install/hesai_ros_driver/include/hesai_ros_driver/msg/rosidl_typesupport_introspection_c__visibility_control.h
[102.226s] -- Symlinking: /home/unitree/robotscene/ros2_ws/install/hesai_ros_driver/include/hesai_ros_driver/msg/detail/firetime__builder.hpp
[102.246s] -- Symlinking: /home/unitree/robotscene/ros2_ws/install/hesai_ros_driver/include/hesai_ros_driver/msg/detail/firetime__struct.hpp
[102.268s] -- Symlinking: /home/unitree/robotscene/ros2_ws/install/hesai_ros_driver/include/hesai_ros_driver/msg/detail/firetime__traits.hpp
[102.288s] -- Symlinking: /home/unitree/robotscene/ros2_ws/install/hesai_ros_driver/include/hesai_ros_driver/msg/detail/firetime__type_support.hpp
[102.308s] -- Symlinking: /home/unitree/robotscene/ros2_ws/install/hesai_ros_driver/include/hesai_ros_driver/msg/detail/loss_packet__builder.hpp
[102.329s] -- Symlinking: /home/unitree/robotscene/ros2_ws/install/hesai_ros_driver/include/hesai_ros_driver/msg/detail/loss_packet__struct.hpp
[102.359s] -- Symlinking: /home/unitree/robotscene/ros2_ws/install/hesai_ros_driver/include/hesai_ros_driver/msg/detail/loss_packet__traits.hpp
[102.379s] -- Symlinking: /home/unitree/robotscene/ros2_ws/install/hesai_ros_driver/include/hesai_ros_driver/msg/detail/loss_packet__type_support.hpp
[102.399s] -- Symlinking: /home/unitree/robotscene/ros2_ws/install/hesai_ros_driver/include/hesai_ros_driver/msg/detail/ptp__builder.hpp
[102.421s] -- Symlinking: /home/unitree/robotscene/ros2_ws/install/hesai_ros_driver/include/hesai_ros_driver/msg/detail/ptp__struct.hpp
[102.441s] -- Symlinking: /home/unitree/robotscene/ros2_ws/install/hesai_ros_driver/include/hesai_ros_driver/msg/detail/ptp__traits.hpp
[102.465s] -- Symlinking: /home/unitree/robotscene/ros2_ws/install/hesai_ros_driver/include/hesai_ros_driver/msg/detail/ptp__type_support.hpp
[102.485s] -- Symlinking: /home/unitree/robotscene/ros2_ws/install/hesai_ros_driver/include/hesai_ros_driver/msg/detail/udp_frame__builder.hpp
[102.505s] -- Symlinking: /home/unitree/robotscene/ros2_ws/install/hesai_ros_driver/include/hesai_ros_driver/msg/detail/udp_frame__struct.hpp
[102.524s] -- Symlinking: /home/unitree/robotscene/ros2_ws/install/hesai_ros_driver/include/hesai_ros_driver/msg/detail/udp_frame__traits.hpp
[102.545s] -- Symlinking: /home/unitree/robotscene/ros2_ws/install/hesai_ros_driver/include/hesai_ros_driver/msg/detail/udp_frame__type_support.hpp
[102.573s] -- Symlinking: /home/unitree/robotscene/ros2_ws/install/hesai_ros_driver/include/hesai_ros_driver/msg/detail/udp_packet__builder.hpp
[102.591s] -- Symlinking: /home/unitree/robotscene/ros2_ws/install/hesai_ros_driver/include/hesai_ros_driver/msg/detail/udp_packet__struct.hpp
[102.611s] -- Symlinking: /home/unitree/robotscene/ros2_ws/install/hesai_ros_driver/include/hesai_ros_driver/msg/detail/udp_packet__traits.hpp
[102.632s] -- Symlinking: /home/unitree/robotscene/ros2_ws/install/hesai_ros_driver/include/hesai_ros_driver/msg/detail/udp_packet__type_support.hpp
[102.652s] -- Symlinking: /home/unitree/robotscene/ros2_ws/install/hesai_ros_driver/include/hesai_ros_driver/msg/firetime.hpp
[102.673s] -- Symlinking: /home/unitree/robotscene/ros2_ws/install/hesai_ros_driver/include/hesai_ros_driver/msg/loss_packet.hpp
[102.693s] -- Symlinking: /home/unitree/robotscene/ros2_ws/install/hesai_ros_driver/include/hesai_ros_driver/msg/ptp.hpp
[102.715s] -- Symlinking: /home/unitree/robotscene/ros2_ws/install/hesai_ros_driver/include/hesai_ros_driver/msg/rosidl_generator_cpp__visibility_control.hpp
[102.734s] -- Symlinking: /home/unitree/robotscene/ros2_ws/install/hesai_ros_driver/include/hesai_ros_driver/msg/udp_frame.hpp
[102.754s] -- Symlinking: /home/unitree/robotscene/ros2_ws/install/hesai_ros_driver/include/hesai_ros_driver/msg/udp_packet.hpp
[102.776s] -- Symlinking: /home/unitree/robotscene/ros2_ws/install/hesai_ros_driver/include/hesai_ros_driver/msg/detail/firetime__rosidl_typesupport_introspection_cpp.hpp
[102.795s] -- Symlinking: /home/unitree/robotscene/ros2_ws/install/hesai_ros_driver/include/hesai_ros_driver/msg/detail/loss_packet__rosidl_typesupport_introspection_cpp.hpp
[102.815s] -- Symlinking: /home/unitree/robotscene/ros2_ws/install/hesai_ros_driver/include/hesai_ros_driver/msg/detail/ptp__rosidl_typesupport_introspection_cpp.hpp
[102.836s] -- Symlinking: /home/unitree/robotscene/ros2_ws/install/hesai_ros_driver/include/hesai_ros_driver/msg/detail/udp_frame__rosidl_typesupport_introspection_cpp.hpp
[102.863s] -- Symlinking: /home/unitree/robotscene/ros2_ws/install/hesai_ros_driver/include/hesai_ros_driver/msg/detail/udp_packet__rosidl_typesupport_introspection_cpp.hpp
[102.883s] -- Symlinking: /home/unitree/robotscene/ros2_ws/install/hesai_ros_driver/share/hesai_ros_driver/environment/pythonpath.sh
[102.906s] -- Symlinking: /home/unitree/robotscene/ros2_ws/install/hesai_ros_driver/share/hesai_ros_driver/environment/pythonpath.dsv
[102.926s] -- Symlinking: /home/unitree/robotscene/ros2_ws/install/hesai_ros_driver/lib/python3.8/site-packages/hesai_ros_driver/__init__.py
[102.946s] -- Symlinking: /home/unitree/robotscene/ros2_ws/install/hesai_ros_driver/lib/python3.8/site-packages/hesai_ros_driver/msg/__init__.py
[102.966s] -- Symlinking: /home/unitree/robotscene/ros2_ws/install/hesai_ros_driver/lib/python3.8/site-packages/hesai_ros_driver/msg/_firetime.py
[102.990s] -- Symlinking: /home/unitree/robotscene/ros2_ws/install/hesai_ros_driver/lib/python3.8/site-packages/hesai_ros_driver/msg/_loss_packet.py
[103.010s] -- Symlinking: /home/unitree/robotscene/ros2_ws/install/hesai_ros_driver/lib/python3.8/site-packages/hesai_ros_driver/msg/_ptp.py
[103.030s] -- Symlinking: /home/unitree/robotscene/ros2_ws/install/hesai_ros_driver/lib/python3.8/site-packages/hesai_ros_driver/msg/_udp_frame.py
[103.049s] -- Symlinking: /home/unitree/robotscene/ros2_ws/install/hesai_ros_driver/lib/python3.8/site-packages/hesai_ros_driver/msg/_udp_packet.py
[103.071s] -- Symlinking: /home/unitree/robotscene/ros2_ws/install/hesai_ros_driver/lib/python3.8/site-packages/hesai_ros_driver/hesai_ros_driver_s__rosidl_typesupport_fastrtps_c.cpython-38-aarch64-linux-gnu.so
[103.090s] -- Symlinking: /home/unitree/robotscene/ros2_ws/install/hesai_ros_driver/lib/python3.8/site-packages/hesai_ros_driver/hesai_ros_driver_s__rosidl_typesupport_introspection_c.cpython-38-aarch64-linux-gnu.so
[103.111s] -- Symlinking: /home/unitree/robotscene/ros2_ws/install/hesai_ros_driver/lib/python3.8/site-packages/hesai_ros_driver/hesai_ros_driver_s__rosidl_typesupport_c.cpython-38-aarch64-linux-gnu.so
[103.132s] -- Symlinking: /home/unitree/robotscene/ros2_ws/install/hesai_ros_driver/lib/libhesai_ros_driver__python.so
[103.152s] -- Symlinking: /home/unitree/robotscene/ros2_ws/install/hesai_ros_driver/share/hesai_ros_driver/msg/UdpPacket.idl
[103.174s] -- Symlinking: /home/unitree/robotscene/ros2_ws/install/hesai_ros_driver/share/hesai_ros_driver/msg/UdpFrame.idl
[103.195s] -- Symlinking: /home/unitree/robotscene/ros2_ws/install/hesai_ros_driver/share/hesai_ros_driver/msg/Firetime.idl
[103.217s] -- Symlinking: /home/unitree/robotscene/ros2_ws/install/hesai_ros_driver/share/hesai_ros_driver/msg/Ptp.idl
[103.239s] -- Symlinking: /home/unitree/robotscene/ros2_ws/install/hesai_ros_driver/share/hesai_ros_driver/msg/LossPacket.idl
[103.259s] -- Symlinking: /home/unitree/robotscene/ros2_ws/install/hesai_ros_driver/share/hesai_ros_driver/msg_ros2/UdpPacket.msg
[103.280s] -- Symlinking: /home/unitree/robotscene/ros2_ws/install/hesai_ros_driver/share/hesai_ros_driver/msg_ros2/UdpFrame.msg
[103.300s] -- Symlinking: /home/unitree/robotscene/ros2_ws/install/hesai_ros_driver/share/hesai_ros_driver/msg_ros2/Firetime.msg
[103.320s] -- Symlinking: /home/unitree/robotscene/ros2_ws/install/hesai_ros_driver/share/hesai_ros_driver/msg_ros2/Ptp.msg
[103.342s] -- Symlinking: /home/unitree/robotscene/ros2_ws/install/hesai_ros_driver/share/hesai_ros_driver/msg_ros2/LossPacket.msg
[103.361s] -- Symlinking: /home/unitree/robotscene/ros2_ws/install/hesai_ros_driver/lib/hesai_ros_driver/hesai_ros_driver_node
[103.382s] -- Symlinking: /home/unitree/robotscene/ros2_ws/install/hesai_ros_driver/lib/liblog_lib.a
[103.410s] -- Symlinking: /home/unitree/robotscene/ros2_ws/install/hesai_ros_driver/lib/libptcClient_lib.a
[103.431s] -- Symlinking: /home/unitree/robotscene/ros2_ws/install/hesai_ros_driver/lib/libsource_lib.a
[103.449s] -- Symlinking: /home/unitree/robotscene/ros2_ws/install/hesai_ros_driver/lib/libplatutils_lib.a
[103.471s] -- Symlinking: /home/unitree/robotscene/ros2_ws/install/hesai_ros_driver/lib/libserialClient_lib.a
[103.492s] -- Symlinking: /home/unitree/robotscene/ros2_ws/install/hesai_ros_driver/share/hesai_ros_driver/launch/dashing_start.py
[103.514s] -- Symlinking: /home/unitree/robotscene/ros2_ws/install/hesai_ros_driver/share/hesai_ros_driver/launch/start.launch
[103.533s] -- Symlinking: /home/unitree/robotscene/ros2_ws/install/hesai_ros_driver/share/hesai_ros_driver/launch/start.py
[103.554s] -- Symlinking: /home/unitree/robotscene/ros2_ws/install/hesai_ros_driver/share/hesai_ros_driver/rviz/rviz.rviz
[103.575s] -- Symlinking: /home/unitree/robotscene/ros2_ws/install/hesai_ros_driver/share/hesai_ros_driver/rviz/rviz2.rviz
[103.594s] -- Symlinking: /home/unitree/robotscene/ros2_ws/install/hesai_ros_driver/share/hesai_ros_driver/config/config.yaml
[103.617s] -- Symlinking: /home/unitree/robotscene/ros2_ws/install/hesai_ros_driver/share/ament_index/resource_index/package_run_dependencies/hesai_ros_driver
[103.639s] -- Symlinking: /home/unitree/robotscene/ros2_ws/install/hesai_ros_driver/share/ament_index/resource_index/parent_prefix_path/hesai_ros_driver
[103.658s] -- Symlinking: /home/unitree/robotscene/ros2_ws/install/hesai_ros_driver/share/hesai_ros_driver/environment/ament_prefix_path.sh
[103.678s] -- Symlinking: /home/unitree/robotscene/ros2_ws/install/hesai_ros_driver/share/hesai_ros_driver/environment/ament_prefix_path.dsv
[103.701s] -- Symlinking: /home/unitree/robotscene/ros2_ws/install/hesai_ros_driver/share/hesai_ros_driver/environment/path.sh
[103.720s] -- Symlinking: /home/unitree/robotscene/ros2_ws/install/hesai_ros_driver/share/hesai_ros_driver/environment/path.dsv
[103.740s] -- Symlinking: /home/unitree/robotscene/ros2_ws/install/hesai_ros_driver/share/hesai_ros_driver/local_setup.bash
[103.759s] -- Symlinking: /home/unitree/robotscene/ros2_ws/install/hesai_ros_driver/share/hesai_ros_driver/local_setup.sh
[103.780s] -- Symlinking: /home/unitree/robotscene/ros2_ws/install/hesai_ros_driver/share/hesai_ros_driver/local_setup.zsh
[103.800s] -- Symlinking: /home/unitree/robotscene/ros2_ws/install/hesai_ros_driver/share/hesai_ros_driver/local_setup.dsv
[103.821s] -- Symlinking: /home/unitree/robotscene/ros2_ws/install/hesai_ros_driver/share/hesai_ros_driver/package.dsv
[103.842s] -- Symlinking: /home/unitree/robotscene/ros2_ws/install/hesai_ros_driver/share/ament_index/resource_index/packages/hesai_ros_driver
[103.862s] -- Symlinking: /home/unitree/robotscene/ros2_ws/install/hesai_ros_driver/share/hesai_ros_driver/cmake/rosidl_cmake-extras.cmake
[103.887s] -- Symlinking: /home/unitree/robotscene/ros2_ws/install/hesai_ros_driver/share/hesai_ros_driver/cmake/ament_cmake_export_dependencies-extras.cmake
[103.908s] -- Symlinking: /home/unitree/robotscene/ros2_ws/install/hesai_ros_driver/share/hesai_ros_driver/cmake/ament_cmake_export_libraries-extras.cmake
[103.929s] -- Symlinking: /home/unitree/robotscene/ros2_ws/install/hesai_ros_driver/share/hesai_ros_driver/cmake/ament_cmake_export_targets-extras.cmake
[103.948s] -- Symlinking: /home/unitree/robotscene/ros2_ws/install/hesai_ros_driver/share/hesai_ros_driver/cmake/ament_cmake_export_include_directories-extras.cmake
[103.968s] -- Symlinking: /home/unitree/robotscene/ros2_ws/install/hesai_ros_driver/share/hesai_ros_driver/cmake/rosidl_cmake_export_typesupport_libraries-extras.cmake
[103.988s] -- Symlinking: /home/unitree/robotscene/ros2_ws/install/hesai_ros_driver/share/hesai_ros_driver/cmake/rosidl_cmake_export_typesupport_targets-extras.cmake
[104.010s] -- Symlinking: /home/unitree/robotscene/ros2_ws/install/hesai_ros_driver/share/hesai_ros_driver/cmake/hesai_ros_driverConfig.cmake
[104.029s] -- Symlinking: /home/unitree/robotscene/ros2_ws/install/hesai_ros_driver/share/hesai_ros_driver/cmake/hesai_ros_driverConfig-version.cmake
[104.049s] -- Symlinking: /home/unitree/robotscene/ros2_ws/install/hesai_ros_driver/share/hesai_ros_driver/package.xml
[104.068s] -- Installing: /home/unitree/robotscene/ros2_ws/install/hesai_ros_driver/lib/libhesai_ros_driver__rosidl_generator_c.so
[104.069s] -- Set runtime path of "/home/unitree/robotscene/ros2_ws/install/hesai_ros_driver/lib/libhesai_ros_driver__rosidl_generator_c.so" to ""
[104.069s] -- Installing: /home/unitree/robotscene/ros2_ws/install/hesai_ros_driver/lib/libhesai_ros_driver__rosidl_typesupport_introspection_c.so
[104.070s] -- Set runtime path of "/home/unitree/robotscene/ros2_ws/install/hesai_ros_driver/lib/libhesai_ros_driver__rosidl_typesupport_introspection_c.so" to ""
[104.070s] -- Installing: /home/unitree/robotscene/ros2_ws/install/hesai_ros_driver/lib/libhesai_ros_driver__rosidl_typesupport_c.so
[104.071s] -- Set runtime path of "/home/unitree/robotscene/ros2_ws/install/hesai_ros_driver/lib/libhesai_ros_driver__rosidl_typesupport_c.so" to ""
[104.071s] -- Installing: /home/unitree/robotscene/ros2_ws/install/hesai_ros_driver/lib/libhesai_ros_driver__rosidl_typesupport_introspection_cpp.so
[104.072s] -- Set runtime path of "/home/unitree/robotscene/ros2_ws/install/hesai_ros_driver/lib/libhesai_ros_driver__rosidl_typesupport_introspection_cpp.so" to ""
[104.072s] -- Installing: /home/unitree/robotscene/ros2_ws/install/hesai_ros_driver/lib/libhesai_ros_driver__rosidl_typesupport_cpp.so
[104.072s] -- Set runtime path of "/home/unitree/robotscene/ros2_ws/install/hesai_ros_driver/lib/libhesai_ros_driver__rosidl_typesupport_cpp.so" to ""
[104.137s] Compiling '/home/unitree/robotscene/ros2_ws/install/hesai_ros_driver/lib/python3.8/site-packages/hesai_ros_driver/__init__.py'...
[104.149s] -- Installing: /home/unitree/robotscene/ros2_ws/install/hesai_ros_driver/share/hesai_ros_driver/cmake/hesai_ros_driver__rosidl_generator_cExport.cmake
[104.149s] -- Installing: /home/unitree/robotscene/ros2_ws/install/hesai_ros_driver/share/hesai_ros_driver/cmake/hesai_ros_driver__rosidl_generator_cExport-release.cmake
[104.149s] -- Installing: /home/unitree/robotscene/ros2_ws/install/hesai_ros_driver/share/hesai_ros_driver/cmake/hesai_ros_driver__rosidl_typesupport_introspection_cExport.cmake
[104.150s] -- Installing: /home/unitree/robotscene/ros2_ws/install/hesai_ros_driver/share/hesai_ros_driver/cmake/hesai_ros_driver__rosidl_typesupport_introspection_cExport-release.cmake
[104.150s] -- Installing: /home/unitree/robotscene/ros2_ws/install/hesai_ros_driver/share/hesai_ros_driver/cmake/hesai_ros_driver__rosidl_typesupport_cExport.cmake
[104.150s] -- Installing: /home/unitree/robotscene/ros2_ws/install/hesai_ros_driver/share/hesai_ros_driver/cmake/hesai_ros_driver__rosidl_typesupport_cExport-release.cmake
[104.150s] -- Installing: /home/unitree/robotscene/ros2_ws/install/hesai_ros_driver/share/hesai_ros_driver/cmake/hesai_ros_driver__rosidl_generator_cppExport.cmake
[104.151s] -- Installing: /home/unitree/robotscene/ros2_ws/install/hesai_ros_driver/share/hesai_ros_driver/cmake/hesai_ros_driver__rosidl_typesupport_introspection_cppExport.cmake
[104.151s] -- Installing: /home/unitree/robotscene/ros2_ws/install/hesai_ros_driver/share/hesai_ros_driver/cmake/hesai_ros_driver__rosidl_typesupport_introspection_cppExport-release.cmake
[104.151s] -- Installing: /home/unitree/robotscene/ros2_ws/install/hesai_ros_driver/share/hesai_ros_driver/cmake/hesai_ros_driver__rosidl_typesupport_cppExport.cmake
[104.152s] -- Installing: /home/unitree/robotscene/ros2_ws/install/hesai_ros_driver/share/hesai_ros_driver/cmake/hesai_ros_driver__rosidl_typesupport_cppExport-release.cmake
[104.159s] Invoked command in '/home/unitree/robotscene/ros2_ws/build/hesai_ros_driver' returned '0': CMAKE_PREFIX_PATH=${CMAKE_PREFIX_PATH}:/opt/ros/humble /usr/bin/cmake --install /home/unitree/robotscene/ros2_ws/build/hesai_ros_driver
