[0.319s] Invoking command in '/home/unitree/robotscene/unitree_go2w_control/ros2_ws/build/go2w_motion_control': AMENT_PREFIX_PATH=/home/unitree/robotscene/unitree_go2w_control/ros2_ws/install/go2w_motion_interfaces:${AMENT_PREFIX_PATH} CMAKE_PREFIX_PATH=/home/unitree/robotscene/unitree_go2w_control/ros2_ws/install/go2w_motion_interfaces:/home/unitree/robotscene/external/unitree_ros2/cyclonedds_ws/install/unitree_hg:/home/unitree/robotscene/external/unitree_ros2/cyclonedds_ws/install/unitree_go:/home/unitree/robotscene/external/unitree_ros2/cyclonedds_ws/install/unitree_api:/opt/ros/foxy LD_LIBRARY_PATH=/home/unitree/robotscene/unitree_go2w_control/ros2_ws/install/go2w_motion_interfaces/lib:${LD_LIBRARY_PATH} PYTHONPATH=/home/unitree/robotscene/unitree_go2w_control/ros2_ws/install/go2w_motion_interfaces/lib/python3.8/site-packages:${PYTHONPATH} /usr/bin/cmake --build /home/unitree/robotscene/unitree_go2w_control/ros2_ws/build/go2w_motion_control -- -j4 -l4
[0.442s] [ 21%] Built target gtest
[0.442s] [ 21%] Built target gtest_main
[0.469s] [ 42%] Built target go2w_motion_core
[0.511s] [ 52%] Built target test_goal_validation
[0.522s] [ 63%] Built target test_request_matching
[0.525s] [ 73%] Built target test_angle_utils
[0.534s] [ 84%] Built target test_yaw_controller
[0.598s] [100%] Built target go2w_motion_action_server
[0.623s] Invoked command in '/home/unitree/robotscene/unitree_go2w_control/ros2_ws/build/go2w_motion_control' returned '0': AMENT_PREFIX_PATH=/home/unitree/robotscene/unitree_go2w_control/ros2_ws/install/go2w_motion_interfaces:${AMENT_PREFIX_PATH} CMAKE_PREFIX_PATH=/home/unitree/robotscene/unitree_go2w_control/ros2_ws/install/go2w_motion_interfaces:/home/unitree/robotscene/external/unitree_ros2/cyclonedds_ws/install/unitree_hg:/home/unitree/robotscene/external/unitree_ros2/cyclonedds_ws/install/unitree_go:/home/unitree/robotscene/external/unitree_ros2/cyclonedds_ws/install/unitree_api:/opt/ros/foxy LD_LIBRARY_PATH=/home/unitree/robotscene/unitree_go2w_control/ros2_ws/install/go2w_motion_interfaces/lib:${LD_LIBRARY_PATH} PYTHONPATH=/home/unitree/robotscene/unitree_go2w_control/ros2_ws/install/go2w_motion_interfaces/lib/python3.8/site-packages:${PYTHONPATH} /usr/bin/cmake --build /home/unitree/robotscene/unitree_go2w_control/ros2_ws/build/go2w_motion_control -- -j4 -l4
[0.697s] Invoking command in '/home/unitree/robotscene/unitree_go2w_control/ros2_ws/build/go2w_motion_control': AMENT_PREFIX_PATH=/home/unitree/robotscene/unitree_go2w_control/ros2_ws/install/go2w_motion_interfaces:${AMENT_PREFIX_PATH} CMAKE_PREFIX_PATH=/home/unitree/robotscene/unitree_go2w_control/ros2_ws/install/go2w_motion_interfaces:/home/unitree/robotscene/external/unitree_ros2/cyclonedds_ws/install/unitree_hg:/home/unitree/robotscene/external/unitree_ros2/cyclonedds_ws/install/unitree_go:/home/unitree/robotscene/external/unitree_ros2/cyclonedds_ws/install/unitree_api:/opt/ros/foxy LD_LIBRARY_PATH=/home/unitree/robotscene/unitree_go2w_control/ros2_ws/install/go2w_motion_interfaces/lib:${LD_LIBRARY_PATH} PYTHONPATH=/home/unitree/robotscene/unitree_go2w_control/ros2_ws/install/go2w_motion_interfaces/lib/python3.8/site-packages:${PYTHONPATH} /usr/bin/cmake --install /home/unitree/robotscene/unitree_go2w_control/ros2_ws/build/go2w_motion_control
[0.719s] -- Install configuration: "Release"
[0.720s] -- Up-to-date: /home/unitree/robotscene/unitree_go2w_control/ros2_ws/install/go2w_motion_control/lib/libgo2w_motion_core.a
[0.720s] -- Up-to-date: /home/unitree/robotscene/unitree_go2w_control/ros2_ws/install/go2w_motion_control/lib/go2w_motion_control/go2w_motion_action_server
[0.721s] -- Up-to-date: /home/unitree/robotscene/unitree_go2w_control/ros2_ws/install/go2w_motion_control/include
[0.721s] -- Up-to-date: /home/unitree/robotscene/unitree_go2w_control/ros2_ws/install/go2w_motion_control/include/go2w_motion_control
[0.721s] -- Up-to-date: /home/unitree/robotscene/unitree_go2w_control/ros2_ws/install/go2w_motion_control/include/go2w_motion_control/safety_guard.hpp
[0.721s] -- Up-to-date: /home/unitree/robotscene/unitree_go2w_control/ros2_ws/install/go2w_motion_control/include/go2w_motion_control/angle_utils.hpp
[0.721s] -- Up-to-date: /home/unitree/robotscene/unitree_go2w_control/ros2_ws/install/go2w_motion_control/include/go2w_motion_control/leased_sport_client.hpp
[0.722s] -- Up-to-date: /home/unitree/robotscene/unitree_go2w_control/ros2_ws/install/go2w_motion_control/include/go2w_motion_control/yaw_controller.hpp
[0.722s] -- Up-to-date: /home/unitree/robotscene/unitree_go2w_control/ros2_ws/install/go2w_motion_control/include/go2w_motion_control/motion_state_monitor.hpp
[0.722s] -- Up-to-date: /home/unitree/robotscene/unitree_go2w_control/ros2_ws/install/go2w_motion_control/include/go2w_motion_control/request_matching.hpp
[0.722s] -- Up-to-date: /home/unitree/robotscene/unitree_go2w_control/ros2_ws/install/go2w_motion_control/include/go2w_motion_control/motion_action_server.hpp
[0.722s] -- Up-to-date: /home/unitree/robotscene/unitree_go2w_control/ros2_ws/install/go2w_motion_control/include/go2w_motion_control/goal_logger.hpp
[0.723s] -- Up-to-date: /home/unitree/robotscene/unitree_go2w_control/ros2_ws/install/go2w_motion_control/share/go2w_motion_control/config
[0.723s] -- Up-to-date: /home/unitree/robotscene/unitree_go2w_control/ros2_ws/install/go2w_motion_control/share/go2w_motion_control/config/motion_control.yaml
[0.723s] -- Up-to-date: /home/unitree/robotscene/unitree_go2w_control/ros2_ws/install/go2w_motion_control/share/go2w_motion_control/launch
[0.723s] -- Up-to-date: /home/unitree/robotscene/unitree_go2w_control/ros2_ws/install/go2w_motion_control/share/go2w_motion_control/launch/__pycache__
[0.723s] -- Installing: /home/unitree/robotscene/unitree_go2w_control/ros2_ws/install/go2w_motion_control/share/go2w_motion_control/launch/__pycache__/go2w_motion_control.launch.cpython-38.pyc
[0.723s] -- Installing: /home/unitree/robotscene/unitree_go2w_control/ros2_ws/install/go2w_motion_control/share/go2w_motion_control/launch/go2w_motion_control.launch.py
[0.723s] -- Up-to-date: /home/unitree/robotscene/unitree_go2w_control/ros2_ws/install/go2w_motion_control/share/ament_index/resource_index/package_run_dependencies/go2w_motion_control
[0.723s] -- Up-to-date: /home/unitree/robotscene/unitree_go2w_control/ros2_ws/install/go2w_motion_control/share/ament_index/resource_index/parent_prefix_path/go2w_motion_control
[0.724s] -- Up-to-date: /home/unitree/robotscene/unitree_go2w_control/ros2_ws/install/go2w_motion_control/share/go2w_motion_control/environment/ament_prefix_path.sh
[0.724s] -- Up-to-date: /home/unitree/robotscene/unitree_go2w_control/ros2_ws/install/go2w_motion_control/share/go2w_motion_control/environment/ament_prefix_path.dsv
[0.724s] -- Up-to-date: /home/unitree/robotscene/unitree_go2w_control/ros2_ws/install/go2w_motion_control/share/go2w_motion_control/environment/path.sh
[0.725s] -- Up-to-date: /home/unitree/robotscene/unitree_go2w_control/ros2_ws/install/go2w_motion_control/share/go2w_motion_control/environment/path.dsv
[0.725s] -- Up-to-date: /home/unitree/robotscene/unitree_go2w_control/ros2_ws/install/go2w_motion_control/share/go2w_motion_control/local_setup.bash
[0.725s] -- Up-to-date: /home/unitree/robotscene/unitree_go2w_control/ros2_ws/install/go2w_motion_control/share/go2w_motion_control/local_setup.sh
[0.725s] -- Up-to-date: /home/unitree/robotscene/unitree_go2w_control/ros2_ws/install/go2w_motion_control/share/go2w_motion_control/local_setup.zsh
[0.725s] -- Up-to-date: /home/unitree/robotscene/unitree_go2w_control/ros2_ws/install/go2w_motion_control/share/go2w_motion_control/local_setup.dsv
[0.725s] -- Installing: /home/unitree/robotscene/unitree_go2w_control/ros2_ws/install/go2w_motion_control/share/go2w_motion_control/package.dsv
[0.725s] -- Up-to-date: /home/unitree/robotscene/unitree_go2w_control/ros2_ws/install/go2w_motion_control/share/ament_index/resource_index/packages/go2w_motion_control
[0.726s] -- Up-to-date: /home/unitree/robotscene/unitree_go2w_control/ros2_ws/install/go2w_motion_control/share/go2w_motion_control/cmake/ament_cmake_export_include_directories-extras.cmake
[0.726s] -- Up-to-date: /home/unitree/robotscene/unitree_go2w_control/ros2_ws/install/go2w_motion_control/share/go2w_motion_control/cmake/go2w_motion_controlConfig.cmake
[0.726s] -- Up-to-date: /home/unitree/robotscene/unitree_go2w_control/ros2_ws/install/go2w_motion_control/share/go2w_motion_control/cmake/go2w_motion_controlConfig-version.cmake
[0.726s] -- Up-to-date: /home/unitree/robotscene/unitree_go2w_control/ros2_ws/install/go2w_motion_control/share/go2w_motion_control/package.xml
[0.729s] Invoked command in '/home/unitree/robotscene/unitree_go2w_control/ros2_ws/build/go2w_motion_control' returned '0': AMENT_PREFIX_PATH=/home/unitree/robotscene/unitree_go2w_control/ros2_ws/install/go2w_motion_interfaces:${AMENT_PREFIX_PATH} CMAKE_PREFIX_PATH=/home/unitree/robotscene/unitree_go2w_control/ros2_ws/install/go2w_motion_interfaces:/home/unitree/robotscene/external/unitree_ros2/cyclonedds_ws/install/unitree_hg:/home/unitree/robotscene/external/unitree_ros2/cyclonedds_ws/install/unitree_go:/home/unitree/robotscene/external/unitree_ros2/cyclonedds_ws/install/unitree_api:/opt/ros/foxy LD_LIBRARY_PATH=/home/unitree/robotscene/unitree_go2w_control/ros2_ws/install/go2w_motion_interfaces/lib:${LD_LIBRARY_PATH} PYTHONPATH=/home/unitree/robotscene/unitree_go2w_control/ros2_ws/install/go2w_motion_interfaces/lib/python3.8/site-packages:${PYTHONPATH} /usr/bin/cmake --install /home/unitree/robotscene/unitree_go2w_control/ros2_ws/build/go2w_motion_control
